data/sales_daily.csv
date,sku_id,units_sold,revenue,unit_price,promo_flag
2024-01-01,SKU_003,2.0,11810.54,5905.27,1
2024-01-02,SKU_003,2.0,14155.5,7077.75,0
2024-01-04,SKU_003,2.0,14155.5,7077.75,0
2024-01-05,SKU_003,2.0,14155.5,7077.75,0
2024-01-06,SKU_003,2.0,14155.5,7077.75,0
2024-01-07,SKU_003,1.0,7077.75,7077.75,0
2024-01-08,SKU_003,1.0,7077.75,7077.75,0
2024-01-09,SKU_003,2.0,14155.5,7077.75,0
2024-01-11,SKU_003,1.0,6686.53,6686.53,1
2024-01-12,SKU_003,3.0,19241.79,6413.93,1
2024-01-13,SKU_003,3.0,21233.25,7077.75,0
2024-01-14,SKU_003,1.0,7077.75,7077.75,0
2024-01-15,SKU_003,5.0,35388.75,7077.75,0
2024-01-16,SKU_003,1.0,7077.75,7077.75,0
2024-01-17,SKU_003,1.0,7077.75,7077.75,0
2024-01-19,SKU_003,3.0,21233.25,7077.75,0
2024-01-20,SKU_003,3.0,21233.25,7077.75,0
2024-01-21,SKU_003,2.0,12083.58,6041.79,1
2024-01-22,SKU_003,2.0,14155.5,7077.75,0
2024-01-23,SKU_003,3.0,21233.25,7077.75,0
2024-01-24,SKU_003,1.0,7077.75,7077.75,0
2024-01-26,SKU_003,2.0,14155.5,7077.75,0
2024-01-27,SKU_003,2.0,14155.5,7077.75,0
2024-01-29,SKU_003,1.0,7077.75,7077.75,0
2024-02-01,SKU_003,2.0,14155.5,7077.75,0
2024-02-02,SKU_003,2.0,12816.64,6408.32,1
2024-02-03,SKU_003,3.0,21233.25,7077.75,0
2024-02-04,SKU_003,5.0,35388.75,7077.75,0
2024-02-05,SKU_003,3.0,21233.25,7077.75,0
2024-02-06,SKU_003,1.0,7077.75,7077.75,0
2024-02-07,SKU_003,1.0,7077.75,7077.75,0
2024-02-08,SKU_003,3.0,21233.25,7077.75,0
2024-02-09,SKU_003,2.0,14155.5,7077.75,0
2024-02-10,SKU_003,1.0,7077.75,7077.75,0
2024-02-11,SKU_003,3.0,21233.25,7077.75,0
2024-02-13,SKU_003,1.0,7077.75,7077.75,0
2024-02-14,SKU_003,1.0,7077.75,7077.75,0
2024-02-15,SKU_003,1.0,7077.75,7077.75,0
2024-02-16,SKU_003,3.0,21233.25,7077.75,0
2024-02-18,SKU_003,1.0,7077.75,7077.75,0
2024-02-19,SKU_003,2.0,14155.5,7077.75,0
2024-02-20,SKU_003,4.0,28311.0,7077.75,0
2024-02-21,SKU_003,3.0,21233.25,7077.75,0
2024-02-22,SKU_003,1.0,7077.75,7077.75,0
2024-02-23,SKU_003,2.0,14155.5,7077.75,0
2024-02-24,SKU_003,1.0,7077.75,7077.75,0
2024-02-25,SKU_003,2.0,14155.5,7077.75,0
2024-02-26,SKU_003,1.0,7077.75,7077.75,0
2024-02-27,SKU_003,2.0,14155.5,7077.75,0
2024-02-29,SKU_003,3.0,21233.25,7077.75,0
2024-03-01,SKU_003,4.0,28311.0,7077.75,0
2024-03-02,SKU_003,2.0,14155.5,7077.75,0
2024-03-03,SKU_003,3.0,20125.2,6708.4,1
2024-03-06,SKU_003,2.0,14155.5,7077.75,0
2024-03-07,SKU_003,3.0,21233.25,7077.75,0
2024-03-08,SKU_003,4.0,28311.0,7077.75,0
2024-03-09,SKU_003,1.0,7077.75,7077.75,0
2024-03-10,SKU_003,3.0,21233.25,7077.75,0
2024-03-12,SKU_003,2.0,14155.5,7077.75,0
2024-03-14,SKU_003,3.0,21233.25,7077.75,0
2024-03-16,SKU_003,2.0,11018.6,5509.3,1
2024-03-17,SKU_003,1.0,7077.75,7077.75,0
2024-03-18,SKU_003,4.0,28311.0,7077.75,0
2024-03-19,SKU_003,1.0,7077.75,7077.75,0
2024-03-20,SKU_003,4.0,28311.0,7077.75,0
2024-03-21,SKU_003,3.0,21233.25,7077.75,0
2024-01-01,SKU_004,4.0,14145.16,3536.29,1
2024-01-02,SKU_004,2.0,8492.8,4246.4,0
2024-01-03,SKU_004,2.0,8492.8,4246.4,0
2024-01-04,SKU_004,1.0,4246.4,4246.4,0
2024-01-05,SKU_004,3.0,12739.2,4246.4,0
2024-01-06,SKU_004,1.0,4246.4,4246.4,0
2024-01-07,SKU_004,4.0,16985.6,4246.4,0
2024-01-08,SKU_004,1.0,3734.68,3734.68,1
2024-01-12,SKU_004,3.0,12739.2,4246.4,0
2024-01-13,SKU_004,3.0,12739.2,4246.4,0
2024-01-14,SKU_004,2.0,8492.8,4246.4,0
2024-01-15,SKU_004,1.0,4246.4,4246.4,0
2024-01-16,SKU_004,1.0,4246.4,4246.4,0
2024-01-17,SKU_004,2.0,8492.8,4246.4,0
2024-01-18,SKU_004,1.0,4246.4,4246.4,0
2024-01-19,SKU_004,1.0,4246.4,4246.4,0
2024-01-20,SKU_004,1.0,4246.4,4246.4,0
2024-01-21,SKU_004,2.0,8492.8,4246.4,0
2024-01-22,SKU_004,3.0,12739.2,4246.4,0
2024-01-23,SKU_004,1.0,4246.4,4246.4,0
2024-01-24,SKU_004,2.0,8492.8,4246.4,0
2024-01-25,SKU_004,1.0,4246.4,4246.4,0
2024-01-26,SKU_004,1.0,4246.4,4246.4,0
2024-01-27,SKU_004,3.0,12739.2,4246.4,0
2024-01-28,SKU_004,2.0,8492.8,4246.4,0
2024-01-29,SKU_004,1.0,4246.4,4246.4,0
2024-01-30,SKU_004,1.0,4246.4,4246.4,0
2024-01-31,SKU_004,1.0,4246.4,4246.4,0
2024-02-01,SKU_004,4.0,15920.72,3980.18,1
2024-02-02,SKU_004,2.0,8492.8,4246.4,0
2024-02-03,SKU_004,3.0,12739.2,4246.4,0
2024-02-04,SKU_004,3.0,12739.2,4246.4,0
2024-02-05,SKU_004,2.0,8492.8,4246.4,0
2024-02-06,SKU_004,1.0,4246.4,4246.4,0
2024-02-07,SKU_004,1.0,4246.4,4246.4,0
2024-02-08,SKU_004,1.0,4246.4,4246.4,0
2024-02-09,SKU_004,1.0,4246.4,4246.4,0
2024-02-10,SKU_004,2.0,8492.8,4246.4,0
2024-02-11,SKU_004,4.0,14971.88,3742.97,1
2024-02-12,SKU_004,1.0,4246.4,4246.4,0
2024-02-13,SKU_004,1.0,4246.4,4246.4,0
2024-02-16,SKU_004,1.0,4246.4,4246.4,0
2024-02-17,SKU_004,4.0,16985.6,4246.4,0
2024-02-18,SKU_004,1.0,4246.4,4246.4,0
2024-02-19,SKU_004,1.0,4246.4,4246.4,0
2024-02-21,SKU_004,2.0,8492.8,4246.4,0
2024-02-22,SKU_004,1.0,4246.4,4246.4,0
2024-02-23,SKU_004,1.0,3904.39,3904.39,1
2024-02-25,SKU_004,3.0,12739.2,4246.4,0
2024-02-26,SKU_004,2.0,8492.8,4246.4,0
2024-02-27,SKU_004,2.0,8492.8,4246.4,0
2024-02-29,SKU_004,1.0,4246.4,4246.4,0
2024-03-01,SKU_004,2.0,8492.8,4246.4,0
2024-03-02,SKU_004,3.0,12739.2,4246.4,0
2024-03-03,SKU_004,,,4246.4,0
2024-03-04,SKU_004,1.0,4246.4,4246.4,0
2024-03-05,SKU_004,5.0,21232.0,4246.4,0
2024-03-06,SKU_004,2.0,8492.8,4246.4,0
2024-03-07,SKU_004,2.0,8492.8,4246.4,0
2024-03-08,SKU_004,1.0,4246.4,4246.4,0
2024-03-10,SKU_004,3.0,12739.2,4246.4,0
2024-03-12,SKU_004,2.0,8492.8,4246.4,0
2024-03-13,SKU_004,1.0,4246.4,4246.4,0
2024-03-14,SKU_004,3.0,12739.2,4246.4,0
2024-03-15,SKU_004,1.0,3282.07,3282.07,1
2024-03-16,SKU_004,4.0,15097.2,3774.3,1
2024-03-17,SKU_004,3.0,12739.2,4246.4,0
2024-03-18,SKU_004,1.0,4246.4,4246.4,0
2024-03-20,SKU_004,1.0,3948.67,3948.67,1
2024-03-21,SKU_004,2.0,8492.8,4246.4,0
2024-01-01,SKU_006,2.0,3008.04,1504.02,1
2024-01-02,SKU_006,1.0,1845.04,1845.04,0
2024-01-05,SKU_006,2.0,3690.08,1845.04,0
2024-01-10,SKU_006,1.0,1628.44,1628.44,1
2024-01-11,SKU_006,1.0,1845.04,1845.04,0
2024-01-12,SKU_006,2.0,3690.08,1845.04,0
2024-01-14,SKU_006,2.0,3690.08,1845.04,0
2024-01-15,SKU_006,1.0,1845.04,1845.04,0
2024-01-19,SKU_006,1.0,1845.04,1845.04,0
2024-01-20,SKU_006,1.0,1845.04,1845.04,0
2024-01-21,SKU_006,1.0,1845.04,1845.04,0
2024-01-23,SKU_006,1.0,1845.04,1845.04,0
2024-01-24,SKU_006,1.0,1845.04,1845.04,0
2024-01-28,SKU_006,2.0,3379.04,1689.52,1
2024-01-31,SKU_006,1.0,1845.04,1845.04,0
2024-02-03,SKU_006,2.0,3690.08,1845.04,0
2024-02-04,SKU_006,2.0,3690.08,1845.04,0
2024-02-12,SKU_006,1.0,1721.14,1721.14,1
2024-02-13,SKU_006,1.0,1845.04,1845.04,0
2024-02-15,SKU_006,2.0,3690.08,1845.04,0
2024-02-19,SKU_006,2.0,3690.08,1845.04,0
2024-02-20,SKU_006,1.0,1845.04,1845.04,0
2024-02-25,SKU_006,1.0,1845.04,1845.04,0
2024-02-28,SKU_006,1.0,1845.04,1845.04,0
2024-03-02,SKU_006,1.0,1845.04,1845.04,0
2024-03-06,SKU_006,1.0,1845.04,1845.04,0
2024-03-07,SKU_006,3.0,5535.12,1845.04,0
2024-03-08,SKU_006,3.0,4943.52,1647.84,1
2024-03-10,SKU_006,2.0,3317.7,1658.85,1
2024-03-11,SKU_006,1.0,1845.04,1845.04,0
2024-03-12,SKU_006,1.0,1845.04,1845.04,0
2024-03-16,SKU_006,2.0,2952.94,1476.47,1
2024-03-17,SKU_006,2.0,3690.08,1845.04,0
2024-03-21,SKU_006,1.0,1845.04,1845.04,0
2024-01-01,SKU_007,6.0,24930.96,4155.16,1
2024-01-02,SKU_007,4.0,21894.72,5473.68,0
2024-01-03,SKU_007,3.0,16421.04,5473.68,0
2024-01-04,SKU_007,1.0,5473.68,5473.68,0
2024-01-05,SKU_007,7.0,38315.76,5473.68,0
2024-01-06,SKU_007,4.0,21894.72,5473.68,0
2024-01-07,SKU_007,4.0,21894.72,5473.68,0
2024-01-08,SKU_007,6.0,32842.08,5473.68,0
2024-01-09,SKU_007,6.0,30679.08,5113.18,1
2024-01-10,SKU_007,3.0,16421.04,5473.68,0
2024-01-11,SKU_007,2.0,10947.36,5473.68,0
2024-01-12,SKU_007,1.0,5473.68,5473.68,0
2024-01-13,SKU_007,3.0,16421.04,5473.68,0
2024-01-14,SKU_007,5.0,27368.4,5473.68,0
2024-01-15,SKU_007,1.0,5473.68,5473.68,0
2024-01-16,SKU_007,2.0,10947.36,5473.68,0
2024-01-17,SKU_007,2.0,10947.36,5473.68,0
2024-01-18,SKU_007,3.0,16421.04,5473.68,0
2024-01-19,SKU_007,5.0,27368.4,5473.68,0
2024-01-20,SKU_007,3.0,16421.04,5473.68,0
2024-01-21,SKU_007,6.0,32842.08,5473.68,0
2024-01-22,SKU_007,2.0,10947.36,5473.68,0
2024-01-23,SKU_007,3.0,16421.04,5473.68,0
2024-01-24,SKU_007,1.0,5473.68,5473.68,0
2024-01-25,SKU_007,3.0,16421.04,5473.68,0
2024-01-26,SKU_007,5.0,27368.4,5473.68,0
2024-01-27,SKU_007,1.0,5473.68,5473.68,0
2024-01-28,SKU_007,11.0,60210.48,5473.68,0
2024-01-29,SKU_007,5.0,27368.4,5473.68,0
2024-01-30,SKU_007,3.0,16421.04,5473.68,0
2024-01-31,SKU_007,2.0,10947.36,5473.68,0
2024-02-01,SKU_007,5.0,25463.6,5092.72,1
2024-02-02,SKU_007,4.0,21894.72,5473.68,0
2024-02-03,SKU_007,3.0,16421.04,5473.68,0
2024-02-04,SKU_007,5.0,27368.4,5473.68,0
2024-02-05,SKU_007,2.0,10947.36,5473.68,0
2024-02-06,SKU_007,5.0,27368.4,5473.68,0
2024-02-07,SKU_007,4.0,21894.72,5473.68,0
2024-02-08,SKU_007,3.0,16421.04,5473.68,0
2024-02-09,SKU_007,3.0,16421.04,5473.68,0
2024-02-10,SKU_007,4.0,21894.72,5473.68,0
2024-02-11,SKU_007,9.0,46072.8,5119.2,1
2024-02-12,SKU_007,1.0,5473.68,5473.68,0
2024-02-13,SKU_007,4.0,21894.72,5473.68,0
2024-02-14,SKU_007,3.0,16421.04,5473.68,0
2024-02-15,SKU_007,5.0,27368.4,5473.68,0
2024-02-16,SKU_007,7.0,38315.76,5473.68,0
2024-02-17,SKU_007,2.0,10947.36,5473.68,0
2024-02-18,SKU_007,6.0,32842.08,5473.68,0
2024-02-19,SKU_007,10.0,54736.8,5473.68,0
2024-02-20,SKU_007,5.0,27368.4,5473.68,0
2024-02-21,SKU_007,4.0,21894.72,5473.68,0
2024-02-22,SKU_007,4.0,21894.72,5473.68,0
2024-02-23,SKU_007,2.0,10947.36,5473.68,0
2024-02-24,SKU_007,2.0,10947.36,5473.68,0
2024-02-25,SKU_007,5.0,27368.4,5473.68,0
2024-02-26,SKU_007,4.0,21894.72,5473.68,0
2024-02-27,SKU_007,4.0,21894.72,5473.68,0
2024-02-28,SKU_007,2.0,10947.36,5473.68,0
2024-02-29,SKU_007,1.0,5473.68,5473.68,0
2024-03-01,SKU_007,5.0,27368.4,5473.68,0
2024-03-02,SKU_007,9.0,49263.12,5473.68,0
2024-03-03,SKU_007,2.0,10947.36,5473.68,0
2024-03-04,SKU_007,1.0,5473.68,5473.68,0
2024-03-05,SKU_007,4.0,21894.72,5473.68,0
2024-03-06,SKU_007,5.0,27368.4,5473.68,0
2024-03-07,SKU_007,6.0,28430.1,4738.35,1
2024-03-08,SKU_007,6.0,32842.08,5473.68,0
2024-03-09,SKU_007,5.0,27368.4,5473.68,0
2024-03-10,SKU_007,6.0,32842.08,5473.68,0
2024-03-11,SKU_007,3.0,16421.04,5473.68,0
2024-03-12,SKU_007,5.0,27368.4,5473.68,0
2024-03-13,SKU_007,2.0,10947.36,5473.68,0
2024-03-14,SKU_007,4.0,21894.72,5473.68,0
2024-03-15,SKU_007,3.0,12814.32,4271.44,1
2024-03-16,SKU_007,11.0,52765.68,4796.88,1
2024-03-17,SKU_007,4.0,21894.72,5473.68,0
2024-03-18,SKU_007,6.0,32842.08,5473.68,0
2024-03-19,SKU_007,3.0,16421.04,5473.68,0
2024-03-20,SKU_007,5.0,24608.1,4921.62,1
2024-03-21,SKU_007,5.0,27368.4,5473.68,0
2024-01-01,SKU_008,1.0,1731.76,1731.76,1
2024-01-02,SKU_008,1.0,2180.36,2180.36,0
2024-01-03,SKU_008,1.0,2180.36,2180.36,0
2024-01-04,SKU_008,2.0,3729.96,1864.98,1
2024-01-05,SKU_008,5.0,10901.8,2180.36,0
2024-01-06,SKU_008,1.0,1920.85,1920.85,1
2024-01-07,SKU_008,3.0,6541.08,2180.36,0
2024-01-10,SKU_008,1.0,2180.36,2180.36,0
2024-01-11,SKU_008,3.0,6541.08,2180.36,0
2024-01-12,SKU_008,1.0,2180.36,2180.36,0
2024-01-13,SKU_008,1.0,2180.36,2180.36,0
2024-01-14,SKU_008,3.0,6541.08,2180.36,0
2024-01-16,SKU_008,3.0,6541.08,2180.36,0
2024-01-17,SKU_008,1.0,2180.36,2180.36,0
2024-01-18,SKU_008,1.0,2180.36,2180.36,0
2024-01-19,SKU_008,,,2180.36,0
2024-01-20,SKU_008,5.0,10901.8,2180.36,0
2024-01-21,SKU_008,4.0,8721.44,2180.36,0
2024-01-23,SKU_008,3.0,6541.08,2180.36,0
2024-01-25,SKU_008,1.0,2180.36,2180.36,0
2024-01-26,SKU_008,2.0,4360.72,2180.36,0
2024-01-27,SKU_008,4.0,8721.44,2180.36,0
2024-01-30,SKU_008,3.0,6541.08,2180.36,0
2024-01-31,SKU_008,3.0,6541.08,2180.36,0
2024-02-01,SKU_008,2.0,4360.72,2180.36,0
2024-02-02,SKU_008,2.0,4360.72,2180.36,0
2024-02-03,SKU_008,1.0,2180.36,2180.36,0
2024-02-04,SKU_008,1.0,2180.36,2180.36,0
2024-02-05,SKU_008,3.0,6541.08,2180.36,0
2024-02-06,SKU_008,1.0,2180.36,2180.36,0
2024-02-07,SKU_008,2.0,4083.42,2041.71,1
2024-02-08,SKU_008,2.0,4360.72,2180.36,0
2024-02-09,SKU_008,1.0,2180.36,2180.36,0
2024-02-10,SKU_008,2.0,4360.72,2180.36,0
2024-02-11,SKU_008,2.0,4047.26,2023.63,1
2024-02-12,SKU_008,1.0,2180.36,2180.36,0
2024-02-13,SKU_008,1.0,2180.36,2180.36,0
2024-02-15,SKU_008,2.0,4360.72,2180.36,0
2024-02-16,SKU_008,1.0,1884.25,1884.25,1
2024-02-17,SKU_008,1.0,2180.36,2180.36,0
2024-02-18,SKU_008,4.0,8721.44,2180.36,0
2024-02-19,SKU_008,3.0,6541.08,2180.36,0
2024-02-20,SKU_008,3.0,6541.08,2180.36,0
2024-02-21,SKU_008,2.0,4360.72,2180.36,0
2024-02-22,SKU_008,3.0,6541.08,2180.36,0
2024-02-23,SKU_008,2.0,4360.72,2180.36,0
2024-02-24,SKU_008,2.0,4360.72,2180.36,0
2024-02-25,SKU_008,2.0,4360.72,2180.36,0
2024-02-26,SKU_008,3.0,6541.08,2180.36,0
2024-02-27,SKU_008,2.0,4360.72,2180.36,0
2024-02-28,SKU_008,1.0,2180.36,2180.36,0
2024-03-01,SKU_008,2.0,4360.72,2180.36,0
2024-03-02,SKU_008,5.0,10901.8,2180.36,0
2024-03-03,SKU_008,3.0,6541.08,2180.36,0
2024-03-04,SKU_008,5.0,9967.15,1993.43,1
2024-03-06,SKU_008,1.0,2180.36,2180.36,0
2024-03-07,SKU_008,1.0,1889.96,1889.96,1
2024-03-08,SKU_008,2.0,4032.9,2016.45,1
2024-03-09,SKU_008,1.0,2180.36,2180.36,0
2024-03-10,SKU_008,3.0,6541.08,2180.36,0
2024-03-11,SKU_008,1.0,2180.36,2180.36,0
2024-03-12,SKU_008,2.0,4040.94,2020.47,1
2024-03-13,SKU_008,1.0,2180.36,2180.36,0
2024-03-14,SKU_008,4.0,8721.44,2180.36,0
2024-03-15,SKU_008,5.0,9366.4,1873.28,1
2024-03-16,SKU_008,2.0,3894.94,1947.47,1
2024-03-19,SKU_008,4.0,8721.44,2180.36,0
2024-01-01,SKU_009,1.0,4933.02,4933.02,1
2024-01-03,SKU_009,1.0,5807.64,5807.64,0
2024-01-04,SKU_009,2.0,11615.28,5807.64,0
2024-01-07,SKU_009,1.0,5807.64,5807.64,0
2024-01-09,SKU_009,1.0,5807.64,5807.64,0
2024-01-15,SKU_009,1.0,5807.64,5807.64,0
2024-01-16,SKU_009,1.0,5807.64,5807.64,0
2024-01-17,SKU_009,1.0,5807.64,5807.64,0
2024-01-21,SKU_009,1.0,5807.64,5807.64,0
2024-01-22,SKU_009,2.0,10910.78,5455.39,1
2024-01-25,SKU_009,2.0,11615.28,5807.64,0
2024-01-26,SKU_009,1.0,5807.64,5807.64,0
2024-01-27,SKU_009,2.0,11615.28,5807.64,0
2024-01-28,SKU_009,1.0,5807.64,5807.64,0
2024-01-29,SKU_009,1.0,5284.24,5284.24,1
2024-02-01,SKU_009,2.0,11615.28,5807.64,0
2024-02-04,SKU_009,1.0,5807.64,5807.64,0
2024-02-05,SKU_009,1.0,5807.64,5807.64,0
2024-02-06,SKU_009,1.0,5807.64,5807.64,0
2024-02-07,SKU_009,1.0,5807.64,5807.64,0
2024-02-08,SKU_009,1.0,5807.64,5807.64,0
2024-02-09,SKU_009,1.0,5807.64,5807.64,0
2024-02-12,SKU_009,1.0,5807.64,5807.64,0
2024-02-16,SKU_009,1.0,5807.64,5807.64,0
2024-02-17,SKU_009,,,5807.64,0
2024-02-18,SKU_009,1.0,5807.64,5807.64,0
2024-02-21,SKU_009,1.0,5807.64,5807.64,0
2024-02-22,SKU_009,1.0,5807.64,5807.64,0
2024-02-23,SKU_009,1.0,5807.64,5807.64,0
2024-02-25,SKU_009,1.0,5807.64,5807.64,0
2024-03-01,SKU_009,1.0,5807.64,5807.64,0
2024-03-02,SKU_009,1.0,5807.64,5807.64,0
2024-03-03,SKU_009,1.0,5807.64,5807.64,0
2024-03-04,SKU_009,1.0,5807.64,5807.64,0
2024-03-09,SKU_009,1.0,5807.64,5807.64,0
2024-03-10,SKU_009,1.0,5265.55,5265.55,1
2024-03-11,SKU_009,1.0,5807.64,5807.64,0
2024-03-13,SKU_009,1.0,5807.64,5807.64,0
2024-03-14,SKU_009,1.0,5807.64,5807.64,0
2024-03-16,SKU_009,2.0,8946.96,4473.48,1
2024-03-17,SKU_009,1.0,5807.64,5807.64,0
2024-03-18,SKU_009,1.0,5807.64,5807.64,0
2024-03-21,SKU_009,1.0,5807.64,5807.64,0
2024-01-01,SKU_011,1.0,3177.7,3177.7,1
2024-01-03,SKU_011,1.0,4001.93,4001.93,0
2024-01-08,SKU_011,1.0,4001.93,4001.93,0
2024-01-14,SKU_011,2.0,8003.86,4001.93,0
2024-01-16,SKU_011,2.0,8003.86,4001.93,0
2024-01-17,SKU_011,1.0,4001.93,4001.93,0
2024-01-18,SKU_011,1.0,4001.93,4001.93,0
2024-01-19,SKU_011,2.0,8003.86,4001.93,0
2024-01-23,SKU_011,1.0,4001.93,4001.93,0
2024-01-24,SKU_011,1.0,4001.93,4001.93,0
2024-01-25,SKU_011,1.0,3458.5,3458.5,1
2024-01-28,SKU_011,1.0,4001.93,4001.93,0
2024-01-31,SKU_011,2.0,8003.86,4001.93,0
2024-02-02,SKU_011,2.0,8003.86,4001.93,0
2024-02-03,SKU_011,1.0,4001.93,4001.93,0
2024-02-07,SKU_011,1.0,4001.93,4001.93,0
2024-02-10,SKU_011,1.0,4001.93,4001.93,0
2024-02-15,SKU_011,1.0,4001.93,4001.93,0
2024-02-16,SKU_011,3.0,10932.75,3644.25,1
2024-02-21,SKU_011,1.0,4001.93,4001.93,0
2024-02-23,SKU_011,1.0,4001.93,4001.93,0
2024-02-24,SKU_011,1.0,4001.93,4001.93,0
2024-02-25,SKU_011,1.0,4001.93,4001.93,0
2024-02-29,SKU_011,1.0,4001.93,4001.93,0
2024-03-02,SKU_011,1.0,4001.93,4001.93,0
2024-03-03,SKU_011,4.0,16007.72,4001.93,0
2024-03-08,SKU_011,1.0,4001.93,4001.93,0
2024-03-09,SKU_011,2.0,8003.86,4001.93,0
2024-03-10,SKU_011,4.0,16007.72,4001.93,0
2024-03-11,SKU_011,3.0,12005.79,4001.93,0
2024-03-15,SKU_011,3.0,9717.75,3239.25,1
2024-03-16,SKU_011,1.0,3101.35,3101.35,1
2024-03-17,SKU_011,1.0,4001.93,4001.93,0
2024-03-21,SKU_011,2.0,8003.86,4001.93,0
