data/sales_daily.csv
date,sku_id,units_sold,revenue,unit_price,promo_flag
2024-01-01,SKU_014,4.0,3955.84,988.96,1
2024-01-02,SKU_014,2.0,2454.68,1227.34,0
2024-01-03,SKU_014,2.0,2454.68,1227.34,0
2024-01-04,SKU_014,1.0,1227.34,1227.34,0
2024-01-05,SKU_014,4.0,4909.36,1227.34,0
2024-01-06,SKU_014,2.0,2454.68,1227.34,0
2024-01-07,SKU_014,1.0,1227.34,1227.34,0
2024-01-08,SKU_014,2.0,2454.68,1227.34,0
2024-01-10,SKU_014,1.0,1227.34,1227.34,0
2024-01-11,SKU_014,2.0,2089.5,1044.75,1
2024-01-12,SKU_014,5.0,6136.7,1227.34,0
2024-01-13,SKU_014,1.0,1227.34,1227.34,0
2024-01-15,SKU_014,2.0,2454.68,1227.34,0
2024-01-16,SKU_014,3.0,3422.82,1140.94,1
2024-01-18,SKU_014,1.0,1227.34,1227.34,0
2024-01-19,SKU_014,2.0,2454.68,1227.34,0
2024-01-21,SKU_014,1.0,1227.34,1227.34,0
2024-01-22,SKU_014,2.0,2454.68,1227.34,0
2024-01-23,SKU_014,2.0,2454.68,1227.34,0
2024-01-24,SKU_014,3.0,3682.02,1227.34,0
2024-01-25,SKU_014,2.0,2454.68,1227.34,0
2024-01-27,SKU_014,2.0,2454.68,1227.34,0
2024-01-28,SKU_014,3.0,3682.02,1227.34,0
2024-01-29,SKU_014,1.0,1227.34,1227.34,0
2024-01-31,SKU_014,2.0,2454.68,1227.34,0
2024-02-02,SKU_014,5.0,5479.3,1095.86,1
2024-02-03,SKU_014,3.0,3682.02,1227.34,0
2024-02-04,SKU_014,2.0,2454.68,1227.34,0
2024-02-05,SKU_014,2.0,2454.68,1227.34,0
2024-02-06,SKU_014,2.0,2454.68,1227.34,0
2024-02-07,SKU_014,1.0,1227.34,1227.34,0
2024-02-08,SKU_014,2.0,2454.68,1227.34,0
2024-02-09,SKU_014,2.0,2454.68,1227.34,0
2024-02-10,SKU_014,2.0,2454.68,1227.34,0
2024-02-11,SKU_014,2.0,2454.68,1227.34,0
2024-02-12,SKU_014,3.0,3682.02,1227.34,0
2024-02-13,SKU_014,2.0,2454.68,1227.34,0
2024-02-14,SKU_014,2.0,2454.68,1227.34,0
2024-02-15,SKU_014,3.0,3682.02,1227.34,0
2024-02-16,SKU_014,3.0,3286.89,1095.63,1
2024-02-17,SKU_014,1.0,1227.34,1227.34,0
2024-02-18,SKU_014,3.0,3682.02,1227.34,0
2024-02-20,SKU_014,1.0,1227.34,1227.34,0
2024-02-23,SKU_014,2.0,2454.68,1227.34,0
2024-02-24,SKU_014,,,1227.34,0
2024-02-25,SKU_014,6.0,6903.6,1150.6,1
2024-02-26,SKU_014,1.0,1227.34,1227.34,0
2024-02-28,SKU_014,1.0,1227.34,1227.34,0
2024-02-29,SKU_014,2.0,2454.68,1227.34,0
2024-03-01,SKU_014,5.0,6136.7,1227.34,0
2024-03-02,SKU_014,3.0,3682.02,1227.34,0
2024-03-04,SKU_014,1.0,1227.34,1227.34,0
2024-03-05,SKU_014,5.0,6136.7,1227.34,0
2024-03-06,SKU_014,4.0,4909.36,1227.34,0
2024-03-07,SKU_014,2.0,2454.68,1227.34,0
2024-03-08,SKU_014,3.0,3682.02,1227.34,0
2024-03-09,SKU_014,1.0,1227.34,1227.34,0
2024-03-10,SKU_014,2.0,2454.68,1227.34,0
2024-03-11,SKU_014,2.0,2454.68,1227.34,0
2024-03-12,SKU_014,1.0,1227.34,1227.34,0
2024-03-13,SKU_014,1.0,1227.34,1227.34,0
2024-03-14,SKU_014,2.0,2454.68,1227.34,0
2024-03-15,SKU_014,1.0,1040.79,1040.79,1
2024-03-16,SKU_014,4.0,3968.28,992.07,1
2024-03-17,SKU_014,1.0,1227.34,1227.34,0
2024-03-18,SKU_014,1.0,1227.34,1227.34,0
2024-03-19,SKU_014,2.0,2454.68,1227.34,0
2024-03-20,SKU_014,2.0,2454.68,1227.34,0
2024-03-21,SKU_014,1.0,1227.34,1227.34,0
2024-01-01,SKU_016,2.0,11232.42,5616.21,1
2024-01-03,SKU_016,1.0,6357.93,6357.93,0
2024-01-06,SKU_016,1.0,6357.93,6357.93,0
2024-01-07,SKU_016,1.0,6357.93,6357.93,0
2024-01-09,SKU_016,1.0,6357.93,6357.93,0
2024-01-10,SKU_016,1.0,5468.36,5468.36,1
2024-01-14,SKU_016,1.0,6357.93,6357.93,0
2024-01-15,SKU_016,1.0,6357.93,6357.93,0
2024-01-17,SKU_016,2.0,12715.86,6357.93,0
2024-01-19,SKU_016,3.0,19073.79,6357.93,0
2024-01-20,SKU_016,1.0,6357.93,6357.93,0
2024-01-21,SKU_016,1.0,5488.32,5488.32,1
2024-01-22,SKU_016,1.0,6357.93,6357.93,0
2024-01-26,SKU_016,1.0,6357.93,6357.93,0
2024-01-28,SKU_016,1.0,6357.93,6357.93,0
2024-01-29,SKU_016,1.0,6357.93,6357.93,0
2024-02-02,SKU_016,1.0,5732.72,5732.72,1
2024-02-04,SKU_016,1.0,6357.93,6357.93,0
2024-02-05,SKU_016,1.0,6357.93,6357.93,0
2024-02-06,SKU_016,1.0,6357.93,6357.93,0
2024-02-08,SKU_016,1.0,6357.93,6357.93,0
2024-02-11,SKU_016,1.0,6357.93,6357.93,0
2024-02-17,SKU_016,1.0,5480.56,5480.56,1
2024-02-18,SKU_016,2.0,12715.86,6357.93,0
2024-02-19,SKU_016,2.0,12715.86,6357.93,0
2024-02-24,SKU_016,2.0,12715.86,6357.93,0
2024-02-27,SKU_016,1.0,6357.93,6357.93,0
2024-02-28,SKU_016,2.0,12715.86,6357.93,0
2024-02-29,SKU_016,2.0,12715.86,6357.93,0
2024-03-02,SKU_016,1.0,6357.93,6357.93,0
2024-03-03,SKU_016,1.0,6357.93,6357.93,0
2024-03-04,SKU_016,1.0,6357.93,6357.93,0
2024-03-06,SKU_016,,,6357.93,0
2024-03-11,SKU_016,1.0,6357.93,6357.93,0
2024-03-13,SKU_016,2.0,11918.66,5959.33,1
2024-03-14,SKU_016,1.0,6357.93,6357.93,0
2024-03-15,SKU_016,3.0,15506.16,5168.72,1
2024-03-16,SKU_016,5.0,26522.9,5304.58,1
2024-03-18,SKU_016,1.0,6357.93,6357.93,0
2024-03-19,SKU_016,1.0,6357.93,6357.93,0
2024-01-01,SKU_018,1.0,3295.63,3295.63,1
2024-01-02,SKU_018,1.0,3953.52,3953.52,0
2024-01-06,SKU_018,1.0,3953.52,3953.52,0
2024-01-07,SKU_018,2.0,7907.04,3953.52,0
2024-01-08,SKU_018,1.0,3953.52,3953.52,0
2024-01-12,SKU_018,1.0,3953.52,3953.52,0
2024-01-13,SKU_018,1.0,3953.52,3953.52,0
2024-01-14,SKU_018,1.0,3953.52,3953.52,0
2024-01-20,SKU_018,1.0,3953.52,3953.52,0
2024-01-22,SKU_018,1.0,3953.52,3953.52,0
2024-01-24,SKU_018,1.0,3953.52,3953.52,0
2024-01-26,SKU_018,1.0,3953.52,3953.52,0
2024-01-27,SKU_018,1.0,3953.52,3953.52,0
2024-01-29,SKU_018,1.0,3953.52,3953.52,0
2024-01-30,SKU_018,1.0,3953.52,3953.52,0
2024-02-03,SKU_018,1.0,3953.52,3953.52,0
2024-02-04,SKU_018,1.0,3953.52,3953.52,0
2024-02-12,SKU_018,3.0,11860.56,3953.52,0
2024-02-16,SKU_018,1.0,3953.52,3953.52,0
2024-02-17,SKU_018,3.0,11860.56,3953.52,0
2024-02-19,SKU_018,1.0,3953.52,3953.52,0
2024-02-25,SKU_018,3.0,11860.56,3953.52,0
2024-02-26,SKU_018,2.0,7907.04,3953.52,0
2024-02-27,SKU_018,2.0,7373.3,3686.65,1
2024-02-28,SKU_018,2.0,7907.04,3953.52,0
2024-03-01,SKU_018,2.0,7907.04,3953.52,0
2024-03-03,SKU_018,2.0,7907.04,3953.52,0
2024-03-09,SKU_018,3.0,11860.56,3953.52,0
2024-03-10,SKU_018,1.0,3953.52,3953.52,0
2024-03-12,SKU_018,1.0,3953.52,3953.52,0
2024-03-14,SKU_018,1.0,3953.52,3953.52,0
2024-03-15,SKU_018,2.0,6563.26,3281.63,1
2024-03-18,SKU_018,1.0,3953.52,3953.52,0
2024-03-20,SKU_018,2.0,7907.04,3953.52,0
2024-03-21,SKU_018,2.0,7907.04,3953.52,0
2024-01-01,SKU_019,3.0,15074.37,5024.79,1
2024-01-02,SKU_019,3.0,18867.87,6289.29,0
2024-01-03,SKU_019,3.0,18867.87,6289.29,0
2024-01-04,SKU_019,1.0,6289.29,6289.29,0
2024-01-06,SKU_019,3.0,18867.87,6289.29,0
2024-01-08,SKU_019,4.0,25157.16,6289.29,0
2024-01-09,SKU_019,1.0,6289.29,6289.29,0
2024-01-10,SKU_019,2.0,12578.58,6289.29,0
2024-01-11,SKU_019,3.0,18867.87,6289.29,0
2024-01-13,SKU_019,2.0,12578.58,6289.29,0
2024-01-14,SKU_019,2.0,12578.58,6289.29,0
2024-01-15,SKU_019,2.0,12578.58,6289.29,0
2024-01-16,SKU_019,3.0,18867.87,6289.29,0
2024-01-17,SKU_019,1.0,6289.29,6289.29,0
2024-01-19,SKU_019,1.0,6289.29,6289.29,0
2024-01-20,SKU_019,1.0,6289.29,6289.29,0
2024-01-21,SKU_019,4.0,25157.16,6289.29,0
2024-01-22,SKU_019,1.0,6289.29,6289.29,0
2024-01-24,SKU_019,2.0,10914.52,5457.26,1
2024-01-25,SKU_019,4.0,25157.16,6289.29,0
2024-01-26,SKU_019,2.0,12578.58,6289.29,0
2024-01-27,SKU_019,3.0,18867.87,6289.29,0
2024-01-28,SKU_019,2.0,10854.32,5427.16,1
2024-01-29,SKU_019,1.0,6289.29,6289.29,0
2024-01-30,SKU_019,3.0,18867.87,6289.29,0
2024-01-31,SKU_019,1.0,6289.29,6289.29,0
2024-02-01,SKU_019,4.0,25157.16,6289.29,0
2024-02-02,SKU_019,2.0,12578.58,6289.29,0
2024-02-03,SKU_019,1.0,6289.29,6289.29,0
2024-02-04,SKU_019,3.0,18867.87,6289.29,0
2024-02-05,SKU_019,5.0,29364.9,5872.98,1
2024-02-07,SKU_019,1.0,6289.29,6289.29,0
2024-02-09,SKU_019,3.0,18867.87,6289.29,0
2024-02-10,SKU_019,2.0,12578.58,6289.29,0
2024-02-13,SKU_019,5.0,31446.45,6289.29,0
2024-02-14,SKU_019,2.0,12578.58,6289.29,0
2024-02-17,SKU_019,1.0,5648.47,5648.47,1
2024-02-18,SKU_019,1.0,6289.29,6289.29,0
2024-02-20,SKU_019,1.0,6289.29,6289.29,0
2024-02-21,SKU_019,2.0,12578.58,6289.29,0
2024-02-22,SKU_019,3.0,16781.55,5593.85,1
2024-02-23,SKU_019,3.0,18867.87,6289.29,0
2024-02-24,SKU_019,2.0,12578.58,6289.29,0
2024-02-25,SKU_019,2.0,12578.58,6289.29,0
2024-02-28,SKU_019,1.0,5558.53,5558.53,1
2024-02-29,SKU_019,2.0,12578.58,6289.29,0
2024-03-01,SKU_019,2.0,12578.58,6289.29,0
2024-03-02,SKU_019,2.0,12578.58,6289.29,0
2024-03-03,SKU_019,3.0,18867.87,6289.29,0
2024-03-04,SKU_019,3.0,16181.1,5393.7,1
2024-03-05,SKU_019,2.0,12578.58,6289.29,0
2024-03-06,SKU_019,2.0,12578.58,6289.29,0
2024-03-07,SKU_019,3.0,18867.87,6289.29,0
2024-03-08,SKU_019,1.0,6289.29,6289.29,0
2024-03-09,SKU_019,3.0,18867.87,6289.29,0
2024-03-10,SKU_019,4.0,25157.16,6289.29,0
2024-03-11,SKU_019,5.0,31446.45,6289.29,0
2024-03-12,SKU_019,3.0,16724.79,5574.93,1
2024-03-14,SKU_019,2.0,12578.58,6289.29,0
2024-03-15,SKU_019,3.0,14190.24,4730.08,1
2024-03-16,SKU_019,4.0,19073.12,4768.28,1
2024-03-17,SKU_019,2.0,12578.58,6289.29,0
2024-03-19,SKU_019,,,6289.29,0
2024-03-20,SKU_019,1.0,6289.29,6289.29,0
2024-01-01,SKU_020,5.0,3398.9,679.78,1
2024-01-02,SKU_020,4.0,3128.28,782.07,1
2024-01-03,SKU_020,2.0,1765.26,882.63,0
2024-01-04,SKU_020,4.0,3530.52,882.63,0
2024-01-05,SKU_020,5.0,4413.15,882.63,0
2024-01-06,SKU_020,5.0,4413.15,882.63,0
2024-01-07,SKU_020,4.0,3530.52,882.63,0
2024-01-08,SKU_020,2.0,1765.26,882.63,0
2024-01-09,SKU_020,5.0,4413.15,882.63,0
2024-01-10,SKU_020,5.0,4413.15,882.63,0
2024-01-11,SKU_020,6.0,5295.78,882.63,0
2024-01-12,SKU_020,10.0,8359.9,835.99,1
2024-01-13,SKU_020,2.0,1765.26,882.63,0
2024-01-14,SKU_020,3.0,2647.89,882.63,0
2024-01-15,SKU_020,4.0,3530.52,882.63,0
2024-01-16,SKU_020,1.0,882.63,882.63,0
2024-01-17,SKU_020,3.0,2647.89,882.63,0
2024-01-18,SKU_020,8.0,7061.04,882.63,0
2024-01-19,SKU_020,2.0,1765.26,882.63,0
2024-01-20,SKU_020,8.0,7061.04,882.63,0
2024-01-21,SKU_020,3.0,2647.89,882.63,0
2024-01-22,SKU_020,4.0,3530.52,882.63,0
2024-01-23,SKU_020,4.0,3530.52,882.63,0
2024-01-24,SKU_020,4.0,3530.52,882.63,0
2024-01-25,SKU_020,4.0,3530.52,882.63,0
2024-01-26,SKU_020,5.0,4413.15,882.63,0
2024-01-27,SKU_020,9.0,7458.48,828.72,1
2024-01-28,SKU_020,3.0,2647.89,882.63,0
2024-01-29,SKU_020,1.0,882.63,882.63,0
2024-01-30,SKU_020,4.0,3530.52,882.63,0
2024-01-31,SKU_020,2.0,1765.26,882.63,0
2024-02-01,SKU_020,2.0,1765.26,882.63,0
2024-02-02,SKU_020,3.0,2647.89,882.63,0
2024-02-03,SKU_020,6.0,5295.78,882.63,0
2024-02-04,SKU_020,5.0,4413.15,882.63,0
2024-02-05,SKU_020,2.0,1765.26,882.63,0
2024-02-06,SKU_020,3.0,2647.89,882.63,0
2024-02-07,SKU_020,7.0,6178.41,882.63,0
2024-02-08,SKU_020,6.0,5295.78,882.63,0
2024-02-09,SKU_020,4.0,3530.52,882.63,0
2024-02-10,SKU_020,6.0,5295.78,882.63,0
2024-02-11,SKU_020,6.0,5295.78,882.63,0
2024-02-12,SKU_020,4.0,3530.52,882.63,0
2024-02-13,SKU_020,4.0,3530.52,882.63,0
2024-02-14,SKU_020,2.0,1765.26,882.63,0
2024-02-15,SKU_020,2.0,1765.26,882.63,0
2024-02-16,SKU_020,5.0,4413.15,882.63,0
2024-02-17,SKU_020,2.0,1765.26,882.63,0
2024-02-18,SKU_020,5.0,4413.15,882.63,0
2024-02-19,SKU_020,1.0,882.63,882.63,0
2024-02-20,SKU_020,7.0,6178.41,882.63,0
2024-02-21,SKU_020,1.0,882.63,882.63,0
2024-02-22,SKU_020,5.0,4413.15,882.63,0
2024-02-23,SKU_020,4.0,3173.92,793.48,1
2024-02-24,SKU_020,6.0,5295.78,882.63,0
2024-02-25,SKU_020,7.0,6178.41,882.63,0
2024-02-26,SKU_020,2.0,1765.26,882.63,0
2024-02-27,SKU_020,3.0,2647.89,882.63,0
2024-02-28,SKU_020,4.0,3530.52,882.63,0
2024-02-29,SKU_020,5.0,4413.15,882.63,0
2024-03-01,SKU_020,4.0,3530.52,882.63,0
2024-03-02,SKU_020,2.0,1765.26,882.63,0
2024-03-03,SKU_020,4.0,3530.52,882.63,0
2024-03-04,SKU_020,6.0,5295.78,882.63,0
2024-03-05,SKU_020,4.0,3530.52,882.63,0
2024-03-06,SKU_020,3.0,2647.89,882.63,0
2024-03-07,SKU_020,6.0,4676.94,779.49,1
2024-03-08,SKU_020,9.0,7187.31,798.59,1
2024-03-09,SKU_020,3.0,2647.89,882.63,0
2024-03-10,SKU_020,3.0,2647.89,882.63,0
2024-03-11,SKU_020,3.0,2647.89,882.63,0
2024-03-12,SKU_020,5.0,4155.15,831.03,1
2024-03-13,SKU_020,3.0,2647.89,882.63,0
2024-03-14,SKU_020,5.0,4413.15,882.63,0
2024-03-15,SKU_020,9.0,6231.6,692.4,1
2024-03-16,SKU_020,15.0,10403.85,693.59,1
2024-03-17,SKU_020,1.0,882.63,882.63,0
2024-03-18,SKU_020,4.0,3530.52,882.63,0
2024-03-19,SKU_020,3.0,2647.89,882.63,0
2024-03-21,SKU_020,6.0,5295.78,882.63,0
2024-01-01,SKU_021,1.0,5211.74,5211.74,1
2024-01-12,SKU_021,2.0,13108.68,6554.34,0
2024-01-16,SKU_021,1.0,6554.34,6554.34,0
2024-01-17,SKU_021,1.0,6554.34,6554.34,0
2024-01-18,SKU_021,1.0,6554.34,6554.34,0
2024-01-20,SKU_021,1.0,6554.34,6554.34,0
2024-01-23,SKU_021,2.0,13108.68,6554.34,0
2024-01-27,SKU_021,1.0,6554.34,6554.34,0
2024-02-01,SKU_021,1.0,6554.34,6554.34,0
2024-02-02,SKU_021,1.0,6554.34,6554.34,0
2024-02-03,SKU_021,2.0,13108.68,6554.34,0
2024-02-06,SKU_021,2.0,13108.68,6554.34,0
2024-02-07,SKU_021,1.0,6554.34,6554.34,0
2024-02-09,SKU_021,3.0,19663.02,6554.34,0
2024-02-10,SKU_021,1.0,6207.0,6207.0,1
2024-02-14,SKU_021,1.0,6554.34,6554.34,0
2024-02-15,SKU_021,2.0,13108.68,6554.34,0
2024-02-16,SKU_021,2.0,13108.68,6554.34,0
2024-02-19,SKU_021,1.0,6554.34,6554.34,0
2024-02-20,SKU_021,1.0,6554.34,6554.34,0
2024-02-21,SKU_021,1.0,5931.39,5931.39,1
2024-02-23,SKU_021,2.0,13108.68,6554.34,0
2024-02-24,SKU_021,2.0,11563.5,5781.75,1
2024-02-25,SKU_021,2.0,13108.68,6554.34,0
2024-02-29,SKU_021,1.0,6554.34,6554.34,0
2024-03-10,SKU_021,1.0,6554.34,6554.34,0
2024-03-11,SKU_021,1.0,6554.34,6554.34,0
2024-03-12,SKU_021,1.0,6554.34,6554.34,0
2024-03-16,SKU_021,1.0,5030.56,5030.56,1
2024-03-18,SKU_021,2.0,13108.68,6554.34,0
2024-03-19,SKU_021,3.0,17203.11,5734.37,1
2024-03-21,SKU_021,1.0,6554.34,6554.34,0
2024-01-01,SKU_023,3.0,5134.17,1711.39,1
2024-01-02,SKU_023,1.0,2131.61,2131.61,0
2024-01-03,SKU_023,2.0,4263.22,2131.61,0
2024-01-05,SKU_023,2.0,4263.22,2131.61,0
2024-01-06,SKU_023,3.0,6394.83,2131.61,0
2024-01-08,SKU_023,2.0,4263.22,2131.61,0
2024-01-09,SKU_023,3.0,6394.83,2131.61,0
2024-01-10,SKU_023,1.0,2131.61,2131.61,0
2024-01-11,SKU_023,2.0,4263.22,2131.61,0
2024-01-12,SKU_023,2.0,4263.22,2131.61,0
2024-01-13,SKU_023,1.0,2131.61,2131.61,0
2024-01-14,SKU_023,4.0,8526.44,2131.61,0
2024-01-15,SKU_023,4.0,8526.44,2131.61,0
2024-01-16,SKU_023,3.0,6394.83,2131.61,0
2024-01-18,SKU_023,2.0,4263.22,2131.61,0
2024-01-19,SKU_023,1.0,2131.61,2131.61,0
2024-01-20,SKU_023,4.0,8526.44,2131.61,0
2024-01-21,SKU_023,2.0,4263.22,2131.61,0
2024-01-22,SKU_023,2.0,4263.22,2131.61,0
2024-01-24,SKU_023,2.0,4263.22,2131.61,0
2024-01-25,SKU_023,3.0,6394.83,2131.61,0
2024-01-26,SKU_023,1.0,2131.61,2131.61,0
2024-01-28,SKU_023,4.0,8526.44,2131.61,0
2024-01-29,SKU_023,2.0,4263.22,2131.61,0
2024-01-30,SKU_023,2.0,4263.22,2131.61,0
2024-02-01,SKU_023,1.0,2131.61,2131.61,0
2024-02-02,SKU_023,,,2131.61,0
2024-02-03,SKU_023,1.0,2131.61,2131.61,0
2024-02-04,SKU_023,1.0,2131.61,2131.61,0
2024-02-07,SKU_023,2.0,4263.22,2131.61,0
2024-02-08,SKU_023,2.0,4263.22,2131.61,0
2024-02-09,SKU_023,2.0,4263.22,2131.61,0
2024-02-10,SKU_023,2.0,4263.22,2131.61,0
2024-02-11,SKU_023,3.0,6394.83,2131.61,0
2024-02-13,SKU_023,1.0,2131.61,2131.61,0
2024-02-14,SKU_023,2.0,4263.22,2131.61,0
2024-02-15,SKU_023,3.0,6394.83,2131.61,0
2024-02-16,SKU_023,1.0,2131.61,2131.61,0
2024-02-17,SKU_023,2.0,4263.22,2131.61,0
2024-02-18,SKU_023,2.0,4263.22,2131.61,0
2024-02-19,SKU_023,3.0,6394.83,2131.61,0
2024-02-20,SKU_023,1.0,2131.61,2131.61,0
2024-02-21,SKU_023,1.0,2131.61,2131.61,0
2024-02-22,SKU_023,4.0,7367.64,1841.91,1
2024-02-23,SKU_023,2.0,4263.22,2131.61,0
2024-02-24,SKU_023,2.0,4263.22,2131.61,0
2024-02-25,SKU_023,1.0,2131.61,2131.61,0
2024-02-26,SKU_023,3.0,6394.83,2131.61,0
2024-02-28,SKU_023,3.0,5991.18,1997.06,1
2024-02-29,SKU_023,2.0,4263.22,2131.61,0
2024-03-01,SKU_023,3.0,6394.83,2131.61,0
2024-03-02,SKU_023,3.0,6394.83,2131.61,0
2024-03-03,SKU_023,1.0,2131.61,2131.61,0
2024-03-06,SKU_023,3.0,5658.33,1886.11,1
2024-03-09,SKU_023,2.0,3682.76,1841.38,1
2024-03-10,SKU_023,3.0,6394.83,2131.61,0
2024-03-11,SKU_023,4.0,7618.48,1904.62,1
2024-03-12,SKU_023,2.0,4263.22,2131.61,0
2024-03-13,SKU_023,1.0,2131.61,2131.61,0
2024-03-14,SKU_023,1.0,2131.61,2131.61,0
2024-03-15,SKU_023,5.0,8883.0,1776.6,1
2024-03-16,SKU_023,1.0,1844.16,1844.16,1
2024-03-17,SKU_023,4.0,8526.44,2131.61,0
2024-03-18,SKU_023,2.0,3741.52,1870.76,1
2024-03-21,SKU_023,2.0,4263.22,2131.61,0
2024-01-01,SKU_024,1.0,6564.55,6564.55,1
2024-01-02,SKU_024,1.0,6949.39,6949.39,1
2024-01-07,SKU_024,1.0,7752.75,7752.75,0
2024-01-11,SKU_024,1.0,7752.75,7752.75,0
2024-01-12,SKU_024,1.0,7752.75,7752.75,0
2024-01-13,SKU_024,2.0,15505.5,7752.75,0
2024-01-14,SKU_024,1.0,7752.75,7752.75,0
2024-01-16,SKU_024,1.0,7752.75,7752.75,0
2024-01-17,SKU_024,1.0,7752.75,7752.75,0
2024-01-18,SKU_024,3.0,23258.25,7752.75,0
2024-01-19,SKU_024,1.0,7752.75,7752.75,0
2024-01-21,SKU_024,1.0,7292.99,7292.99,1
2024-01-23,SKU_024,1.0,7752.75,7752.75,0
2024-01-26,SKU_024,1.0,7752.75,7752.75,0
2024-01-27,SKU_024,2.0,15505.5,7752.75,0
2024-01-28,SKU_024,1.0,7752.75,7752.75,0
2024-02-01,SKU_024,1.0,7752.75,7752.75,0
2024-02-02,SKU_024,1.0,7752.75,7752.75,0
2024-02-03,SKU_024,1.0,7752.75,7752.75,0
2024-02-04,SKU_024,2.0,15505.5,7752.75,0
2024-02-05,SKU_024,1.0,7752.75,7752.75,0
2024-02-08,SKU_024,1.0,7752.75,7752.75,0
2024-02-10,SKU_024,1.0,7752.75,7752.75,0
2024-02-13,SKU_024,1.0,7752.75,7752.75,0
2024-02-17,SKU_024,1.0,7752.75,7752.75,0
2024-02-21,SKU_024,1.0,7752.75,7752.75,0
2024-02-22,SKU_024,1.0,7752.75,7752.75,0
2024-02-25,SKU_024,1.0,7752.75,7752.75,0
2024-02-26,SKU_024,1.0,7752.75,7752.75,0
2024-03-01,SKU_024,2.0,15505.5,7752.75,0
2024-03-06,SKU_024,1.0,7752.75,7752.75,0
2024-03-08,SKU_024,1.0,7752.75,7752.75,0
2024-03-09,SKU_024,1.0,7752.75,7752.75,0
2024-03-10,SKU_024,1.0,7752.75,7752.75,0
2024-03-11,SKU_024,1.0,7752.75,7752.75,0
2024-03-13,SKU_024,1.0,7752.75,7752.75,0
2024-03-15,SKU_024,5.0,34213.55,6842.71,1
2024-03-17,SKU_024,1.0,7752.75,7752.75,0
2024-03-21,SKU_024,1.0,7752.75,7752.75,0
