data/sales_daily.csv
date,sku_id,units_sold,revenue,unit_price,promo_flag
2024-01-01,SKU_025,1.0,3566.73,3566.73,1
2024-01-03,SKU_025,2.0,8311.34,4155.67,0
2024-01-07,SKU_025,1.0,4155.67,4155.67,0
2024-01-09,SKU_025,2.0,8311.34,4155.67,0
2024-01-12,SKU_025,1.0,4155.67,4155.67,0
2024-01-13,SKU_025,2.0,8311.34,4155.67,0
2024-01-20,SKU_025,2.0,7361.48,3680.74,1
2024-01-28,SKU_025,1.0,3786.54,3786.54,1
2024-01-29,SKU_025,1.0,4155.67,4155.67,0
2024-01-30,SKU_025,1.0,4155.67,4155.67,0
2024-02-01,SKU_025,2.0,8311.34,4155.67,0
2024-02-03,SKU_025,2.0,8311.34,4155.67,0
2024-02-05,SKU_025,1.0,4155.67,4155.67,0
2024-02-09,SKU_025,1.0,4155.67,4155.67,0
2024-02-12,SKU_025,1.0,4155.67,4155.67,0
2024-02-15,SKU_025,1.0,4155.67,4155.67,0
2024-02-17,SKU_025,1.0,4155.67,4155.67,0
2024-02-21,SKU_025,2.0,8311.34,4155.67,0
2024-02-25,SKU_025,3.0,11784.78,3928.26,1
2024-02-27,SKU_025,1.0,4155.67,4155.67,0
2024-02-28,SKU_025,1.0,4155.67,4155.67,0
2024-02-29,SKU_025,1.0,4155.67,4155.67,0
2024-03-05,SKU_025,1.0,3771.51,3771.51,1
2024-03-07,SKU_025,2.0,8311.34,4155.67,0
2024-03-08,SKU_025,1.0,3947.02,3947.02,1
2024-03-09,SKU_025,1.0,4155.67,4155.67,0
2024-03-11,SKU_025,1.0,4155.67,4155.67,0
2024-03-12,SKU_025,2.0,8311.34,4155.67,0
2024-03-14,SKU_025,1.0,4155.67,4155.67,0
2024-03-16,SKU_025,3.0,10416.84,3472.28,1
2024-03-17,SKU_025,1.0,3631.52,3631.52,1
2024-03-18,SKU_025,1.0,4155.67,4155.67,0
2024-01-01,SKU_026,2.0,7170.24,3585.12,1
2024-01-02,SKU_026,1.0,4421.91,4421.91,0
2024-01-03,SKU_026,1.0,4421.91,4421.91,0
2024-01-04,SKU_026,1.0,4421.91,4421.91,0
2024-01-07,SKU_026,2.0,8843.82,4421.91,0
2024-01-11,SKU_026,1.0,4421.91,4421.91,0
2024-01-13,SKU_026,1.0,4421.91,4421.91,0
2024-01-14,SKU_026,1.0,4421.91,4421.91,0
2024-01-15,SKU_026,1.0,4421.91,4421.91,0
2024-01-21,SKU_026,1.0,4421.91,4421.91,0
2024-01-23,SKU_026,1.0,4421.91,4421.91,0
2024-01-29,SKU_026,1.0,4421.91,4421.91,0
2024-01-30,SKU_026,3.0,13265.73,4421.91,0
2024-01-31,SKU_026,2.0,8843.82,4421.91,0
2024-02-03,SKU_026,3.0,13265.73,4421.91,0
2024-02-05,SKU_026,1.0,4421.91,4421.91,0
2024-02-06,SKU_026,3.0,13265.73,4421.91,0
2024-02-08,SKU_026,3.0,13265.73,4421.91,0
2024-02-09,SKU_026,1.0,4421.91,4421.91,0
2024-02-10,SKU_026,1.0,4421.91,4421.91,0
2024-02-12,SKU_026,5.0,22109.55,4421.91,0
2024-02-13,SKU_026,1.0,4421.91,4421.91,0
2024-02-14,SKU_026,2.0,8843.82,4421.91,0
2024-02-17,SKU_026,1.0,4421.91,4421.91,0
2024-02-18,SKU_026,2.0,8843.82,4421.91,0
2024-02-20,SKU_026,1.0,4421.91,4421.91,0
2024-02-22,SKU_026,1.0,4421.91,4421.91,0
2024-02-23,SKU_026,2.0,8843.82,4421.91,0
2024-02-27,SKU_026,1.0,3780.91,3780.91,1
2024-03-01,SKU_026,1.0,4421.91,4421.91,0
2024-03-02,SKU_026,1.0,4421.91,4421.91,0
2024-03-03,SKU_026,2.0,8843.82,4421.91,0
2024-03-10,SKU_026,2.0,8843.82,4421.91,0
2024-03-11,SKU_026,1.0,4421.91,4421.91,0
2024-03-13,SKU_026,1.0,3979.45,3979.45,1
2024-03-14,SKU_026,1.0,4421.91,4421.91,0
2024-03-15,SKU_026,2.0,7098.7,3549.35,1
2024-03-16,SKU_026,2.0,7142.16,3571.08,1
2024-03-18,SKU_026,1.0,4421.91,4421.91,0
2024-03-21,SKU_026,3.0,13265.73,4421.91,0
2024-01-01,SKU_028,1.0,1630.12,1630.12,1
2024-01-05,SKU_028,1.0,1755.74,1755.74,1
2024-01-06,SKU_028,1.0,2004.11,2004.11,0
2024-01-07,SKU_028,1.0,2004.11,2004.11,0
2024-01-12,SKU_028,1.0,1828.77,1828.77,1
2024-01-13,SKU_028,1.0,2004.11,2004.11,0
2024-01-14,SKU_028,2.0,3491.8,1745.9,1
2024-01-22,SKU_028,1.0,2004.11,2004.11,0
2024-01-23,SKU_028,1.0,2004.11,2004.11,0
2024-01-24,SKU_028,1.0,2004.11,2004.11,0
2024-01-25,SKU_028,1.0,2004.11,2004.11,0
2024-01-27,SKU_028,1.0,2004.11,2004.11,0
2024-01-28,SKU_028,1.0,2004.11,2004.11,0
2024-01-31,SKU_028,1.0,2004.11,2004.11,0
2024-02-01,SKU_028,2.0,4008.22,2004.11,0
2024-02-04,SKU_028,1.0,2004.11,2004.11,0
2024-02-07,SKU_028,1.0,2004.11,2004.11,0
2024-02-11,SKU_028,1.0,1820.21,1820.21,1
2024-02-13,SKU_028,1.0,2004.11,2004.11,0
2024-02-16,SKU_028,1.0,2004.11,2004.11,0
2024-02-17,SKU_028,2.0,4008.22,2004.11,0
2024-02-19,SKU_028,1.0,2004.11,2004.11,0
2024-02-20,SKU_028,1.0,2004.11,2004.11,0
2024-02-21,SKU_028,2.0,4008.22,2004.11,0
2024-02-24,SKU_028,1.0,2004.11,2004.11,0
2024-02-25,SKU_028,1.0,2004.11,2004.11,0
2024-02-28,SKU_028,1.0,2004.11,2004.11,0
2024-02-29,SKU_028,1.0,2004.11,2004.11,0
2024-03-02,SKU_028,3.0,6012.33,2004.11,0
2024-03-10,SKU_028,1.0,2004.11,2004.11,0
2024-03-15,SKU_028,1.0,1768.09,1768.09,1
2024-03-16,SKU_028,4.0,6721.8,1680.45,1
2024-03-18,SKU_028,1.0,2004.11,2004.11,0
2024-03-19,SKU_028,1.0,2004.11,2004.11,0
2024-03-20,SKU_028,2.0,4008.22,2004.11,0
2024-01-01,SKU_029,4.0,7139.64,1784.91,1
2024-01-02,SKU_029,4.0,7942.68,1985.67,0
2024-01-04,SKU_029,1.0,1985.67,1985.67,0
2024-01-05,SKU_029,2.0,3971.34,1985.67,0
2024-01-07,SKU_029,1.0,1985.67,1985.67,0
2024-01-08,SKU_029,1.0,1985.67,1985.67,0
2024-01-09,SKU_029,2.0,3971.34,1985.67,0
2024-01-11,SKU_029,1.0,1985.67,1985.67,0
2024-01-12,SKU_029,1.0,1985.67,1985.67,0
2024-01-13,SKU_029,2.0,3971.34,1985.67,0
2024-01-14,SKU_029,5.0,9928.35,1985.67,0
2024-01-16,SKU_029,,,1985.67,0
2024-01-18,SKU_029,2.0,3971.34,1985.67,0
2024-01-19,SKU_029,3.0,5957.01,1985.67,0
2024-01-20,SKU_029,5.0,9928.35,1985.67,0
2024-01-21,SKU_029,2.0,3971.34,1985.67,0
2024-01-22,SKU_029,3.0,5957.01,1985.67,0
2024-01-24,SKU_029,1.0,1985.67,1985.67,0
2024-01-25,SKU_029,2.0,3971.34,1985.67,0
2024-01-26,SKU_029,2.0,3971.34,1985.67,0
2024-01-27,SKU_029,1.0,1985.67,1985.67,0
2024-01-28,SKU_029,2.0,3971.34,1985.67,0
2024-01-29,SKU_029,1.0,1985.67,1985.67,0
2024-01-30,SKU_029,1.0,1985.67,1985.67,0
2024-01-31,SKU_029,3.0,5957.01,1985.67,0
2024-02-01,SKU_029,4.0,7942.68,1985.67,0
2024-02-02,SKU_029,3.0,5957.01,1985.67,0
2024-02-03,SKU_029,2.0,3971.34,1985.67,0
2024-02-04,SKU_029,2.0,3971.34,1985.67,0
2024-02-05,SKU_029,1.0,1985.67,1985.67,0
2024-02-06,SKU_029,1.0,1985.67,1985.67,0
2024-02-07,SKU_029,1.0,1985.67,1985.67,0
2024-02-08,SKU_029,2.0,3971.34,1985.67,0
2024-02-10,SKU_029,4.0,7942.68,1985.67,0
2024-02-11,SKU_029,2.0,3971.34,1985.67,0
2024-02-12,SKU_029,1.0,1985.67,1985.67,0
2024-02-13,SKU_029,3.0,5957.01,1985.67,0
2024-02-16,SKU_029,2.0,3971.34,1985.67,0
2024-02-17,SKU_029,2.0,3971.34,1985.67,0
2024-02-18,SKU_029,2.0,3971.34,1985.67,0
2024-02-19,SKU_029,2.0,3971.34,1985.67,0
2024-02-20,SKU_029,2.0,3971.34,1985.67,0
2024-02-21,SKU_029,2.0,3971.34,1985.67,0
2024-02-22,SKU_029,3.0,5957.01,1985.67,0
2024-02-23,SKU_029,2.0,3971.34,1985.67,0
2024-02-24,SKU_029,2.0,3971.34,1985.67,0
2024-02-25,SKU_029,1.0,1985.67,1985.67,0
2024-03-01,SKU_029,2.0,3971.34,1985.67,0
2024-03-02,SKU_029,4.0,7942.68,1985.67,0
2024-03-03,SKU_029,1.0,1985.67,1985.67,0
2024-03-04,SKU_029,1.0,1985.67,1985.67,0
2024-03-06,SKU_029,1.0,1985.67,1985.67,0
2024-03-07,SKU_029,1.0,1985.67,1985.67,0
2024-03-08,SKU_029,1.0,1985.67,1985.67,0
2024-03-09,SKU_029,2.0,3971.34,1985.67,0
2024-03-10,SKU_029,6.0,11914.02,1985.67,0
2024-03-11,SKU_029,5.0,9928.35,1985.67,0
2024-03-13,SKU_029,2.0,3971.34,1985.67,0
2024-03-15,SKU_029,4.0,6230.08,1557.52,1
2024-03-16,SKU_029,4.0,7033.36,1758.34,1
2024-03-17,SKU_029,1.0,1985.67,1985.67,0
2024-03-18,SKU_029,1.0,1985.67,1985.67,0
2024-03-19,SKU_029,1.0,1985.67,1985.67,0
2024-03-20,SKU_029,3.0,5957.01,1985.67,0
2024-03-21,SKU_029,1.0,1985.67,1985.67,0
2024-01-01,SKU_030,4.0,1580.64,395.16,1
2024-01-02,SKU_030,4.0,1969.52,492.38,0
2024-01-03,SKU_030,2.0,984.76,492.38,0
2024-01-04,SKU_030,1.0,492.38,492.38,0
2024-01-05,SKU_030,5.0,2461.9,492.38,0
2024-01-06,SKU_030,6.0,2585.64,430.94,1
2024-01-07,SKU_030,,,492.38,0
2024-01-08,SKU_030,1.0,492.38,492.38,0
2024-01-09,SKU_030,3.0,1477.14,492.38,0
2024-01-10,SKU_030,1.0,492.38,492.38,0
2024-01-13,SKU_030,2.0,984.76,492.38,0
2024-01-14,SKU_030,2.0,984.76,492.38,0
2024-01-15,SKU_030,2.0,984.76,492.38,0
2024-01-16,SKU_030,4.0,1846.56,461.64,1
2024-01-17,SKU_030,3.0,1477.14,492.38,0
2024-01-18,SKU_030,3.0,1477.14,492.38,0
2024-01-19,SKU_030,1.0,492.38,492.38,0
2024-01-21,SKU_030,7.0,3446.66,492.38,0
2024-01-22,SKU_030,2.0,984.76,492.38,0
2024-01-23,SKU_030,2.0,984.76,492.38,0
2024-01-24,SKU_030,2.0,854.9,427.45,1
2024-01-26,SKU_030,6.0,2954.28,492.38,0
2024-01-27,SKU_030,1.0,492.38,492.38,0
2024-01-28,SKU_030,2.0,984.76,492.38,0
2024-01-29,SKU_030,1.0,492.38,492.38,0
2024-01-31,SKU_030,5.0,2461.9,492.38,0
2024-02-01,SKU_030,3.0,1477.14,492.38,0
2024-02-02,SKU_030,2.0,984.76,492.38,0
2024-02-03,SKU_030,2.0,984.76,492.38,0
2024-02-04,SKU_030,4.0,1969.52,492.38,0
2024-02-05,SKU_030,1.0,492.38,492.38,0
2024-02-06,SKU_030,2.0,984.76,492.38,0
2024-02-07,SKU_030,3.0,1477.14,492.38,0
2024-02-08,SKU_030,3.0,1477.14,492.38,0
2024-02-09,SKU_030,1.0,492.38,492.38,0
2024-02-10,SKU_030,1.0,492.38,492.38,0
2024-02-11,SKU_030,2.0,984.76,492.38,0
2024-02-12,SKU_030,1.0,492.38,492.38,0
2024-02-13,SKU_030,1.0,492.38,492.38,0
2024-02-14,SKU_030,2.0,984.76,492.38,0
2024-02-15,SKU_030,1.0,492.38,492.38,0
2024-02-17,SKU_030,1.0,492.38,492.38,0
2024-02-18,SKU_030,2.0,984.76,492.38,0
2024-02-19,SKU_030,3.0,1477.14,492.38,0
2024-02-20,SKU_030,3.0,1477.14,492.38,0
2024-02-21,SKU_030,1.0,492.38,492.38,0
2024-02-23,SKU_030,2.0,984.76,492.38,0
2024-02-25,SKU_030,2.0,984.76,492.38,0
2024-02-26,SKU_030,1.0,492.38,492.38,0
2024-02-27,SKU_030,4.0,1969.52,492.38,0
2024-02-28,SKU_030,2.0,907.18,453.59,1
2024-02-29,SKU_030,2.0,984.76,492.38,0
2024-03-02,SKU_030,1.0,492.38,492.38,0
2024-03-03,SKU_030,1.0,492.38,492.38,0
2024-03-04,SKU_030,4.0,1699.72,424.93,1
2024-03-05,SKU_030,1.0,492.38,492.38,0
2024-03-07,SKU_030,2.0,984.76,492.38,0
2024-03-08,SKU_030,1.0,492.38,492.38,0
2024-03-09,SKU_030,7.0,3446.66,492.38,0
2024-03-11,SKU_030,1.0,492.38,492.38,0
2024-03-12,SKU_030,1.0,442.75,442.75,1
2024-03-13,SKU_030,1.0,492.38,492.38,0
2024-03-14,SKU_030,1.0,492.38,492.38,0
2024-03-15,SKU_030,3.0,1137.3,379.1,1
2024-03-16,SKU_030,4.0,1763.72,440.93,1
2024-03-17,SKU_030,3.0,1477.14,492.38,0
2024-03-18,SKU_030,3.0,1295.67,431.89,1
2024-03-19,SKU_030,4.0,1969.52,492.38,0
2024-03-20,SKU_030,2.0,984.76,492.38,0
2024-01-01,SKU_031,1.0,6118.51,6118.51,1
2024-01-02,SKU_031,1.0,7071.92,7071.92,0
2024-01-06,SKU_031,2.0,14143.84,7071.92,0
2024-01-07,SKU_031,1.0,7071.92,7071.92,0
2024-01-10,SKU_031,1.0,7071.92,7071.92,0
2024-01-11,SKU_031,3.0,21215.76,7071.92,0
2024-01-19,SKU_031,1.0,7071.92,7071.92,0
2024-01-20,SKU_031,1.0,7071.92,7071.92,0
2024-01-21,SKU_031,1.0,7071.92,7071.92,0
2024-01-25,SKU_031,1.0,7071.92,7071.92,0
2024-01-27,SKU_031,1.0,7071.92,7071.92,0
2024-01-28,SKU_031,1.0,7071.92,7071.92,0
2024-01-29,SKU_031,1.0,7071.92,7071.92,0
2024-01-30,SKU_031,2.0,14143.84,7071.92,0
2024-02-01,SKU_031,1.0,7071.92,7071.92,0
2024-02-02,SKU_031,2.0,12470.58,6235.29,1
2024-02-03,SKU_031,2.0,14143.84,7071.92,0
2024-02-08,SKU_031,1.0,7071.92,7071.92,0
2024-02-09,SKU_031,1.0,7071.92,7071.92,0
2024-02-12,SKU_031,1.0,6499.92,6499.92,1
2024-02-20,SKU_031,1.0,6360.52,6360.52,1
2024-02-22,SKU_031,1.0,7071.92,7071.92,0
2024-02-24,SKU_031,3.0,21215.76,7071.92,0
2024-02-25,SKU_031,1.0,7071.92,7071.92,0
2024-03-01,SKU_031,2.0,14143.84,7071.92,0
2024-03-03,SKU_031,2.0,14143.84,7071.92,0
2024-03-04,SKU_031,3.0,18247.56,6082.52,1
2024-03-05,SKU_031,1.0,7071.92,7071.92,0
2024-03-08,SKU_031,1.0,7071.92,7071.92,0
2024-03-10,SKU_031,1.0,7071.92,7071.92,0
2024-03-12,SKU_031,1.0,7071.92,7071.92,0
2024-03-13,SKU_031,1.0,7071.92,7071.92,0
2024-03-15,SKU_031,1.0,5701.88,5701.88,1
2024-03-16,SKU_031,1.0,5771.35,5771.35,1
2024-03-18,SKU_031,1.0,7071.92,7071.92,0
2024-03-19,SKU_031,1.0,7071.92,7071.92,0
2024-03-20,SKU_031,1.0,7071.92,7071.92,0
2024-01-01,SKU_032,6.0,13140.0,2190.0,1
2024-01-02,SKU_032,5.0,10999.85,2199.97,1
2024-01-03,SKU_032,12.0,29495.52,2457.96,0
2024-01-04,SKU_032,1.0,2457.96,2457.96,0
2024-01-05,SKU_032,4.0,9831.84,2457.96,0
2024-01-06,SKU_032,8.0,18671.36,2333.92,1
2024-01-07,SKU_032,6.0,14747.76,2457.96,0
2024-01-08,SKU_032,6.0,14747.76,2457.96,0
2024-01-09,SKU_032,3.0,7373.88,2457.96,0
2024-01-11,SKU_032,2.0,4915.92,2457.96,0
2024-01-12,SKU_032,4.0,9831.84,2457.96,0
2024-01-13,SKU_032,9.0,18842.67,2093.63,1
2024-01-14,SKU_032,5.0,12289.8,2457.96,0
2024-01-15,SKU_032,6.0,14747.76,2457.96,0
2024-01-16,SKU_032,4.0,9831.84,2457.96,0
2024-01-17,SKU_032,1.0,2457.96,2457.96,0
2024-01-18,SKU_032,6.0,13374.84,2229.14,1
2024-01-19,SKU_032,2.0,4915.92,2457.96,0
2024-01-20,SKU_032,2.0,4915.92,2457.96,0
2024-01-21,SKU_032,4.0,9831.84,2457.96,0
2024-01-22,SKU_032,3.0,7373.88,2457.96,0
2024-01-23,SKU_032,3.0,7373.88,2457.96,0
2024-01-24,SKU_032,7.0,17205.72,2457.96,0
2024-01-25,SKU_032,3.0,6552.63,2184.21,1
2024-01-26,SKU_032,5.0,12289.8,2457.96,0
2024-01-27,SKU_032,12.0,25687.8,2140.65,1
2024-01-28,SKU_032,7.0,17205.72,2457.96,0
2024-01-29,SKU_032,5.0,12289.8,2457.96,0
2024-01-30,SKU_032,2.0,4915.92,2457.96,0
2024-01-31,SKU_032,4.0,9831.84,2457.96,0
2024-02-01,SKU_032,1.0,2255.09,2255.09,1
2024-02-02,SKU_032,5.0,12289.8,2457.96,0
2024-02-03,SKU_032,8.0,17018.72,2127.34,1
2024-02-04,SKU_032,7.0,17205.72,2457.96,0
2024-02-05,SKU_032,5.0,12289.8,2457.96,0
2024-02-06,SKU_032,3.0,7373.88,2457.96,0
2024-02-07,SKU_032,3.0,7373.88,2457.96,0
2024-02-08,SKU_032,4.0,9831.84,2457.96,0
2024-02-09,SKU_032,4.0,9831.84,2457.96,0
2024-02-10,SKU_032,5.0,12289.8,2457.96,0
2024-02-11,SKU_032,1.0,2457.96,2457.96,0
2024-02-12,SKU_032,5.0,12289.8,2457.96,0
2024-02-13,SKU_032,5.0,12289.8,2457.96,0
2024-02-14,SKU_032,2.0,4915.92,2457.96,0
2024-02-15,SKU_032,2.0,4915.92,2457.96,0
2024-02-16,SKU_032,3.0,7373.88,2457.96,0
2024-02-17,SKU_032,2.0,4915.92,2457.96,0
2024-02-18,SKU_032,10.0,24579.6,2457.96,0
2024-02-19,SKU_032,2.0,4915.92,2457.96,0
2024-02-20,SKU_032,2.0,4915.92,2457.96,0
2024-02-21,SKU_032,7.0,15967.49,2281.07,1
2024-02-22,SKU_032,6.0,13653.78,2275.63,1
2024-02-23,SKU_032,5.0,10554.75,2110.95,1
2024-02-24,SKU_032,9.0,22121.64,2457.96,0
2024-02-25,SKU_032,4.0,9831.84,2457.96,0
2024-02-26,SKU_032,6.0,14747.76,2457.96,0
2024-02-28,SKU_032,3.0,7373.88,2457.96,0
2024-02-29,SKU_032,4.0,9831.84,2457.96,0
2024-03-01,SKU_032,,,2457.96,0
2024-03-02,SKU_032,8.0,19663.68,2457.96,0
2024-03-03,SKU_032,5.0,12289.8,2457.96,0
2024-03-04,SKU_032,7.0,17205.72,2457.96,0
2024-03-05,SKU_032,7.0,17205.72,2457.96,0
2024-03-06,SKU_032,1.0,2457.96,2457.96,0
2024-03-07,SKU_032,1.0,2457.96,2457.96,0
2024-03-08,SKU_032,4.0,9831.84,2457.96,0
2024-03-09,SKU_032,6.0,14747.76,2457.96,0
2024-03-10,SKU_032,5.0,12289.8,2457.96,0
2024-03-11,SKU_032,7.0,14936.6,2133.8,1
2024-03-12,SKU_032,2.0,4915.92,2457.96,0
2024-03-13,SKU_032,5.0,12289.8,2457.96,0
2024-03-14,SKU_032,8.0,19663.68,2457.96,0
2024-03-15,SKU_032,14.0,27331.08,1952.22,1
2024-03-16,SKU_032,7.0,15393.98,2199.14,1
2024-03-17,SKU_032,5.0,12289.8,2457.96,0
2024-03-18,SKU_032,6.0,14747.76,2457.96,0
2024-03-19,SKU_032,5.0,12289.8,2457.96,0
2024-03-20,SKU_032,2.0,4915.92,2457.96,0
2024-03-21,SKU_032,1.0,2457.96,2457.96,0
2024-01-01,SKU_033,2.0,12490.4,6245.2,1
2024-01-06,SKU_033,1.0,6451.22,6451.22,1
2024-01-10,SKU_033,1.0,7546.12,7546.12,0
2024-01-11,SKU_033,2.0,15092.24,7546.12,0
2024-01-15,SKU_033,1.0,7546.12,7546.12,0
2024-01-18,SKU_033,1.0,7546.12,7546.12,0
2024-01-19,SKU_033,1.0,7546.12,7546.12,0
2024-01-20,SKU_033,1.0,7546.12,7546.12,0
2024-01-24,SKU_033,1.0,7546.12,7546.12,0
2024-01-26,SKU_033,2.0,15092.24,7546.12,0
2024-01-28,SKU_033,1.0,7546.12,7546.12,0
2024-01-29,SKU_033,1.0,7546.12,7546.12,0
2024-01-30,SKU_033,1.0,7030.05,7030.05,1
2024-02-01,SKU_033,1.0,7546.12,7546.12,0
2024-02-02,SKU_033,2.0,15092.24,7546.12,0
2024-02-04,SKU_033,1.0,7546.12,7546.12,0
2024-02-09,SKU_033,1.0,7073.85,7073.85,1
2024-02-10,SKU_033,1.0,7546.12,7546.12,0
2024-02-12,SKU_033,1.0,7546.12,7546.12,0
2024-02-15,SKU_033,1.0,7546.12,7546.12,0
2024-02-16,SKU_033,2.0,15092.24,7546.12,0
2024-02-19,SKU_033,1.0,7546.12,7546.12,0
2024-02-21,SKU_033,2.0,12847.8,6423.9,1
2024-02-23,SKU_033,2.0,15092.24,7546.12,0
2024-02-24,SKU_033,1.0,7546.12,7546.12,0
2024-02-26,SKU_033,1.0,7546.12,7546.12,0
2024-02-28,SKU_033,2.0,15092.24,7546.12,0
2024-02-29,SKU_033,1.0,7546.12,7546.12,0
2024-03-01,SKU_033,2.0,13815.82,6907.91,1
2024-03-09,SKU_033,2.0,15092.24,7546.12,0
2024-03-11,SKU_033,1.0,7546.12,7546.12,0
2024-03-14,SKU_033,,,7121.06,1
2024-03-15,SKU_033,2.0,12988.8,6494.4,1
2024-03-16,SKU_033,2.0,12959.14,6479.57,1
2024-03-17,SKU_033,2.0,15092.24,7546.12,0
2024-03-20,SKU_033,2.0,15092.24,7546.12,0
2024-03-21,SKU_033,1.0,7546.12,7546.12,0
