data/sales_daily.csv
date,sku_id,units_sold,revenue,unit_price,promo_flag
2024-01-01,SKU_035,13.0,53097.33,4084.41,1
2024-01-02,SKU_035,10.0,45515.1,4551.51,0
2024-01-03,SKU_035,12.0,54618.12,4551.51,0
2024-01-04,SKU_035,11.0,50066.61,4551.51,0
2024-01-05,SKU_035,6.0,27309.06,4551.51,0
2024-01-06,SKU_035,10.0,45515.1,4551.51,0
2024-01-07,SKU_035,7.0,31860.57,4551.51,0
2024-01-08,SKU_035,6.0,27309.06,4551.51,0
2024-01-09,SKU_035,5.0,22757.55,4551.51,0
2024-01-10,SKU_035,6.0,27309.06,4551.51,0
2024-01-11,SKU_035,16.0,65074.4,4067.15,1
2024-01-12,SKU_035,11.0,50066.61,4551.51,0
2024-01-13,SKU_035,18.0,81927.18,4551.51,0
2024-01-14,SKU_035,13.0,59169.63,4551.51,0
2024-01-15,SKU_035,12.0,54618.12,4551.51,0
2024-01-16,SKU_035,7.0,31860.57,4551.51,0
2024-01-17,SKU_035,10.0,45515.1,4551.51,0
2024-01-18,SKU_035,11.0,50066.61,4551.51,0
2024-01-19,SKU_035,11.0,50066.61,4551.51,0
2024-01-20,SKU_035,14.0,63721.14,4551.51,0
2024-01-21,SKU_035,12.0,54618.12,4551.51,0
2024-01-22,SKU_035,13.0,59169.63,4551.51,0
2024-01-23,SKU_035,13.0,59169.63,4551.51,0
2024-01-24,SKU_035,12.0,54618.12,4551.51,0
2024-01-25,SKU_035,6.0,27309.06,4551.51,0
2024-01-26,SKU_035,13.0,59169.63,4551.51,0
2024-01-27,SKU_035,13.0,59169.63,4551.51,0
2024-01-28,SKU_035,11.0,50066.61,4551.51,0
2024-01-29,SKU_035,5.0,22757.55,4551.51,0
2024-01-30,SKU_035,7.0,31860.57,4551.51,0
2024-01-31,SKU_035,6.0,27309.06,4551.51,0
2024-02-01,SKU_035,9.0,40963.59,4551.51,0
2024-02-02,SKU_035,11.0,50066.61,4551.51,0
2024-02-03,SKU_035,9.0,40963.59,4551.51,0
2024-02-04,SKU_035,5.0,22757.55,4551.51,0
2024-02-05,SKU_035,7.0,31860.57,4551.51,0
2024-02-06,SKU_035,10.0,42006.1,4200.61,1
2024-02-07,SKU_035,8.0,36412.08,4551.51,0
2024-02-08,SKU_035,10.0,45515.1,4551.51,0
2024-02-09,SKU_035,5.0,22757.55,4551.51,0
2024-02-10,SKU_035,9.0,40963.59,4551.51,0
2024-02-11,SKU_035,10.0,45515.1,4551.51,0
2024-02-12,SKU_035,8.0,36412.08,4551.51,0
2024-02-13,SKU_035,11.0,50066.61,4551.51,0
2024-02-14,SKU_035,5.0,22757.55,4551.51,0
2024-02-15,SKU_035,5.0,22757.55,4551.51,0
2024-02-16,SKU_035,9.0,40963.59,4551.51,0
2024-02-17,SKU_035,12.0,54618.12,4551.51,0
2024-02-18,SKU_035,15.0,64766.1,4317.74,1
2024-02-19,SKU_035,10.0,45515.1,4551.51,0
2024-02-20,SKU_035,3.0,13654.53,4551.51,0
2024-02-21,SKU_035,9.0,40963.59,4551.51,0
2024-02-22,SKU_035,10.0,45515.1,4551.51,0
2024-02-23,SKU_035,11.0,50066.61,4551.51,0
2024-02-24,SKU_035,18.0,81927.18,4551.51,0
2024-02-25,SKU_035,5.0,22757.55,4551.51,0
2024-02-26,SKU_035,9.0,40963.59,4551.51,0
2024-02-27,SKU_035,16.0,72824.16,4551.51,0
2024-02-28,SKU_035,13.0,59169.63,4551.51,0
2024-02-29,SKU_035,9.0,40963.59,4551.51,0
2024-03-01,SKU_035,10.0,42716.1,4271.61,1
2024-03-02,SKU_035,8.0,36412.08,4551.51,0
2024-03-03,SKU_035,8.0,36412.08,4551.51,0
2024-03-04,SKU_035,6.0,27309.06,4551.51,0
2024-03-05,SKU_035,9.0,40963.59,4551.51,0
2024-03-06,SKU_035,16.0,66786.4,4174.15,1
2024-03-07,SKU_035,8.0,36412.08,4551.51,0
2024-03-08,SKU_035,9.0,40963.59,4551.51,0
2024-03-09,SKU_035,17.0,77375.67,4551.51,0
2024-03-10,SKU_035,8.0,36412.08,4551.51,0
2024-03-11,SKU_035,10.0,45515.1,4551.51,0
2024-03-12,SKU_035,5.0,22757.55,4551.51,0
2024-03-13,SKU_035,11.0,50066.61,4551.51,0
2024-03-14,SKU_035,10.0,45515.1,4551.51,0
2024-03-15,SKU_035,12.0,41301.84,3441.82,1
2024-03-16,SKU_035,30.0,105743.7,3524.79,1
2024-03-17,SKU_035,27.0,114063.66,4224.58,1
2024-03-18,SKU_035,9.0,40963.59,4551.51,0
2024-03-19,SKU_035,11.0,47464.78,4314.98,1
2024-03-20,SKU_035,8.0,36412.08,4551.51,0
2024-03-21,SKU_035,6.0,27309.06,4551.51,0
2024-01-01,SKU_036,6.0,28651.44,4775.24,1
2024-01-02,SKU_036,3.0,18425.88,6141.96,0
2024-01-03,SKU_036,4.0,24567.84,6141.96,0
2024-01-05,SKU_036,10.0,53740.8,5374.08,1
2024-01-06,SKU_036,6.0,36851.76,6141.96,0
2024-01-07,SKU_036,1.0,6141.96,6141.96,0
2024-01-08,SKU_036,2.0,12283.92,6141.96,0
2024-01-10,SKU_036,2.0,12283.92,6141.96,0
2024-01-11,SKU_036,8.0,49135.68,6141.96,0
2024-01-12,SKU_036,3.0,18425.88,6141.96,0
2024-01-13,SKU_036,,,6141.96,0
2024-01-14,SKU_036,4.0,24567.84,6141.96,0
2024-01-15,SKU_036,3.0,18425.88,6141.96,0
2024-01-16,SKU_036,6.0,36851.76,6141.96,0
2024-01-17,SKU_036,2.0,12283.92,6141.96,0
2024-01-18,SKU_036,2.0,12283.92,6141.96,0
2024-01-19,SKU_036,6.0,36851.76,6141.96,0
2024-01-20,SKU_036,7.0,42993.72,6141.96,0
2024-01-21,SKU_036,5.0,30709.8,6141.96,0
2024-01-22,SKU_036,7.0,42993.72,6141.96,0
2024-01-23,SKU_036,2.0,12283.92,6141.96,0
2024-01-24,SKU_036,4.0,24567.84,6141.96,0
2024-01-25,SKU_036,6.0,31384.32,5230.72,1
2024-01-26,SKU_036,2.0,12283.92,6141.96,0
2024-01-27,SKU_036,10.0,61419.6,6141.96,0
2024-01-28,SKU_036,5.0,30709.8,6141.96,0
2024-01-29,SKU_036,4.0,24567.84,6141.96,0
2024-01-30,SKU_036,4.0,24567.84,6141.96,0
2024-01-31,SKU_036,4.0,24567.84,6141.96,0
2024-02-01,SKU_036,6.0,36851.76,6141.96,0
2024-02-02,SKU_036,1.0,6141.96,6141.96,0
2024-02-03,SKU_036,2.0,12283.92,6141.96,0
2024-02-04,SKU_036,3.0,18425.88,6141.96,0
2024-02-05,SKU_036,4.0,24567.84,6141.96,0
2024-02-06,SKU_036,3.0,18425.88,6141.96,0
2024-02-07,SKU_036,5.0,27447.3,5489.46,1
2024-02-08,SKU_036,2.0,12283.92,6141.96,0
2024-02-09,SKU_036,8.0,49135.68,6141.96,0
2024-02-10,SKU_036,3.0,18425.88,6141.96,0
2024-02-11,SKU_036,2.0,12283.92,6141.96,0
2024-02-12,SKU_036,6.0,36851.76,6141.96,0
2024-02-13,SKU_036,1.0,6141.96,6141.96,0
2024-02-14,SKU_036,1.0,6141.96,6141.96,0
2024-02-15,SKU_036,4.0,24567.84,6141.96,0
2024-02-16,SKU_036,3.0,18425.88,6141.96,0
2024-02-17,SKU_036,8.0,49135.68,6141.96,0
2024-02-18,SKU_036,2.0,12283.92,6141.96,0
2024-02-19,SKU_036,2.0,12283.92,6141.96,0
2024-02-20,SKU_036,3.0,18425.88,6141.96,0
2024-02-21,SKU_036,2.0,12283.92,6141.96,0
2024-02-22,SKU_036,2.0,12283.92,6141.96,0
2024-02-23,SKU_036,2.0,12283.92,6141.96,0
2024-02-24,SKU_036,5.0,30709.8,6141.96,0
2024-02-25,SKU_036,6.0,36851.76,6141.96,0
2024-02-26,SKU_036,2.0,11087.36,5543.68,1
2024-02-27,SKU_036,3.0,18425.88,6141.96,0
2024-02-28,SKU_036,4.0,24567.84,6141.96,0
2024-02-29,SKU_036,5.0,30709.8,6141.96,0
2024-03-01,SKU_036,5.0,30709.8,6141.96,0
2024-03-02,SKU_036,5.0,30709.8,6141.96,0
2024-03-03,SKU_036,6.0,33904.74,5650.79,1
2024-03-04,SKU_036,2.0,12283.92,6141.96,0
2024-03-05,SKU_036,2.0,12283.92,6141.96,0
2024-03-06,SKU_036,2.0,12283.92,6141.96,0
2024-03-07,SKU_036,4.0,24567.84,6141.96,0
2024-03-08,SKU_036,2.0,12283.92,6141.96,0
2024-03-09,SKU_036,8.0,49135.68,6141.96,0
2024-03-10,SKU_036,8.0,41885.2,5235.65,1
2024-03-11,SKU_036,2.0,12283.92,6141.96,0
2024-03-12,SKU_036,2.0,12283.92,6141.96,0
2024-03-13,SKU_036,6.0,36851.76,6141.96,0
2024-03-14,SKU_036,3.0,18425.88,6141.96,0
2024-03-15,SKU_036,6.0,31494.78,5249.13,1
2024-03-16,SKU_036,9.0,43853.04,4872.56,1
2024-03-17,SKU_036,4.0,24567.84,6141.96,0
2024-03-18,SKU_036,1.0,6141.96,6141.96,0
2024-03-19,SKU_036,1.0,6141.96,6141.96,0
2024-03-20,SKU_036,2.0,12283.92,6141.96,0
2024-03-21,SKU_036,4.0,24567.84,6141.96,0
2024-01-01,SKU_037,3.0,3977.49,1325.83,1
2024-01-02,SKU_037,2.0,3524.02,1762.01,0
2024-01-03,SKU_037,1.0,1504.0,1504.0,1
2024-01-06,SKU_037,1.0,1762.01,1762.01,0
2024-01-07,SKU_037,1.0,1762.01,1762.01,0
2024-01-08,SKU_037,1.0,1762.01,1762.01,0
2024-01-09,SKU_037,1.0,1762.01,1762.01,0
2024-01-12,SKU_037,2.0,3524.02,1762.01,0
2024-01-13,SKU_037,5.0,8810.05,1762.01,0
2024-01-14,SKU_037,1.0,1762.01,1762.01,0
2024-01-15,SKU_037,2.0,3524.02,1762.01,0
2024-01-16,SKU_037,1.0,1640.97,1640.97,1
2024-01-17,SKU_037,4.0,6412.56,1603.14,1
2024-01-18,SKU_037,2.0,3524.02,1762.01,0
2024-01-20,SKU_037,3.0,5286.03,1762.01,0
2024-01-21,SKU_037,3.0,5286.03,1762.01,0
2024-01-22,SKU_037,1.0,1762.01,1762.01,0
2024-01-24,SKU_037,3.0,5286.03,1762.01,0
2024-01-25,SKU_037,3.0,5286.03,1762.01,0
2024-01-26,SKU_037,1.0,1762.01,1762.01,0
2024-01-27,SKU_037,2.0,3160.12,1580.06,1
2024-01-28,SKU_037,5.0,8810.05,1762.01,0
2024-01-29,SKU_037,3.0,5286.03,1762.01,0
2024-01-30,SKU_037,1.0,1762.01,1762.01,0
2024-01-31,SKU_037,1.0,1762.01,1762.01,0
2024-02-01,SKU_037,2.0,3524.02,1762.01,0
2024-02-02,SKU_037,5.0,8810.05,1762.01,0
2024-02-04,SKU_037,7.0,12334.07,1762.01,0
2024-02-06,SKU_037,5.0,8810.05,1762.01,0
2024-02-07,SKU_037,2.0,3524.02,1762.01,0
2024-02-08,SKU_037,1.0,1762.01,1762.01,0
2024-02-09,SKU_037,1.0,1762.01,1762.01,0
2024-02-10,SKU_037,4.0,7048.04,1762.01,0
2024-02-11,SKU_037,2.0,3524.02,1762.01,0
2024-02-12,SKU_037,1.0,1762.01,1762.01,0
2024-02-13,SKU_037,2.0,3524.02,1762.01,0
2024-02-14,SKU_037,3.0,5286.03,1762.01,0
2024-02-15,SKU_037,1.0,1762.01,1762.01,0
2024-02-17,SKU_037,4.0,7048.04,1762.01,0
2024-02-18,SKU_037,1.0,1762.01,1762.01,0
2024-02-19,SKU_037,2.0,3524.02,1762.01,0
2024-02-20,SKU_037,1.0,1762.01,1762.01,0
2024-02-21,SKU_037,1.0,1762.01,1762.01,0
2024-02-22,SKU_037,1.0,1762.01,1762.01,0
2024-02-23,SKU_037,3.0,5286.03,1762.01,0
2024-02-25,SKU_037,4.0,7048.04,1762.01,0
2024-02-26,SKU_037,2.0,3524.02,1762.01,0
2024-02-27,SKU_037,1.0,1762.01,1762.01,0
2024-02-28,SKU_037,1.0,1762.01,1762.01,0
2024-02-29,SKU_037,1.0,1762.01,1762.01,0
2024-03-02,SKU_037,1.0,1762.01,1762.01,0
2024-03-03,SKU_037,2.0,3524.02,1762.01,0
2024-03-04,SKU_037,4.0,7048.04,1762.01,0
2024-03-06,SKU_037,5.0,8810.05,1762.01,0
2024-03-07,SKU_037,1.0,1762.01,1762.01,0
2024-03-09,SKU_037,3.0,5286.03,1762.01,0
2024-03-10,SKU_037,2.0,3524.02,1762.01,0
2024-03-11,SKU_037,1.0,1762.01,1762.01,0
2024-03-12,SKU_037,1.0,1762.01,1762.01,0
2024-03-13,SKU_037,3.0,5286.03,1762.01,0
2024-03-14,SKU_037,1.0,1762.01,1762.01,0
2024-03-15,SKU_037,3.0,4204.32,1401.44,1
2024-03-16,SKU_037,6.0,7929.96,1321.66,1
2024-03-17,SKU_037,4.0,7048.04,1762.01,0
2024-03-18,SKU_037,1.0,1762.01,1762.01,0
2024-03-19,SKU_037,2.0,3524.02,1762.01,0
2024-03-21,SKU_037,3.0,4797.0,1599.0,1
2024-01-01,SKU_038,6.0,5312.4,885.4,1
2024-01-02,SKU_038,6.0,7052.16,1175.36,0
2024-01-03,SKU_038,11.0,12928.96,1175.36,0
2024-01-04,SKU_038,2.0,2350.72,1175.36,0
2024-01-05,SKU_038,7.0,8227.52,1175.36,0
2024-01-06,SKU_038,6.0,7052.16,1175.36,0
2024-01-07,SKU_038,4.0,4701.44,1175.36,0
2024-01-08,SKU_038,7.0,8227.52,1175.36,0
2024-01-09,SKU_038,3.0,3526.08,1175.36,0
2024-01-10,SKU_038,2.0,2350.72,1175.36,0
2024-01-11,SKU_038,3.0,3526.08,1175.36,0
2024-01-12,SKU_038,4.0,4701.44,1175.36,0
2024-01-13,SKU_038,11.0,12215.5,1110.5,1
2024-01-14,SKU_038,2.0,2350.72,1175.36,0
2024-01-15,SKU_038,3.0,3526.08,1175.36,0
2024-01-16,SKU_038,1.0,1175.36,1175.36,0
2024-01-17,SKU_038,7.0,8227.52,1175.36,0
2024-01-18,SKU_038,5.0,5876.8,1175.36,0
2024-01-19,SKU_038,4.0,4701.44,1175.36,0
2024-01-20,SKU_038,5.0,5876.8,1175.36,0
2024-01-21,SKU_038,10.0,11753.6,1175.36,0
2024-01-22,SKU_038,5.0,5876.8,1175.36,0
2024-01-23,SKU_038,7.0,7612.36,1087.48,1
2024-01-24,SKU_038,1.0,1175.36,1175.36,0
2024-01-25,SKU_038,4.0,4701.44,1175.36,0
2024-01-26,SKU_038,2.0,2350.72,1175.36,0
2024-01-27,SKU_038,2.0,2350.72,1175.36,0
2024-01-28,SKU_038,3.0,3293.85,1097.95,1
2024-01-29,SKU_038,5.0,5503.35,1100.67,1
2024-01-30,SKU_038,6.0,6400.5,1066.75,1
2024-01-31,SKU_038,2.0,2350.72,1175.36,0
2024-02-01,SKU_038,2.0,2350.72,1175.36,0
2024-02-02,SKU_038,7.0,7320.25,1045.75,1
2024-02-03,SKU_038,5.0,5876.8,1175.36,0
2024-02-04,SKU_038,6.0,7052.16,1175.36,0
2024-02-05,SKU_038,6.0,7052.16,1175.36,0
2024-02-06,SKU_038,4.0,4701.44,1175.36,0
2024-02-07,SKU_038,2.0,2350.72,1175.36,0
2024-02-08,SKU_038,2.0,2350.72,1175.36,0
2024-02-09,SKU_038,7.0,8227.52,1175.36,0
2024-02-10,SKU_038,6.0,7052.16,1175.36,0
2024-02-11,SKU_038,11.0,12928.96,1175.36,0
2024-02-12,SKU_038,3.0,3526.08,1175.36,0
2024-02-13,SKU_038,4.0,4701.44,1175.36,0
2024-02-14,SKU_038,4.0,4701.44,1175.36,0
2024-02-15,SKU_038,3.0,3291.21,1097.07,1
2024-02-16,SKU_038,3.0,3526.08,1175.36,0
2024-02-17,SKU_038,7.0,8227.52,1175.36,0
2024-02-19,SKU_038,3.0,3526.08,1175.36,0
2024-02-20,SKU_038,3.0,3526.08,1175.36,0
2024-02-21,SKU_038,5.0,5876.8,1175.36,0
2024-02-22,SKU_038,3.0,3526.08,1175.36,0
2024-02-23,SKU_038,3.0,3526.08,1175.36,0
2024-02-24,SKU_038,5.0,5876.8,1175.36,0
2024-02-25,SKU_038,4.0,4701.44,1175.36,0
2024-02-26,SKU_038,4.0,4701.44,1175.36,0
2024-02-27,SKU_038,4.0,4264.76,1066.19,1
2024-02-28,SKU_038,3.0,3526.08,1175.36,0
2024-02-29,SKU_038,3.0,3526.08,1175.36,0
2024-03-01,SKU_038,5.0,5876.8,1175.36,0
2024-03-02,SKU_038,4.0,4701.44,1175.36,0
2024-03-03,SKU_038,7.0,8227.52,1175.36,0
2024-03-04,SKU_038,4.0,4701.44,1175.36,0
2024-03-05,SKU_038,3.0,3526.08,1175.36,0
2024-03-06,SKU_038,2.0,2350.72,1175.36,0
2024-03-07,SKU_038,3.0,3526.08,1175.36,0
2024-03-08,SKU_038,2.0,2350.72,1175.36,0
2024-03-09,SKU_038,8.0,8182.64,1022.83,1
2024-03-10,SKU_038,6.0,7052.16,1175.36,0
2024-03-11,SKU_038,4.0,4701.44,1175.36,0
2024-03-12,SKU_038,6.0,7052.16,1175.36,0
2024-03-13,SKU_038,3.0,3526.08,1175.36,0
2024-03-14,SKU_038,6.0,7052.16,1175.36,0
2024-03-15,SKU_038,11.0,11424.05,1038.55,1
2024-03-16,SKU_038,4.0,3574.96,893.74,1
2024-03-17,SKU_038,4.0,4701.44,1175.36,0
2024-03-18,SKU_038,1.0,1175.36,1175.36,0
2024-03-19,SKU_038,8.0,9402.88,1175.36,0
2024-03-20,SKU_038,7.0,8227.52,1175.36,0
2024-03-21,SKU_038,2.0,2350.72,1175.36,0
2024-01-01,SKU_041,1.0,7731.26,7731.26,1
2024-01-02,SKU_041,1.0,8180.29,8180.29,1
2024-01-06,SKU_041,2.0,18475.5,9237.75,0
2024-01-07,SKU_041,1.0,9237.75,9237.75,0
2024-01-12,SKU_041,2.0,18475.5,9237.75,0
2024-01-13,SKU_041,1.0,9237.75,9237.75,0
2024-01-14,SKU_041,1.0,9237.75,9237.75,0
2024-01-15,SKU_041,1.0,9237.75,9237.75,0
2024-01-18,SKU_041,1.0,9237.75,9237.75,0
2024-01-20,SKU_041,1.0,9237.75,9237.75,0
2024-01-21,SKU_041,1.0,9237.75,9237.75,0
2024-01-24,SKU_041,1.0,9237.75,9237.75,0
2024-01-26,SKU_041,1.0,9237.75,9237.75,0
2024-01-27,SKU_041,1.0,9237.75,9237.75,0
2024-01-28,SKU_041,1.0,9237.75,9237.75,0
2024-01-29,SKU_041,1.0,9237.75,9237.75,0
2024-01-31,SKU_041,1.0,9237.75,9237.75,0
2024-02-01,SKU_041,2.0,15826.8,7913.4,1
2024-02-02,SKU_041,2.0,18475.5,9237.75,0
2024-02-03,SKU_041,1.0,9237.75,9237.75,0
2024-02-07,SKU_041,1.0,9237.75,9237.75,0
2024-02-09,SKU_041,1.0,9237.75,9237.75,0
2024-02-10,SKU_041,3.0,27713.25,9237.75,0
2024-02-11,SKU_041,1.0,9237.75,9237.75,0
2024-02-16,SKU_041,1.0,9237.75,9237.75,0
2024-02-22,SKU_041,2.0,18475.5,9237.75,0
2024-02-26,SKU_041,2.0,18475.5,9237.75,0
2024-02-29,SKU_041,2.0,16040.52,8020.26,1
2024-03-02,SKU_041,1.0,9237.75,9237.75,0
2024-03-03,SKU_041,1.0,9237.75,9237.75,0
2024-03-04,SKU_041,1.0,9237.75,9237.75,0
2024-03-07,SKU_041,1.0,9237.75,9237.75,0
2024-03-08,SKU_041,1.0,9237.75,9237.75,0
2024-03-09,SKU_041,1.0,9237.75,9237.75,0
2024-03-10,SKU_041,1.0,9237.75,9237.75,0
2024-03-15,SKU_041,2.0,14647.36,7323.68,1
2024-03-16,SKU_041,1.0,7895.77,7895.77,1
2024-03-17,SKU_041,2.0,18475.5,9237.75,0
2024-03-19,SKU_041,1.0,8624.48,8624.48,1
2024-03-21,SKU_041,1.0,9237.75,9237.75,0
2024-01-01,SKU_042,1.0,6066.55,6066.55,1
2024-01-04,SKU_042,2.0,13792.36,6896.18,0
2024-01-06,SKU_042,2.0,13792.36,6896.18,0
2024-01-07,SKU_042,1.0,6896.18,6896.18,0
2024-01-11,SKU_042,2.0,13792.36,6896.18,0
2024-01-13,SKU_042,1.0,6896.18,6896.18,0
2024-01-17,SKU_042,1.0,6896.18,6896.18,0
2024-01-19,SKU_042,1.0,6896.18,6896.18,0
2024-01-20,SKU_042,2.0,13792.36,6896.18,0
2024-01-23,SKU_042,2.0,12141.14,6070.57,1
2024-01-24,SKU_042,1.0,6896.18,6896.18,0
2024-01-26,SKU_042,1.0,6896.18,6896.18,0
2024-01-27,SKU_042,2.0,13792.36,6896.18,0
2024-01-28,SKU_042,1.0,6896.18,6896.18,0
2024-01-31,SKU_042,1.0,6252.96,6252.96,1
2024-02-03,SKU_042,1.0,6896.18,6896.18,0
2024-02-04,SKU_042,2.0,12991.94,6495.97,1
2024-02-07,SKU_042,2.0,13792.36,6896.18,0
2024-02-09,SKU_042,1.0,6896.18,6896.18,0
2024-02-11,SKU_042,,,6896.18,0
2024-02-12,SKU_042,1.0,6896.18,6896.18,0
2024-02-19,SKU_042,1.0,6896.18,6896.18,0
2024-02-22,SKU_042,1.0,6896.18,6896.18,0
2024-02-23,SKU_042,1.0,6896.18,6896.18,0
2024-02-25,SKU_042,1.0,6155.53,6155.53,1
2024-02-26,SKU_042,1.0,6896.18,6896.18,0
2024-02-27,SKU_042,1.0,6896.18,6896.18,0
2024-03-02,SKU_042,1.0,6896.18,6896.18,0
2024-03-03,SKU_042,2.0,13792.36,6896.18,0
2024-03-07,SKU_042,1.0,6896.18,6896.18,0
2024-03-09,SKU_042,1.0,6896.18,6896.18,0
2024-03-10,SKU_042,1.0,6896.18,6896.18,0
2024-03-15,SKU_042,1.0,5375.73,5375.73,1
2024-03-16,SKU_042,1.0,6015.58,6015.58,1
2024-03-18,SKU_042,1.0,6896.18,6896.18,0
2024-03-20,SKU_042,1.0,6896.18,6896.18,0
