data/sales_daily.csv
date,sku_id,units_sold,revenue,unit_price,promo_flag
2024-01-01,SKU_043,20.0,111774.6,5588.73,1
2024-01-02,SKU_043,6.0,39130.2,6521.7,0
2024-01-03,SKU_043,8.0,52173.6,6521.7,0
2024-01-04,SKU_043,8.0,52173.6,6521.7,0
2024-01-05,SKU_043,11.0,71738.7,6521.7,0
2024-01-06,SKU_043,9.0,58695.3,6521.7,0
2024-01-07,SKU_043,20.0,130434.0,6521.7,0
2024-01-08,SKU_043,5.0,32608.5,6521.7,0
2024-01-09,SKU_043,8.0,52173.6,6521.7,0
2024-01-10,SKU_043,8.0,52173.6,6521.7,0
2024-01-11,SKU_043,9.0,58695.3,6521.7,0
2024-01-12,SKU_043,12.0,78260.4,6521.7,0
2024-01-13,SKU_043,13.0,84782.1,6521.7,0
2024-01-14,SKU_043,17.0,110868.9,6521.7,0
2024-01-15,SKU_043,7.0,45651.9,6521.7,0
2024-01-16,SKU_043,14.0,84942.76,6067.34,1
2024-01-17,SKU_043,7.0,45651.9,6521.7,0
2024-01-18,SKU_043,5.0,32608.5,6521.7,0
2024-01-19,SKU_043,6.0,39130.2,6521.7,0
2024-01-20,SKU_043,8.0,52173.6,6521.7,0
2024-01-21,SKU_043,15.0,97825.5,6521.7,0
2024-01-22,SKU_043,9.0,58695.3,6521.7,0
2024-01-23,SKU_043,8.0,52173.6,6521.7,0
2024-01-24,SKU_043,10.0,65217.0,6521.7,0
2024-01-25,SKU_043,9.0,58695.3,6521.7,0
2024-01-26,SKU_043,10.0,65217.0,6521.7,0
2024-01-27,SKU_043,12.0,74045.04,6170.42,1
2024-01-28,SKU_043,6.0,39130.2,6521.7,0
2024-01-29,SKU_043,4.0,26086.8,6521.7,0
2024-01-30,SKU_043,12.0,70682.4,5890.2,1
2024-01-31,SKU_043,8.0,52173.6,6521.7,0
2024-02-01,SKU_043,,,6521.7,0
2024-02-02,SKU_043,10.0,65217.0,6521.7,0
2024-02-03,SKU_043,10.0,65217.0,6521.7,0
2024-02-04,SKU_043,19.0,123912.3,6521.7,0
2024-02-05,SKU_043,5.0,32608.5,6521.7,0
2024-02-06,SKU_043,7.0,45651.9,6521.7,0
2024-02-07,SKU_043,16.0,104347.2,6521.7,0
2024-02-08,SKU_043,5.0,32608.5,6521.7,0
2024-02-09,SKU_043,6.0,39130.2,6521.7,0
2024-02-10,SKU_043,16.0,104347.2,6521.7,0
2024-02-11,SKU_043,15.0,97825.5,6521.7,0
2024-02-12,SKU_043,10.0,65217.0,6521.7,0
2024-02-13,SKU_043,9.0,58695.3,6521.7,0
2024-02-14,SKU_043,9.0,58695.3,6521.7,0
2024-02-15,SKU_043,7.0,45651.9,6521.7,0
2024-02-16,SKU_043,11.0,71738.7,6521.7,0
2024-02-17,SKU_043,10.0,65217.0,6521.7,0
2024-02-18,SKU_043,14.0,91303.8,6521.7,0
2024-02-19,SKU_043,7.0,45651.9,6521.7,0
2024-02-20,SKU_043,14.0,91303.8,6521.7,0
2024-02-21,SKU_043,8.0,52173.6,6521.7,0
2024-02-22,SKU_043,4.0,26086.8,6521.7,0
2024-02-23,SKU_043,16.0,104347.2,6521.7,0
2024-02-24,SKU_043,6.0,39130.2,6521.7,0
2024-02-25,SKU_043,10.0,65217.0,6521.7,0
2024-02-26,SKU_043,,,6521.7,0
2024-02-27,SKU_043,12.0,66911.4,5575.95,1
2024-02-28,SKU_043,5.0,32608.5,6521.7,0
2024-02-29,SKU_043,11.0,71738.7,6521.7,0
2024-03-01,SKU_043,10.0,65217.0,6521.7,0
2024-03-02,SKU_043,13.0,84782.1,6521.7,0
2024-03-03,SKU_043,11.0,71738.7,6521.7,0
2024-03-04,SKU_043,7.0,45651.9,6521.7,0
2024-03-05,SKU_043,10.0,65217.0,6521.7,0
2024-03-06,SKU_043,5.0,32608.5,6521.7,0
2024-03-07,SKU_043,7.0,45651.9,6521.7,0
2024-03-08,SKU_043,11.0,71738.7,6521.7,0
2024-03-09,SKU_043,17.0,110868.9,6521.7,0
2024-03-10,SKU_043,15.0,97825.5,6521.7,0
2024-03-11,SKU_043,11.0,71738.7,6521.7,0
2024-03-12,SKU_043,7.0,45651.9,6521.7,0
2024-03-13,SKU_043,8.0,52173.6,6521.7,0
2024-03-14,SKU_043,5.0,32608.5,6521.7,0
2024-03-15,SKU_043,20.0,103852.4,5192.62,1
2024-03-16,SKU_043,29.0,165129.19,5694.11,1
2024-03-17,SKU_043,9.0,58695.3,6521.7,0
2024-03-18,SKU_043,10.0,65217.0,6521.7,0
2024-03-19,SKU_043,10.0,65217.0,6521.7,0
2024-03-20,SKU_043,9.0,58695.3,6521.7,0
2024-01-01,SKU_045,1.0,3171.78,3171.78,1
2024-01-02,SKU_045,3.0,11793.96,3931.32,0
2024-01-03,SKU_045,1.0,3931.32,3931.32,0
2024-01-04,SKU_045,1.0,3931.32,3931.32,0
2024-01-05,SKU_045,1.0,3931.32,3931.32,0
2024-01-06,SKU_045,3.0,10500.42,3500.14,1
2024-01-07,SKU_045,2.0,7862.64,3931.32,0
2024-01-08,SKU_045,2.0,7862.64,3931.32,0
2024-01-09,SKU_045,1.0,3931.32,3931.32,0
2024-01-10,SKU_045,2.0,7862.64,3931.32,0
2024-01-11,SKU_045,1.0,3931.32,3931.32,0
2024-01-12,SKU_045,3.0,10596.78,3532.26,1
2024-01-14,SKU_045,1.0,3931.32,3931.32,0
2024-01-15,SKU_045,3.0,11793.96,3931.32,0
2024-01-16,SKU_045,2.0,7862.64,3931.32,0
2024-01-17,SKU_045,3.0,11793.96,3931.32,0
2024-01-18,SKU_045,2.0,7862.64,3931.32,0
2024-01-19,SKU_045,2.0,7862.64,3931.32,0
2024-01-20,SKU_045,4.0,15725.28,3931.32,0
2024-01-21,SKU_045,4.0,15725.28,3931.32,0
2024-01-22,SKU_045,3.0,11793.96,3931.32,0
2024-01-23,SKU_045,2.0,7862.64,3931.32,0
2024-01-24,SKU_045,2.0,6911.04,3455.52,1
2024-01-25,SKU_045,3.0,11793.96,3931.32,0
2024-01-27,SKU_045,5.0,19656.6,3931.32,0
2024-01-28,SKU_045,9.0,30434.76,3381.64,1
2024-01-30,SKU_045,3.0,10448.88,3482.96,1
2024-01-31,SKU_045,3.0,11793.96,3931.32,0
2024-02-01,SKU_045,4.0,15725.28,3931.32,0
2024-02-02,SKU_045,1.0,3931.32,3931.32,0
2024-02-03,SKU_045,2.0,7862.64,3931.32,0
2024-02-04,SKU_045,1.0,3931.32,3931.32,0
2024-02-06,SKU_045,1.0,3931.32,3931.32,0
2024-02-09,SKU_045,1.0,3931.32,3931.32,0
2024-02-10,SKU_045,3.0,11793.96,3931.32,0
2024-02-11,SKU_045,4.0,15725.28,3931.32,0
2024-02-12,SKU_045,3.0,11793.96,3931.32,0
2024-02-13,SKU_045,2.0,7862.64,3931.32,0
2024-02-14,SKU_045,3.0,11793.96,3931.32,0
2024-02-15,SKU_045,2.0,7862.64,3931.32,0
2024-02-16,SKU_045,1.0,3931.32,3931.32,0
2024-02-17,SKU_045,5.0,19656.6,3931.32,0
2024-02-18,SKU_045,4.0,15725.28,3931.32,0
2024-02-19,SKU_045,2.0,7862.64,3931.32,0
2024-02-21,SKU_045,1.0,3931.32,3931.32,0
2024-02-22,SKU_045,3.0,11793.96,3931.32,0
2024-02-24,SKU_045,1.0,3931.32,3931.32,0
2024-02-25,SKU_045,3.0,11793.96,3931.32,0
2024-02-26,SKU_045,1.0,3931.32,3931.32,0
2024-02-27,SKU_045,2.0,7862.64,3931.32,0
2024-02-28,SKU_045,2.0,7862.64,3931.32,0
2024-02-29,SKU_045,2.0,7862.64,3931.32,0
2024-03-01,SKU_045,2.0,7862.64,3931.32,0
2024-03-02,SKU_045,5.0,17881.0,3576.2,1
2024-03-04,SKU_045,3.0,11793.96,3931.32,0
2024-03-05,SKU_045,2.0,7862.64,3931.32,0
2024-03-06,SKU_045,1.0,3931.32,3931.32,0
2024-03-07,SKU_045,2.0,7862.64,3931.32,0
2024-03-09,SKU_045,4.0,15725.28,3931.32,0
2024-03-11,SKU_045,3.0,11793.96,3931.32,0
2024-03-12,SKU_045,1.0,3931.32,3931.32,0
2024-03-14,SKU_045,1.0,3931.32,3931.32,0
2024-03-15,SKU_045,4.0,14020.76,3505.19,1
2024-03-16,SKU_045,6.0,21204.66,3534.11,1
2024-03-17,SKU_045,3.0,11793.96,3931.32,0
2024-03-18,SKU_045,1.0,3931.32,3931.32,0
2024-03-20,SKU_045,1.0,3549.78,3549.78,1
2024-01-01,SKU_046,1.0,4558.9,4558.9,1
2024-01-14,SKU_046,1.0,5720.66,5720.66,0
2024-01-27,SKU_046,1.0,5720.66,5720.66,0
2024-02-04,SKU_046,1.0,5720.66,5720.66,0
2024-02-08,SKU_046,1.0,5720.66,5720.66,0
2024-02-12,SKU_046,1.0,5720.66,5720.66,0
2024-02-14,SKU_046,1.0,5720.66,5720.66,0
2024-02-17,SKU_046,1.0,5720.66,5720.66,0
2024-02-29,SKU_046,1.0,5720.66,5720.66,0
2024-03-12,SKU_046,1.0,5720.66,5720.66,0
2024-03-13,SKU_046,1.0,5720.66,5720.66,0
2024-01-01,SKU_048,2.0,4407.84,2203.92,1
2024-01-05,SKU_048,1.0,2486.03,2486.03,0
2024-01-07,SKU_048,2.0,4972.06,2486.03,0
2024-01-10,SKU_048,2.0,4972.06,2486.03,0
2024-01-14,SKU_048,2.0,4230.6,2115.3,1
2024-01-19,SKU_048,1.0,2486.03,2486.03,0
2024-01-20,SKU_048,2.0,4972.06,2486.03,0
2024-01-25,SKU_048,1.0,2486.03,2486.03,0
2024-01-27,SKU_048,2.0,4972.06,2486.03,0
2024-01-30,SKU_048,1.0,2486.03,2486.03,0
2024-02-01,SKU_048,1.0,2486.03,2486.03,0
2024-02-03,SKU_048,1.0,2486.03,2486.03,0
2024-02-05,SKU_048,1.0,2486.03,2486.03,0
2024-02-07,SKU_048,1.0,2486.03,2486.03,0
2024-02-08,SKU_048,1.0,2486.03,2486.03,0
2024-02-09,SKU_048,2.0,4972.06,2486.03,0
2024-02-10,SKU_048,2.0,4972.06,2486.03,0
2024-02-12,SKU_048,2.0,4972.06,2486.03,0
2024-02-13,SKU_048,1.0,2486.03,2486.03,0
2024-02-14,SKU_048,1.0,2486.03,2486.03,0
2024-02-15,SKU_048,1.0,2486.03,2486.03,0
2024-02-16,SKU_048,1.0,2486.03,2486.03,0
2024-02-17,SKU_048,1.0,2486.03,2486.03,0
2024-02-23,SKU_048,1.0,2486.03,2486.03,0
2024-02-25,SKU_048,2.0,4972.06,2486.03,0
2024-02-26,SKU_048,1.0,2486.03,2486.03,0
2024-02-27,SKU_048,1.0,2486.03,2486.03,0
2024-02-29,SKU_048,1.0,2486.03,2486.03,0
2024-03-03,SKU_048,1.0,2486.03,2486.03,0
2024-03-09,SKU_048,1.0,2486.03,2486.03,0
2024-03-12,SKU_048,1.0,2486.03,2486.03,0
2024-03-15,SKU_048,2.0,4303.26,2151.63,1
2024-03-16,SKU_048,1.0,2147.14,2147.14,1
2024-03-17,SKU_048,1.0,2344.37,2344.37,1
2024-03-18,SKU_048,2.0,4972.06,2486.03,0
2024-03-19,SKU_048,1.0,2486.03,2486.03,0
2024-01-01,SKU_049,3.0,13989.78,4663.26,1
2024-01-02,SKU_049,1.0,5765.3,5765.3,0
2024-01-05,SKU_049,1.0,5765.3,5765.3,0
2024-01-06,SKU_049,2.0,10874.4,5437.2,1
2024-01-08,SKU_049,1.0,5765.3,5765.3,0
2024-01-10,SKU_049,1.0,5765.3,5765.3,0
2024-01-13,SKU_049,2.0,11530.6,5765.3,0
2024-01-14,SKU_049,1.0,5765.3,5765.3,0
2024-01-18,SKU_049,1.0,5765.3,5765.3,0
2024-01-20,SKU_049,1.0,5765.3,5765.3,0
2024-01-23,SKU_049,1.0,5765.3,5765.3,0
2024-01-24,SKU_049,1.0,5765.3,5765.3,0
2024-01-27,SKU_049,5.0,27373.4,5474.68,1
2024-01-28,SKU_049,2.0,11530.6,5765.3,0
2024-01-29,SKU_049,1.0,5765.3,5765.3,0
2024-01-30,SKU_049,1.0,5765.3,5765.3,0
2024-01-31,SKU_049,1.0,5765.3,5765.3,0
2024-02-04,SKU_049,1.0,5765.3,5765.3,0
2024-02-09,SKU_049,1.0,5765.3,5765.3,0
2024-02-14,SKU_049,1.0,5765.3,5765.3,0
2024-02-15,SKU_049,1.0,5765.3,5765.3,0
2024-02-16,SKU_049,1.0,5278.5,5278.5,1
2024-02-17,SKU_049,1.0,5765.3,5765.3,0
2024-02-18,SKU_049,2.0,11530.6,5765.3,0
2024-02-19,SKU_049,2.0,11530.6,5765.3,0
2024-02-21,SKU_049,3.0,17295.9,5765.3,0
2024-02-22,SKU_049,2.0,11530.6,5765.3,0
2024-02-24,SKU_049,1.0,5765.3,5765.3,0
2024-02-25,SKU_049,1.0,5765.3,5765.3,0
2024-02-26,SKU_049,2.0,11530.6,5765.3,0
2024-03-01,SKU_049,1.0,5765.3,5765.3,0
2024-03-03,SKU_049,1.0,5765.3,5765.3,0
2024-03-08,SKU_049,1.0,5765.3,5765.3,0
2024-03-10,SKU_049,2.0,10183.18,5091.59,1
2024-03-13,SKU_049,1.0,5765.3,5765.3,0
2024-03-16,SKU_049,1.0,4952.01,4952.01,1
2024-03-17,SKU_049,1.0,5175.9,5175.9,1
2024-01-01,SKU_050,5.0,26971.55,5394.31,1
2024-01-02,SKU_050,6.0,38220.9,6370.15,0
2024-01-03,SKU_050,3.0,19110.45,6370.15,0
2024-01-04,SKU_050,5.0,31850.75,6370.15,0
2024-01-05,SKU_050,6.0,38220.9,6370.15,0
2024-01-06,SKU_050,9.0,57331.35,6370.15,0
2024-01-07,SKU_050,8.0,50961.2,6370.15,0
2024-01-08,SKU_050,6.0,38220.9,6370.15,0
2024-01-09,SKU_050,8.0,45378.08,5672.26,1
2024-01-10,SKU_050,4.0,25480.6,6370.15,0
2024-01-11,SKU_050,2.0,12740.3,6370.15,0
2024-01-12,SKU_050,3.0,19110.45,6370.15,0
2024-01-13,SKU_050,2.0,12740.3,6370.15,0
2024-01-14,SKU_050,4.0,25480.6,6370.15,0
2024-01-15,SKU_050,2.0,12740.3,6370.15,0
2024-01-16,SKU_050,2.0,12740.3,6370.15,0
2024-01-17,SKU_050,4.0,25480.6,6370.15,0
2024-01-18,SKU_050,3.0,19110.45,6370.15,0
2024-01-19,SKU_050,7.0,44591.05,6370.15,0
2024-01-20,SKU_050,4.0,25480.6,6370.15,0
2024-01-21,SKU_050,7.0,44591.05,6370.15,0
2024-01-22,SKU_050,7.0,39659.41,5665.63,1
2024-01-23,SKU_050,4.0,25480.6,6370.15,0
2024-01-24,SKU_050,3.0,19110.45,6370.15,0
2024-01-25,SKU_050,1.0,6370.15,6370.15,0
2024-01-26,SKU_050,3.0,19110.45,6370.15,0
2024-01-27,SKU_050,9.0,51632.19,5736.91,1
2024-01-28,SKU_050,6.0,38220.9,6370.15,0
2024-01-29,SKU_050,3.0,19110.45,6370.15,0
2024-01-30,SKU_050,7.0,44591.05,6370.15,0
2024-01-31,SKU_050,3.0,19110.45,6370.15,0
2024-02-01,SKU_050,3.0,19110.45,6370.15,0
2024-02-02,SKU_050,3.0,17060.25,5686.75,1
2024-02-03,SKU_050,7.0,44591.05,6370.15,0
2024-02-04,SKU_050,6.0,38220.9,6370.15,0
2024-02-05,SKU_050,4.0,25480.6,6370.15,0
2024-02-06,SKU_050,3.0,19110.45,6370.15,0
2024-02-07,SKU_050,6.0,35296.8,5882.8,1
2024-02-09,SKU_050,8.0,50961.2,6370.15,0
2024-02-10,SKU_050,4.0,25480.6,6370.15,0
2024-02-11,SKU_050,11.0,70071.65,6370.15,0
2024-02-12,SKU_050,2.0,12740.3,6370.15,0
2024-02-14,SKU_050,6.0,38220.9,6370.15,0
2024-02-15,SKU_050,3.0,19110.45,6370.15,0
2024-02-16,SKU_050,6.0,38220.9,6370.15,0
2024-02-17,SKU_050,12.0,66634.56,5552.88,1
2024-02-18,SKU_050,4.0,25480.6,6370.15,0
2024-02-19,SKU_050,3.0,19110.45,6370.15,0
2024-02-20,SKU_050,4.0,25480.6,6370.15,0
2024-02-21,SKU_050,7.0,44591.05,6370.15,0
2024-02-22,SKU_050,5.0,31850.75,6370.15,0
2024-02-23,SKU_050,3.0,19110.45,6370.15,0
2024-02-24,SKU_050,4.0,25480.6,6370.15,0
2024-02-25,SKU_050,8.0,50961.2,6370.15,0
2024-02-26,SKU_050,2.0,12740.3,6370.15,0
2024-02-27,SKU_050,4.0,25480.6,6370.15,0
2024-02-28,SKU_050,5.0,31850.75,6370.15,0
2024-02-29,SKU_050,4.0,25480.6,6370.15,0
2024-03-01,SKU_050,5.0,31850.75,6370.15,0
2024-03-02,SKU_050,8.0,50961.2,6370.15,0
2024-03-03,SKU_050,6.0,35579.94,5929.99,1
2024-03-04,SKU_050,5.0,31850.75,6370.15,0
2024-03-05,SKU_050,1.0,6370.15,6370.15,0
2024-03-06,SKU_050,2.0,12740.3,6370.15,0
2024-03-07,SKU_050,3.0,19110.45,6370.15,0
2024-03-08,SKU_050,7.0,41616.4,5945.2,1
2024-03-09,SKU_050,5.0,31850.75,6370.15,0
2024-03-10,SKU_050,6.0,38220.9,6370.15,0
2024-03-11,SKU_050,2.0,12740.3,6370.15,0
2024-03-12,SKU_050,2.0,12740.3,6370.15,0
2024-03-13,SKU_050,3.0,19110.45,6370.15,0
2024-03-14,SKU_050,4.0,25480.6,6370.15,0
2024-03-15,SKU_050,5.0,25897.9,5179.58,1
2024-03-16,SKU_050,8.0,42168.48,5271.06,1
2024-03-17,SKU_050,3.0,19110.45,6370.15,0
2024-03-18,SKU_050,2.0,11029.08,5514.54,1
2024-03-19,SKU_050,8.0,50961.2,6370.15,0
2024-03-20,SKU_050,3.0,19110.45,6370.15,0
2024-01-01,SKU_051,4.0,25487.68,6371.92,1
2024-01-02,SKU_051,1.0,8195.13,8195.13,0
2024-01-03,SKU_051,2.0,16390.26,8195.13,0
2024-01-05,SKU_051,3.0,24585.39,8195.13,0
2024-01-06,SKU_051,5.0,40975.65,8195.13,0
2024-01-07,SKU_051,1.0,8195.13,8195.13,0
2024-01-08,SKU_051,3.0,23139.6,7713.2,1
2024-01-09,SKU_051,2.0,16390.26,8195.13,0
2024-01-10,SKU_051,3.0,24585.39,8195.13,0
2024-01-11,SKU_051,2.0,16390.26,8195.13,0
2024-01-12,SKU_051,3.0,24585.39,8195.13,0
2024-01-13,SKU_051,1.0,8195.13,8195.13,0
2024-01-14,SKU_051,5.0,40975.65,8195.13,0
2024-01-15,SKU_051,1.0,8195.13,8195.13,0
2024-01-16,SKU_051,1.0,8195.13,8195.13,0
2024-01-17,SKU_051,1.0,8195.13,8195.13,0
2024-01-18,SKU_051,1.0,8195.13,8195.13,0
2024-01-19,SKU_051,3.0,24585.39,8195.13,0
2024-01-21,SKU_051,1.0,8195.13,8195.13,0
2024-01-22,SKU_051,3.0,24585.39,8195.13,0
2024-01-23,SKU_051,1.0,8195.13,8195.13,0
2024-01-24,SKU_051,3.0,24585.39,8195.13,0
2024-01-25,SKU_051,1.0,8195.13,8195.13,0
2024-01-27,SKU_051,1.0,8195.13,8195.13,0
2024-01-28,SKU_051,4.0,29696.52,7424.13,1
2024-01-29,SKU_051,3.0,24585.39,8195.13,0
2024-01-30,SKU_051,2.0,16390.26,8195.13,0
2024-01-31,SKU_051,1.0,8195.13,8195.13,0
2024-02-01,SKU_051,3.0,20921.79,6973.93,1
2024-02-02,SKU_051,3.0,24585.39,8195.13,0
2024-02-04,SKU_051,3.0,24585.39,8195.13,0
2024-02-05,SKU_051,3.0,24585.39,8195.13,0
2024-02-06,SKU_051,1.0,8195.13,8195.13,0
2024-02-07,SKU_051,4.0,32780.52,8195.13,0
2024-02-08,SKU_051,1.0,8195.13,8195.13,0
2024-02-10,SKU_051,2.0,16390.26,8195.13,0
2024-02-11,SKU_051,3.0,24585.39,8195.13,0
2024-02-12,SKU_051,3.0,24585.39,8195.13,0
2024-02-13,SKU_051,3.0,24585.39,8195.13,0
2024-02-14,SKU_051,1.0,7290.04,7290.04,1
2024-02-15,SKU_051,1.0,8195.13,8195.13,0
2024-02-17,SKU_051,2.0,16390.26,8195.13,0
2024-02-19,SKU_051,2.0,16390.26,8195.13,0
2024-02-22,SKU_051,1.0,7148.5,7148.5,1
2024-02-24,SKU_051,1.0,8195.13,8195.13,0
2024-02-25,SKU_051,3.0,24585.39,8195.13,0
2024-02-26,SKU_051,3.0,24585.39,8195.13,0
2024-02-27,SKU_051,2.0,16390.26,8195.13,0
2024-02-29,SKU_051,1.0,8195.13,8195.13,0
2024-03-01,SKU_051,1.0,8195.13,8195.13,0
2024-03-03,SKU_051,6.0,45460.08,7576.68,1
2024-03-04,SKU_051,3.0,24585.39,8195.13,0
2024-03-07,SKU_051,3.0,24585.39,8195.13,0
2024-03-09,SKU_051,2.0,16390.26,8195.13,0
2024-03-10,SKU_051,1.0,8195.13,8195.13,0
2024-03-11,SKU_051,3.0,24585.39,8195.13,0
2024-03-12,SKU_051,3.0,24585.39,8195.13,0
2024-03-13,SKU_051,1.0,8195.13,8195.13,0
2024-03-14,SKU_051,1.0,8195.13,8195.13,0
2024-03-15,SKU_051,4.0,25547.4,6386.85,1
2024-03-16,SKU_051,5.0,31841.2,6368.24,1
2024-03-18,SKU_051,2.0,16390.26,8195.13,0
2024-03-19,SKU_051,3.0,24585.39,8195.13,0
2024-03-20,SKU_051,1.0,8195.13,8195.13,0
2024-01-01,SKU_052,3.0,3121.2,1040.4,1
2024-01-02,SKU_052,3.0,4134.0,1378.0,0
2024-01-03,SKU_052,3.0,4134.0,1378.0,0
2024-01-04,SKU_052,3.0,4134.0,1378.0,0
2024-01-05,SKU_052,6.0,8268.0,1378.0,0
2024-01-06,SKU_052,1.0,1378.0,1378.0,0
2024-01-07,SKU_052,1.0,1378.0,1378.0,0
2024-01-08,SKU_052,1.0,1378.0,1378.0,0
2024-01-10,SKU_052,1.0,1378.0,1378.0,0
2024-01-11,SKU_052,1.0,1378.0,1378.0,0
2024-01-12,SKU_052,3.0,4134.0,1378.0,0
2024-01-13,SKU_052,2.0,2756.0,1378.0,0
2024-01-14,SKU_052,3.0,4134.0,1378.0,0
2024-01-15,SKU_052,2.0,2756.0,1378.0,0
2024-01-16,SKU_052,2.0,2756.0,1378.0,0
2024-01-17,SKU_052,2.0,2756.0,1378.0,0
2024-01-18,SKU_052,2.0,2756.0,1378.0,0
2024-01-19,SKU_052,2.0,2756.0,1378.0,0
2024-01-20,SKU_052,3.0,3793.77,1264.59,1
2024-01-21,SKU_052,4.0,5512.0,1378.0,0
2024-01-22,SKU_052,2.0,2756.0,1378.0,0
2024-01-23,SKU_052,1.0,1378.0,1378.0,0
2024-01-24,SKU_052,1.0,1378.0,1378.0,0
2024-01-25,SKU_052,1.0,1378.0,1378.0,0
2024-01-26,SKU_052,3.0,3694.44,1231.48,1
2024-01-27,SKU_052,2.0,2756.0,1378.0,0
2024-01-30,SKU_052,4.0,5512.0,1378.0,0
2024-01-31,SKU_052,1.0,1378.0,1378.0,0
2024-02-01,SKU_052,2.0,2756.0,1378.0,0
2024-02-03,SKU_052,1.0,1378.0,1378.0,0
2024-02-04,SKU_052,2.0,2756.0,1378.0,0
2024-02-06,SKU_052,2.0,2756.0,1378.0,0
2024-02-07,SKU_052,2.0,2756.0,1378.0,0
2024-02-08,SKU_052,3.0,4134.0,1378.0,0
2024-02-09,SKU_052,1.0,1378.0,1378.0,0
2024-02-10,SKU_052,3.0,4134.0,1378.0,0
2024-02-11,SKU_052,3.0,4134.0,1378.0,0
2024-02-13,SKU_052,3.0,4134.0,1378.0,0
2024-02-14,SKU_052,1.0,1378.0,1378.0,0
2024-02-16,SKU_052,1.0,1378.0,1378.0,0
2024-02-17,SKU_052,4.0,5512.0,1378.0,0
2024-02-18,SKU_052,2.0,2756.0,1378.0,0
2024-02-19,SKU_052,3.0,4134.0,1378.0,0
2024-02-20,SKU_052,2.0,2756.0,1378.0,0
2024-02-21,SKU_052,1.0,1378.0,1378.0,0
2024-02-23,SKU_052,3.0,4134.0,1378.0,0
2024-02-25,SKU_052,1.0,1378.0,1378.0,0
2024-02-26,SKU_052,1.0,1378.0,1378.0,0
2024-02-28,SKU_052,3.0,4134.0,1378.0,0
2024-03-01,SKU_052,2.0,2756.0,1378.0,0
2024-03-03,SKU_052,4.0,4818.0,1204.5,1
2024-03-04,SKU_052,3.0,4134.0,1378.0,0
2024-03-05,SKU_052,1.0,1378.0,1378.0,0
2024-03-06,SKU_052,3.0,3557.79,1185.93,1
2024-03-08,SKU_052,3.0,4134.0,1378.0,0
2024-03-09,SKU_052,3.0,4134.0,1378.0,0
2024-03-11,SKU_052,3.0,4134.0,1378.0,0
2024-03-12,SKU_052,2.0,2756.0,1378.0,0
2024-03-13,SKU_052,1.0,1378.0,1378.0,0
2024-03-14,SKU_052,3.0,4134.0,1378.0,0
2024-03-15,SKU_052,1.0,1040.03,1040.03,1
2024-03-16,SKU_052,4.0,4782.08,1195.52,1
2024-03-17,SKU_052,3.0,4134.0,1378.0,0
2024-03-18,SKU_052,2.0,2756.0,1378.0,0
2024-03-19,SKU_052,1.0,1378.0,1378.0,0
2024-03-20,SKU_052,1.0,1378.0,1378.0,0
