data/sales_daily.csv
date,sku_id,units_sold,revenue,unit_price,promo_flag
2024-01-01,SKU_054,1.0,3702.55,3702.55,1
2024-01-02,SKU_054,3.0,11616.78,3872.26,1
2024-01-03,SKU_054,4.0,16470.16,4117.54,0
2024-01-04,SKU_054,1.0,4117.54,4117.54,0
2024-01-06,SKU_054,1.0,4117.54,4117.54,0
2024-01-07,SKU_054,2.0,8235.08,4117.54,0
2024-01-08,SKU_054,2.0,8235.08,4117.54,0
2024-01-09,SKU_054,2.0,8235.08,4117.54,0
2024-01-10,SKU_054,1.0,4117.54,4117.54,0
2024-01-11,SKU_054,1.0,4117.54,4117.54,0
2024-01-12,SKU_054,3.0,12352.62,4117.54,0
2024-01-13,SKU_054,3.0,12352.62,4117.54,0
2024-01-16,SKU_054,3.0,12352.62,4117.54,0
2024-01-18,SKU_054,2.0,8235.08,4117.54,0
2024-01-19,SKU_054,4.0,16470.16,4117.54,0
2024-01-20,SKU_054,7.0,28822.78,4117.54,0
2024-01-21,SKU_054,3.0,12352.62,4117.54,0
2024-01-22,SKU_054,2.0,8235.08,4117.54,0
2024-01-23,SKU_054,3.0,10983.78,3661.26,1
2024-01-24,SKU_054,2.0,8235.08,4117.54,0
2024-01-25,SKU_054,2.0,8235.08,4117.54,0
2024-01-26,SKU_054,1.0,4117.54,4117.54,0
2024-01-27,SKU_054,4.0,16470.16,4117.54,0
2024-01-28,SKU_054,3.0,12352.62,4117.54,0
2024-01-29,SKU_054,2.0,8235.08,4117.54,0
2024-01-30,SKU_054,2.0,8235.08,4117.54,0
2024-01-31,SKU_054,1.0,4117.54,4117.54,0
2024-02-02,SKU_054,2.0,8235.08,4117.54,0
2024-02-04,SKU_054,1.0,4117.54,4117.54,0
2024-02-05,SKU_054,2.0,8235.08,4117.54,0
2024-02-06,SKU_054,2.0,8235.08,4117.54,0
2024-02-07,SKU_054,6.0,24705.24,4117.54,0
2024-02-08,SKU_054,2.0,8235.08,4117.54,0
2024-02-10,SKU_054,1.0,4117.54,4117.54,0
2024-02-11,SKU_054,4.0,16470.16,4117.54,0
2024-02-12,SKU_054,3.0,12352.62,4117.54,0
2024-02-13,SKU_054,1.0,4117.54,4117.54,0
2024-02-14,SKU_054,3.0,12352.62,4117.54,0
2024-02-15,SKU_054,2.0,8235.08,4117.54,0
2024-02-16,SKU_054,3.0,12352.62,4117.54,0
2024-02-17,SKU_054,2.0,8235.08,4117.54,0
2024-02-18,SKU_054,1.0,4117.54,4117.54,0
2024-02-20,SKU_054,3.0,12352.62,4117.54,0
2024-02-21,SKU_054,1.0,4117.54,4117.54,0
2024-02-22,SKU_054,3.0,12352.62,4117.54,0
2024-02-24,SKU_054,2.0,8235.08,4117.54,0
2024-02-25,SKU_054,3.0,12352.62,4117.54,0
2024-02-27,SKU_054,4.0,16470.16,4117.54,0
2024-02-28,SKU_054,3.0,12352.62,4117.54,0
2024-02-29,SKU_054,1.0,3762.5,3762.5,1
2024-03-01,SKU_054,1.0,4117.54,4117.54,0
2024-03-02,SKU_054,4.0,14840.2,3710.05,1
2024-03-04,SKU_054,4.0,15345.96,3836.49,1
2024-03-05,SKU_054,1.0,4117.54,4117.54,0
2024-03-06,SKU_054,1.0,4117.54,4117.54,0
2024-03-07,SKU_054,3.0,12352.62,4117.54,0
2024-03-08,SKU_054,2.0,8235.08,4117.54,0
2024-03-09,SKU_054,1.0,4117.54,4117.54,0
2024-03-10,SKU_054,4.0,14811.08,3702.77,1
2024-03-12,SKU_054,2.0,8235.08,4117.54,0
2024-03-13,SKU_054,2.0,8235.08,4117.54,0
2024-03-14,SKU_054,2.0,8235.08,4117.54,0
2024-03-15,SKU_054,1.0,3251.47,3251.47,1
2024-03-16,SKU_054,4.0,13662.04,3415.51,1
2024-03-17,SKU_054,3.0,12352.62,4117.54,0
2024-03-19,SKU_054,2.0,8235.08,4117.54,0
2024-03-20,SKU_054,2.0,7517.44,3758.72,1
2024-01-01,SKU_055,1.0,2036.37,2036.37,1
2024-01-08,SKU_055,2.0,5405.22,2702.61,0
2024-01-10,SKU_055,2.0,4702.16,2351.08,1
2024-01-11,SKU_055,1.0,2702.61,2702.61,0
2024-01-13,SKU_055,1.0,2702.61,2702.61,0
2024-01-14,SKU_055,1.0,2702.61,2702.61,0
2024-01-20,SKU_055,1.0,2702.61,2702.61,0
2024-01-21,SKU_055,2.0,5405.22,2702.61,0
2024-01-22,SKU_055,1.0,2434.13,2434.13,1
2024-01-24,SKU_055,1.0,2702.61,2702.61,0
2024-01-27,SKU_055,1.0,2702.61,2702.61,0
2024-01-28,SKU_055,1.0,2702.61,2702.61,0
2024-01-31,SKU_055,1.0,2702.61,2702.61,0
2024-02-01,SKU_055,1.0,2702.61,2702.61,0
2024-02-03,SKU_055,2.0,5405.22,2702.61,0
2024-02-04,SKU_055,2.0,5405.22,2702.61,0
2024-02-05,SKU_055,3.0,8107.83,2702.61,0
2024-02-07,SKU_055,2.0,5405.22,2702.61,0
2024-02-15,SKU_055,1.0,2702.61,2702.61,0
2024-02-17,SKU_055,1.0,2702.61,2702.61,0
2024-02-19,SKU_055,1.0,2702.61,2702.61,0
2024-02-23,SKU_055,2.0,5405.22,2702.61,0
2024-02-25,SKU_055,1.0,2702.61,2702.61,0
2024-02-27,SKU_055,2.0,5405.22,2702.61,0
2024-02-29,SKU_055,4.0,10810.44,2702.61,0
2024-03-04,SKU_055,1.0,2702.61,2702.61,0
2024-03-05,SKU_055,1.0,2702.61,2702.61,0
2024-03-07,SKU_055,1.0,2702.61,2702.61,0
2024-03-08,SKU_055,2.0,5405.22,2702.61,0
2024-03-10,SKU_055,3.0,8107.83,2702.61,0
2024-03-12,SKU_055,2.0,5405.22,2702.61,0
2024-03-17,SKU_055,2.0,5405.22,2702.61,0
2024-03-18,SKU_055,3.0,8107.83,2702.61,0
2024-03-19,SKU_055,1.0,2702.61,2702.61,0
2024-03-20,SKU_055,1.0,2702.61,2702.61,0
2024-01-01,SKU_056,3.0,12766.95,4255.65,1
2024-01-03,SKU_056,1.0,5109.45,5109.45,0
2024-01-05,SKU_056,1.0,5109.45,5109.45,0
2024-01-06,SKU_056,4.0,20437.8,5109.45,0
2024-01-07,SKU_056,5.0,25547.25,5109.45,0
2024-01-08,SKU_056,2.0,10218.9,5109.45,0
2024-01-09,SKU_056,2.0,10218.9,5109.45,0
2024-01-10,SKU_056,3.0,15328.35,5109.45,0
2024-01-11,SKU_056,1.0,5109.45,5109.45,0
2024-01-12,SKU_056,3.0,15328.35,5109.45,0
2024-01-13,SKU_056,2.0,10218.9,5109.45,0
2024-01-14,SKU_056,3.0,15328.35,5109.45,0
2024-01-15,SKU_056,2.0,10218.9,5109.45,0
2024-01-16,SKU_056,2.0,10218.9,5109.45,0
2024-01-17,SKU_056,1.0,5109.45,5109.45,0
2024-01-18,SKU_056,2.0,10218.9,5109.45,0
2024-01-19,SKU_056,1.0,5109.45,5109.45,0
2024-01-20,SKU_056,3.0,14448.57,4816.19,1
2024-01-21,SKU_056,1.0,5109.45,5109.45,0
2024-01-22,SKU_056,2.0,10218.9,5109.45,0
2024-01-23,SKU_056,3.0,15328.35,5109.45,0
2024-01-24,SKU_056,1.0,5109.45,5109.45,0
2024-01-25,SKU_056,1.0,5109.45,5109.45,0
2024-01-26,SKU_056,4.0,20437.8,5109.45,0
2024-01-27,SKU_056,2.0,10218.9,5109.45,0
2024-01-28,SKU_056,2.0,10218.9,5109.45,0
2024-01-29,SKU_056,4.0,20437.8,5109.45,0
2024-01-31,SKU_056,1.0,5109.45,5109.45,0
2024-02-01,SKU_056,2.0,10218.9,5109.45,0
2024-02-03,SKU_056,2.0,10218.9,5109.45,0
2024-02-04,SKU_056,3.0,15328.35,5109.45,0
2024-02-05,SKU_056,1.0,5109.45,5109.45,0
2024-02-07,SKU_056,1.0,4475.2,4475.2,1
2024-02-08,SKU_056,2.0,10218.9,5109.45,0
2024-02-09,SKU_056,3.0,15328.35,5109.45,0
2024-02-10,SKU_056,2.0,10218.9,5109.45,0
2024-02-11,SKU_056,2.0,8742.86,4371.43,1
2024-02-12,SKU_056,2.0,10218.9,5109.45,0
2024-02-13,SKU_056,3.0,15328.35,5109.45,0
2024-02-14,SKU_056,2.0,10218.9,5109.45,0
2024-02-15,SKU_056,1.0,5109.45,5109.45,0
2024-02-16,SKU_056,3.0,15328.35,5109.45,0
2024-02-17,SKU_056,5.0,25547.25,5109.45,0
2024-02-18,SKU_056,2.0,10218.9,5109.45,0
2024-02-20,SKU_056,2.0,10218.9,5109.45,0
2024-02-21,SKU_056,1.0,5109.45,5109.45,0
2024-02-22,SKU_056,2.0,10218.9,5109.45,0
2024-02-24,SKU_056,3.0,15328.35,5109.45,0
2024-02-25,SKU_056,3.0,14387.13,4795.71,1
2024-02-26,SKU_056,1.0,5109.45,5109.45,0
2024-02-28,SKU_056,1.0,5109.45,5109.45,0
2024-02-29,SKU_056,2.0,10218.9,5109.45,0
2024-03-01,SKU_056,1.0,5109.45,5109.45,0
2024-03-02,SKU_056,1.0,5109.45,5109.45,0
2024-03-03,SKU_056,1.0,5109.45,5109.45,0
2024-03-04,SKU_056,2.0,10218.9,5109.45,0
2024-03-05,SKU_056,1.0,5109.45,5109.45,0
2024-03-06,SKU_056,,,5109.45,0
2024-03-07,SKU_056,7.0,35766.15,5109.45,0
2024-03-08,SKU_056,1.0,5109.45,5109.45,0
2024-03-09,SKU_056,1.0,5109.45,5109.45,0
2024-03-10,SKU_056,3.0,15328.35,5109.45,0
2024-03-12,SKU_056,1.0,5109.45,5109.45,0
2024-03-13,SKU_056,2.0,10218.9,5109.45,0
2024-03-14,SKU_056,2.0,10218.9,5109.45,0
2024-03-15,SKU_056,4.0,18298.8,4574.7,1
2024-03-16,SKU_056,11.0,45210.22,4110.02,1
2024-03-17,SKU_056,5.0,25547.25,5109.45,0
2024-03-18,SKU_056,3.0,15328.35,5109.45,0
2024-03-19,SKU_056,3.0,15328.35,5109.45,0
2024-01-01,SKU_057,2.0,6871.3,3435.65,1
2024-01-02,SKU_057,2.0,7749.08,3874.54,0
2024-01-03,SKU_057,2.0,7749.08,3874.54,0
2024-01-04,SKU_057,2.0,7749.08,3874.54,0
2024-01-05,SKU_057,1.0,3874.54,3874.54,0
2024-01-06,SKU_057,3.0,11623.62,3874.54,0
2024-01-07,SKU_057,2.0,7749.08,3874.54,0
2024-01-08,SKU_057,2.0,7749.08,3874.54,0
2024-01-09,SKU_057,1.0,3874.54,3874.54,0
2024-01-11,SKU_057,2.0,7749.08,3874.54,0
2024-01-12,SKU_057,1.0,3874.54,3874.54,0
2024-01-13,SKU_057,5.0,19372.7,3874.54,0
2024-01-15,SKU_057,1.0,3874.54,3874.54,0
2024-01-16,SKU_057,3.0,11623.62,3874.54,0
2024-01-18,SKU_057,1.0,3874.54,3874.54,0
2024-01-19,SKU_057,2.0,7749.08,3874.54,0
2024-01-20,SKU_057,1.0,3874.54,3874.54,0
2024-01-21,SKU_057,2.0,7749.08,3874.54,0
2024-01-22,SKU_057,2.0,7177.36,3588.68,1
2024-01-24,SKU_057,4.0,15498.16,3874.54,0
2024-01-25,SKU_057,3.0,11623.62,3874.54,0
2024-01-26,SKU_057,4.0,13623.84,3405.96,1
2024-01-27,SKU_057,1.0,3874.54,3874.54,0
2024-01-28,SKU_057,3.0,11623.62,3874.54,0
2024-01-29,SKU_057,1.0,3874.54,3874.54,0
2024-01-30,SKU_057,3.0,11623.62,3874.54,0
2024-01-31,SKU_057,3.0,11623.62,3874.54,0
2024-02-03,SKU_057,5.0,19372.7,3874.54,0
2024-02-04,SKU_057,2.0,7749.08,3874.54,0
2024-02-05,SKU_057,4.0,15498.16,3874.54,0
2024-02-06,SKU_057,2.0,7749.08,3874.54,0
2024-02-07,SKU_057,1.0,3504.28,3504.28,1
2024-02-08,SKU_057,2.0,7749.08,3874.54,0
2024-02-09,SKU_057,4.0,15498.16,3874.54,0
2024-02-10,SKU_057,1.0,3874.54,3874.54,0
2024-02-11,SKU_057,1.0,3874.54,3874.54,0
2024-02-12,SKU_057,2.0,7275.74,3637.87,1
2024-02-13,SKU_057,2.0,7749.08,3874.54,0
2024-02-15,SKU_057,1.0,3874.54,3874.54,0
2024-02-16,SKU_057,4.0,15498.16,3874.54,0
2024-02-17,SKU_057,5.0,19372.7,3874.54,0
2024-02-18,SKU_057,4.0,15498.16,3874.54,0
2024-02-19,SKU_057,1.0,3874.54,3874.54,0
2024-02-21,SKU_057,1.0,3874.54,3874.54,0
2024-02-22,SKU_057,1.0,3874.54,3874.54,0
2024-02-23,SKU_057,3.0,11623.62,3874.54,0
2024-02-24,SKU_057,2.0,7749.08,3874.54,0
2024-02-25,SKU_057,2.0,7749.08,3874.54,0
2024-02-27,SKU_057,5.0,17779.95,3555.99,1
2024-02-28,SKU_057,3.0,9930.81,3310.27,1
2024-03-01,SKU_057,2.0,7749.08,3874.54,0
2024-03-02,SKU_057,2.0,7749.08,3874.54,0
2024-03-03,SKU_057,4.0,15498.16,3874.54,0
2024-03-04,SKU_057,3.0,11623.62,3874.54,0
2024-03-05,SKU_057,1.0,3874.54,3874.54,0
2024-03-06,SKU_057,1.0,3874.54,3874.54,0
2024-03-07,SKU_057,2.0,7749.08,3874.54,0
2024-03-09,SKU_057,3.0,11623.62,3874.54,0
2024-03-10,SKU_057,1.0,3874.54,3874.54,0
2024-03-11,SKU_057,2.0,7749.08,3874.54,0
2024-03-12,SKU_057,2.0,7749.08,3874.54,0
2024-03-13,SKU_057,2.0,7749.08,3874.54,0
2024-03-14,SKU_057,3.0,11623.62,3874.54,0
2024-03-15,SKU_057,5.0,15116.75,3023.35,1
2024-03-16,SKU_057,3.0,9051.54,3017.18,1
2024-03-19,SKU_057,1.0,3874.54,3874.54,0
2024-03-20,SKU_057,2.0,7749.08,3874.54,0
2024-01-01,SKU_059,2.0,10228.98,5114.49,1
2024-01-06,SKU_059,1.0,5930.83,5930.83,0
2024-01-08,SKU_059,1.0,5077.01,5077.01,1
2024-01-09,SKU_059,1.0,5930.83,5930.83,0
2024-01-10,SKU_059,1.0,5930.83,5930.83,0
2024-01-11,SKU_059,2.0,11861.66,5930.83,0
2024-01-12,SKU_059,1.0,5930.83,5930.83,0
2024-01-14,SKU_059,1.0,5930.83,5930.83,0
2024-01-20,SKU_059,2.0,11861.66,5930.83,0
2024-01-21,SKU_059,1.0,5930.83,5930.83,0
2024-01-23,SKU_059,1.0,5930.83,5930.83,0
2024-01-27,SKU_059,1.0,5930.83,5930.83,0
2024-01-28,SKU_059,1.0,5930.83,5930.83,0
2024-01-29,SKU_059,2.0,11861.66,5930.83,0
2024-01-30,SKU_059,1.0,5930.83,5930.83,0
2024-01-31,SKU_059,1.0,5930.83,5930.83,0
2024-02-02,SKU_059,2.0,11861.66,5930.83,0
2024-02-03,SKU_059,1.0,5930.83,5930.83,0
2024-02-08,SKU_059,1.0,5930.83,5930.83,0
2024-02-09,SKU_059,1.0,5273.71,5273.71,1
2024-02-11,SKU_059,1.0,5930.83,5930.83,0
2024-02-15,SKU_059,1.0,5930.83,5930.83,0
2024-02-18,SKU_059,1.0,5930.83,5930.83,0
2024-02-19,SKU_059,3.0,17792.49,5930.83,0
2024-02-19,SKU_059,3.0,17792.49,5930.83,0
2024-02-26,SKU_059,1.0,5930.83,5930.83,0
2024-02-27,SKU_059,1.0,5930.83,5930.83,0
2024-02-29,SKU_059,1.0,5930.83,5930.83,0
2024-03-02,SKU_059,1.0,5930.83,5930.83,0
2024-03-03,SKU_059,3.0,17792.49,5930.83,0
2024-03-08,SKU_059,2.0,11861.66,5930.83,0
2024-03-09,SKU_059,1.0,5930.83,5930.83,0
2024-03-11,SKU_059,2.0,11861.66,5930.83,0
2024-03-14,SKU_059,1.0,5442.55,5442.55,1
2024-03-18,SKU_059,1.0,5930.83,5930.83,0
2024-01-01,SKU_060,5.0,27938.3,5587.66,1
2024-01-02,SKU_060,2.0,14429.58,7214.79,0
2024-01-03,SKU_060,2.0,14429.58,7214.79,0
2024-01-04,SKU_060,1.0,7214.79,7214.79,0
2024-01-05,SKU_060,1.0,7214.79,7214.79,0
2024-01-06,SKU_060,3.0,21644.37,7214.79,0
2024-01-07,SKU_060,3.0,21644.37,7214.79,0
2024-01-08,SKU_060,2.0,14429.58,7214.79,0
2024-01-10,SKU_060,2.0,14429.58,7214.79,0
2024-01-12,SKU_060,1.0,6524.57,6524.57,1
2024-01-13,SKU_060,2.0,14429.58,7214.79,0
2024-01-14,SKU_060,1.0,7214.79,7214.79,0
2024-01-15,SKU_060,2.0,14429.58,7214.79,0
2024-01-16,SKU_060,1.0,7214.79,7214.79,0
2024-01-17,SKU_060,1.0,7214.79,7214.79,0
2024-01-18,SKU_060,1.0,7214.79,7214.79,0
2024-01-19,SKU_060,2.0,14429.58,7214.79,0
2024-01-20,SKU_060,5.0,31911.35,6382.27,1
2024-01-21,SKU_060,2.0,14429.58,7214.79,0
2024-01-22,SKU_060,4.0,28859.16,7214.79,0
2024-01-23,SKU_060,1.0,7214.79,7214.79,0
2024-01-24,SKU_060,4.0,28859.16,7214.79,0
2024-01-25,SKU_060,2.0,14429.58,7214.79,0
2024-01-27,SKU_060,3.0,21644.37,7214.79,0
2024-01-28,SKU_060,2.0,14429.58,7214.79,0
2024-01-29,SKU_060,1.0,7214.79,7214.79,0
2024-01-31,SKU_060,1.0,7214.79,7214.79,0
2024-02-01,SKU_060,3.0,21644.37,7214.79,0
2024-02-02,SKU_060,3.0,21644.37,7214.79,0
2024-02-03,SKU_060,4.0,28859.16,7214.79,0
2024-02-04,SKU_060,4.0,28859.16,7214.79,0
2024-02-05,SKU_060,2.0,14429.58,7214.79,0
2024-02-06,SKU_060,4.0,28859.16,7214.79,0
2024-02-07,SKU_060,1.0,7214.79,7214.79,0
2024-02-08,SKU_060,3.0,21644.37,7214.79,0
2024-02-10,SKU_060,2.0,14429.58,7214.79,0
2024-02-11,SKU_060,1.0,7214.79,7214.79,0
2024-02-12,SKU_060,2.0,14429.58,7214.79,0
2024-02-13,SKU_060,3.0,21644.37,7214.79,0
2024-02-15,SKU_060,2.0,14429.58,7214.79,0
2024-02-16,SKU_060,1.0,7214.79,7214.79,0
2024-02-18,SKU_060,1.0,7214.79,7214.79,0
2024-02-19,SKU_060,1.0,7214.79,7214.79,0
2024-02-20,SKU_060,4.0,26512.56,6628.14,1
2024-02-23,SKU_060,1.0,7214.79,7214.79,0
2024-02-24,SKU_060,4.0,28859.16,7214.79,0
2024-02-25,SKU_060,5.0,36073.95,7214.79,0
2024-02-26,SKU_060,3.0,21644.37,7214.79,0
2024-02-27,SKU_060,4.0,28859.16,7214.79,0
2024-02-28,SKU_060,2.0,14429.58,7214.79,0
2024-02-29,SKU_060,3.0,19408.77,6469.59,1
2024-03-01,SKU_060,4.0,28859.16,7214.79,0
2024-03-02,SKU_060,3.0,21644.37,7214.79,0
2024-03-03,SKU_060,1.0,7214.79,7214.79,0
2024-03-04,SKU_060,1.0,7214.79,7214.79,0
2024-03-07,SKU_060,2.0,14429.58,7214.79,0
2024-03-08,SKU_060,2.0,14429.58,7214.79,0
2024-03-09,SKU_060,2.0,14429.58,7214.79,0
2024-03-10,SKU_060,2.0,13471.32,6735.66,1
2024-03-11,SKU_060,2.0,14429.58,7214.79,0
2024-03-12,SKU_060,1.0,7214.79,7214.79,0
2024-03-13,SKU_060,1.0,7214.79,7214.79,0
2024-03-14,SKU_060,2.0,14429.58,7214.79,0
2024-03-15,SKU_060,2.0,12010.6,6005.3,1
2024-03-16,SKU_060,7.0,44762.27,6394.61,1
2024-03-17,SKU_060,3.0,21644.37,7214.79,0
2024-03-18,SKU_060,1.0,7214.79,7214.79,0
2024-03-19,SKU_060,1.0,6839.63,6839.63,1
2024-03-20,SKU_060,1.0,7214.79,7214.79,0
2024-01-01,SKU_061,1.0,2524.58,2524.58,1
2024-01-02,SKU_061,1.0,3292.52,3292.52,0
2024-01-05,SKU_061,1.0,3292.52,3292.52,0
2024-01-06,SKU_061,3.0,9877.56,3292.52,0
2024-01-09,SKU_061,2.0,5746.12,2873.06,1
2024-01-10,SKU_061,1.0,3292.52,3292.52,0
2024-01-11,SKU_061,1.0,3292.52,3292.52,0
2024-01-12,SKU_061,1.0,3292.52,3292.52,0
2024-01-13,SKU_061,3.0,9877.56,3292.52,0
2024-01-14,SKU_061,1.0,3292.52,3292.52,0
2024-01-15,SKU_061,1.0,3292.52,3292.52,0
2024-01-16,SKU_061,1.0,3292.52,3292.52,0
2024-01-17,SKU_061,1.0,3292.52,3292.52,0
2024-01-18,SKU_061,1.0,3017.4,3017.4,1
2024-01-20,SKU_061,1.0,3292.52,3292.52,0
2024-01-24,SKU_061,1.0,3292.52,3292.52,0
2024-01-27,SKU_061,3.0,9877.56,3292.52,0
2024-01-28,SKU_061,1.0,3292.52,3292.52,0
2024-01-29,SKU_061,1.0,3292.52,3292.52,0
2024-02-01,SKU_061,2.0,6585.04,3292.52,0
2024-02-02,SKU_061,1.0,3292.52,3292.52,0
2024-02-04,SKU_061,1.0,3292.52,3292.52,0
2024-02-05,SKU_061,1.0,3292.52,3292.52,0
2024-02-10,SKU_061,2.0,6585.04,3292.52,0
2024-02-11,SKU_061,1.0,3292.52,3292.52,0
2024-02-16,SKU_061,1.0,3292.52,3292.52,0
2024-02-17,SKU_061,2.0,6585.04,3292.52,0
2024-02-23,SKU_061,1.0,2931.95,2931.95,1
2024-02-25,SKU_061,1.0,3292.52,3292.52,0
2024-02-28,SKU_061,1.0,3292.52,3292.52,0
2024-03-02,SKU_061,3.0,9877.56,3292.52,0
2024-03-03,SKU_061,1.0,3292.52,3292.52,0
2024-03-05,SKU_061,1.0,3292.52,3292.52,0
2024-03-08,SKU_061,1.0,3292.52,3292.52,0
2024-03-09,SKU_061,1.0,3292.52,3292.52,0
2024-03-10,SKU_061,2.0,6585.04,3292.52,0
2024-03-12,SKU_061,1.0,3292.52,3292.52,0
2024-03-14,SKU_061,2.0,5914.58,2957.29,1
2024-03-15,SKU_061,1.0,2609.28,2609.28,1
2024-03-16,SKU_061,1.0,2851.71,2851.71,1
2024-03-18,SKU_061,2.0,6585.04,3292.52,0
2024-03-19,SKU_061,1.0,3292.52,3292.52,0
2024-01-01,SKU_064,1.0,7583.93,7583.93,1
2024-01-02,SKU_064,1.0,7409.32,7409.32,1
2024-01-05,SKU_064,1.0,8565.65,8565.65,0
2024-01-08,SKU_064,1.0,8061.99,8061.99,1
2024-01-10,SKU_064,1.0,8565.65,8565.65,0
2024-01-13,SKU_064,1.0,8565.65,8565.65,0
2024-01-14,SKU_064,1.0,8565.65,8565.65,0
2024-01-17,SKU_064,1.0,7332.2,7332.2,1
2024-01-18,SKU_064,1.0,8101.34,8101.34,1
2024-01-19,SKU_064,2.0,17131.3,8565.65,0
2024-01-24,SKU_064,1.0,8565.65,8565.65,0
2024-01-26,SKU_064,2.0,14859.18,7429.59,1
2024-01-27,SKU_064,1.0,8565.65,8565.65,0
2024-01-31,SKU_064,2.0,14651.92,7325.96,1
2024-02-04,SKU_064,3.0,25696.95,8565.65,0
2024-02-06,SKU_064,1.0,8565.65,8565.65,0
2024-02-07,SKU_064,2.0,17131.3,8565.65,0
2024-02-12,SKU_064,1.0,8565.65,8565.65,0
2024-02-14,SKU_064,1.0,7616.29,7616.29,1
2024-02-17,SKU_064,2.0,17131.3,8565.65,0
2024-02-20,SKU_064,1.0,7964.4,7964.4,1
2024-02-21,SKU_064,1.0,8565.65,8565.65,0
2024-02-22,SKU_064,1.0,8565.65,8565.65,0
2024-02-23,SKU_064,1.0,8565.65,8565.65,0
2024-02-25,SKU_064,1.0,8565.65,8565.65,0
2024-02-25,SKU_064,1.0,8565.65,8565.65,0
2024-02-26,SKU_064,2.0,17131.3,8565.65,0
2024-02-28,SKU_064,2.0,17131.3,8565.65,0
2024-02-29,SKU_064,1.0,8565.65,8565.65,0
2024-03-03,SKU_064,1.0,8565.65,8565.65,0
2024-03-04,SKU_064,1.0,8565.65,8565.65,0
2024-03-09,SKU_064,1.0,8565.65,8565.65,0
2024-03-10,SKU_064,2.0,17131.3,8565.65,0
2024-03-14,SKU_064,2.0,17131.3,8565.65,0
2024-03-16,SKU_064,4.0,28683.68,7170.92,1
2024-03-17,SKU_064,1.0,8565.65,8565.65,0
2024-03-18,SKU_064,1.0,8565.65,8565.65,0
2024-03-20,SKU_064,1.0,8565.65,8565.65,0
