data/sales_daily.csv
date,sku_id,units_sold,revenue,unit_price,promo_flag
2024-01-01,SKU_065,2.0,3666.42,1833.21,1
2024-01-06,SKU_065,2.0,4136.56,2068.28,0
2024-01-07,SKU_065,1.0,2068.28,2068.28,0
2024-01-08,SKU_065,2.0,3733.84,1866.92,1
2024-01-09,SKU_065,1.0,2068.28,2068.28,0
2024-01-10,SKU_065,1.0,2068.28,2068.28,0
2024-01-11,SKU_065,1.0,1935.01,1935.01,1
2024-01-12,SKU_065,2.0,4136.56,2068.28,0
2024-01-14,SKU_065,1.0,2068.28,2068.28,0
2024-01-15,SKU_065,1.0,2068.28,2068.28,0
2024-01-19,SKU_065,1.0,2068.28,2068.28,0
2024-01-24,SKU_065,1.0,2068.28,2068.28,0
2024-01-25,SKU_065,1.0,2068.28,2068.28,0
2024-01-26,SKU_065,1.0,2068.28,2068.28,0
2024-01-27,SKU_065,1.0,2068.28,2068.28,0
2024-01-28,SKU_065,1.0,2068.28,2068.28,0
2024-01-30,SKU_065,1.0,2068.28,2068.28,0
2024-01-31,SKU_065,3.0,6204.84,2068.28,0
2024-02-02,SKU_065,1.0,1899.09,1899.09,1
2024-02-03,SKU_065,2.0,4136.56,2068.28,0
2024-02-04,SKU_065,1.0,1931.74,1931.74,1
2024-02-06,SKU_065,1.0,2068.28,2068.28,0
2024-02-07,SKU_065,3.0,6204.84,2068.28,0
2024-02-10,SKU_065,2.0,4136.56,2068.28,0
2024-02-11,SKU_065,1.0,2068.28,2068.28,0
2024-02-12,SKU_065,1.0,2068.28,2068.28,0
2024-02-15,SKU_065,2.0,4136.56,2068.28,0
2024-02-17,SKU_065,2.0,4136.56,2068.28,0
2024-02-18,SKU_065,2.0,4136.56,2068.28,0
2024-02-21,SKU_065,1.0,2068.28,2068.28,0
2024-02-24,SKU_065,1.0,2068.28,2068.28,0
2024-03-01,SKU_065,1.0,2068.28,2068.28,0
2024-03-02,SKU_065,2.0,4136.56,2068.28,0
2024-03-04,SKU_065,1.0,2068.28,2068.28,0
2024-03-05,SKU_065,2.0,4136.56,2068.28,0
2024-03-09,SKU_065,2.0,4136.56,2068.28,0
2024-03-14,SKU_065,1.0,2068.28,2068.28,0
2024-03-15,SKU_065,3.0,5192.16,1730.72,1
2024-03-16,SKU_065,2.0,3597.58,1798.79,1
2024-03-17,SKU_065,1.0,2068.28,2068.28,0
2024-03-19,SKU_065,1.0,2068.28,2068.28,0
2024-03-20,SKU_065,1.0,2068.28,2068.28,0
2024-01-01,SKU_066,2.0,845.34,422.67,1
2024-01-02,SKU_066,2.0,1003.12,501.56,0
2024-01-04,SKU_066,1.0,501.56,501.56,0
2024-01-05,SKU_066,3.0,1398.21,466.07,1
2024-01-06,SKU_066,1.0,501.56,501.56,0
2024-01-07,SKU_066,3.0,1504.68,501.56,0
2024-01-08,SKU_066,1.0,501.56,501.56,0
2024-01-10,SKU_066,2.0,1003.12,501.56,0
2024-01-11,SKU_066,2.0,1003.12,501.56,0
2024-01-12,SKU_066,2.0,1003.12,501.56,0
2024-01-14,SKU_066,3.0,1504.68,501.56,0
2024-01-15,SKU_066,1.0,501.56,501.56,0
2024-01-17,SKU_066,1.0,501.56,501.56,0
2024-01-19,SKU_066,3.0,1504.68,501.56,0
2024-01-20,SKU_066,3.0,1504.68,501.56,0
2024-01-21,SKU_066,3.0,1504.68,501.56,0
2024-01-22,SKU_066,2.0,1003.12,501.56,0
2024-01-23,SKU_066,5.0,2507.8,501.56,0
2024-01-24,SKU_066,4.0,2006.24,501.56,0
2024-01-25,SKU_066,5.0,2148.5,429.7,1
2024-01-26,SKU_066,2.0,1003.12,501.56,0
2024-01-27,SKU_066,2.0,1003.12,501.56,0
2024-01-28,SKU_066,3.0,1504.68,501.56,0
2024-01-29,SKU_066,3.0,1323.45,441.15,1
2024-01-31,SKU_066,3.0,1504.68,501.56,0
2024-02-01,SKU_066,1.0,501.56,501.56,0
2024-02-02,SKU_066,1.0,501.56,501.56,0
2024-02-03,SKU_066,1.0,501.56,501.56,0
2024-02-04,SKU_066,1.0,501.56,501.56,0
2024-02-05,SKU_066,1.0,501.56,501.56,0
2024-02-06,SKU_066,1.0,501.56,501.56,0
2024-02-07,SKU_066,2.0,1003.12,501.56,0
2024-02-09,SKU_066,1.0,501.56,501.56,0
2024-02-10,SKU_066,3.0,1504.68,501.56,0
2024-02-11,SKU_066,2.0,1003.12,501.56,0
2024-02-12,SKU_066,2.0,1003.12,501.56,0
2024-02-13,SKU_066,1.0,501.56,501.56,0
2024-02-14,SKU_066,1.0,501.56,501.56,0
2024-02-16,SKU_066,2.0,1003.12,501.56,0
2024-02-18,SKU_066,2.0,1003.12,501.56,0
2024-02-19,SKU_066,2.0,1003.12,501.56,0
2024-02-20,SKU_066,1.0,501.56,501.56,0
2024-02-21,SKU_066,1.0,501.56,501.56,0
2024-02-22,SKU_066,1.0,501.56,501.56,0
2024-02-23,SKU_066,2.0,880.52,440.26,1
2024-02-24,SKU_066,1.0,501.56,501.56,0
2024-02-25,SKU_066,1.0,501.56,501.56,0
2024-02-26,SKU_066,1.0,501.56,501.56,0
2024-02-27,SKU_066,,,501.56,0
2024-02-29,SKU_066,5.0,2507.8,501.56,0
2024-03-01,SKU_066,4.0,2006.24,501.56,0
2024-03-02,SKU_066,3.0,1504.68,501.56,0
2024-03-03,SKU_066,1.0,501.56,501.56,0
2024-03-04,SKU_066,3.0,1504.68,501.56,0
2024-03-05,SKU_066,1.0,501.56,501.56,0
2024-03-07,SKU_066,2.0,1003.12,501.56,0
2024-03-08,SKU_066,2.0,1003.12,501.56,0
2024-03-09,SKU_066,3.0,1504.68,501.56,0
2024-03-11,SKU_066,2.0,1003.12,501.56,0
2024-03-12,SKU_066,1.0,501.56,501.56,0
2024-03-13,SKU_066,1.0,501.56,501.56,0
2024-03-14,SKU_066,3.0,1321.44,440.48,1
2024-03-15,SKU_066,2.0,835.2,417.6,1
2024-03-16,SKU_066,3.0,1255.68,418.56,1
2024-03-17,SKU_066,3.0,1504.68,501.56,0
2024-03-19,SKU_066,2.0,1003.12,501.56,0
2024-01-01,SKU_067,1.0,866.11,866.11,1
2024-01-02,SKU_067,1.0,1032.18,1032.18,0
2024-01-03,SKU_067,2.0,2064.36,1032.18,0
2024-01-05,SKU_067,2.0,2064.36,1032.18,0
2024-01-17,SKU_067,1.0,1032.18,1032.18,0
2024-01-21,SKU_067,1.0,1032.18,1032.18,0
2024-01-22,SKU_067,1.0,1032.18,1032.18,0
2024-01-26,SKU_067,1.0,1032.18,1032.18,0
2024-01-27,SKU_067,1.0,1032.18,1032.18,0
2024-01-29,SKU_067,2.0,2064.36,1032.18,0
2024-02-04,SKU_067,1.0,1032.18,1032.18,0
2024-02-06,SKU_067,1.0,960.68,960.68,1
2024-02-08,SKU_067,1.0,1032.18,1032.18,0
2024-02-10,SKU_067,1.0,1032.18,1032.18,0
2024-02-14,SKU_067,1.0,1032.18,1032.18,0
2024-02-15,SKU_067,2.0,2064.36,1032.18,0
2024-02-16,SKU_067,2.0,1895.9,947.95,1
2024-02-19,SKU_067,1.0,1032.18,1032.18,0
2024-02-23,SKU_067,2.0,2064.36,1032.18,0
2024-02-25,SKU_067,2.0,2064.36,1032.18,0
2024-03-01,SKU_067,2.0,2064.36,1032.18,0
2024-03-09,SKU_067,1.0,1032.18,1032.18,0
2024-03-11,SKU_067,1.0,902.98,902.98,1
2024-03-13,SKU_067,1.0,1032.18,1032.18,0
2024-03-14,SKU_067,1.0,1032.18,1032.18,0
2024-03-15,SKU_067,1.0,825.29,825.29,1
2024-03-17,SKU_067,1.0,1032.18,1032.18,0
2024-01-01,SKU_068,4.0,12602.6,3150.65,1
2024-01-02,SKU_068,7.0,24954.02,3564.86,0
2024-01-03,SKU_068,2.0,7129.72,3564.86,0
2024-01-04,SKU_068,3.0,10694.58,3564.86,0
2024-01-05,SKU_068,7.0,24954.02,3564.86,0
2024-01-06,SKU_068,3.0,10694.58,3564.86,0
2024-01-07,SKU_068,4.0,14259.44,3564.86,0
2024-01-08,SKU_068,5.0,17824.3,3564.86,0
2024-01-09,SKU_068,5.0,17824.3,3564.86,0
2024-01-10,SKU_068,2.0,7129.72,3564.86,0
2024-01-11,SKU_068,3.0,10694.58,3564.86,0
2024-01-12,SKU_068,4.0,14259.44,3564.86,0
2024-01-13,SKU_068,4.0,14259.44,3564.86,0
2024-01-14,SKU_068,2.0,7129.72,3564.86,0
2024-01-15,SKU_068,4.0,14259.44,3564.86,0
2024-01-17,SKU_068,5.0,17824.3,3564.86,0
2024-01-18,SKU_068,4.0,14259.44,3564.86,0
2024-01-19,SKU_068,4.0,14259.44,3564.86,0
2024-01-20,SKU_068,2.0,7129.72,3564.86,0
2024-01-21,SKU_068,8.0,28518.88,3564.86,0
2024-01-22,SKU_068,6.0,21389.16,3564.86,0
2024-01-23,SKU_068,4.0,14259.44,3564.86,0
2024-01-24,SKU_068,1.0,3564.86,3564.86,0
2024-01-25,SKU_068,2.0,7129.72,3564.86,0
2024-01-26,SKU_068,5.0,17824.3,3564.86,0
2024-01-27,SKU_068,8.0,28518.88,3564.86,0
2024-01-28,SKU_068,4.0,14259.44,3564.86,0
2024-01-29,SKU_068,5.0,17824.3,3564.86,0
2024-01-30,SKU_068,2.0,7129.72,3564.86,0
2024-01-31,SKU_068,3.0,10694.58,3564.86,0
2024-02-01,SKU_068,4.0,14259.44,3564.86,0
2024-02-02,SKU_068,6.0,21389.16,3564.86,0
2024-02-03,SKU_068,10.0,32055.5,3205.55,1
2024-02-04,SKU_068,7.0,24954.02,3564.86,0
2024-02-05,SKU_068,5.0,17824.3,3564.86,0
2024-02-06,SKU_068,3.0,10694.58,3564.86,0
2024-02-07,SKU_068,2.0,7129.72,3564.86,0
2024-02-08,SKU_068,4.0,12301.68,3075.42,1
2024-02-09,SKU_068,3.0,10694.58,3564.86,0
2024-02-10,SKU_068,2.0,7129.72,3564.86,0
2024-02-11,SKU_068,5.0,17824.3,3564.86,0
2024-02-12,SKU_068,2.0,7129.72,3564.86,0
2024-02-13,SKU_068,2.0,7129.72,3564.86,0
2024-02-14,SKU_068,6.0,21389.16,3564.86,0
2024-02-15,SKU_068,7.0,24954.02,3564.86,0
2024-02-16,SKU_068,10.0,35648.6,3564.86,0
2024-02-17,SKU_068,7.0,24954.02,3564.86,0
2024-02-18,SKU_068,4.0,14259.44,3564.86,0
2024-02-19,SKU_068,3.0,10694.58,3564.86,0
2024-02-20,SKU_068,5.0,17824.3,3564.86,0
2024-02-21,SKU_068,4.0,14259.44,3564.86,0
2024-02-22,SKU_068,5.0,16803.15,3360.63,1
2024-02-23,SKU_068,2.0,7129.72,3564.86,0
2024-02-24,SKU_068,6.0,21389.16,3564.86,0
2024-02-25,SKU_068,10.0,35648.6,3564.86,0
2024-02-26,SKU_068,3.0,10694.58,3564.86,0
2024-02-27,SKU_068,5.0,17824.3,3564.86,0
2024-02-28,SKU_068,3.0,10694.58,3564.86,0
2024-02-29,SKU_068,4.0,14259.44,3564.86,0
2024-03-01,SKU_068,6.0,21389.16,3564.86,0
2024-03-02,SKU_068,4.0,14259.44,3564.86,0
2024-03-03,SKU_068,7.0,24954.02,3564.86,0
2024-03-04,SKU_068,2.0,7129.72,3564.86,0
2024-03-05,SKU_068,2.0,7129.72,3564.86,0
2024-03-06,SKU_068,4.0,12924.64,3231.16,1
2024-03-07,SKU_068,2.0,7129.72,3564.86,0
2024-03-08,SKU_068,1.0,3564.86,3564.86,0
2024-03-09,SKU_068,5.0,17824.3,3564.86,0
2024-03-10,SKU_068,5.0,17824.3,3564.86,0
2024-03-11,SKU_068,3.0,9758.64,3252.88,1
2024-03-12,SKU_068,5.0,17824.3,3564.86,0
2024-03-13,SKU_068,6.0,21389.16,3564.86,0
2024-03-14,SKU_068,8.0,28518.88,3564.86,0
2024-03-15,SKU_068,5.0,14663.85,2932.77,1
2024-03-15,SKU_068,5.0,14663.85,2932.77,1
2024-03-16,SKU_068,11.0,31373.65,2852.15,1
2024-03-17,SKU_068,6.0,21389.16,3564.86,0
2024-03-18,SKU_068,5.0,17824.3,3564.86,0
2024-03-19,SKU_068,6.0,21389.16,3564.86,0
2024-03-20,SKU_068,1.0,3564.86,3564.86,0
2024-01-01,SKU_069,2.0,12116.56,6058.28,1
2024-01-02,SKU_069,2.0,13944.88,6972.44,1
2024-01-04,SKU_069,1.0,7582.31,7582.31,0
2024-01-06,SKU_069,4.0,30329.24,7582.31,0
2024-01-07,SKU_069,4.0,30329.24,7582.31,0
2024-01-08,SKU_069,3.0,22746.93,7582.31,0
2024-01-09,SKU_069,1.0,7582.31,7582.31,0
2024-01-11,SKU_069,3.0,22746.93,7582.31,0
2024-01-12,SKU_069,5.0,33350.5,6670.1,1
2024-01-13,SKU_069,1.0,7582.31,7582.31,0
2024-01-14,SKU_069,3.0,22746.93,7582.31,0
2024-01-15,SKU_069,1.0,7582.31,7582.31,0
2024-01-16,SKU_069,3.0,22746.93,7582.31,0
2024-01-17,SKU_069,1.0,7582.31,7582.31,0
2024-01-18,SKU_069,3.0,20343.69,6781.23,1
2024-01-19,SKU_069,3.0,22746.93,7582.31,0
2024-01-20,SKU_069,2.0,15164.62,7582.31,0
2024-01-21,SKU_069,2.0,14048.86,7024.43,1
2024-01-22,SKU_069,1.0,7582.31,7582.31,0
2024-01-23,SKU_069,4.0,30329.24,7582.31,0
2024-01-25,SKU_069,3.0,22746.93,7582.31,0
2024-01-26,SKU_069,1.0,7582.31,7582.31,0
2024-01-27,SKU_069,5.0,37911.55,7582.31,0
2024-01-28,SKU_069,4.0,30329.24,7582.31,0
2024-01-29,SKU_069,1.0,7582.31,7582.31,0
2024-02-01,SKU_069,1.0,7582.31,7582.31,0
2024-02-02,SKU_069,1.0,7582.31,7582.31,0
2024-02-03,SKU_069,4.0,30329.24,7582.31,0
2024-02-04,SKU_069,6.0,45493.86,7582.31,0
2024-02-05,SKU_069,2.0,15164.62,7582.31,0
2024-02-07,SKU_069,1.0,6913.29,6913.29,1
2024-02-09,SKU_069,1.0,7582.31,7582.31,0
2024-02-10,SKU_069,3.0,22746.93,7582.31,0
2024-02-11,SKU_069,2.0,15164.62,7582.31,0
2024-02-12,SKU_069,2.0,15164.62,7582.31,0
2024-02-13,SKU_069,1.0,7582.31,7582.31,0
2024-02-14,SKU_069,1.0,7582.31,7582.31,0
2024-02-15,SKU_069,1.0,7582.31,7582.31,0
2024-02-16,SKU_069,6.0,45493.86,7582.31,0
2024-02-17,SKU_069,5.0,37911.55,7582.31,0
2024-02-18,SKU_069,3.0,22746.93,7582.31,0
2024-02-20,SKU_069,2.0,14088.42,7044.21,1
2024-02-21,SKU_069,3.0,22746.93,7582.31,0
2024-02-22,SKU_069,2.0,15164.62,7582.31,0
2024-02-23,SKU_069,2.0,15164.62,7582.31,0
2024-02-24,SKU_069,5.0,37911.55,7582.31,0
2024-02-25,SKU_069,1.0,7582.31,7582.31,0
2024-02-27,SKU_069,4.0,30329.24,7582.31,0
2024-02-28,SKU_069,1.0,6854.1,6854.1,1
2024-03-01,SKU_069,2.0,15164.62,7582.31,0
2024-03-02,SKU_069,8.0,60658.48,7582.31,0
2024-03-03,SKU_069,1.0,7582.31,7582.31,0
2024-03-04,SKU_069,1.0,7582.31,7582.31,0
2024-03-06,SKU_069,1.0,7582.31,7582.31,0
2024-03-07,SKU_069,1.0,7582.31,7582.31,0
2024-03-08,SKU_069,2.0,15164.62,7582.31,0
2024-03-09,SKU_069,1.0,7582.31,7582.31,0
2024-03-10,SKU_069,1.0,7582.31,7582.31,0
2024-03-11,SKU_069,1.0,7582.31,7582.31,0
2024-03-12,SKU_069,1.0,7582.31,7582.31,0
2024-03-13,SKU_069,3.0,19832.4,6610.8,1
2024-03-14,SKU_069,3.0,22746.93,7582.31,0
2024-03-15,SKU_069,2.0,12455.7,6227.85,1
2024-03-16,SKU_069,4.0,22917.68,5729.42,1
2024-03-19,SKU_069,2.0,15164.62,7582.31,0
2024-01-01,SKU_070,20.0,117065.2,5853.26,1
2024-01-02,SKU_070,7.0,52417.33,7488.19,0
2024-01-03,SKU_070,6.0,44929.14,7488.19,0
2024-01-04,SKU_070,11.0,82370.09,7488.19,0
2024-01-05,SKU_070,13.0,97346.47,7488.19,0
2024-01-06,SKU_070,14.0,104834.66,7488.19,0
2024-01-07,SKU_070,10.0,74881.9,7488.19,0
2024-01-07,SKU_070,10.0,74881.9,7488.19,0
2024-01-08,SKU_070,7.0,52417.33,7488.19,0
2024-01-09,SKU_070,10.0,74881.9,7488.19,0
2024-01-10,SKU_070,8.0,59905.52,7488.19,0
2024-01-11,SKU_070,9.0,67393.71,7488.19,0
2024-01-12,SKU_070,14.0,104834.66,7488.19,0
2024-01-13,SKU_070,8.0,59905.52,7488.19,0
2024-01-14,SKU_070,8.0,59905.52,7488.19,0
2024-01-15,SKU_070,12.0,77209.92,6434.16,1
2024-01-16,SKU_070,16.0,119811.04,7488.19,0
2024-01-17,SKU_070,10.0,74881.9,7488.19,0
2024-01-18,SKU_070,8.0,59905.52,7488.19,0
2024-01-19,SKU_070,5.0,37440.95,7488.19,0
2024-01-20,SKU_070,9.0,67393.71,7488.19,0
2024-01-21,SKU_070,12.0,89858.28,7488.19,0
2024-01-22,SKU_070,5.0,37440.95,7488.19,0
2024-01-23,SKU_070,4.0,29952.76,7488.19,0
2024-01-24,SKU_070,9.0,67393.71,7488.19,0
2024-01-25,SKU_070,4.0,29952.76,7488.19,0
2024-01-26,SKU_070,9.0,67393.71,7488.19,0
2024-01-27,SKU_070,11.0,82370.09,7488.19,0
2024-01-28,SKU_070,14.0,104834.66,7488.19,0
2024-01-29,SKU_070,6.0,44929.14,7488.19,0
2024-01-30,SKU_070,11.0,82370.09,7488.19,0
2024-01-31,SKU_070,6.0,44929.14,7488.19,0
2024-02-01,SKU_070,8.0,59905.52,7488.19,0
2024-02-02,SKU_070,13.0,97346.47,7488.19,0
2024-02-03,SKU_070,12.0,89858.28,7488.19,0
2024-02-04,SKU_070,15.0,112322.85,7488.19,0
2024-02-05,SKU_070,5.0,37440.95,7488.19,0
2024-02-06,SKU_070,7.0,52417.33,7488.19,0
2024-02-07,SKU_070,6.0,44929.14,7488.19,0
2024-02-08,SKU_070,9.0,67393.71,7488.19,0
2024-02-09,SKU_070,13.0,97346.47,7488.19,0
2024-02-10,SKU_070,10.0,74881.9,7488.19,0
2024-02-11,SKU_070,17.0,127299.23,7488.19,0
2024-02-12,SKU_070,8.0,59905.52,7488.19,0
2024-02-13,SKU_070,9.0,67393.71,7488.19,0
2024-02-14,SKU_070,10.0,74881.9,7488.19,0
2024-02-15,SKU_070,9.0,67393.71,7488.19,0
2024-02-16,SKU_070,16.0,119811.04,7488.19,0
2024-02-17,SKU_070,12.0,89858.28,7488.19,0
2024-02-18,SKU_070,11.0,82370.09,7488.19,0
2024-02-19,SKU_070,12.0,80001.24,6666.77,1
2024-02-20,SKU_070,6.0,44929.14,7488.19,0
2024-02-21,SKU_070,12.0,78718.08,6559.84,1
2024-02-22,SKU_070,10.0,74881.9,7488.19,0
2024-02-23,SKU_070,7.0,52417.33,7488.19,0
2024-02-24,SKU_070,17.0,127299.23,7488.19,0
2024-02-25,SKU_070,11.0,82370.09,7488.19,0
2024-02-26,SKU_070,15.0,112322.85,7488.19,0
2024-02-27,SKU_070,11.0,82370.09,7488.19,0
2024-02-28,SKU_070,7.0,52417.33,7488.19,0
2024-02-29,SKU_070,8.0,59905.52,7488.19,0
2024-03-01,SKU_070,15.0,112322.85,7488.19,0
2024-03-02,SKU_070,11.0,74405.54,6764.14,1
2024-03-03,SKU_070,16.0,119811.04,7488.19,0
2024-03-04,SKU_070,6.0,44929.14,7488.19,0
2024-03-05,SKU_070,7.0,52417.33,7488.19,0
2024-03-06,SKU_070,4.0,29952.76,7488.19,0
2024-03-07,SKU_070,15.0,99675.6,6645.04,1
2024-03-08,SKU_070,9.0,67393.71,7488.19,0
2024-03-09,SKU_070,10.0,74881.9,7488.19,0
2024-03-10,SKU_070,9.0,67393.71,7488.19,0
2024-03-11,SKU_070,9.0,67393.71,7488.19,0
2024-03-12,SKU_070,7.0,52417.33,7488.19,0
2024-03-13,SKU_070,9.0,67393.71,7488.19,0
2024-03-14,SKU_070,4.0,29952.76,7488.19,0
2024-03-15,SKU_070,14.0,82980.8,5927.2,1
2024-03-16,SKU_070,17.0,107370.3,6315.9,1
2024-03-17,SKU_070,8.0,59905.52,7488.19,0
2024-03-18,SKU_070,4.0,29952.76,7488.19,0
2024-03-19,SKU_070,8.0,59905.52,7488.19,0
2024-03-20,SKU_070,6.0,44929.14,7488.19,0
