data/sales_daily.csv
date,sku_id,units_sold,revenue,unit_price,promo_flag
2024-01-01,SKU_071,6.0,18146.7,3024.45,1
2024-01-02,SKU_071,5.0,19681.7,3936.34,0
2024-01-03,SKU_071,8.0,31490.72,3936.34,0
2024-01-04,SKU_071,2.0,7872.68,3936.34,0
2024-01-05,SKU_071,7.0,27554.38,3936.34,0
2024-01-06,SKU_071,13.0,51172.42,3936.34,0
2024-01-07,SKU_071,13.0,51172.42,3936.34,0
2024-01-08,SKU_071,9.0,35427.06,3936.34,0
2024-01-09,SKU_071,8.0,31490.72,3936.34,0
2024-01-10,SKU_071,8.0,31490.72,3936.34,0
2024-01-11,SKU_071,8.0,31490.72,3936.34,0
2024-01-12,SKU_071,15.0,59045.1,3936.34,0
2024-01-13,SKU_071,,,3936.34,0
2024-01-14,SKU_071,10.0,39363.4,3936.34,0
2024-01-15,SKU_071,4.0,15745.36,3936.34,0
2024-01-16,SKU_071,9.0,35427.06,3936.34,0
2024-01-17,SKU_071,7.0,27554.38,3936.34,0
2024-01-18,SKU_071,12.0,47236.08,3936.34,0
2024-01-19,SKU_071,9.0,33458.67,3717.63,1
2024-01-20,SKU_071,15.0,59045.1,3936.34,0
2024-01-21,SKU_071,14.0,55108.76,3936.34,0
2024-01-22,SKU_071,13.0,51172.42,3936.34,0
2024-01-23,SKU_071,10.0,39363.4,3936.34,0
2024-01-24,SKU_071,11.0,43299.74,3936.34,0
2024-01-25,SKU_071,5.0,19681.7,3936.34,0
2024-01-26,SKU_071,8.0,31490.72,3936.34,0
2024-01-27,SKU_071,17.0,66917.78,3936.34,0
2024-01-28,SKU_071,13.0,51172.42,3936.34,0
2024-01-29,SKU_071,13.0,51172.42,3936.34,0
2024-01-30,SKU_071,6.0,23618.04,3936.34,0
2024-01-31,SKU_071,8.0,31490.72,3936.34,0
2024-02-01,SKU_071,11.0,43299.74,3936.34,0
2024-02-02,SKU_071,8.0,31490.72,3936.34,0
2024-02-03,SKU_071,16.0,62981.44,3936.34,0
2024-02-04,SKU_071,12.0,47236.08,3936.34,0
2024-02-05,SKU_071,7.0,27554.38,3936.34,0
2024-02-06,SKU_071,10.0,39363.4,3936.34,0
2024-02-07,SKU_071,6.0,23618.04,3936.34,0
2024-02-08,SKU_071,8.0,31490.72,3936.34,0
2024-02-09,SKU_071,15.0,59045.1,3936.34,0
2024-02-10,SKU_071,10.0,39363.4,3936.34,0
2024-02-11,SKU_071,16.0,62981.44,3936.34,0
2024-02-12,SKU_071,6.0,23618.04,3936.34,0
2024-02-13,SKU_071,7.0,27554.38,3936.34,0
2024-02-14,SKU_071,10.0,39363.4,3936.34,0
2024-02-15,SKU_071,6.0,23618.04,3936.34,0
2024-02-16,SKU_071,8.0,31490.72,3936.34,0
2024-02-17,SKU_071,10.0,39363.4,3936.34,0
2024-02-18,SKU_071,11.0,43299.74,3936.34,0
2024-02-19,SKU_071,12.0,47236.08,3936.34,0
2024-02-20,SKU_071,6.0,23618.04,3936.34,0
2024-02-21,SKU_071,10.0,33884.8,3388.48,1
2024-02-22,SKU_071,8.0,31490.72,3936.34,0
2024-02-23,SKU_071,9.0,35427.06,3936.34,0
2024-02-24,SKU_071,10.0,39363.4,3936.34,0
2024-02-25,SKU_071,9.0,35427.06,3936.34,0
2024-02-26,SKU_071,8.0,31490.72,3936.34,0
2024-02-27,SKU_071,11.0,43299.74,3936.34,0
2024-02-28,SKU_071,12.0,47236.08,3936.34,0
2024-02-29,SKU_071,8.0,31490.72,3936.34,0
2024-03-01,SKU_071,5.0,19681.7,3936.34,0
2024-03-02,SKU_071,14.0,55108.76,3936.34,0
2024-03-03,SKU_071,8.0,31490.72,3936.34,0
2024-03-04,SKU_071,8.0,31490.72,3936.34,0
2024-03-05,SKU_071,9.0,35427.06,3936.34,0
2024-03-06,SKU_071,13.0,51172.42,3936.34,0
2024-03-07,SKU_071,14.0,50777.16,3626.94,1
2024-03-08,SKU_071,6.0,23618.04,3936.34,0
2024-03-09,SKU_071,10.0,39363.4,3936.34,0
2024-03-10,SKU_071,5.0,19681.7,3936.34,0
2024-03-11,SKU_071,5.0,19681.7,3936.34,0
2024-03-12,SKU_071,6.0,23618.04,3936.34,0
2024-03-13,SKU_071,9.0,35427.06,3936.34,0
2024-03-14,SKU_071,10.0,34521.0,3452.1,1
2024-03-15,SKU_071,19.0,61087.85,3215.15,1
2024-03-16,SKU_071,25.0,86450.25,3458.01,1
2024-03-17,SKU_071,10.0,39363.4,3936.34,0
2024-03-18,SKU_071,11.0,43299.74,3936.34,0
2024-03-19,SKU_071,8.0,31490.72,3936.34,0
2024-03-20,SKU_071,11.0,43299.74,3936.34,0
2024-01-01,SKU_072,1.0,4912.96,4912.96,1
2024-01-02,SKU_072,2.0,12727.9,6363.95,0
2024-01-04,SKU_072,1.0,6363.95,6363.95,0
2024-01-05,SKU_072,2.0,12727.9,6363.95,0
2024-01-06,SKU_072,2.0,12727.9,6363.95,0
2024-01-07,SKU_072,2.0,12011.34,6005.67,1
2024-01-08,SKU_072,6.0,38183.7,6363.95,0
2024-01-10,SKU_072,3.0,19091.85,6363.95,0
2024-01-11,SKU_072,2.0,11347.96,5673.98,1
2024-01-12,SKU_072,3.0,16302.69,5434.23,1
2024-01-13,SKU_072,1.0,6363.95,6363.95,0
2024-01-14,SKU_072,1.0,6363.95,6363.95,0
2024-01-15,SKU_072,2.0,12727.9,6363.95,0
2024-01-16,SKU_072,2.0,12727.9,6363.95,0
2024-01-17,SKU_072,2.0,12727.9,6363.95,0
2024-01-18,SKU_072,2.0,12727.9,6363.95,0
2024-01-19,SKU_072,5.0,31819.75,6363.95,0
2024-01-20,SKU_072,1.0,6363.95,6363.95,0
2024-01-21,SKU_072,3.0,19091.85,6363.95,0
2024-01-22,SKU_072,3.0,19091.85,6363.95,0
2024-01-23,SKU_072,1.0,6363.95,6363.95,0
2024-01-24,SKU_072,1.0,6363.95,6363.95,0
2024-01-25,SKU_072,1.0,6363.95,6363.95,0
2024-01-27,SKU_072,2.0,12727.9,6363.95,0
2024-01-28,SKU_072,3.0,19091.85,6363.95,0
2024-01-29,SKU_072,,,6363.95,0
2024-01-30,SKU_072,1.0,6363.95,6363.95,0
2024-01-31,SKU_072,2.0,12727.9,6363.95,0
2024-02-01,SKU_072,3.0,19091.85,6363.95,0
2024-02-03,SKU_072,5.0,31819.75,6363.95,0
2024-02-04,SKU_072,1.0,6363.95,6363.95,0
2024-02-05,SKU_072,2.0,12727.9,6363.95,0
2024-02-07,SKU_072,5.0,28299.1,5659.82,1
2024-02-09,SKU_072,2.0,12727.9,6363.95,0
2024-02-10,SKU_072,3.0,19091.85,6363.95,0
2024-02-11,SKU_072,6.0,38183.7,6363.95,0
2024-02-12,SKU_072,2.0,12727.9,6363.95,0
2024-02-14,SKU_072,3.0,19091.85,6363.95,0
2024-02-15,SKU_072,3.0,19091.85,6363.95,0
2024-02-16,SKU_072,1.0,6363.95,6363.95,0
2024-02-17,SKU_072,1.0,6363.95,6363.95,0
2024-02-18,SKU_072,3.0,19091.85,6363.95,0
2024-02-19,SKU_072,1.0,6363.95,6363.95,0
2024-02-20,SKU_072,6.0,38183.7,6363.95,0
2024-02-21,SKU_072,4.0,25455.8,6363.95,0
2024-02-22,SKU_072,1.0,6363.95,6363.95,0
2024-02-23,SKU_072,1.0,6363.95,6363.95,0
2024-02-24,SKU_072,3.0,19091.85,6363.95,0
2024-02-26,SKU_072,1.0,5723.12,5723.12,1
2024-02-28,SKU_072,1.0,6363.95,6363.95,0
2024-02-29,SKU_072,1.0,6363.95,6363.95,0
2024-03-01,SKU_072,2.0,12727.9,6363.95,0
2024-03-02,SKU_072,1.0,6363.95,6363.95,0
2024-03-03,SKU_072,1.0,6363.95,6363.95,0
2024-03-04,SKU_072,3.0,19091.85,6363.95,0
2024-03-05,SKU_072,4.0,25455.8,6363.95,0
2024-03-06,SKU_072,4.0,25455.8,6363.95,0
2024-03-08,SKU_072,1.0,6363.95,6363.95,0
2024-03-09,SKU_072,1.0,6363.95,6363.95,0
2024-03-10,SKU_072,1.0,6363.95,6363.95,0
2024-03-11,SKU_072,1.0,6363.95,6363.95,0
2024-03-12,SKU_072,1.0,6363.95,6363.95,0
2024-03-13,SKU_072,3.0,19091.85,6363.95,0
2024-03-14,SKU_072,2.0,12727.9,6363.95,0
2024-03-15,SKU_072,1.0,5448.48,5448.48,1
2024-03-16,SKU_072,4.0,21306.28,5326.57,1
2024-03-18,SKU_072,1.0,6363.95,6363.95,0
2024-03-19,SKU_072,2.0,12727.9,6363.95,0
2024-03-20,SKU_072,1.0,6363.95,6363.95,0
2024-01-01,SKU_073,8.0,6803.36,850.42,1
2024-01-02,SKU_073,5.0,5458.0,1091.6,0
2024-01-03,SKU_073,11.0,10539.32,958.12,1
2024-01-04,SKU_073,8.0,8732.8,1091.6,0
2024-01-05,SKU_073,,,1091.6,0
2024-01-06,SKU_073,7.0,7641.2,1091.6,0
2024-01-07,SKU_073,10.0,10916.0,1091.6,0
2024-01-08,SKU_073,4.0,4366.4,1091.6,0
2024-01-09,SKU_073,8.0,8732.8,1091.6,0
2024-01-10,SKU_073,7.0,7641.2,1091.6,0
2024-01-11,SKU_073,8.0,8732.8,1091.6,0
2024-01-12,SKU_073,6.0,6549.6,1091.6,0
2024-01-13,SKU_073,15.0,16374.0,1091.6,0
2024-01-14,SKU_073,13.0,14190.8,1091.6,0
2024-01-15,SKU_073,10.0,10916.0,1091.6,0
2024-01-16,SKU_073,,,1091.6,0
2024-01-17,SKU_073,9.0,9824.4,1091.6,0
2024-01-18,SKU_073,9.0,9824.4,1091.6,0
2024-01-19,SKU_073,19.0,18923.43,995.97,1
2024-01-20,SKU_073,12.0,13099.2,1091.6,0
2024-01-21,SKU_073,13.0,14190.8,1091.6,0
2024-01-22,SKU_073,8.0,8732.8,1091.6,0
2024-01-23,SKU_073,9.0,9824.4,1091.6,0
2024-01-24,SKU_073,9.0,9824.4,1091.6,0
2024-01-25,SKU_073,9.0,9824.4,1091.6,0
2024-01-26,SKU_073,9.0,9824.4,1091.6,0
2024-01-27,SKU_073,14.0,15282.4,1091.6,0
2024-01-28,SKU_073,8.0,8732.8,1091.6,0
2024-01-29,SKU_073,13.0,12569.05,966.85,1
2024-01-30,SKU_073,5.0,5458.0,1091.6,0
2024-01-31,SKU_073,8.0,8732.8,1091.6,0
2024-02-01,SKU_073,6.0,6549.6,1091.6,0
2024-02-02,SKU_073,17.0,18557.2,1091.6,0
2024-02-03,SKU_073,13.0,14190.8,1091.6,0
2024-02-04,SKU_073,7.0,7641.2,1091.6,0
2024-02-05,SKU_073,12.0,11421.48,951.79,1
2024-02-06,SKU_073,8.0,8732.8,1091.6,0
2024-02-07,SKU_073,6.0,6549.6,1091.6,0
2024-02-08,SKU_073,4.0,4366.4,1091.6,0
2024-02-09,SKU_073,9.0,9824.4,1091.6,0
2024-02-10,SKU_073,13.0,14190.8,1091.6,0
2024-02-11,SKU_073,15.0,16374.0,1091.6,0
2024-02-12,SKU_073,8.0,8732.8,1091.6,0
2024-02-13,SKU_073,,,1091.6,0
2024-02-14,SKU_073,9.0,9824.4,1091.6,0
2024-02-15,SKU_073,11.0,10340.88,940.08,1
2024-02-16,SKU_073,6.0,6549.6,1091.6,0
2024-02-17,SKU_073,,,1091.6,0
2024-02-18,SKU_073,10.0,10916.0,1091.6,0
2024-02-19,SKU_073,11.0,12007.6,1091.6,0
2024-02-20,SKU_073,11.0,12007.6,1091.6,0
2024-02-21,SKU_073,6.0,6549.6,1091.6,0
2024-02-22,SKU_073,,,1091.6,0
2024-02-23,SKU_073,14.0,15282.4,1091.6,0
2024-02-24,SKU_073,14.0,15282.4,1091.6,0
2024-02-25,SKU_073,11.0,12007.6,1091.6,0
2024-02-26,SKU_073,9.0,9824.4,1091.6,0
2024-02-27,SKU_073,6.0,6549.6,1091.6,0
2024-02-28,SKU_073,9.0,9824.4,1091.6,0
2024-02-29,SKU_073,13.0,13026.78,1002.06,1
2024-03-01,SKU_073,8.0,8732.8,1091.6,0
2024-03-02,SKU_073,14.0,15282.4,1091.6,0
2024-03-03,SKU_073,11.0,12007.6,1091.6,0
2024-03-04,SKU_073,11.0,12007.6,1091.6,0
2024-03-05,SKU_073,10.0,10916.0,1091.6,0
2024-03-06,SKU_073,7.0,7641.2,1091.6,0
2024-03-07,SKU_073,9.0,9824.4,1091.6,0
2024-03-08,SKU_073,14.0,14313.04,1022.36,1
2024-03-09,SKU_073,11.0,12007.6,1091.6,0
2024-03-10,SKU_073,7.0,7641.2,1091.6,0
2024-03-11,SKU_073,9.0,9824.4,1091.6,0
2024-03-12,SKU_073,5.0,5458.0,1091.6,0
2024-03-13,SKU_073,11.0,12007.6,1091.6,0
2024-03-14,SKU_073,2.0,2183.2,1091.6,0
2024-03-15,SKU_073,22.0,20555.26,934.33,1
2024-03-16,SKU_073,15.0,14301.0,953.4,1
2024-03-17,SKU_073,11.0,12007.6,1091.6,0
2024-03-18,SKU_073,5.0,5458.0,1091.6,0
2024-03-19,SKU_073,5.0,5458.0,1091.6,0
2024-03-20,SKU_073,6.0,6549.6,1091.6,0
2024-01-01,SKU_074,1.0,456.4,456.4,1
2024-01-02,SKU_074,3.0,1546.26,515.42,0
2024-01-03,SKU_074,3.0,1546.26,515.42,0
2024-01-06,SKU_074,4.0,2061.68,515.42,0
2024-01-07,SKU_074,3.0,1546.26,515.42,0
2024-01-08,SKU_074,5.0,2577.1,515.42,0
2024-01-09,SKU_074,4.0,2061.68,515.42,0
2024-01-10,SKU_074,3.0,1546.26,515.42,0
2024-01-11,SKU_074,2.0,903.7,451.85,1
2024-01-12,SKU_074,2.0,1030.84,515.42,0
2024-01-13,SKU_074,1.0,515.42,515.42,0
2024-01-14,SKU_074,1.0,515.42,515.42,0
2024-01-18,SKU_074,3.0,1546.26,515.42,0
2024-01-20,SKU_074,2.0,1030.84,515.42,0
2024-01-21,SKU_074,7.0,3607.94,515.42,0
2024-01-22,SKU_074,3.0,1546.26,515.42,0
2024-01-24,SKU_074,1.0,515.42,515.42,0
2024-01-26,SKU_074,2.0,1030.84,515.42,0
2024-01-27,SKU_074,1.0,515.42,515.42,0
2024-01-28,SKU_074,4.0,2061.68,515.42,0
2024-01-29,SKU_074,4.0,2061.68,515.42,0
2024-01-30,SKU_074,2.0,1030.84,515.42,0
2024-01-31,SKU_074,2.0,1030.84,515.42,0
2024-02-03,SKU_074,1.0,515.42,515.42,0
2024-02-04,SKU_074,2.0,1030.84,515.42,0
2024-02-05,SKU_074,1.0,515.42,515.42,0
2024-02-07,SKU_074,1.0,515.42,515.42,0
2024-02-08,SKU_074,2.0,877.66,438.83,1
2024-02-09,SKU_074,3.0,1546.26,515.42,0
2024-02-10,SKU_074,3.0,1546.26,515.42,0
2024-02-11,SKU_074,2.0,1030.84,515.42,0
2024-02-13,SKU_074,3.0,1546.26,515.42,0
2024-02-14,SKU_074,2.0,1030.84,515.42,0
2024-02-15,SKU_074,,,515.42,0
2024-02-16,SKU_074,1.0,515.42,515.42,0
2024-02-17,SKU_074,2.0,1030.84,515.42,0
2024-02-18,SKU_074,1.0,515.42,515.42,0
2024-02-20,SKU_074,3.0,1546.26,515.42,0
2024-02-21,SKU_074,3.0,1546.26,515.42,0
2024-02-22,SKU_074,1.0,515.42,515.42,0
2024-02-23,SKU_074,3.0,1546.26,515.42,0
2024-02-24,SKU_074,1.0,515.42,515.42,0
2024-02-25,SKU_074,2.0,1030.84,515.42,0
2024-02-27,SKU_074,1.0,515.42,515.42,0
2024-02-28,SKU_074,1.0,515.42,515.42,0
2024-02-29,SKU_074,1.0,515.42,515.42,0
2024-03-01,SKU_074,3.0,1546.26,515.42,0
2024-03-02,SKU_074,4.0,2061.68,515.42,0
2024-03-05,SKU_074,1.0,515.42,515.42,0
2024-03-06,SKU_074,1.0,515.42,515.42,0
2024-03-07,SKU_074,2.0,1030.84,515.42,0
2024-03-09,SKU_074,3.0,1546.26,515.42,0
2024-03-10,SKU_074,4.0,2061.68,515.42,0
2024-03-12,SKU_074,1.0,515.42,515.42,0
2024-03-14,SKU_074,1.0,515.42,515.42,0
2024-03-15,SKU_074,3.0,1184.64,394.88,1
2024-03-16,SKU_074,3.0,1203.6,401.2,1
2024-03-17,SKU_074,2.0,1030.84,515.42,0
2024-03-18,SKU_074,1.0,515.42,515.42,0
2024-03-20,SKU_074,1.0,515.42,515.42,0
2024-01-01,SKU_075,1.0,5009.13,5009.13,1
2024-01-02,SKU_075,2.0,12132.2,6066.1,0
2024-01-04,SKU_075,,,6066.1,0
2024-01-05,SKU_075,1.0,6066.1,6066.1,0
2024-01-06,SKU_075,2.0,12132.2,6066.1,0
2024-01-07,SKU_075,2.0,12132.2,6066.1,0
2024-01-09,SKU_075,1.0,6066.1,6066.1,0
2024-01-11,SKU_075,2.0,12132.2,6066.1,0
2024-01-12,SKU_075,2.0,12132.2,6066.1,0
2024-01-13,SKU_075,1.0,6066.1,6066.1,0
2024-01-14,SKU_075,5.0,30330.5,6066.1,0
2024-01-15,SKU_075,2.0,10450.1,5225.05,1
2024-01-16,SKU_075,6.0,36396.6,6066.1,0
2024-01-17,SKU_075,1.0,6066.1,6066.1,0
2024-01-18,SKU_075,1.0,6066.1,6066.1,0
2024-01-19,SKU_075,1.0,6066.1,6066.1,0
2024-01-20,SKU_075,2.0,12132.2,6066.1,0
2024-01-21,SKU_075,3.0,18198.3,6066.1,0
2024-01-23,SKU_075,3.0,18198.3,6066.1,0
2024-01-24,SKU_075,1.0,6066.1,6066.1,0
2024-01-27,SKU_075,4.0,24264.4,6066.1,0
2024-01-28,SKU_075,1.0,5373.26,5373.26,1
2024-01-29,SKU_075,1.0,6066.1,6066.1,0
2024-01-30,SKU_075,3.0,18198.3,6066.1,0
2024-01-31,SKU_075,2.0,12132.2,6066.1,0
2024-02-01,SKU_075,4.0,24264.4,6066.1,0
2024-02-02,SKU_075,2.0,12132.2,6066.1,0
2024-02-03,SKU_075,3.0,18198.3,6066.1,0
2024-02-04,SKU_075,1.0,6066.1,6066.1,0
2024-02-05,SKU_075,3.0,18198.3,6066.1,0
2024-02-06,SKU_075,1.0,6066.1,6066.1,0
2024-02-08,SKU_075,4.0,24264.4,6066.1,0
2024-02-09,SKU_075,2.0,12132.2,6066.1,0
2024-02-10,SKU_075,2.0,12132.2,6066.1,0
2024-02-11,SKU_075,2.0,12132.2,6066.1,0
2024-02-12,SKU_075,1.0,6066.1,6066.1,0
2024-02-13,SKU_075,4.0,22569.4,5642.35,1
2024-02-14,SKU_075,2.0,12132.2,6066.1,0
2024-02-15,SKU_075,1.0,6066.1,6066.1,0
2024-02-16,SKU_075,3.0,18198.3,6066.1,0
2024-02-18,SKU_075,4.0,24264.4,6066.1,0
2024-02-19,SKU_075,1.0,6066.1,6066.1,0
2024-02-22,SKU_075,4.0,24264.4,6066.1,0
2024-02-23,SKU_075,1.0,6066.1,6066.1,0
2024-02-24,SKU_075,1.0,6066.1,6066.1,0
2024-02-25,SKU_075,3.0,18198.3,6066.1,0
2024-02-26,SKU_075,1.0,6066.1,6066.1,0
2024-02-27,SKU_075,1.0,6066.1,6066.1,0
2024-02-29,SKU_075,3.0,18198.3,6066.1,0
2024-02-29,SKU_075,3.0,18198.3,6066.1,0
2024-03-01,SKU_075,1.0,6066.1,6066.1,0
2024-03-02,SKU_075,1.0,6066.1,6066.1,0
2024-03-03,SKU_075,5.0,30330.5,6066.1,0
2024-03-04,SKU_075,2.0,12132.2,6066.1,0
2024-03-05,SKU_075,3.0,18198.3,6066.1,0
2024-03-06,SKU_075,3.0,18198.3,6066.1,0
2024-03-07,SKU_075,2.0,12132.2,6066.1,0
2024-03-09,SKU_075,4.0,24264.4,6066.1,0
2024-03-10,SKU_075,1.0,6066.1,6066.1,0
2024-03-11,SKU_075,2.0,12132.2,6066.1,0
2024-03-12,SKU_075,4.0,24264.4,6066.1,0
2024-03-15,SKU_075,1.0,4595.24,4595.24,1
2024-03-16,SKU_075,3.0,14294.82,4764.94,1
2024-03-17,SKU_075,4.0,24264.4,6066.1,0
2024-03-18,SKU_075,4.0,24264.4,6066.1,0
2024-03-20,SKU_075,2.0,12132.2,6066.1,0
2024-01-01,SKU_076,8.0,12884.88,1610.61,1
2024-01-02,SKU_076,5.0,8512.55,1702.51,1
2024-01-03,SKU_076,1.0,1844.17,1844.17,0
2024-01-04,SKU_076,2.0,3688.34,1844.17,0
2024-01-05,SKU_076,,,1844.17,0
2024-01-06,SKU_076,3.0,5532.51,1844.17,0
2024-01-07,SKU_076,2.0,3688.34,1844.17,0
2024-01-08,SKU_076,4.0,7376.68,1844.17,0
2024-01-09,SKU_076,2.0,3688.34,1844.17,0
2024-01-10,SKU_076,2.0,3688.34,1844.17,0
2024-01-11,SKU_076,4.0,7376.68,1844.17,0
2024-01-12,SKU_076,7.0,12909.19,1844.17,0
2024-01-13,SKU_076,4.0,7376.68,1844.17,0
2024-01-14,SKU_076,8.0,14753.36,1844.17,0
2024-01-15,SKU_076,2.0,3688.34,1844.17,0
2024-01-16,SKU_076,3.0,5532.51,1844.17,0
2024-01-17,SKU_076,7.0,12909.19,1844.17,0
2024-01-18,SKU_076,1.0,1844.17,1844.17,0
2024-01-19,SKU_076,3.0,5532.51,1844.17,0
2024-01-20,SKU_076,7.0,12909.19,1844.17,0
2024-01-21,SKU_076,9.0,16597.53,1844.17,0
2024-01-22,SKU_076,8.0,14753.36,1844.17,0
2024-01-23,SKU_076,4.0,7376.68,1844.17,0
2024-01-24,SKU_076,6.0,11065.02,1844.17,0
2024-01-25,SKU_076,9.0,16597.53,1844.17,0
2024-01-26,SKU_076,6.0,10326.36,1721.06,1
2024-01-27,SKU_076,7.0,12909.19,1844.17,0
2024-01-28,SKU_076,4.0,7376.68,1844.17,0
2024-01-29,SKU_076,5.0,9220.85,1844.17,0
2024-01-30,SKU_076,5.0,9220.85,1844.17,0
2024-01-31,SKU_076,5.0,9220.85,1844.17,0
2024-02-01,SKU_076,4.0,7376.68,1844.17,0
2024-02-02,SKU_076,4.0,7376.68,1844.17,0
2024-02-03,SKU_076,4.0,7376.68,1844.17,0
2024-02-04,SKU_076,3.0,5532.51,1844.17,0
2024-02-05,SKU_076,3.0,5532.51,1844.17,0
2024-02-06,SKU_076,1.0,1844.17,1844.17,0
2024-02-07,SKU_076,2.0,3688.34,1844.17,0
2024-02-08,SKU_076,3.0,5532.51,1844.17,0
2024-02-09,SKU_076,6.0,11065.02,1844.17,0
2024-02-10,SKU_076,7.0,12909.19,1844.17,0
2024-02-11,SKU_076,5.0,9220.85,1844.17,0
2024-02-12,SKU_076,3.0,5532.51,1844.17,0
2024-02-13,SKU_076,5.0,9220.85,1844.17,0
2024-02-14,SKU_076,4.0,7376.68,1844.17,0
2024-02-15,SKU_076,5.0,9220.85,1844.17,0
2024-02-16,SKU_076,8.0,14753.36,1844.17,0
2024-02-17,SKU_076,10.0,18441.7,1844.17,0
2024-02-18,SKU_076,4.0,7376.68,1844.17,0
2024-02-19,SKU_076,2.0,3688.34,1844.17,0
2024-02-20,SKU_076,3.0,5532.51,1844.17,0
2024-02-21,SKU_076,3.0,5532.51,1844.17,0
2024-02-22,SKU_076,2.0,3688.34,1844.17,0
2024-02-23,SKU_076,5.0,9220.85,1844.17,0
2024-02-24,SKU_076,7.0,12909.19,1844.17,0
2024-02-25,SKU_076,3.0,5532.51,1844.17,0
2024-02-26,SKU_076,,,1844.17,0
2024-02-27,SKU_076,3.0,5532.51,1844.17,0
2024-02-28,SKU_076,1.0,1844.17,1844.17,0
2024-02-29,SKU_076,10.0,15774.7,1577.47,1
2024-03-01,SKU_076,9.0,14239.08,1582.12,1
2024-03-02,SKU_076,7.0,12909.19,1844.17,0
2024-03-03,SKU_076,1.0,1844.17,1844.17,0
2024-03-04,SKU_076,1.0,1844.17,1844.17,0
2024-03-05,SKU_076,4.0,7376.68,1844.17,0
2024-03-06,SKU_076,1.0,1844.17,1844.17,0
2024-03-07,SKU_076,3.0,5532.51,1844.17,0
2024-03-08,SKU_076,2.0,3688.34,1844.17,0
2024-03-09,SKU_076,5.0,8236.95,1647.39,1
2024-03-10,SKU_076,8.0,14753.36,1844.17,0
2024-03-11,SKU_076,1.0,1844.17,1844.17,0
2024-03-12,SKU_076,3.0,5532.51,1844.17,0
2024-03-13,SKU_076,3.0,5532.51,1844.17,0
2024-03-14,SKU_076,3.0,5532.51,1844.17,0
2024-03-15,SKU_076,7.0,10601.64,1514.52,1
2024-03-16,SKU_076,7.0,10550.54,1507.22,1
2024-03-17,SKU_076,6.0,11065.02,1844.17,0
2024-03-18,SKU_076,2.0,3688.34,1844.17,0
2024-03-19,SKU_076,4.0,7376.68,1844.17,0
2024-03-20,SKU_076,3.0,5532.51,1844.17,0
