data/sales_daily.csv
date,sku_id,units_sold,revenue,unit_price,promo_flag
2024-01-01,SKU_077,13.0,11063.65,851.05,1
2024-01-02,SKU_077,14.0,14906.22,1064.73,1
2024-01-03,SKU_077,4.0,4514.92,1128.73,0
2024-01-04,SKU_077,13.0,14673.49,1128.73,0
2024-01-05,SKU_077,12.0,13544.76,1128.73,0
2024-01-06,SKU_077,13.0,14673.49,1128.73,0
2024-01-07,SKU_077,19.0,21445.87,1128.73,0
2024-01-08,SKU_077,4.0,4514.92,1128.73,0
2024-01-09,SKU_077,7.0,7901.11,1128.73,0
2024-01-10,SKU_077,9.0,10158.57,1128.73,0
2024-01-11,SKU_077,7.0,7901.11,1128.73,0
2024-01-12,SKU_077,10.0,11287.3,1128.73,0
2024-01-13,SKU_077,8.0,9029.84,1128.73,0
2024-01-14,SKU_077,22.0,21999.56,999.98,1
2024-01-15,SKU_077,,,1128.73,0
2024-01-16,SKU_077,11.0,12416.03,1128.73,0
2024-01-17,SKU_077,5.0,5643.65,1128.73,0
2024-01-18,SKU_077,4.0,4514.92,1128.73,0
2024-01-19,SKU_077,17.0,16711.68,983.04,1
2024-01-20,SKU_077,8.0,9029.84,1128.73,0
2024-01-21,SKU_077,10.0,11287.3,1128.73,0
2024-01-22,SKU_077,8.0,9029.84,1128.73,0
2024-01-23,SKU_077,5.0,5643.65,1128.73,0
2024-01-24,SKU_077,11.0,12416.03,1128.73,0
2024-01-25,SKU_077,6.0,6772.38,1128.73,0
2024-01-26,SKU_077,12.0,13544.76,1128.73,0
2024-01-27,SKU_077,12.0,13544.76,1128.73,0
2024-01-28,SKU_077,17.0,19188.41,1128.73,0
2024-01-29,SKU_077,9.0,10158.57,1128.73,0
2024-01-30,SKU_077,10.0,11287.3,1128.73,0
2024-01-31,SKU_077,6.0,6772.38,1128.73,0
2024-02-01,SKU_077,7.0,7901.11,1128.73,0
2024-02-02,SKU_077,11.0,12416.03,1128.73,0
2024-02-03,SKU_077,14.0,15802.22,1128.73,0
2024-02-04,SKU_077,18.0,20317.14,1128.73,0
2024-02-05,SKU_077,3.0,3386.19,1128.73,0
2024-02-06,SKU_077,10.0,11287.3,1128.73,0
2024-02-07,SKU_077,2.0,2257.46,1128.73,0
2024-02-08,SKU_077,7.0,7901.11,1128.73,0
2024-02-09,SKU_077,8.0,9029.84,1128.73,0
2024-02-10,SKU_077,9.0,10158.57,1128.73,0
2024-02-11,SKU_077,27.0,27448.47,1016.61,1
2024-02-12,SKU_077,9.0,8776.62,975.18,1
2024-02-13,SKU_077,11.0,12416.03,1128.73,0
2024-02-14,SKU_077,6.0,6772.38,1128.73,0
2024-02-15,SKU_077,4.0,4514.92,1128.73,0
2024-02-16,SKU_077,8.0,9029.84,1128.73,0
2024-02-17,SKU_077,30.0,31203.9,1040.13,1
2024-02-18,SKU_077,14.0,15802.22,1128.73,0
2024-02-19,SKU_077,5.0,5643.65,1128.73,0
2024-02-20,SKU_077,9.0,10158.57,1128.73,0
2024-02-21,SKU_077,10.0,11287.3,1128.73,0
2024-02-22,SKU_077,6.0,6772.38,1128.73,0
2024-02-23,SKU_077,15.0,16930.95,1128.73,0
2024-02-24,SKU_077,11.0,12416.03,1128.73,0
2024-02-25,SKU_077,14.0,15802.22,1128.73,0
2024-02-26,SKU_077,6.0,6772.38,1128.73,0
2024-02-27,SKU_077,5.0,5643.65,1128.73,0
2024-02-28,SKU_077,4.0,4514.92,1128.73,0
2024-02-29,SKU_077,11.0,12416.03,1128.73,0
2024-03-01,SKU_077,9.0,10158.57,1128.73,0
2024-03-02,SKU_077,14.0,15802.22,1128.73,0
2024-03-03,SKU_077,13.0,14673.49,1128.73,0
2024-03-04,SKU_077,8.0,9029.84,1128.73,0
2024-03-05,SKU_077,9.0,10158.57,1128.73,0
2024-03-06,SKU_077,9.0,10158.57,1128.73,0
2024-03-07,SKU_077,7.0,7901.11,1128.73,0
2024-03-08,SKU_077,18.0,18722.52,1040.14,1
2024-03-09,SKU_077,7.0,7901.11,1128.73,0
2024-03-10,SKU_077,11.0,12416.03,1128.73,0
2024-03-11,SKU_077,6.0,6772.38,1128.73,0
2024-03-12,SKU_077,5.0,5643.65,1128.73,0
2024-03-13,SKU_077,9.0,10158.57,1128.73,0
2024-03-14,SKU_077,10.0,11287.3,1128.73,0
2024-03-15,SKU_077,12.0,10213.56,851.13,1
2024-03-16,SKU_077,25.0,21662.5,866.5,1
2024-03-17,SKU_077,9.0,10158.57,1128.73,0
2024-03-18,SKU_077,3.0,3386.19,1128.73,0
2024-03-19,SKU_077,4.0,4514.92,1128.73,0
2024-03-20,SKU_077,6.0,6772.38,1128.73,0
2024-01-01,SKU_078,7.0,13477.38,1925.34,1
2024-01-02,SKU_078,3.0,6927.39,2309.13,0
2024-01-03,SKU_078,6.0,13854.78,2309.13,0
2024-01-04,SKU_078,3.0,6927.39,2309.13,0
2024-01-05,SKU_078,6.0,13854.78,2309.13,0
2024-01-06,SKU_078,2.0,4618.26,2309.13,0
2024-01-07,SKU_078,3.0,6927.39,2309.13,0
2024-01-08,SKU_078,3.0,6927.39,2309.13,0
2024-01-09,SKU_078,3.0,6927.39,2309.13,0
2024-01-10,SKU_078,3.0,6927.39,2309.13,0
2024-01-11,SKU_078,3.0,6927.39,2309.13,0
2024-01-12,SKU_078,6.0,13854.78,2309.13,0
2024-01-13,SKU_078,3.0,6927.39,2309.13,0
2024-01-14,SKU_078,7.0,16163.91,2309.13,0
2024-01-15,SKU_078,5.0,10743.2,2148.64,1
2024-01-16,SKU_078,2.0,4618.26,2309.13,0
2024-01-17,SKU_078,2.0,4618.26,2309.13,0
2024-01-18,SKU_078,3.0,6927.39,2309.13,0
2024-01-19,SKU_078,5.0,11545.65,2309.13,0
2024-01-20,SKU_078,3.0,6927.39,2309.13,0
2024-01-21,SKU_078,10.0,21523.4,2152.34,1
2024-01-22,SKU_078,3.0,6927.39,2309.13,0
2024-01-23,SKU_078,4.0,9236.52,2309.13,0
2024-01-24,SKU_078,8.0,18473.04,2309.13,0
2024-01-25,SKU_078,2.0,4618.26,2309.13,0
2024-01-26,SKU_078,7.0,16163.91,2309.13,0
2024-01-27,SKU_078,6.0,13854.78,2309.13,0
2024-01-28,SKU_078,3.0,6927.39,2309.13,0
2024-01-29,SKU_078,4.0,9236.52,2309.13,0
2024-01-30,SKU_078,2.0,4618.26,2309.13,0
2024-01-31,SKU_078,2.0,4618.26,2309.13,0
2024-02-01,SKU_078,3.0,6927.39,2309.13,0
2024-02-02,SKU_078,5.0,11545.65,2309.13,0
2024-02-03,SKU_078,6.0,12747.84,2124.64,1
2024-02-04,SKU_078,5.0,11545.65,2309.13,0
2024-02-05,SKU_078,3.0,6927.39,2309.13,0
2024-02-06,SKU_078,6.0,13854.78,2309.13,0
2024-02-07,SKU_078,6.0,13094.64,2182.44,1
2024-02-08,SKU_078,7.0,16163.91,2309.13,0
2024-02-09,SKU_078,4.0,9236.52,2309.13,0
2024-02-10,SKU_078,6.0,13854.78,2309.13,0
2024-02-11,SKU_078,4.0,9236.52,2309.13,0
2024-02-12,SKU_078,5.0,11545.65,2309.13,0
2024-02-13,SKU_078,5.0,11545.65,2309.13,0
2024-02-14,SKU_078,3.0,6326.46,2108.82,1
2024-02-15,SKU_078,4.0,9236.52,2309.13,0
2024-02-16,SKU_078,5.0,11545.65,2309.13,0
2024-02-17,SKU_078,8.0,18473.04,2309.13,0
2024-02-18,SKU_078,8.0,18473.04,2309.13,0
2024-02-19,SKU_078,3.0,6927.39,2309.13,0
2024-02-20,SKU_078,8.0,18473.04,2309.13,0
2024-02-21,SKU_078,4.0,9236.52,2309.13,0
2024-02-22,SKU_078,2.0,4618.26,2309.13,0
2024-02-23,SKU_078,3.0,6927.39,2309.13,0
2024-02-24,SKU_078,9.0,20782.17,2309.13,0
2024-02-25,SKU_078,5.0,11545.65,2309.13,0
2024-02-26,SKU_078,3.0,6014.37,2004.79,1
2024-02-27,SKU_078,8.0,18473.04,2309.13,0
2024-02-28,SKU_078,1.0,2309.13,2309.13,0
2024-02-29,SKU_078,3.0,6927.39,2309.13,0
2024-03-01,SKU_078,7.0,14581.63,2083.09,1
2024-03-02,SKU_078,6.0,13854.78,2309.13,0
2024-03-03,SKU_078,8.0,17107.92,2138.49,1
2024-03-04,SKU_078,5.0,11545.65,2309.13,0
2024-03-05,SKU_078,4.0,9236.52,2309.13,0
2024-03-06,SKU_078,8.0,16512.96,2064.12,1
2024-03-07,SKU_078,3.0,6927.39,2309.13,0
2024-03-08,SKU_078,3.0,6927.39,2309.13,0
2024-03-09,SKU_078,5.0,11545.65,2309.13,0
2024-03-11,SKU_078,8.0,18473.04,2309.13,0
2024-03-12,SKU_078,2.0,4618.26,2309.13,0
2024-03-13,SKU_078,4.0,9236.52,2309.13,0
2024-03-14,SKU_078,4.0,9236.52,2309.13,0
2024-03-15,SKU_078,5.0,8817.1,1763.42,1
2024-03-16,SKU_078,15.0,27641.1,1842.74,1
2024-03-17,SKU_078,7.0,16163.91,2309.13,0
2024-03-18,SKU_078,6.0,13854.78,2309.13,0
2024-03-19,SKU_078,5.0,11545.65,2309.13,0
2024-03-20,SKU_078,6.0,12141.18,2023.53,1
2024-01-01,SKU_079,2.0,11777.46,5888.73,1
2024-01-02,SKU_079,3.0,20410.68,6803.56,1
2024-01-04,SKU_079,2.0,14708.26,7354.13,0
2024-01-05,SKU_079,3.0,22062.39,7354.13,0
2024-01-06,SKU_079,1.0,7354.13,7354.13,0
2024-01-07,SKU_079,1.0,7354.13,7354.13,0
2024-01-10,SKU_079,5.0,36770.65,7354.13,0
2024-01-11,SKU_079,1.0,7354.13,7354.13,0
2024-01-12,SKU_079,4.0,29416.52,7354.13,0
2024-01-13,SKU_079,3.0,22062.39,7354.13,0
2024-01-14,SKU_079,2.0,14708.26,7354.13,0
2024-01-15,SKU_079,1.0,7354.13,7354.13,0
2024-01-16,SKU_079,5.0,36770.65,7354.13,0
2024-01-17,SKU_079,3.0,20507.1,6835.7,1
2024-01-19,SKU_079,1.0,7354.13,7354.13,0
2024-01-20,SKU_079,3.0,20822.25,6940.75,1
2024-01-21,SKU_079,2.0,14708.26,7354.13,0
2024-01-23,SKU_079,5.0,36770.65,7354.13,0
2024-01-24,SKU_079,5.0,36770.65,7354.13,0
2024-01-25,SKU_079,3.0,22062.39,7354.13,0
2024-01-26,SKU_079,2.0,14708.26,7354.13,0
2024-01-27,SKU_079,1.0,7354.13,7354.13,0
2024-01-28,SKU_079,5.0,36770.65,7354.13,0
2024-01-30,SKU_079,1.0,7354.13,7354.13,0
2024-02-01,SKU_079,1.0,7354.13,7354.13,0
2024-02-03,SKU_079,1.0,7354.13,7354.13,0
2024-02-04,SKU_079,2.0,14708.26,7354.13,0
2024-02-05,SKU_079,3.0,22062.39,7354.13,0
2024-02-06,SKU_079,1.0,7354.13,7354.13,0
2024-02-07,SKU_079,3.0,22062.39,7354.13,0
2024-02-08,SKU_079,2.0,14708.26,7354.13,0
2024-02-09,SKU_079,1.0,7354.13,7354.13,0
2024-02-10,SKU_079,3.0,22062.39,7354.13,0
2024-02-11,SKU_079,1.0,6436.0,6436.0,1
2024-02-12,SKU_079,2.0,14708.26,7354.13,0
2024-02-14,SKU_079,2.0,14708.26,7354.13,0
2024-02-15,SKU_079,5.0,31331.2,6266.24,1
2024-02-16,SKU_079,6.0,41534.58,6922.43,1
2024-02-17,SKU_079,1.0,7354.13,7354.13,0
2024-02-19,SKU_079,1.0,7354.13,7354.13,0
2024-02-21,SKU_079,2.0,14708.26,7354.13,0
2024-02-22,SKU_079,1.0,7354.13,7354.13,0
2024-02-23,SKU_079,1.0,7354.13,7354.13,0
2024-02-24,SKU_079,2.0,14708.26,7354.13,0
2024-02-25,SKU_079,2.0,14708.26,7354.13,0
2024-02-27,SKU_079,2.0,14708.26,7354.13,0
2024-02-29,SKU_079,1.0,7354.13,7354.13,0
2024-03-01,SKU_079,3.0,22062.39,7354.13,0
2024-03-02,SKU_079,1.0,7354.13,7354.13,0
2024-03-03,SKU_079,2.0,14708.26,7354.13,0
2024-03-04,SKU_079,2.0,14708.26,7354.13,0
2024-03-05,SKU_079,1.0,6358.62,6358.62,1
2024-03-06,SKU_079,1.0,7354.13,7354.13,0
2024-03-08,SKU_079,1.0,7354.13,7354.13,0
2024-03-09,SKU_079,2.0,14708.26,7354.13,0
2024-03-10,SKU_079,4.0,29416.52,7354.13,0
2024-03-13,SKU_079,1.0,7354.13,7354.13,0
2024-03-14,SKU_079,5.0,36770.65,7354.13,0
2024-03-17,SKU_079,1.0,7354.13,7354.13,0
2024-03-18,SKU_079,6.0,44124.78,7354.13,0
2024-03-19,SKU_079,1.0,7354.13,7354.13,0
2024-03-20,SKU_079,1.0,7354.13,7354.13,0
2024-01-01,SKU_080,3.0,6668.7,2222.9,1
2024-01-02,SKU_080,2.0,5192.44,2596.22,0
2024-01-03,SKU_080,2.0,5192.44,2596.22,0
2024-01-05,SKU_080,1.0,2596.22,2596.22,0
2024-01-06,SKU_080,1.0,2596.22,2596.22,0
2024-01-07,SKU_080,3.0,7788.66,2596.22,0
2024-01-08,SKU_080,2.0,5192.44,2596.22,0
2024-01-09,SKU_080,2.0,5192.44,2596.22,0
2024-01-10,SKU_080,2.0,5192.44,2596.22,0
2024-01-11,SKU_080,2.0,5192.44,2596.22,0
2024-01-12,SKU_080,2.0,5192.44,2596.22,0
2024-01-13,SKU_080,8.0,20769.76,2596.22,0
2024-01-14,SKU_080,2.0,4597.38,2298.69,1
2024-01-15,SKU_080,2.0,5192.44,2596.22,0
2024-01-16,SKU_080,1.0,2596.22,2596.22,0
2024-01-17,SKU_080,1.0,2596.22,2596.22,0
2024-01-18,SKU_080,2.0,5192.44,2596.22,0
2024-01-20,SKU_080,4.0,9558.68,2389.67,1
2024-01-21,SKU_080,2.0,5192.44,2596.22,0
2024-01-22,SKU_080,1.0,2596.22,2596.22,0
2024-01-24,SKU_080,2.0,5192.44,2596.22,0
2024-01-26,SKU_080,2.0,5192.44,2596.22,0
2024-01-30,SKU_080,1.0,2596.22,2596.22,0
2024-02-02,SKU_080,1.0,2596.22,2596.22,0
2024-02-04,SKU_080,2.0,5192.44,2596.22,0
2024-02-05,SKU_080,1.0,2596.22,2596.22,0
2024-02-06,SKU_080,1.0,2596.22,2596.22,0
2024-02-07,SKU_080,3.0,7788.66,2596.22,0
2024-02-08,SKU_080,2.0,5192.44,2596.22,0
2024-02-09,SKU_080,3.0,6633.6,2211.2,1
2024-02-10,SKU_080,2.0,5192.44,2596.22,0
2024-02-12,SKU_080,2.0,5192.44,2596.22,0
2024-02-13,SKU_080,1.0,2596.22,2596.22,0
2024-02-15,SKU_080,1.0,2596.22,2596.22,0
2024-02-16,SKU_080,3.0,7788.66,2596.22,0
2024-02-17,SKU_080,4.0,10384.88,2596.22,0
2024-02-18,SKU_080,3.0,7788.66,2596.22,0
2024-02-20,SKU_080,1.0,2596.22,2596.22,0
2024-02-22,SKU_080,2.0,5192.44,2596.22,0
2024-02-23,SKU_080,1.0,2596.22,2596.22,0
2024-02-24,SKU_080,5.0,12981.1,2596.22,0
2024-02-25,SKU_080,3.0,7285.26,2428.42,1
2024-02-26,SKU_080,2.0,4927.04,2463.52,1
2024-02-27,SKU_080,3.0,7788.66,2596.22,0
2024-02-28,SKU_080,1.0,2596.22,2596.22,0
2024-02-29,SKU_080,1.0,2596.22,2596.22,0
2024-03-02,SKU_080,4.0,10384.88,2596.22,0
2024-03-03,SKU_080,3.0,7788.66,2596.22,0
2024-03-04,SKU_080,1.0,2596.22,2596.22,0
2024-03-05,SKU_080,1.0,2596.22,2596.22,0
2024-03-06,SKU_080,3.0,7788.66,2596.22,0
2024-03-07,SKU_080,1.0,2596.22,2596.22,0
2024-03-09,SKU_080,2.0,4435.36,2217.68,1
2024-03-10,SKU_080,3.0,7788.66,2596.22,0
2024-03-11,SKU_080,1.0,2245.29,2245.29,1
2024-03-12,SKU_080,1.0,2596.22,2596.22,0
2024-03-13,SKU_080,2.0,5192.44,2596.22,0
2024-03-14,SKU_080,2.0,5192.44,2596.22,0
2024-03-15,SKU_080,2.0,4518.24,2259.12,1
2024-03-16,SKU_080,4.0,8715.32,2178.83,1
2024-03-17,SKU_080,2.0,5192.44,2596.22,0
2024-03-18,SKU_080,1.0,2596.22,2596.22,0
2024-03-19,SKU_080,2.0,4855.26,2427.63,1
2024-03-20,SKU_080,1.0,2596.22,2596.22,0
2024-01-01,SKU_082,2.0,1812.32,906.16,1
2024-01-03,SKU_082,2.0,2066.04,1033.02,0
2024-01-04,SKU_082,2.0,2066.04,1033.02,0
2024-01-05,SKU_082,2.0,2066.04,1033.02,0
2024-01-06,SKU_082,2.0,2066.04,1033.02,0
2024-01-07,SKU_082,9.0,8577.27,953.03,1
2024-01-08,SKU_082,6.0,5840.52,973.42,1
2024-01-10,SKU_082,1.0,1033.02,1033.02,0
2024-01-12,SKU_082,1.0,1033.02,1033.02,0
2024-01-13,SKU_082,1.0,1033.02,1033.02,0
2024-01-14,SKU_082,5.0,4416.1,883.22,1
2024-01-15,SKU_082,1.0,1033.02,1033.02,0
2024-01-16,SKU_082,1.0,881.54,881.54,1
2024-01-18,SKU_082,3.0,3099.06,1033.02,0
2024-01-19,SKU_082,2.0,2066.04,1033.02,0
2024-01-20,SKU_082,5.0,5165.1,1033.02,0
2024-01-21,SKU_082,2.0,2066.04,1033.02,0
2024-01-22,SKU_082,1.0,1033.02,1033.02,0
2024-01-23,SKU_082,1.0,1033.02,1033.02,0
2024-01-24,SKU_082,2.0,2066.04,1033.02,0
2024-01-25,SKU_082,1.0,1033.02,1033.02,0
2024-01-27,SKU_082,4.0,4132.08,1033.02,0
2024-01-28,SKU_082,3.0,3099.06,1033.02,0
2024-01-30,SKU_082,2.0,2066.04,1033.02,0
2024-01-31,SKU_082,2.0,2066.04,1033.02,0
2024-02-01,SKU_082,2.0,2066.04,1033.02,0
2024-02-02,SKU_082,3.0,3099.06,1033.02,0
2024-02-03,SKU_082,2.0,2066.04,1033.02,0
2024-02-04,SKU_082,4.0,4132.08,1033.02,0
2024-02-05,SKU_082,1.0,1033.02,1033.02,0
2024-02-06,SKU_082,3.0,3099.06,1033.02,0
2024-02-07,SKU_082,2.0,2066.04,1033.02,0
2024-02-08,SKU_082,1.0,1033.02,1033.02,0
2024-02-09,SKU_082,2.0,2066.04,1033.02,0
2024-02-10,SKU_082,2.0,2066.04,1033.02,0
2024-02-11,SKU_082,2.0,2066.04,1033.02,0
2024-02-12,SKU_082,1.0,1033.02,1033.02,0
2024-02-14,SKU_082,1.0,1033.02,1033.02,0
2024-02-15,SKU_082,1.0,1033.02,1033.02,0
2024-02-16,SKU_082,5.0,5165.1,1033.02,0
2024-02-17,SKU_082,3.0,3099.06,1033.02,0
2024-02-18,SKU_082,2.0,2066.04,1033.02,0
2024-02-20,SKU_082,2.0,2066.04,1033.02,0
2024-02-21,SKU_082,1.0,1033.02,1033.02,0
2024-02-22,SKU_082,1.0,1033.02,1033.02,0
2024-02-23,SKU_082,1.0,1033.02,1033.02,0
2024-02-24,SKU_082,4.0,4132.08,1033.02,0
2024-02-25,SKU_082,4.0,4132.08,1033.02,0
2024-02-26,SKU_082,1.0,1033.02,1033.02,0
2024-02-27,SKU_082,5.0,5165.1,1033.02,0
2024-02-29,SKU_082,3.0,2795.7,931.9,1
2024-03-01,SKU_082,5.0,5165.1,1033.02,0
2024-03-02,SKU_082,2.0,2066.04,1033.02,0
2024-03-03,SKU_082,2.0,2066.04,1033.02,0
2024-03-04,SKU_082,2.0,2066.04,1033.02,0
2024-03-05,SKU_082,1.0,1033.02,1033.02,0
2024-03-07,SKU_082,2.0,2066.04,1033.02,0
2024-03-08,SKU_082,1.0,1033.02,1033.02,0
2024-03-09,SKU_082,2.0,2066.04,1033.02,0
2024-03-10,SKU_082,3.0,3099.06,1033.02,0
2024-03-11,SKU_082,4.0,3672.76,918.19,1
2024-03-12,SKU_082,6.0,6198.12,1033.02,0
2024-03-13,SKU_082,2.0,2066.04,1033.02,0
2024-03-14,SKU_082,2.0,2066.04,1033.02,0
2024-03-15,SKU_082,5.0,4030.6,806.12,1
2024-03-16,SKU_082,6.0,5542.26,923.71,1
2024-03-17,SKU_082,2.0,1898.12,949.06,1
2024-03-18,SKU_082,1.0,1033.02,1033.02,0
2024-03-19,SKU_082,2.0,2066.04,1033.02,0
2024-03-20,SKU_082,1.0,1033.02,1033.02,0
