data/sales_daily.csv
date,sku_id,units_sold,revenue,unit_price,promo_flag
2024-01-01,SKU_083,2.0,14607.22,7303.61,1
2024-01-02,SKU_083,6.0,54914.82,9152.47,0
2024-01-03,SKU_083,4.0,36609.88,9152.47,0
2024-01-04,SKU_083,2.0,18304.94,9152.47,0
2024-01-05,SKU_083,2.0,18304.94,9152.47,0
2024-01-06,SKU_083,6.0,54914.82,9152.47,0
2024-01-07,SKU_083,5.0,45762.35,9152.47,0
2024-01-08,SKU_083,3.0,27457.41,9152.47,0
2024-01-09,SKU_083,3.0,27457.41,9152.47,0
2024-01-10,SKU_083,1.0,9152.47,9152.47,0
2024-01-11,SKU_083,9.0,76913.28,8545.92,1
2024-01-12,SKU_083,7.0,64067.29,9152.47,0
2024-01-13,SKU_083,6.0,54914.82,9152.47,0
2024-01-14,SKU_083,1.0,9152.47,9152.47,0
2024-01-15,SKU_083,3.0,27457.41,9152.47,0
2024-01-16,SKU_083,4.0,36609.88,9152.47,0
2024-01-17,SKU_083,4.0,36609.88,9152.47,0
2024-01-18,SKU_083,1.0,9152.47,9152.47,0
2024-01-19,SKU_083,4.0,36609.88,9152.47,0
2024-01-20,SKU_083,3.0,27457.41,9152.47,0
2024-01-21,SKU_083,6.0,54914.82,9152.47,0
2024-01-22,SKU_083,9.0,77863.86,8651.54,1
2024-01-23,SKU_083,3.0,27457.41,9152.47,0
2024-01-24,SKU_083,2.0,18304.94,9152.47,0
2024-01-25,SKU_083,2.0,18304.94,9152.47,0
2024-01-26,SKU_083,2.0,18304.94,9152.47,0
2024-01-27,SKU_083,3.0,27457.41,9152.47,0
2024-01-28,SKU_083,7.0,64067.29,9152.47,0
2024-01-29,SKU_083,5.0,45762.35,9152.47,0
2024-01-30,SKU_083,4.0,36609.88,9152.47,0
2024-01-31,SKU_083,3.0,27457.41,9152.47,0
2024-02-01,SKU_083,4.0,36609.88,9152.47,0
2024-02-02,SKU_083,3.0,27457.41,9152.47,0
2024-02-03,SKU_083,8.0,68990.24,8623.78,1
2024-02-04,SKU_083,3.0,27457.41,9152.47,0
2024-02-05,SKU_083,4.0,36609.88,9152.47,0
2024-02-06,SKU_083,3.0,27457.41,9152.47,0
2024-02-07,SKU_083,4.0,36609.88,9152.47,0
2024-02-08,SKU_083,2.0,18304.94,9152.47,0
2024-02-09,SKU_083,6.0,54914.82,9152.47,0
2024-02-10,SKU_083,6.0,47611.26,7935.21,1
2024-02-11,SKU_083,7.0,64067.29,9152.47,0
2024-02-12,SKU_083,,,9152.47,0
2024-02-13,SKU_083,3.0,27457.41,9152.47,0
2024-02-14,SKU_083,2.0,18304.94,9152.47,0
2024-02-15,SKU_083,2.0,18304.94,9152.47,0
2024-02-16,SKU_083,7.0,64067.29,9152.47,0
2024-02-17,SKU_083,5.0,45762.35,9152.47,0
2024-02-18,SKU_083,12.0,103445.28,8620.44,1
2024-02-19,SKU_083,4.0,36609.88,9152.47,0
2024-02-20,SKU_083,7.0,64067.29,9152.47,0
2024-02-21,SKU_083,3.0,27457.41,9152.47,0
2024-02-22,SKU_083,8.0,68935.12,8616.89,1
2024-02-23,SKU_083,2.0,18304.94,9152.47,0
2024-02-24,SKU_083,14.0,110404.56,7886.04,1
2024-02-25,SKU_083,6.0,54914.82,9152.47,0
2024-02-26,SKU_083,9.0,70788.15,7865.35,1
2024-02-27,SKU_083,4.0,36609.88,9152.47,0
2024-02-28,SKU_083,7.0,64067.29,9152.47,0
2024-02-29,SKU_083,6.0,54914.82,9152.47,0
2024-03-01,SKU_083,5.0,45762.35,9152.47,0
2024-03-02,SKU_083,10.0,91524.7,9152.47,0
2024-03-03,SKU_083,4.0,36609.88,9152.47,0
2024-03-04,SKU_083,6.0,54914.82,9152.47,0
2024-03-05,SKU_083,4.0,36609.88,9152.47,0
2024-03-06,SKU_083,3.0,27457.41,9152.47,0
2024-03-07,SKU_083,4.0,36609.88,9152.47,0
2024-03-08,SKU_083,7.0,64067.29,9152.47,0
2024-03-09,SKU_083,5.0,45762.35,9152.47,0
2024-03-10,SKU_083,3.0,27457.41,9152.47,0
2024-03-11,SKU_083,1.0,9152.47,9152.47,0
2024-03-12,SKU_083,5.0,45762.35,9152.47,0
2024-03-13,SKU_083,4.0,36609.88,9152.47,0
2024-03-14,SKU_083,6.0,49651.08,8275.18,1
2024-03-15,SKU_083,7.0,54790.61,7827.23,1
2024-03-16,SKU_083,14.0,108193.12,7728.08,1
2024-03-17,SKU_083,7.0,57237.53,8176.79,1
2024-03-19,SKU_083,2.0,18304.94,9152.47,0
2024-03-20,SKU_083,2.0,18304.94,9152.47,0
2024-01-01,SKU_084,6.0,22542.42,3757.07,1
2024-01-02,SKU_084,1.0,4960.25,4960.25,0
2024-01-03,SKU_084,4.0,19841.0,4960.25,0
2024-01-04,SKU_084,3.0,14880.75,4960.25,0
2024-01-05,SKU_084,6.0,29761.5,4960.25,0
2024-01-06,SKU_084,7.0,34721.75,4960.25,0
2024-01-07,SKU_084,5.0,24801.25,4960.25,0
2024-01-08,SKU_084,7.0,34721.75,4960.25,0
2024-01-09,SKU_084,2.0,9920.5,4960.25,0
2024-01-10,SKU_084,3.0,14880.75,4960.25,0
2024-01-11,SKU_084,2.0,9920.5,4960.25,0
2024-01-12,SKU_084,2.0,9920.5,4960.25,0
2024-01-13,SKU_084,9.0,44642.25,4960.25,0
2024-01-14,SKU_084,5.0,24801.25,4960.25,0
2024-01-15,SKU_084,2.0,9920.5,4960.25,0
2024-01-16,SKU_084,1.0,4960.25,4960.25,0
2024-01-17,SKU_084,1.0,4960.25,4960.25,0
2024-01-18,SKU_084,2.0,9920.5,4960.25,0
2024-01-19,SKU_084,7.0,34721.75,4960.25,0
2024-01-20,SKU_084,4.0,19841.0,4960.25,0
2024-01-21,SKU_084,4.0,19841.0,4960.25,0
2024-01-22,SKU_084,3.0,14880.75,4960.25,0
2024-01-23,SKU_084,5.0,24801.25,4960.25,0
2024-01-24,SKU_084,8.0,33990.64,4248.83,1
2024-01-25,SKU_084,2.0,9920.5,4960.25,0
2024-01-26,SKU_084,1.0,4960.25,4960.25,0
2024-01-27,SKU_084,6.0,29761.5,4960.25,0
2024-01-28,SKU_084,4.0,19841.0,4960.25,0
2024-01-29,SKU_084,9.0,44642.25,4960.25,0
2024-01-30,SKU_084,9.0,44642.25,4960.25,0
2024-01-31,SKU_084,2.0,9920.5,4960.25,0
2024-02-01,SKU_084,5.0,24801.25,4960.25,0
2024-02-02,SKU_084,4.0,19841.0,4960.25,0
2024-02-03,SKU_084,6.0,29761.5,4960.25,0
2024-02-04,SKU_084,8.0,39682.0,4960.25,0
2024-02-05,SKU_084,3.0,14880.75,4960.25,0
2024-02-06,SKU_084,2.0,9920.5,4960.25,0
2024-02-07,SKU_084,1.0,4317.11,4317.11,1
2024-02-08,SKU_084,3.0,12928.86,4309.62,1
2024-02-09,SKU_084,6.0,29761.5,4960.25,0
2024-02-10,SKU_084,5.0,24801.25,4960.25,0
2024-02-11,SKU_084,8.0,39682.0,4960.25,0
2024-02-12,SKU_084,5.0,24801.25,4960.25,0
2024-02-12,SKU_084,5.0,24801.25,4960.25,0
2024-02-13,SKU_084,3.0,14880.75,4960.25,0
2024-02-14,SKU_084,4.0,19841.0,4960.25,0
2024-02-15,SKU_084,2.0,9920.5,4960.25,0
2024-02-16,SKU_084,6.0,29761.5,4960.25,0
2024-02-17,SKU_084,8.0,39682.0,4960.25,0
2024-02-18,SKU_084,3.0,14880.75,4960.25,0
2024-02-19,SKU_084,3.0,14880.75,4960.25,0
2024-02-20,SKU_084,5.0,24801.25,4960.25,0
2024-02-21,SKU_084,5.0,24801.25,4960.25,0
2024-02-22,SKU_084,5.0,24801.25,4960.25,0
2024-02-23,SKU_084,4.0,19841.0,4960.25,0
2024-02-24,SKU_084,6.0,29761.5,4960.25,0
2024-02-25,SKU_084,4.0,19841.0,4960.25,0
2024-02-26,SKU_084,1.0,4960.25,4960.25,0
2024-02-28,SKU_084,6.0,29761.5,4960.25,0
2024-02-29,SKU_084,2.0,8550.74,4275.37,1
2024-03-01,SKU_084,1.0,4960.25,4960.25,0
2024-03-02,SKU_084,5.0,24801.25,4960.25,0
2024-03-03,SKU_084,3.0,14880.75,4960.25,0
2024-03-04,SKU_084,6.0,29761.5,4960.25,0
2024-03-05,SKU_084,5.0,24801.25,4960.25,0
2024-03-06,SKU_084,2.0,9920.5,4960.25,0
2024-03-07,SKU_084,3.0,14880.75,4960.25,0
2024-03-08,SKU_084,3.0,14880.75,4960.25,0
2024-03-09,SKU_084,6.0,29761.5,4960.25,0
2024-03-10,SKU_084,5.0,24801.25,4960.25,0
2024-03-11,SKU_084,4.0,18026.92,4506.73,1
2024-03-12,SKU_084,4.0,19841.0,4960.25,0
2024-03-14,SKU_084,4.0,19841.0,4960.25,0
2024-03-15,SKU_084,9.0,35370.45,3930.05,1
2024-03-16,SKU_084,14.0,52635.94,3759.71,1
2024-03-17,SKU_084,7.0,34721.75,4960.25,0
2024-03-18,SKU_084,1.0,4960.25,4960.25,0
2024-03-19,SKU_084,3.0,14880.75,4960.25,0
2024-03-20,SKU_084,4.0,19841.0,4960.25,0
2024-01-01,SKU_085,2.0,13998.72,6999.36,1
2024-01-02,SKU_085,2.0,14538.58,7269.29,1
2024-01-07,SKU_085,1.0,8119.3,8119.3,0
2024-01-09,SKU_085,1.0,8119.3,8119.3,0
2024-01-10,SKU_085,1.0,8119.3,8119.3,0
2024-01-16,SKU_085,1.0,8119.3,8119.3,0
2024-01-18,SKU_085,1.0,8119.3,8119.3,0
2024-01-19,SKU_085,1.0,8119.3,8119.3,0
2024-01-20,SKU_085,1.0,8119.3,8119.3,0
2024-01-21,SKU_085,2.0,16238.6,8119.3,0
2024-01-23,SKU_085,1.0,8119.3,8119.3,0
2024-01-25,SKU_085,1.0,8119.3,8119.3,0
2024-01-26,SKU_085,1.0,8119.3,8119.3,0
2024-01-27,SKU_085,1.0,8119.3,8119.3,0
2024-01-30,SKU_085,2.0,16238.6,8119.3,0
2024-02-02,SKU_085,1.0,8119.3,8119.3,0
2024-02-05,SKU_085,1.0,8119.3,8119.3,0
2024-02-08,SKU_085,1.0,8119.3,8119.3,0
2024-02-12,SKU_085,2.0,14295.58,7147.79,1
2024-02-19,SKU_085,1.0,7173.43,7173.43,1
2024-02-20,SKU_085,1.0,7313.44,7313.44,1
2024-02-24,SKU_085,2.0,15186.26,7593.13,1
2024-03-02,SKU_085,1.0,8119.3,8119.3,0
2024-03-03,SKU_085,1.0,8119.3,8119.3,0
2024-03-04,SKU_085,1.0,8119.3,8119.3,0
2024-03-06,SKU_085,1.0,8119.3,8119.3,0
2024-03-10,SKU_085,1.0,8119.3,8119.3,0
2024-03-15,SKU_085,1.0,7233.16,7233.16,1
2024-01-01,SKU_086,1.0,4898.18,4898.18,1
2024-01-03,SKU_086,2.0,12228.54,6114.27,0
2024-01-07,SKU_086,1.0,6114.27,6114.27,0
2024-01-12,SKU_086,1.0,6114.27,6114.27,0
2024-01-13,SKU_086,3.0,18342.81,6114.27,0
2024-01-17,SKU_086,1.0,6114.27,6114.27,0
2024-01-18,SKU_086,1.0,6114.27,6114.27,0
2024-01-20,SKU_086,1.0,6114.27,6114.27,0
2024-01-21,SKU_086,1.0,6114.27,6114.27,0
2024-01-26,SKU_086,1.0,6114.27,6114.27,0
2024-01-27,SKU_086,1.0,6114.27,6114.27,0
2024-01-28,SKU_086,1.0,6114.27,6114.27,0
2024-02-05,SKU_086,1.0,6114.27,6114.27,0
2024-02-07,SKU_086,1.0,6114.27,6114.27,0
2024-02-09,SKU_086,1.0,6114.27,6114.27,0
2024-02-12,SKU_086,3.0,18342.81,6114.27,0
2024-02-15,SKU_086,2.0,10699.26,5349.63,1
2024-02-16,SKU_086,5.0,30571.35,6114.27,0
2024-02-17,SKU_086,1.0,6114.27,6114.27,0
2024-02-19,SKU_086,1.0,6114.27,6114.27,0
2024-02-20,SKU_086,1.0,6114.27,6114.27,0
2024-02-21,SKU_086,2.0,12228.54,6114.27,0
2024-02-22,SKU_086,1.0,6114.27,6114.27,0
2024-02-22,SKU_086,1.0,6114.27,6114.27,0
2024-02-23,SKU_086,1.0,6114.27,6114.27,0
2024-02-24,SKU_086,1.0,6114.27,6114.27,0
2024-02-26,SKU_086,1.0,6114.27,6114.27,0
2024-02-27,SKU_086,3.0,18342.81,6114.27,0
2024-02-29,SKU_086,1.0,6114.27,6114.27,0
2024-03-02,SKU_086,1.0,6114.27,6114.27,0
2024-03-05,SKU_086,1.0,6114.27,6114.27,0
2024-03-12,SKU_086,1.0,6114.27,6114.27,0
2024-03-15,SKU_086,2.0,10147.96,5073.98,1
2024-03-17,SKU_086,1.0,6114.27,6114.27,0
2024-01-01,SKU_089,8.0,12797.28,1599.66,1
2024-01-02,SKU_089,4.0,7297.12,1824.28,1
2024-01-04,SKU_089,2.0,4100.42,2050.21,0
2024-01-05,SKU_089,6.0,11575.8,1929.3,1
2024-01-06,SKU_089,9.0,18451.89,2050.21,0
2024-01-07,SKU_089,9.0,18451.89,2050.21,0
2024-01-08,SKU_089,5.0,10251.05,2050.21,0
2024-01-09,SKU_089,5.0,10251.05,2050.21,0
2024-01-10,SKU_089,3.0,6150.63,2050.21,0
2024-01-11,SKU_089,12.0,24602.52,2050.21,0
2024-01-12,SKU_089,2.0,4100.42,2050.21,0
2024-01-13,SKU_089,2.0,4100.42,2050.21,0
2024-01-14,SKU_089,3.0,6150.63,2050.21,0
2024-01-15,SKU_089,1.0,2050.21,2050.21,0
2024-01-16,SKU_089,6.0,11447.04,1907.84,1
2024-01-17,SKU_089,3.0,6150.63,2050.21,0
2024-01-18,SKU_089,5.0,10251.05,2050.21,0
2024-01-19,SKU_089,7.0,14351.47,2050.21,0
2024-01-20,SKU_089,2.0,4100.42,2050.21,0
2024-01-21,SKU_089,5.0,10251.05,2050.21,0
2024-01-22,SKU_089,2.0,4100.42,2050.21,0
2024-01-23,SKU_089,2.0,4100.42,2050.21,0
2024-01-24,SKU_089,2.0,4100.42,2050.21,0
2024-01-25,SKU_089,3.0,6150.63,2050.21,0
2024-01-26,SKU_089,8.0,14130.56,1766.32,1
2024-01-27,SKU_089,3.0,6150.63,2050.21,0
2024-01-28,SKU_089,3.0,6150.63,2050.21,0
2024-01-29,SKU_089,5.0,10251.05,2050.21,0
2024-01-30,SKU_089,3.0,6150.63,2050.21,0
2024-02-01,SKU_089,3.0,6150.63,2050.21,0
2024-02-02,SKU_089,9.0,18451.89,2050.21,0
2024-02-03,SKU_089,3.0,6150.63,2050.21,0
2024-02-04,SKU_089,7.0,14351.47,2050.21,0
2024-02-05,SKU_089,4.0,8200.84,2050.21,0
2024-02-06,SKU_089,3.0,6150.63,2050.21,0
2024-02-07,SKU_089,3.0,6150.63,2050.21,0
2024-02-08,SKU_089,2.0,4100.42,2050.21,0
2024-02-09,SKU_089,6.0,12301.26,2050.21,0
2024-02-10,SKU_089,6.0,12301.26,2050.21,0
2024-02-11,SKU_089,5.0,10251.05,2050.21,0
2024-02-12,SKU_089,2.0,4100.42,2050.21,0
2024-02-13,SKU_089,5.0,10251.05,2050.21,0
2024-02-14,SKU_089,6.0,12301.26,2050.21,0
2024-02-15,SKU_089,1.0,2050.21,2050.21,0
2024-02-16,SKU_089,6.0,12301.26,2050.21,0
2024-02-17,SKU_089,4.0,7690.12,1922.53,1
2024-02-18,SKU_089,7.0,14351.47,2050.21,0
2024-02-19,SKU_089,3.0,6150.63,2050.21,0
2024-02-20,SKU_089,4.0,8200.84,2050.21,0
2024-02-21,SKU_089,5.0,10251.05,2050.21,0
2024-02-22,SKU_089,4.0,8200.84,2050.21,0
2024-02-23,SKU_089,1.0,2050.21,2050.21,0
2024-02-24,SKU_089,1.0,2050.21,2050.21,0
2024-02-25,SKU_089,5.0,10251.05,2050.21,0
2024-02-26,SKU_089,8.0,16401.68,2050.21,0
2024-02-27,SKU_089,2.0,4100.42,2050.21,0
2024-02-28,SKU_089,4.0,8200.84,2050.21,0
2024-02-29,SKU_089,3.0,6150.63,2050.21,0
2024-03-01,SKU_089,2.0,4100.42,2050.21,0
2024-03-02,SKU_089,5.0,10251.05,2050.21,0
2024-03-03,SKU_089,4.0,8200.84,2050.21,0
2024-03-04,SKU_089,3.0,6150.63,2050.21,0
2024-03-06,SKU_089,6.0,12301.26,2050.21,0
2024-03-07,SKU_089,4.0,8200.84,2050.21,0
2024-03-08,SKU_089,5.0,10251.05,2050.21,0
2024-03-09,SKU_089,4.0,8200.84,2050.21,0
2024-03-10,SKU_089,3.0,6150.63,2050.21,0
2024-03-11,SKU_089,1.0,2050.21,2050.21,0
2024-03-12,SKU_089,3.0,6150.63,2050.21,0
2024-03-13,SKU_089,3.0,6150.63,2050.21,0
2024-03-14,SKU_089,6.0,12301.26,2050.21,0
2024-03-15,SKU_089,13.0,21574.93,1659.61,1
2024-03-16,SKU_089,7.0,12843.88,1834.84,1
2024-03-17,SKU_089,7.0,14351.47,2050.21,0
2024-03-18,SKU_089,5.0,10251.05,2050.21,0
2024-03-19,SKU_089,3.0,6150.63,2050.21,0
2024-03-20,SKU_089,5.0,10251.05,2050.21,0
2024-01-01,SKU_090,1.0,2580.13,2580.13,1
2024-01-02,SKU_090,2.0,6325.44,3162.72,0
2024-01-05,SKU_090,3.0,9488.16,3162.72,0
2024-01-06,SKU_090,2.0,6325.44,3162.72,0
2024-01-11,SKU_090,1.0,3162.72,3162.72,0
2024-01-13,SKU_090,1.0,3162.72,3162.72,0
2024-01-14,SKU_090,1.0,3162.72,3162.72,0
2024-01-21,SKU_090,4.0,12650.88,3162.72,0
2024-01-22,SKU_090,1.0,3162.72,3162.72,0
2024-01-26,SKU_090,1.0,3162.72,3162.72,0
2024-01-28,SKU_090,1.0,3162.72,3162.72,0
2024-01-29,SKU_090,2.0,6325.44,3162.72,0
2024-01-31,SKU_090,1.0,3162.72,3162.72,0
2024-02-04,SKU_090,2.0,6325.44,3162.72,0
2024-02-05,SKU_090,1.0,3162.72,3162.72,0
2024-02-08,SKU_090,1.0,3162.72,3162.72,0
2024-02-09,SKU_090,3.0,9488.16,3162.72,0
2024-02-10,SKU_090,3.0,9488.16,3162.72,0
2024-02-15,SKU_090,1.0,3162.72,3162.72,0
2024-02-17,SKU_090,2.0,6325.44,3162.72,0
2024-02-18,SKU_090,1.0,3162.72,3162.72,0
2024-02-20,SKU_090,1.0,3162.72,3162.72,0
2024-02-21,SKU_090,1.0,3162.72,3162.72,0
2024-02-22,SKU_090,1.0,3162.72,3162.72,0
2024-02-24,SKU_090,2.0,6325.44,3162.72,0
2024-02-25,SKU_090,2.0,5704.1,2852.05,1
2024-02-27,SKU_090,1.0,3162.72,3162.72,0
2024-03-01,SKU_090,2.0,6325.44,3162.72,0
2024-03-02,SKU_090,1.0,3162.72,3162.72,0
2024-03-03,SKU_090,1.0,3162.72,3162.72,0
2024-03-05,SKU_090,3.0,8810.01,2936.67,1
2024-03-06,SKU_090,2.0,6325.44,3162.72,0
2024-03-07,SKU_090,3.0,9488.16,3162.72,0
2024-03-08,SKU_090,1.0,3162.72,3162.72,0
2024-03-09,SKU_090,2.0,6325.44,3162.72,0
2024-03-10,SKU_090,1.0,3162.72,3162.72,0
2024-03-12,SKU_090,3.0,9488.16,3162.72,0
2024-03-15,SKU_090,1.0,2681.27,2681.27,1
2024-03-16,SKU_090,1.0,2642.12,2642.12,1
2024-03-17,SKU_090,1.0,3162.72,3162.72,0
2024-03-18,SKU_090,1.0,3162.72,3162.72,0
2024-01-01,SKU_092,2.0,4232.18,2116.09,1
2024-01-05,SKU_092,1.0,2436.78,2436.78,0
2024-01-06,SKU_092,2.0,4873.56,2436.78,0
2024-01-09,SKU_092,,,2436.78,0
2024-01-12,SKU_092,1.0,2436.78,2436.78,0
2024-01-13,SKU_092,1.0,2436.78,2436.78,0
2024-01-14,SKU_092,1.0,2436.78,2436.78,0
2024-01-15,SKU_092,1.0,2436.78,2436.78,0
2024-01-16,SKU_092,1.0,2436.78,2436.78,0
2024-01-17,SKU_092,2.0,4873.56,2436.78,0
2024-01-20,SKU_092,2.0,4873.56,2436.78,0
2024-01-25,SKU_092,2.0,4873.56,2436.78,0
2024-01-27,SKU_092,1.0,2436.78,2436.78,0
2024-01-28,SKU_092,1.0,2436.78,2436.78,0
2024-02-03,SKU_092,3.0,7310.34,2436.78,0
2024-02-05,SKU_092,1.0,2436.78,2436.78,0
2024-02-09,SKU_092,2.0,4873.56,2436.78,0
2024-02-10,SKU_092,1.0,2436.78,2436.78,0
2024-02-11,SKU_092,1.0,2436.78,2436.78,0
2024-02-13,SKU_092,1.0,2436.78,2436.78,0
2024-02-15,SKU_092,1.0,2436.78,2436.78,0
2024-02-17,SKU_092,2.0,4873.56,2436.78,0
2024-02-18,SKU_092,1.0,2436.78,2436.78,0
2024-02-22,SKU_092,1.0,2436.78,2436.78,0
2024-02-24,SKU_092,1.0,2436.78,2436.78,0
2024-02-27,SKU_092,1.0,2436.78,2436.78,0
2024-03-01,SKU_092,2.0,4873.56,2436.78,0
2024-03-02,SKU_092,2.0,4873.56,2436.78,0
2024-03-03,SKU_092,1.0,2436.78,2436.78,0
2024-03-04,SKU_092,1.0,2436.78,2436.78,0
2024-03-05,SKU_092,1.0,2436.78,2436.78,0
2024-03-06,SKU_092,1.0,2436.78,2436.78,0
2024-03-07,SKU_092,1.0,2267.83,2267.83,1
2024-03-10,SKU_092,1.0,2436.78,2436.78,0
2024-03-13,SKU_092,2.0,4873.56,2436.78,0
2024-03-14,SKU_092,1.0,2436.78,2436.78,0
2024-03-15,SKU_092,2.0,3658.2,1829.1,1
2024-03-16,SKU_092,1.0,1917.44,1917.44,1
2024-03-18,SKU_092,1.0,2436.78,2436.78,0
2024-03-20,SKU_092,2.0,4873.56,2436.78,0
