data/sales_daily.csv
date,sku_id,units_sold,revenue,unit_price,promo_flag
2024-01-01,SKU_094,2.0,1116.62,558.31,1
2024-01-02,SKU_094,5.0,3664.9,732.98,0
2024-01-04,SKU_094,2.0,1465.96,732.98,0
2024-01-05,SKU_094,2.0,1465.96,732.98,0
2024-01-06,SKU_094,3.0,2198.94,732.98,0
2024-01-07,SKU_094,4.0,2931.92,732.98,0
2024-01-08,SKU_094,1.0,662.43,662.43,1
2024-01-09,SKU_094,1.0,732.98,732.98,0
2024-01-10,SKU_094,3.0,2198.94,732.98,0
2024-01-11,SKU_094,3.0,2079.21,693.07,1
2024-01-13,SKU_094,4.0,2931.92,732.98,0
2024-01-15,SKU_094,1.0,732.98,732.98,0
2024-01-16,SKU_094,3.0,2198.94,732.98,0
2024-01-17,SKU_094,3.0,1951.35,650.45,1
2024-01-18,SKU_094,1.0,732.98,732.98,0
2024-01-19,SKU_094,2.0,1465.96,732.98,0
2024-01-20,SKU_094,1.0,732.98,732.98,0
2024-01-21,SKU_094,3.0,2198.94,732.98,0
2024-01-22,SKU_094,1.0,732.98,732.98,0
2024-01-23,SKU_094,2.0,1287.72,643.86,1
2024-01-24,SKU_094,3.0,2198.94,732.98,0
2024-01-25,SKU_094,1.0,732.98,732.98,0
2024-01-26,SKU_094,3.0,2198.94,732.98,0
2024-01-27,SKU_094,3.0,2079.57,693.19,1
2024-01-28,SKU_094,4.0,2931.92,732.98,0
2024-01-29,SKU_094,1.0,732.98,732.98,0
2024-01-29,SKU_094,1.0,732.98,732.98,0
2024-01-30,SKU_094,2.0,1465.96,732.98,0
2024-01-31,SKU_094,2.0,1465.96,732.98,0
2024-02-01,SKU_094,1.0,668.2,668.2,1
2024-02-02,SKU_094,3.0,2198.94,732.98,0
2024-02-03,SKU_094,3.0,2198.94,732.98,0
2024-02-05,SKU_094,1.0,732.98,732.98,0
2024-02-06,SKU_094,3.0,2198.94,732.98,0
2024-02-07,SKU_094,1.0,732.98,732.98,0
2024-02-08,SKU_094,1.0,732.98,732.98,0
2024-02-09,SKU_094,3.0,2198.94,732.98,0
2024-02-10,SKU_094,2.0,1321.78,660.89,1
2024-02-11,SKU_094,2.0,1465.96,732.98,0
2024-02-15,SKU_094,1.0,638.38,638.38,1
2024-02-16,SKU_094,1.0,732.98,732.98,0
2024-02-17,SKU_094,3.0,2198.94,732.98,0
2024-02-18,SKU_094,3.0,1900.83,633.61,1
2024-02-19,SKU_094,1.0,649.09,649.09,1
2024-02-21,SKU_094,2.0,1465.96,732.98,0
2024-02-22,SKU_094,3.0,2198.94,732.98,0
2024-02-23,SKU_094,1.0,684.14,684.14,1
2024-02-24,SKU_094,2.0,1465.96,732.98,0
2024-02-25,SKU_094,1.0,732.98,732.98,0
2024-02-26,SKU_094,2.0,1378.94,689.47,1
2024-02-27,SKU_094,1.0,732.98,732.98,0
2024-02-28,SKU_094,3.0,1989.54,663.18,1
2024-02-29,SKU_094,1.0,732.98,732.98,0
2024-03-01,SKU_094,3.0,2198.94,732.98,0
2024-03-02,SKU_094,4.0,2931.92,732.98,0
2024-03-03,SKU_094,3.0,2198.94,732.98,0
2024-03-04,SKU_094,3.0,2198.94,732.98,0
2024-03-05,SKU_094,3.0,2198.94,732.98,0
2024-03-07,SKU_094,2.0,1465.96,732.98,0
2024-03-08,SKU_094,3.0,2198.94,732.98,0
2024-03-09,SKU_094,2.0,1319.52,659.76,1
2024-03-10,SKU_094,4.0,2931.92,732.98,0
2024-03-11,SKU_094,3.0,2029.89,676.63,1
2024-03-12,SKU_094,1.0,732.98,732.98,0
2024-03-14,SKU_094,1.0,732.98,732.98,0
2024-03-15,SKU_094,2.0,1131.04,565.52,1
2024-03-16,SKU_094,3.0,1734.78,578.26,1
2024-03-17,SKU_094,2.0,1465.96,732.98,0
2024-03-18,SKU_094,5.0,3347.25,669.45,1
2024-03-19,SKU_094,2.0,1465.96,732.98,0
2024-01-01,SKU_095,5.0,22436.0,4487.2,1
2024-01-02,SKU_095,7.0,37646.28,5378.04,0
2024-01-03,SKU_095,7.0,32259.92,4608.56,1
2024-01-04,SKU_095,1.0,5378.04,5378.04,0
2024-01-05,SKU_095,9.0,44357.31,4928.59,1
2024-01-06,SKU_095,4.0,21512.16,5378.04,0
2024-01-07,SKU_095,6.0,32268.24,5378.04,0
2024-01-08,SKU_095,5.0,26890.2,5378.04,0
2024-01-09,SKU_095,2.0,10756.08,5378.04,0
2024-01-10,SKU_095,4.0,21512.16,5378.04,0
2024-01-11,SKU_095,2.0,10756.08,5378.04,0
2024-01-12,SKU_095,4.0,21512.16,5378.04,0
2024-01-13,SKU_095,4.0,21512.16,5378.04,0
2024-01-14,SKU_095,4.0,21512.16,5378.04,0
2024-01-15,SKU_095,2.0,10756.08,5378.04,0
2024-01-16,SKU_095,3.0,16134.12,5378.04,0
2024-01-17,SKU_095,1.0,5378.04,5378.04,0
2024-01-18,SKU_095,5.0,26890.2,5378.04,0
2024-01-19,SKU_095,2.0,10756.08,5378.04,0
2024-01-20,SKU_095,4.0,21512.16,5378.04,0
2024-01-21,SKU_095,6.0,32268.24,5378.04,0
2024-01-22,SKU_095,5.0,25387.9,5077.58,1
2024-01-23,SKU_095,3.0,14222.49,4740.83,1
2024-01-24,SKU_095,4.0,21512.16,5378.04,0
2024-01-25,SKU_095,1.0,5378.04,5378.04,0
2024-01-26,SKU_095,5.0,26890.2,5378.04,0
2024-01-27,SKU_095,5.0,26890.2,5378.04,0
2024-01-28,SKU_095,3.0,16134.12,5378.04,0
2024-01-29,SKU_095,4.0,21512.16,5378.04,0
2024-01-30,SKU_095,5.0,26890.2,5378.04,0
2024-01-31,SKU_095,2.0,10756.08,5378.04,0
2024-02-01,SKU_095,2.0,10756.08,5378.04,0
2024-02-02,SKU_095,4.0,21512.16,5378.04,0
2024-02-03,SKU_095,6.0,32268.24,5378.04,0
2024-02-04,SKU_095,6.0,32268.24,5378.04,0
2024-02-05,SKU_095,5.0,26890.2,5378.04,0
2024-02-06,SKU_095,4.0,21512.16,5378.04,0
2024-02-07,SKU_095,2.0,10756.08,5378.04,0
2024-02-08,SKU_095,3.0,16134.12,5378.04,0
2024-02-09,SKU_095,7.0,37646.28,5378.04,0
2024-02-10,SKU_095,1.0,5378.04,5378.04,0
2024-02-11,SKU_095,9.0,48402.36,5378.04,0
2024-02-12,SKU_095,5.0,26890.2,5378.04,0
2024-02-13,SKU_095,2.0,10756.08,5378.04,0
2024-02-14,SKU_095,2.0,10756.08,5378.04,0
2024-02-15,SKU_095,3.0,16134.12,5378.04,0
2024-02-16,SKU_095,4.0,21512.16,5378.04,0
2024-02-17,SKU_095,5.0,26890.2,5378.04,0
2024-02-18,SKU_095,5.0,26890.2,5378.04,0
2024-02-19,SKU_095,3.0,16134.12,5378.04,0
2024-02-20,SKU_095,6.0,32268.24,5378.04,0
2024-02-21,SKU_095,2.0,10756.08,5378.04,0
2024-02-21,SKU_095,2.0,10756.08,5378.04,0
2024-02-22,SKU_095,3.0,16134.12,5378.04,0
2024-02-23,SKU_095,3.0,16134.12,5378.04,0
2024-02-24,SKU_095,6.0,32268.24,5378.04,0
2024-02-25,SKU_095,8.0,43024.32,5378.04,0
2024-02-26,SKU_095,7.0,37646.28,5378.04,0
2024-02-27,SKU_095,6.0,32268.24,5378.04,0
2024-02-28,SKU_095,7.0,37646.28,5378.04,0
2024-02-29,SKU_095,3.0,16134.12,5378.04,0
2024-03-01,SKU_095,4.0,21512.16,5378.04,0
2024-03-02,SKU_095,9.0,44476.92,4941.88,1
2024-03-03,SKU_095,7.0,37646.28,5378.04,0
2024-03-04,SKU_095,4.0,21512.16,5378.04,0
2024-03-05,SKU_095,2.0,10756.08,5378.04,0
2024-03-06,SKU_095,6.0,27851.58,4641.93,1
2024-03-07,SKU_095,2.0,10756.08,5378.04,0
2024-03-08,SKU_095,5.0,26890.2,5378.04,0
2024-03-09,SKU_095,5.0,26890.2,5378.04,0
2024-03-10,SKU_095,6.0,32268.24,5378.04,0
2024-03-11,SKU_095,2.0,10756.08,5378.04,0
2024-03-12,SKU_095,5.0,24840.2,4968.04,1
2024-03-13,SKU_095,3.0,16134.12,5378.04,0
2024-03-14,SKU_095,3.0,16134.12,5378.04,0
2024-03-15,SKU_095,10.0,43296.8,4329.68,1
2024-03-16,SKU_095,12.0,48981.0,4081.75,1
2024-03-17,SKU_095,7.0,37646.28,5378.04,0
2024-03-18,SKU_095,6.0,32268.24,5378.04,0
2024-03-19,SKU_095,4.0,21512.16,5378.04,0
2024-03-20,SKU_095,4.0,21512.16,5378.04,0
2024-01-01,SKU_096,2.0,10708.98,5354.49,1
2024-01-02,SKU_096,1.0,5646.73,5646.73,1
2024-01-05,SKU_096,1.0,6248.5,6248.5,0
2024-01-06,SKU_096,1.0,6248.5,6248.5,0
2024-01-10,SKU_096,3.0,18745.5,6248.5,0
2024-01-13,SKU_096,1.0,6248.5,6248.5,0
2024-01-15,SKU_096,1.0,6248.5,6248.5,0
2024-01-17,SKU_096,1.0,6248.5,6248.5,0
2024-01-20,SKU_096,1.0,6248.5,6248.5,0
2024-01-24,SKU_096,1.0,6248.5,6248.5,0
2024-01-26,SKU_096,1.0,6248.5,6248.5,0
2024-01-27,SKU_096,1.0,6248.5,6248.5,0
2024-01-28,SKU_096,1.0,6248.5,6248.5,0
2024-02-03,SKU_096,3.0,18745.5,6248.5,0
2024-02-04,SKU_096,1.0,6248.5,6248.5,0
2024-02-06,SKU_096,1.0,6248.5,6248.5,0
2024-02-08,SKU_096,1.0,6248.5,6248.5,0
2024-02-10,SKU_096,4.0,24994.0,6248.5,0
2024-02-11,SKU_096,3.0,18745.5,6248.5,0
2024-02-13,SKU_096,3.0,17709.9,5903.3,1
2024-02-14,SKU_096,1.0,6248.5,6248.5,0
2024-02-15,SKU_096,1.0,6248.5,6248.5,0
2024-02-16,SKU_096,1.0,6248.5,6248.5,0
2024-02-17,SKU_096,3.0,17563.53,5854.51,1
2024-02-18,SKU_096,1.0,6248.5,6248.5,0
2024-02-19,SKU_096,2.0,12497.0,6248.5,0
2024-02-20,SKU_096,1.0,6248.5,6248.5,0
2024-02-22,SKU_096,2.0,12497.0,6248.5,0
2024-02-23,SKU_096,1.0,6248.5,6248.5,0
2024-02-27,SKU_096,2.0,10749.36,5374.68,1
2024-03-01,SKU_096,1.0,6248.5,6248.5,0
2024-03-02,SKU_096,1.0,6248.5,6248.5,0
2024-03-03,SKU_096,1.0,5444.07,5444.07,1
2024-03-07,SKU_096,2.0,12497.0,6248.5,0
2024-03-08,SKU_096,1.0,6248.5,6248.5,0
2024-03-11,SKU_096,1.0,6248.5,6248.5,0
2024-03-13,SKU_096,2.0,12497.0,6248.5,0
2024-03-14,SKU_096,1.0,6248.5,6248.5,0
2024-03-15,SKU_096,3.0,14406.3,4802.1,1
2024-03-16,SKU_096,3.0,16157.13,5385.71,1
2024-03-17,SKU_096,3.0,18745.5,6248.5,0
2024-03-18,SKU_096,1.0,6248.5,6248.5,0
2024-01-01,SKU_097,12.0,36477.72,3039.81,1
2024-01-02,SKU_097,8.0,29172.16,3646.52,0
2024-01-03,SKU_097,9.0,32818.68,3646.52,0
2024-01-04,SKU_097,6.0,21879.12,3646.52,0
2024-01-05,SKU_097,8.0,29172.16,3646.52,0
2024-01-06,SKU_097,11.0,40111.72,3646.52,0
2024-01-07,SKU_097,13.0,47404.76,3646.52,0
2024-01-08,SKU_097,10.0,36465.2,3646.52,0
2024-01-09,SKU_097,8.0,29172.16,3646.52,0
2024-01-10,SKU_097,10.0,36465.2,3646.52,0
2024-01-11,SKU_097,12.0,43758.24,3646.52,0
2024-01-12,SKU_097,7.0,25525.64,3646.52,0
2024-01-13,SKU_097,,,3646.52,0
2024-01-14,SKU_097,14.0,51051.28,3646.52,0
2024-01-15,SKU_097,9.0,32818.68,3646.52,0
2024-01-16,SKU_097,7.0,25525.64,3646.52,0
2024-01-17,SKU_097,12.0,43758.24,3646.52,0
2024-01-18,SKU_097,7.0,25525.64,3646.52,0
2024-01-19,SKU_097,10.0,36465.2,3646.52,0
2024-01-20,SKU_097,12.0,43758.24,3646.52,0
2024-01-21,SKU_097,24.0,78512.4,3271.35,1
2024-01-22,SKU_097,7.0,25525.64,3646.52,0
2024-01-23,SKU_097,9.0,32818.68,3646.52,0
2024-01-24,SKU_097,3.0,10939.56,3646.52,0
2024-01-25,SKU_097,10.0,36465.2,3646.52,0
2024-01-26,SKU_097,10.0,36465.2,3646.52,0
2024-01-27,SKU_097,15.0,54697.8,3646.52,0
2024-01-28,SKU_097,7.0,25525.64,3646.52,0
2024-01-29,SKU_097,14.0,44265.48,3161.82,1
2024-01-30,SKU_097,11.0,40111.72,3646.52,0
2024-01-31,SKU_097,10.0,36465.2,3646.52,0
2024-02-01,SKU_097,8.0,29172.16,3646.52,0
2024-02-02,SKU_097,8.0,29172.16,3646.52,0
2024-02-03,SKU_097,10.0,36465.2,3646.52,0
2024-02-04,SKU_097,16.0,58344.32,3646.52,0
2024-02-05,SKU_097,8.0,29172.16,3646.52,0
2024-02-06,SKU_097,8.0,29172.16,3646.52,0
2024-02-07,SKU_097,10.0,36465.2,3646.52,0
2024-02-08,SKU_097,7.0,24210.83,3458.69,1
2024-02-09,SKU_097,10.0,36465.2,3646.52,0
2024-02-10,SKU_097,8.0,29172.16,3646.52,0
2024-02-11,SKU_097,10.0,36465.2,3646.52,0
2024-02-12,SKU_097,9.0,32818.68,3646.52,0
2024-02-13,SKU_097,6.0,21879.12,3646.52,0
2024-02-14,SKU_097,10.0,36465.2,3646.52,0
2024-02-15,SKU_097,13.0,47404.76,3646.52,0
2024-02-16,SKU_097,16.0,58344.32,3646.52,0
2024-02-17,SKU_097,7.0,25525.64,3646.52,0
2024-02-18,SKU_097,16.0,58344.32,3646.52,0
2024-02-19,SKU_097,9.0,32818.68,3646.52,0
2024-02-20,SKU_097,10.0,36465.2,3646.52,0
2024-02-21,SKU_097,5.0,18232.6,3646.52,0
2024-02-22,SKU_097,10.0,36465.2,3646.52,0
2024-02-23,SKU_097,8.0,29172.16,3646.52,0
2024-02-24,SKU_097,11.0,40111.72,3646.52,0
2024-02-25,SKU_097,20.0,72930.4,3646.52,0
2024-02-26,SKU_097,4.0,14586.08,3646.52,0
2024-02-27,SKU_097,5.0,18232.6,3646.52,0
2024-02-28,SKU_097,,,3646.52,0
2024-02-29,SKU_097,9.0,32818.68,3646.52,0
2024-03-01,SKU_097,18.0,58570.38,3253.91,1
2024-03-02,SKU_097,13.0,47404.76,3646.52,0
2024-03-03,SKU_097,10.0,36465.2,3646.52,0
2024-03-04,SKU_097,9.0,32818.68,3646.52,0
2024-03-05,SKU_097,6.0,21879.12,3646.52,0
2024-03-06,SKU_097,2.0,7293.04,3646.52,0
2024-03-07,SKU_097,5.0,18232.6,3646.52,0
2024-03-08,SKU_097,8.0,29172.16,3646.52,0
2024-03-09,SKU_097,10.0,36465.2,3646.52,0
2024-03-10,SKU_097,7.0,25525.64,3646.52,0
2024-03-11,SKU_097,10.0,36465.2,3646.52,0
2024-03-12,SKU_097,8.0,29172.16,3646.52,0
2024-03-13,SKU_097,9.0,32818.68,3646.52,0
2024-03-14,SKU_097,8.0,29172.16,3646.52,0
2024-03-15,SKU_097,12.0,36460.92,3038.41,1
2024-03-16,SKU_097,22.0,68442.0,3111.0,1
2024-03-17,SKU_097,10.0,36465.2,3646.52,0
2024-03-18,SKU_097,10.0,36465.2,3646.52,0
2024-03-19,SKU_097,8.0,29172.16,3646.52,0
2024-03-20,SKU_097,6.0,21879.12,3646.52,0
2024-01-01,SKU_098,5.0,13013.95,2602.79,1
2024-01-02,SKU_098,2.0,6050.18,3025.09,0
2024-01-03,SKU_098,7.0,21175.63,3025.09,0
2024-01-04,SKU_098,5.0,13180.4,2636.08,1
2024-01-05,SKU_098,2.0,6050.18,3025.09,0
2024-01-06,SKU_098,5.0,15125.45,3025.09,0
2024-01-07,SKU_098,6.0,18150.54,3025.09,0
2024-01-08,SKU_098,3.0,9075.27,3025.09,0
2024-01-09,SKU_098,5.0,15125.45,3025.09,0
2024-01-10,SKU_098,4.0,12100.36,3025.09,0
2024-01-11,SKU_098,4.0,12100.36,3025.09,0
2024-01-12,SKU_098,4.0,12100.36,3025.09,0
2024-01-13,SKU_098,7.0,21175.63,3025.09,0
2024-01-14,SKU_098,14.0,42351.26,3025.09,0
2024-01-15,SKU_098,3.0,9075.27,3025.09,0
2024-01-16,SKU_098,4.0,12100.36,3025.09,0
2024-01-17,SKU_098,5.0,12885.35,2577.07,1
2024-01-18,SKU_098,4.0,12100.36,3025.09,0
2024-01-19,SKU_098,7.0,21175.63,3025.09,0
2024-01-20,SKU_098,5.0,15125.45,3025.09,0
2024-01-21,SKU_098,,,2803.82,1
2024-01-22,SKU_098,8.0,24200.72,3025.09,0
2024-01-23,SKU_098,3.0,9075.27,3025.09,0
2024-01-24,SKU_098,5.0,15125.45,3025.09,0
2024-01-25,SKU_098,4.0,12100.36,3025.09,0
2024-01-26,SKU_098,3.0,9075.27,3025.09,0
2024-01-27,SKU_098,5.0,15125.45,3025.09,0
2024-01-28,SKU_098,1.0,3025.09,3025.09,0
2024-01-29,SKU_098,4.0,12100.36,3025.09,0
2024-01-30,SKU_098,5.0,15125.45,3025.09,0
2024-01-31,SKU_098,4.0,12100.36,3025.09,0
2024-02-01,SKU_098,2.0,6050.18,3025.09,0
2024-02-02,SKU_098,3.0,9075.27,3025.09,0
2024-02-03,SKU_098,5.0,15125.45,3025.09,0
2024-02-04,SKU_098,5.0,15125.45,3025.09,0
2024-02-05,SKU_098,5.0,15125.45,3025.09,0
2024-02-06,SKU_098,5.0,15125.45,3025.09,0
2024-02-07,SKU_098,3.0,9075.27,3025.09,0
2024-02-08,SKU_098,6.0,18150.54,3025.09,0
2024-02-09,SKU_098,7.0,21175.63,3025.09,0
2024-02-10,SKU_098,6.0,18150.54,3025.09,0
2024-02-11,SKU_098,10.0,27677.4,2767.74,1
2024-02-13,SKU_098,3.0,9075.27,3025.09,0
2024-02-14,SKU_098,3.0,9075.27,3025.09,0
2024-02-15,SKU_098,2.0,6050.18,3025.09,0
2024-02-16,SKU_098,2.0,6050.18,3025.09,0
2024-02-17,SKU_098,7.0,21175.63,3025.09,0
2024-02-18,SKU_098,5.0,15125.45,3025.09,0
2024-02-19,SKU_098,6.0,16234.32,2705.72,1
2024-02-20,SKU_098,1.0,3025.09,3025.09,0
2024-02-21,SKU_098,6.0,16064.46,2677.41,1
2024-02-22,SKU_098,4.0,12100.36,3025.09,0
2024-02-23,SKU_098,4.0,12100.36,3025.09,0
2024-02-24,SKU_098,3.0,9075.27,3025.09,0
2024-02-25,SKU_098,5.0,15125.45,3025.09,0
2024-02-26,SKU_098,3.0,9075.27,3025.09,0
2024-02-27,SKU_098,3.0,9075.27,3025.09,0
2024-02-28,SKU_098,2.0,6050.18,3025.09,0
2024-02-29,SKU_098,2.0,6050.18,3025.09,0
2024-03-01,SKU_098,5.0,15125.45,3025.09,0
2024-03-02,SKU_098,8.0,24200.72,3025.09,0
2024-03-03,SKU_098,5.0,15125.45,3025.09,0
2024-03-04,SKU_098,4.0,12100.36,3025.09,0
2024-03-05,SKU_098,3.0,9075.27,3025.09,0
2024-03-06,SKU_098,1.0,3025.09,3025.09,0
2024-03-07,SKU_098,2.0,6050.18,3025.09,0
2024-03-08,SKU_098,4.0,11115.96,2778.99,1
2024-03-09,SKU_098,5.0,15125.45,3025.09,0
2024-03-10,SKU_098,6.0,18150.54,3025.09,0
2024-03-11,SKU_098,2.0,6050.18,3025.09,0
2024-03-12,SKU_098,5.0,13766.6,2753.32,1
2024-03-13,SKU_098,2.0,6050.18,3025.09,0
2024-03-15,SKU_098,10.0,25763.3,2576.33,1
2024-03-16,SKU_098,14.0,32146.52,2296.18,1
2024-03-17,SKU_098,7.0,21175.63,3025.09,0
2024-03-18,SKU_098,3.0,9075.27,3025.09,0
2024-03-19,SKU_098,3.0,9075.27,3025.09,0
2024-03-20,SKU_098,3.0,9075.27,3025.09,0
2024-01-01,SKU_099,17.0,61536.43,3619.79,1
2024-01-02,SKU_099,7.0,33509.14,4787.02,0
2024-01-03,SKU_099,8.0,38296.16,4787.02,0
2024-01-04,SKU_099,7.0,33509.14,4787.02,0
2024-01-05,SKU_099,11.0,52657.22,4787.02,0
2024-01-06,SKU_099,13.0,62231.26,4787.02,0
2024-01-07,SKU_099,19.0,77526.46,4080.34,1
2024-01-08,SKU_099,10.0,47870.2,4787.02,0
2024-01-09,SKU_099,7.0,33509.14,4787.02,0
2024-01-10,SKU_099,6.0,28722.12,4787.02,0
2024-01-11,SKU_099,5.0,23935.1,4787.02,0
2024-01-12,SKU_099,11.0,52657.22,4787.02,0
2024-01-13,SKU_099,12.0,57444.24,4787.02,0
2024-01-14,SKU_099,8.0,38296.16,4787.02,0
2024-01-15,SKU_099,5.0,23935.1,4787.02,0
2024-01-16,SKU_099,14.0,58921.66,4208.69,1
2024-01-17,SKU_099,6.0,28722.12,4787.02,0
2024-01-18,SKU_099,12.0,57444.24,4787.02,0
2024-01-19,SKU_099,15.0,71805.3,4787.02,0
2024-01-20,SKU_099,7.0,33509.14,4787.02,0
2024-01-21,SKU_099,7.0,33509.14,4787.02,0
2024-01-22,SKU_099,6.0,28722.12,4787.02,0
2024-01-23,SKU_099,5.0,23935.1,4787.02,0
2024-01-24,SKU_099,3.0,14361.06,4787.02,0
2024-01-25,SKU_099,4.0,19148.08,4787.02,0
2024-01-26,SKU_099,9.0,43083.18,4787.02,0
2024-01-27,SKU_099,13.0,62231.26,4787.02,0
2024-01-28,SKU_099,13.0,62231.26,4787.02,0
2024-01-29,SKU_099,8.0,38296.16,4787.02,0
2024-01-30,SKU_099,3.0,14361.06,4787.02,0
2024-01-31,SKU_099,13.0,62231.26,4787.02,0
2024-02-01,SKU_099,10.0,47870.2,4787.02,0
2024-02-02,SKU_099,16.0,76592.32,4787.02,0
2024-02-03,SKU_099,20.0,85358.0,4267.9,1
2024-02-04,SKU_099,10.0,47870.2,4787.02,0
2024-02-05,SKU_099,8.0,34848.16,4356.02,1
2024-02-06,SKU_099,11.0,52657.22,4787.02,0
2024-02-07,SKU_099,5.0,23935.1,4787.02,0
2024-02-08,SKU_099,14.0,67018.28,4787.02,0
2024-02-09,SKU_099,10.0,47870.2,4787.02,0
2024-02-10,SKU_099,8.0,38296.16,4787.02,0
2024-02-11,SKU_099,11.0,52657.22,4787.02,0
2024-02-12,SKU_099,10.0,47870.2,4787.02,0
2024-02-13,SKU_099,8.0,38296.16,4787.02,0
2024-02-14,SKU_099,5.0,23935.1,4787.02,0
2024-02-15,SKU_099,9.0,43083.18,4787.02,0
2024-02-16,SKU_099,9.0,43083.18,4787.02,0
2024-02-17,SKU_099,12.0,57444.24,4787.02,0
2024-02-18,SKU_099,11.0,52657.22,4787.02,0
2024-02-19,SKU_099,6.0,28722.12,4787.02,0
2024-02-20,SKU_099,20.0,88574.2,4428.71,1
2024-02-21,SKU_099,10.0,47870.2,4787.02,0
2024-02-22,SKU_099,15.0,71805.3,4787.02,0
2024-02-23,SKU_099,12.0,51378.24,4281.52,1
2024-02-24,SKU_099,12.0,57444.24,4787.02,0
2024-02-25,SKU_099,10.0,47870.2,4787.02,0
2024-02-26,SKU_099,6.0,28722.12,4787.02,0
2024-02-27,SKU_099,7.0,33509.14,4787.02,0
2024-02-28,SKU_099,4.0,19148.08,4787.02,0
2024-02-29,SKU_099,10.0,47870.2,4787.02,0
2024-03-01,SKU_099,8.0,38296.16,4787.02,0
2024-03-02,SKU_099,22.0,91194.62,4145.21,1
2024-03-03,SKU_099,12.0,57444.24,4787.02,0
2024-03-04,SKU_099,6.0,28722.12,4787.02,0
2024-03-05,SKU_099,9.0,43083.18,4787.02,0
2024-03-06,SKU_099,10.0,47870.2,4787.02,0
2024-03-07,SKU_099,7.0,33509.14,4787.02,0
2024-03-08,SKU_099,16.0,76592.32,4787.02,0
2024-03-09,SKU_099,20.0,95740.4,4787.02,0
2024-03-10,SKU_099,11.0,52657.22,4787.02,0
2024-03-11,SKU_099,14.0,57717.1,4122.65,1
2024-03-12,SKU_099,5.0,23935.1,4787.02,0
2024-03-13,SKU_099,8.0,38296.16,4787.02,0
2024-03-14,SKU_099,7.0,33509.14,4787.02,0
2024-03-15,SKU_099,14.0,58024.4,4144.6,1
2024-03-16,SKU_099,15.0,56810.25,3787.35,1
2024-03-17,SKU_099,15.0,71805.3,4787.02,0
2024-03-18,SKU_099,7.0,33509.14,4787.02,0
2024-03-19,SKU_099,7.0,33509.14,4787.02,0
2024-03-20,SKU_099,6.0,28722.12,4787.02,0
