data/sales_daily.csv
date,sku_id,units_sold,revenue,unit_price,promo_flag
2024-01-01,SKU_100,1.0,2888.4,2888.4,1
2024-01-02,SKU_100,1.0,3659.7,3659.7,0
2024-01-04,SKU_100,1.0,3659.7,3659.7,0
2024-01-05,SKU_100,1.0,3659.7,3659.7,0
2024-01-06,SKU_100,1.0,3659.7,3659.7,0
2024-01-07,SKU_100,1.0,3659.7,3659.7,0
2024-01-09,SKU_100,2.0,7319.4,3659.7,0
2024-01-11,SKU_100,3.0,10979.1,3659.7,0
2024-01-19,SKU_100,1.0,3659.7,3659.7,0
2024-01-20,SKU_100,1.0,3659.7,3659.7,0
2024-01-23,SKU_100,1.0,3659.7,3659.7,0
2024-01-24,SKU_100,1.0,3659.7,3659.7,0
2024-01-25,SKU_100,1.0,3659.7,3659.7,0
2024-01-28,SKU_100,1.0,3659.7,3659.7,0
2024-01-29,SKU_100,1.0,3659.7,3659.7,0
2024-01-30,SKU_100,2.0,7319.4,3659.7,0
2024-02-06,SKU_100,1.0,3659.7,3659.7,0
2024-02-07,SKU_100,1.0,3659.7,3659.7,0
2024-02-08,SKU_100,1.0,3659.7,3659.7,0
2024-02-09,SKU_100,1.0,3659.7,3659.7,0
2024-02-18,SKU_100,1.0,3659.7,3659.7,0
2024-02-20,SKU_100,1.0,3659.7,3659.7,0
2024-02-24,SKU_100,2.0,6523.18,3261.59,1
2024-02-28,SKU_100,2.0,7319.4,3659.7,0
2024-03-01,SKU_100,1.0,3659.7,3659.7,0
2024-03-02,SKU_100,1.0,3659.7,3659.7,0
2024-03-04,SKU_100,1.0,3659.7,3659.7,0
2024-03-05,SKU_100,1.0,3659.7,3659.7,0
2024-03-08,SKU_100,1.0,3659.7,3659.7,0
2024-03-10,SKU_100,2.0,7319.4,3659.7,0
2024-03-12,SKU_100,2.0,7319.4,3659.7,0
2024-03-13,SKU_100,1.0,3659.7,3659.7,0
2024-03-14,SKU_100,2.0,7319.4,3659.7,0
2024-03-15,SKU_100,3.0,9797.34,3265.78,1
2024-03-17,SKU_100,1.0,3659.7,3659.7,0
2024-03-18,SKU_100,1.0,3659.7,3659.7,0
2024-03-19,SKU_100,2.0,7319.4,3659.7,0
2024-01-01,SKU_101,1.0,1303.68,1303.68,1
2024-01-02,SKU_101,3.0,4233.9,1411.3,1
2024-01-05,SKU_101,1.0,1499.1,1499.1,0
2024-01-06,SKU_101,1.0,1499.1,1499.1,0
2024-01-10,SKU_101,2.0,2596.94,1298.47,1
2024-01-11,SKU_101,1.0,1499.1,1499.1,0
2024-01-13,SKU_101,1.0,1499.1,1499.1,0
2024-01-15,SKU_101,1.0,1499.1,1499.1,0
2024-01-17,SKU_101,1.0,1287.66,1287.66,1
2024-01-24,SKU_101,1.0,1499.1,1499.1,0
2024-01-25,SKU_101,2.0,2998.2,1499.1,0
2024-01-31,SKU_101,2.0,2998.2,1499.1,0
2024-02-02,SKU_101,2.0,2998.2,1499.1,0
2024-02-03,SKU_101,3.0,4497.3,1499.1,0
2024-02-05,SKU_101,2.0,2565.5,1282.75,1
2024-02-07,SKU_101,1.0,1499.1,1499.1,0
2024-02-11,SKU_101,1.0,1499.1,1499.1,0
2024-02-13,SKU_101,1.0,1499.1,1499.1,0
2024-02-14,SKU_101,1.0,1499.1,1499.1,0
2024-02-16,SKU_101,1.0,1499.1,1499.1,0
2024-02-21,SKU_101,1.0,1399.28,1399.28,1
2024-02-22,SKU_101,1.0,1499.1,1499.1,0
2024-02-23,SKU_101,1.0,1499.1,1499.1,0
2024-02-24,SKU_101,2.0,2998.2,1499.1,0
2024-02-25,SKU_101,3.0,4497.3,1499.1,0
2024-02-27,SKU_101,1.0,1499.1,1499.1,0
2024-03-02,SKU_101,3.0,4497.3,1499.1,0
2024-03-07,SKU_101,2.0,2998.2,1499.1,0
2024-03-08,SKU_101,2.0,2576.52,1288.26,1
2024-03-10,SKU_101,2.0,2998.2,1499.1,0
2024-03-11,SKU_101,1.0,1499.1,1499.1,0
2024-03-12,SKU_101,1.0,1499.1,1499.1,0
2024-03-13,SKU_101,1.0,1499.1,1499.1,0
2024-03-15,SKU_101,1.0,1210.05,1210.05,1
2024-03-17,SKU_101,2.0,2694.76,1347.38,1
2024-03-18,SKU_101,1.0,1499.1,1499.1,0
2024-03-20,SKU_101,1.0,1499.1,1499.1,0
2024-01-01,SKU_104,1.0,5777.3,5777.3,1
2024-01-06,SKU_104,3.0,21808.83,7269.61,0
2024-01-08,SKU_104,2.0,14539.22,7269.61,0
2024-01-13,SKU_104,2.0,14539.22,7269.61,0
2024-01-15,SKU_104,1.0,7269.61,7269.61,0
2024-01-17,SKU_104,1.0,7269.61,7269.61,0
2024-01-18,SKU_104,1.0,7269.61,7269.61,0
2024-01-20,SKU_104,2.0,14539.22,7269.61,0
2024-01-21,SKU_104,1.0,7269.61,7269.61,0
2024-01-23,SKU_104,1.0,7269.61,7269.61,0
2024-01-25,SKU_104,3.0,21808.83,7269.61,0
2024-01-26,SKU_104,1.0,6652.96,6652.96,1
2024-01-27,SKU_104,2.0,14539.22,7269.61,0
2024-01-28,SKU_104,1.0,7269.61,7269.61,0
2024-02-09,SKU_104,1.0,7269.61,7269.61,0
2024-02-10,SKU_104,1.0,7269.61,7269.61,0
2024-02-11,SKU_104,1.0,7269.61,7269.61,0
2024-02-14,SKU_104,1.0,7269.61,7269.61,0
2024-02-15,SKU_104,1.0,7269.61,7269.61,0
2024-02-16,SKU_104,2.0,14539.22,7269.61,0
2024-02-17,SKU_104,1.0,7269.61,7269.61,0
2024-02-18,SKU_104,1.0,7269.61,7269.61,0
2024-02-20,SKU_104,1.0,7269.61,7269.61,0
2024-02-23,SKU_104,2.0,14539.22,7269.61,0
2024-02-25,SKU_104,2.0,14539.22,7269.61,0
2024-02-27,SKU_104,1.0,7269.61,7269.61,0
2024-02-29,SKU_104,2.0,14539.22,7269.61,0
2024-03-01,SKU_104,1.0,7269.61,7269.61,0
2024-03-02,SKU_104,1.0,7269.61,7269.61,0
2024-03-05,SKU_104,1.0,7269.61,7269.61,0
2024-03-07,SKU_104,1.0,7269.61,7269.61,0
2024-03-09,SKU_104,1.0,7269.61,7269.61,0
2024-03-13,SKU_104,1.0,7269.61,7269.61,0
2024-03-15,SKU_104,1.0,5766.42,5766.42,1
2024-03-16,SKU_104,3.0,18423.57,6141.19,1
2024-03-20,SKU_104,1.0,7269.61,7269.61,0
2024-01-01,SKU_105,1.0,4903.14,4903.14,1
2024-01-03,SKU_105,1.0,6145.39,6145.39,0
2024-01-07,SKU_105,1.0,6145.39,6145.39,0
2024-01-08,SKU_105,2.0,12290.78,6145.39,0
2024-01-11,SKU_105,1.0,6145.39,6145.39,0
2024-01-14,SKU_105,2.0,12290.78,6145.39,0
2024-01-15,SKU_105,2.0,12290.78,6145.39,0
2024-01-17,SKU_105,1.0,6145.39,6145.39,0
2024-01-18,SKU_105,2.0,12290.78,6145.39,0
2024-01-19,SKU_105,2.0,10919.16,5459.58,1
2024-01-20,SKU_105,2.0,12290.78,6145.39,0
2024-01-21,SKU_105,1.0,6145.39,6145.39,0
2024-01-23,SKU_105,1.0,5343.73,5343.73,1
2024-01-24,SKU_105,1.0,6145.39,6145.39,0
2024-01-26,SKU_105,3.0,18436.17,6145.39,0
2024-01-27,SKU_105,3.0,18436.17,6145.39,0
2024-01-28,SKU_105,2.0,12290.78,6145.39,0
2024-02-01,SKU_105,1.0,6145.39,6145.39,0
2024-02-02,SKU_105,2.0,12290.78,6145.39,0
2024-02-03,SKU_105,2.0,12290.78,6145.39,0
2024-02-04,SKU_105,1.0,6145.39,6145.39,0
2024-02-06,SKU_105,1.0,6145.39,6145.39,0
2024-02-10,SKU_105,2.0,10971.42,5485.71,1
2024-02-11,SKU_105,1.0,6145.39,6145.39,0
2024-02-13,SKU_105,1.0,6145.39,6145.39,0
2024-02-15,SKU_105,1.0,6145.39,6145.39,0
2024-02-16,SKU_105,1.0,6145.39,6145.39,0
2024-02-18,SKU_105,1.0,6145.39,6145.39,0
2024-02-20,SKU_105,1.0,6145.39,6145.39,0
2024-02-22,SKU_105,1.0,6145.39,6145.39,0
2024-02-26,SKU_105,1.0,6145.39,6145.39,0
2024-02-28,SKU_105,1.0,6145.39,6145.39,0
2024-03-02,SKU_105,1.0,5706.11,5706.11,1
2024-03-03,SKU_105,2.0,10701.24,5350.62,1
2024-03-06,SKU_105,1.0,6145.39,6145.39,0
2024-03-08,SKU_105,1.0,6145.39,6145.39,0
2024-03-09,SKU_105,1.0,6145.39,6145.39,0
2024-03-10,SKU_105,2.0,12290.78,6145.39,0
2024-03-11,SKU_105,1.0,6145.39,6145.39,0
2024-03-12,SKU_105,1.0,6145.39,6145.39,0
2024-03-13,SKU_105,1.0,6145.39,6145.39,0
2024-03-15,SKU_105,1.0,4901.67,4901.67,1
2024-03-18,SKU_105,1.0,6145.39,6145.39,0
2024-01-01,SKU_106,3.0,4986.54,1662.18,1
2024-01-02,SKU_106,1.0,2106.1,2106.1,0
2024-01-03,SKU_106,1.0,2106.1,2106.1,0
2024-01-04,SKU_106,2.0,4212.2,2106.1,0
2024-01-05,SKU_106,3.0,6318.3,2106.1,0
2024-01-06,SKU_106,5.0,9810.35,1962.07,1
2024-01-07,SKU_106,4.0,8424.4,2106.1,0
2024-01-08,SKU_106,2.0,4212.2,2106.1,0
2024-01-09,SKU_106,1.0,2106.1,2106.1,0
2024-01-10,SKU_106,4.0,7781.32,1945.33,1
2024-01-13,SKU_106,5.0,10530.5,2106.1,0
2024-01-14,SKU_106,5.0,10530.5,2106.1,0
2024-01-16,SKU_106,1.0,2106.1,2106.1,0
2024-01-17,SKU_106,1.0,1864.65,1864.65,1
2024-01-18,SKU_106,1.0,2106.1,2106.1,0
2024-01-20,SKU_106,3.0,6318.3,2106.1,0
2024-01-21,SKU_106,1.0,2106.1,2106.1,0
2024-01-22,SKU_106,3.0,6318.3,2106.1,0
2024-01-23,SKU_106,1.0,2106.1,2106.1,0
2024-01-24,SKU_106,1.0,2106.1,2106.1,0
2024-01-26,SKU_106,3.0,6318.3,2106.1,0
2024-01-27,SKU_106,4.0,8424.4,2106.1,0
2024-01-28,SKU_106,1.0,2106.1,2106.1,0
2024-01-30,SKU_106,1.0,2106.1,2106.1,0
2024-01-31,SKU_106,1.0,2106.1,2106.1,0
2024-02-02,SKU_106,2.0,4212.2,2106.1,0
2024-02-04,SKU_106,4.0,8424.4,2106.1,0
2024-02-05,SKU_106,2.0,4212.2,2106.1,0
2024-02-06,SKU_106,2.0,4212.2,2106.1,0
2024-02-07,SKU_106,1.0,2106.1,2106.1,0
2024-02-08,SKU_106,2.0,4212.2,2106.1,0
2024-02-09,SKU_106,1.0,2106.1,2106.1,0
2024-02-10,SKU_106,,,1841.15,1
2024-02-11,SKU_106,2.0,4212.2,2106.1,0
2024-02-12,SKU_106,1.0,2106.1,2106.1,0
2024-02-14,SKU_106,2.0,4212.2,2106.1,0
2024-02-15,SKU_106,1.0,2106.1,2106.1,0
2024-02-17,SKU_106,1.0,2106.1,2106.1,0
2024-02-18,SKU_106,3.0,6318.3,2106.1,0
2024-02-19,SKU_106,1.0,2106.1,2106.1,0
2024-02-22,SKU_106,1.0,2106.1,2106.1,0
2024-02-23,SKU_106,2.0,4212.2,2106.1,0
2024-02-24,SKU_106,1.0,2106.1,2106.1,0
2024-02-25,SKU_106,6.0,12636.6,2106.1,0
2024-02-27,SKU_106,1.0,2106.1,2106.1,0
2024-02-28,SKU_106,1.0,2106.1,2106.1,0
2024-02-29,SKU_106,1.0,2106.1,2106.1,0
2024-03-01,SKU_106,3.0,6318.3,2106.1,0
2024-03-02,SKU_106,6.0,12636.6,2106.1,0
2024-03-03,SKU_106,4.0,8424.4,2106.1,0
2024-03-04,SKU_106,1.0,2106.1,2106.1,0
2024-03-05,SKU_106,4.0,8424.4,2106.1,0
2024-03-06,SKU_106,3.0,6318.3,2106.1,0
2024-03-07,SKU_106,1.0,2106.1,2106.1,0
2024-03-08,SKU_106,3.0,5903.82,1967.94,1
2024-03-09,SKU_106,3.0,6318.3,2106.1,0
2024-03-10,SKU_106,5.0,10530.5,2106.1,0
2024-03-14,SKU_106,2.0,4212.2,2106.1,0
2024-03-15,SKU_106,1.0,1806.62,1806.62,1
2024-03-16,SKU_106,6.0,10103.7,1683.95,1
2024-03-17,SKU_106,3.0,6318.3,2106.1,0
2024-03-18,SKU_106,5.0,10530.5,2106.1,0
2024-03-19,SKU_106,2.0,4212.2,2106.1,0
2024-03-20,SKU_106,1.0,2106.1,2106.1,0
2024-01-01,SKU_107,1.0,4789.91,4789.91,1
2024-01-02,SKU_107,1.0,5578.31,5578.31,0
2024-01-06,SKU_107,1.0,5578.31,5578.31,0
2024-01-07,SKU_107,1.0,5578.31,5578.31,0
2024-01-08,SKU_107,1.0,5578.31,5578.31,0
2024-01-09,SKU_107,1.0,5578.31,5578.31,0
2024-01-11,SKU_107,1.0,5578.31,5578.31,0
2024-01-12,SKU_107,1.0,5578.31,5578.31,0
2024-01-13,SKU_107,2.0,11156.62,5578.31,0
2024-01-14,SKU_107,1.0,5578.31,5578.31,0
2024-01-15,SKU_107,3.0,16734.93,5578.31,0
2024-01-18,SKU_107,1.0,5578.31,5578.31,0
2024-01-19,SKU_107,1.0,5578.31,5578.31,0
2024-01-20,SKU_107,1.0,5578.31,5578.31,0
2024-01-22,SKU_107,1.0,5578.31,5578.31,0
2024-01-24,SKU_107,2.0,11156.62,5578.31,0
2024-01-25,SKU_107,1.0,5578.31,5578.31,0
2024-01-27,SKU_107,1.0,5578.31,5578.31,0
2024-01-28,SKU_107,1.0,5578.31,5578.31,0
2024-01-29,SKU_107,1.0,5578.31,5578.31,0
2024-01-31,SKU_107,1.0,5578.31,5578.31,0
2024-02-02,SKU_107,2.0,11156.62,5578.31,0
2024-02-04,SKU_107,1.0,5578.31,5578.31,0
2024-02-06,SKU_107,2.0,11156.62,5578.31,0
2024-02-09,SKU_107,1.0,5578.31,5578.31,0
2024-02-10,SKU_107,2.0,9796.68,4898.34,1
2024-02-11,SKU_107,1.0,5578.31,5578.31,0
2024-02-12,SKU_107,1.0,5578.31,5578.31,0
2024-02-15,SKU_107,1.0,5578.31,5578.31,0
2024-02-16,SKU_107,2.0,11156.62,5578.31,0
2024-02-18,SKU_107,4.0,22313.24,5578.31,0
2024-02-22,SKU_107,2.0,9764.4,4882.2,1
2024-02-25,SKU_107,1.0,5578.31,5578.31,0
2024-02-27,SKU_107,2.0,11156.62,5578.31,0
2024-03-02,SKU_107,1.0,5578.31,5578.31,0
2024-03-10,SKU_107,,,5578.31,0
2024-03-13,SKU_107,1.0,5578.31,5578.31,0
2024-03-19,SKU_107,2.0,11156.62,5578.31,0
2024-01-01,SKU_108,3.0,19651.05,6550.35,1
2024-01-02,SKU_108,1.0,8047.99,8047.99,0
2024-01-03,SKU_108,4.0,27919.92,6979.98,1
2024-01-05,SKU_108,4.0,32191.96,8047.99,0
2024-01-06,SKU_108,1.0,8047.99,8047.99,0
2024-01-07,SKU_108,1.0,8047.99,8047.99,0
2024-01-08,SKU_108,1.0,8047.99,8047.99,0
2024-01-09,SKU_108,2.0,16095.98,8047.99,0
2024-01-11,SKU_108,3.0,24143.97,8047.99,0
2024-01-12,SKU_108,3.0,24143.97,8047.99,0
2024-01-13,SKU_108,2.0,16095.98,8047.99,0
2024-01-14,SKU_108,3.0,24143.97,8047.99,0
2024-01-15,SKU_108,4.0,32191.96,8047.99,0
2024-01-16,SKU_108,3.0,24143.97,8047.99,0
2024-01-18,SKU_108,2.0,14220.98,7110.49,1
2024-01-19,SKU_108,2.0,16095.98,8047.99,0
2024-01-20,SKU_108,5.0,40239.95,8047.99,0
2024-01-21,SKU_108,1.0,8047.99,8047.99,0
2024-01-22,SKU_108,1.0,8047.99,8047.99,0
2024-01-23,SKU_108,1.0,8047.99,8047.99,0
2024-01-24,SKU_108,3.0,24143.97,8047.99,0
2024-01-26,SKU_108,3.0,24143.97,8047.99,0
2024-01-27,SKU_108,3.0,24143.97,8047.99,0
2024-01-28,SKU_108,1.0,8047.99,8047.99,0
2024-01-29,SKU_108,1.0,8047.99,8047.99,0
2024-01-30,SKU_108,1.0,8047.99,8047.99,0
2024-02-02,SKU_108,1.0,8047.99,8047.99,0
2024-02-04,SKU_108,2.0,16095.98,8047.99,0
2024-02-05,SKU_108,2.0,16095.98,8047.99,0
2024-02-06,SKU_108,2.0,13986.2,6993.1,1
2024-02-07,SKU_108,2.0,16095.98,8047.99,0
2024-02-09,SKU_108,1.0,7244.34,7244.34,1
2024-02-10,SKU_108,1.0,8047.99,8047.99,0
2024-02-11,SKU_108,1.0,8047.99,8047.99,0
2024-02-12,SKU_108,1.0,8047.99,8047.99,0
2024-02-13,SKU_108,2.0,16095.98,8047.99,0
2024-02-14,SKU_108,1.0,8047.99,8047.99,0
2024-02-15,SKU_108,2.0,16095.98,8047.99,0
2024-02-16,SKU_108,1.0,8047.99,8047.99,0
2024-02-17,SKU_108,2.0,16095.98,8047.99,0
2024-02-18,SKU_108,4.0,28537.76,7134.44,1
2024-02-19,SKU_108,3.0,24143.97,8047.99,0
2024-02-20,SKU_108,2.0,16095.98,8047.99,0
2024-02-21,SKU_108,1.0,8047.99,8047.99,0
2024-02-22,SKU_108,1.0,8047.99,8047.99,0
2024-02-24,SKU_108,2.0,16095.98,8047.99,0
2024-02-25,SKU_108,1.0,8047.99,8047.99,0
2024-02-27,SKU_108,2.0,16095.98,8047.99,0
2024-02-28,SKU_108,2.0,16095.98,8047.99,0
2024-02-29,SKU_108,,,8047.99,0
2024-03-01,SKU_108,4.0,32191.96,8047.99,0
2024-03-02,SKU_108,3.0,24143.97,8047.99,0
2024-03-03,SKU_108,1.0,8047.99,8047.99,0
2024-03-04,SKU_108,1.0,8047.99,8047.99,0
2024-03-06,SKU_108,1.0,8047.99,8047.99,0
2024-03-08,SKU_108,1.0,8047.99,8047.99,0
2024-03-09,SKU_108,2.0,16095.98,8047.99,0
2024-03-10,SKU_108,3.0,24143.97,8047.99,0
2024-03-11,SKU_108,2.0,16095.98,8047.99,0
2024-03-13,SKU_108,1.0,8047.99,8047.99,0
2024-03-14,SKU_108,2.0,16095.98,8047.99,0
2024-03-15,SKU_108,5.0,34027.3,6805.46,1
2024-03-16,SKU_108,2.0,13076.16,6538.08,1
2024-03-17,SKU_108,1.0,8047.99,8047.99,0
2024-03-18,SKU_108,4.0,32191.96,8047.99,0
2024-03-20,SKU_108,1.0,8047.99,8047.99,0
2024-01-01,SKU_111,2.0,8794.56,4397.28,1
2024-01-02,SKU_111,2.0,10765.88,5382.94,0
2024-01-03,SKU_111,1.0,5382.94,5382.94,0
2024-01-05,SKU_111,1.0,5382.94,5382.94,0
2024-01-06,SKU_111,1.0,5382.94,5382.94,0
2024-01-07,SKU_111,1.0,5382.94,5382.94,0
2024-01-10,SKU_111,1.0,5382.94,5382.94,0
2024-01-11,SKU_111,1.0,5382.94,5382.94,0
2024-01-12,SKU_111,2.0,10765.88,5382.94,0
2024-01-13,SKU_111,1.0,5072.48,5072.48,1
2024-01-14,SKU_111,1.0,5382.94,5382.94,0
2024-01-17,SKU_111,2.0,10765.88,5382.94,0
2024-01-18,SKU_111,1.0,5382.94,5382.94,0
2024-01-20,SKU_111,1.0,5382.94,5382.94,0
2024-01-21,SKU_111,1.0,5382.94,5382.94,0
2024-01-24,SKU_111,1.0,5382.94,5382.94,0
2024-01-27,SKU_111,2.0,9221.64,4610.82,1
2024-01-29,SKU_111,1.0,4803.31,4803.31,1
2024-02-01,SKU_111,1.0,5382.94,5382.94,0
2024-02-02,SKU_111,1.0,5382.94,5382.94,0
2024-02-10,SKU_111,3.0,16148.82,5382.94,0
2024-02-11,SKU_111,1.0,5382.94,5382.94,0
2024-02-15,SKU_111,1.0,5382.94,5382.94,0
2024-02-16,SKU_111,2.0,10765.88,5382.94,0
2024-02-18,SKU_111,2.0,10765.88,5382.94,0
2024-02-20,SKU_111,1.0,5382.94,5382.94,0
2024-02-21,SKU_111,1.0,5382.94,5382.94,0
2024-02-22,SKU_111,1.0,5382.94,5382.94,0
2024-02-25,SKU_111,3.0,14392.65,4797.55,1
2024-02-26,SKU_111,2.0,10765.88,5382.94,0
2024-02-28,SKU_111,1.0,5382.94,5382.94,0
2024-03-01,SKU_111,1.0,5382.94,5382.94,0
2024-03-02,SKU_111,2.0,10036.36,5018.18,1
2024-03-03,SKU_111,1.0,5382.94,5382.94,0
2024-03-04,SKU_111,1.0,5382.94,5382.94,0
2024-03-05,SKU_111,1.0,5382.94,5382.94,0
2024-03-07,SKU_111,1.0,5382.94,5382.94,0
2024-03-08,SKU_111,1.0,5382.94,5382.94,0
2024-03-09,SKU_111,1.0,4643.89,4643.89,1
2024-03-11,SKU_111,1.0,5382.94,5382.94,0
2024-03-13,SKU_111,1.0,5382.94,5382.94,0
2024-03-14,SKU_111,2.0,10765.88,5382.94,0
2024-03-15,SKU_111,1.0,4705.88,4705.88,1
2024-03-16,SKU_111,1.0,4736.43,4736.43,1
2024-03-18,SKU_111,1.0,5382.94,5382.94,0
2024-03-19,SKU_111,1.0,5382.94,5382.94,0
2024-01-01,SKU_116,5.0,7399.85,1479.97,1
2024-01-02,SKU_116,1.0,1826.64,1826.64,0
2024-01-03,SKU_116,2.0,3163.28,1581.64,1
2024-01-04,SKU_116,6.0,10959.84,1826.64,0
2024-01-06,SKU_116,1.0,1826.64,1826.64,0
2024-01-08,SKU_116,4.0,6398.52,1599.63,1
2024-01-10,SKU_116,1.0,1640.62,1640.62,1
2024-01-11,SKU_116,2.0,3653.28,1826.64,0
2024-01-12,SKU_116,2.0,3653.28,1826.64,0
2024-01-13,SKU_116,2.0,3653.28,1826.64,0
2024-01-14,SKU_116,1.0,1826.64,1826.64,0
2024-01-15,SKU_116,1.0,1826.64,1826.64,0
2024-01-18,SKU_116,1.0,1826.64,1826.64,0
2024-01-21,SKU_116,5.0,9133.2,1826.64,0
2024-01-22,SKU_116,4.0,7306.56,1826.64,0
2024-01-24,SKU_116,1.0,1826.64,1826.64,0
2024-01-25,SKU_116,1.0,1826.64,1826.64,0
2024-01-26,SKU_116,3.0,5479.92,1826.64,0
2024-01-27,SKU_116,2.0,3653.28,1826.64,0
2024-01-28,SKU_116,1.0,1826.64,1826.64,0
2024-01-29,SKU_116,3.0,5479.92,1826.64,0
2024-01-30,SKU_116,5.0,8353.9,1670.78,1
2024-02-01,SKU_116,2.0,3653.28,1826.64,0
2024-02-02,SKU_116,1.0,1676.75,1676.75,1
2024-02-03,SKU_116,5.0,9133.2,1826.64,0
2024-02-04,SKU_116,2.0,3653.28,1826.64,0
2024-02-05,SKU_116,1.0,1826.64,1826.64,0
2024-02-06,SKU_116,4.0,7306.56,1826.64,0
2024-02-07,SKU_116,2.0,3653.28,1826.64,0
2024-02-08,SKU_116,2.0,3653.28,1826.64,0
2024-02-10,SKU_116,1.0,1826.64,1826.64,0
2024-02-11,SKU_116,2.0,3653.28,1826.64,0
2024-02-13,SKU_116,5.0,7880.5,1576.1,1
2024-02-14,SKU_116,1.0,1826.64,1826.64,0
2024-02-15,SKU_116,4.0,7306.56,1826.64,0
2024-02-16,SKU_116,1.0,1826.64,1826.64,0
2024-02-17,SKU_116,4.0,7306.56,1826.64,0
2024-02-18,SKU_116,4.0,7306.56,1826.64,0
2024-02-19,SKU_116,1.0,1826.64,1826.64,0
2024-02-21,SKU_116,1.0,1826.64,1826.64,0
2024-02-22,SKU_116,6.0,10959.84,1826.64,0
2024-02-23,SKU_116,2.0,3653.28,1826.64,0
2024-02-24,SKU_116,3.0,5479.92,1826.64,0
2024-02-26,SKU_116,1.0,1826.64,1826.64,0
2024-02-27,SKU_116,3.0,5479.92,1826.64,0
2024-02-29,SKU_116,1.0,1826.64,1826.64,0
2024-03-01,SKU_116,2.0,3653.28,1826.64,0
2024-03-02,SKU_116,2.0,3653.28,1826.64,0
2024-03-03,SKU_116,1.0,1826.64,1826.64,0
2024-03-04,SKU_116,3.0,5479.92,1826.64,0
2024-03-05,SKU_116,1.0,1826.64,1826.64,0
2024-03-06,SKU_116,4.0,7306.56,1826.64,0
2024-03-07,SKU_116,5.0,8405.2,1681.04,1
2024-03-08,SKU_116,3.0,5160.03,1720.01,1
2024-03-10,SKU_116,1.0,1826.64,1826.64,0
2024-03-11,SKU_116,1.0,1826.64,1826.64,0
2024-03-12,SKU_116,2.0,3653.28,1826.64,0
2024-03-13,SKU_116,,,1826.64,0
2024-03-14,SKU_116,2.0,3653.28,1826.64,0
2024-03-15,SKU_116,7.0,9873.08,1410.44,1
2024-03-16,SKU_116,5.0,7372.5,1474.5,1
2024-03-17,SKU_116,1.0,1826.64,1826.64,0
2024-03-18,SKU_116,4.0,6218.04,1554.51,1
2024-03-20,SKU_116,1.0,1826.64,1826.64,0
