data/sales_daily.csv
date,sku_id,units_sold,revenue,unit_price,promo_flag
2024-01-01,SKU_117,2.0,14227.44,7113.72,1
2024-01-02,SKU_117,2.0,16493.76,8246.88,0
2024-01-04,SKU_117,1.0,8246.88,8246.88,0
2024-01-05,SKU_117,1.0,8246.88,8246.88,0
2024-01-06,SKU_117,1.0,8246.88,8246.88,0
2024-01-10,SKU_117,1.0,8246.88,8246.88,0
2024-01-12,SKU_117,1.0,7574.33,7574.33,1
2024-01-14,SKU_117,2.0,16493.76,8246.88,0
2024-01-15,SKU_117,1.0,8246.88,8246.88,0
2024-01-21,SKU_117,1.0,7307.4,7307.4,1
2024-01-23,SKU_117,1.0,7737.99,7737.99,1
2024-01-24,SKU_117,2.0,16493.76,8246.88,0
2024-01-27,SKU_117,1.0,8246.88,8246.88,0
2024-01-28,SKU_117,2.0,16493.76,8246.88,0
2024-01-29,SKU_117,1.0,7490.95,7490.95,1
2024-01-30,SKU_117,1.0,8246.88,8246.88,0
2024-02-02,SKU_117,1.0,8246.88,8246.88,0
2024-02-03,SKU_117,1.0,7641.04,7641.04,1
2024-02-05,SKU_117,1.0,7297.03,7297.03,1
2024-02-10,SKU_117,1.0,8246.88,8246.88,0
2024-02-17,SKU_117,2.0,16493.76,8246.88,0
2024-02-19,SKU_117,2.0,14129.02,7064.51,1
2024-02-23,SKU_117,1.0,8246.88,8246.88,0
2024-02-24,SKU_117,1.0,8246.88,8246.88,0
2024-02-26,SKU_117,1.0,8246.88,8246.88,0
2024-02-28,SKU_117,1.0,8246.88,8246.88,0
2024-03-02,SKU_117,2.0,16493.76,8246.88,0
2024-03-03,SKU_117,1.0,8246.88,8246.88,0
2024-03-04,SKU_117,1.0,8246.88,8246.88,0
2024-03-06,SKU_117,1.0,8246.88,8246.88,0
2024-03-07,SKU_117,1.0,7329.1,7329.1,1
2024-03-09,SKU_117,1.0,8246.88,8246.88,0
2024-03-10,SKU_117,2.0,16493.76,8246.88,0
2024-03-12,SKU_117,1.0,8246.88,8246.88,0
2024-03-14,SKU_117,1.0,8246.88,8246.88,0
2024-03-17,SKU_117,1.0,8246.88,8246.88,0
2024-03-18,SKU_117,1.0,8246.88,8246.88,0
2024-01-01,SKU_118,1.0,1776.0,1776.0,1
2024-01-02,SKU_118,1.0,1816.83,1816.83,1
2024-01-05,SKU_118,1.0,2099.47,2099.47,0
2024-01-07,SKU_118,3.0,6298.41,2099.47,0
2024-01-09,SKU_118,1.0,2099.47,2099.47,0
2024-01-10,SKU_118,1.0,1960.46,1960.46,1
2024-01-12,SKU_118,1.0,2099.47,2099.47,0
2024-01-14,SKU_118,1.0,2099.47,2099.47,0
2024-01-17,SKU_118,1.0,2099.47,2099.47,0
2024-01-18,SKU_118,2.0,4198.94,2099.47,0
2024-01-19,SKU_118,2.0,3978.62,1989.31,1
2024-01-20,SKU_118,1.0,2099.47,2099.47,0
2024-01-22,SKU_118,2.0,4198.94,2099.47,0
2024-01-23,SKU_118,1.0,2099.47,2099.47,0
2024-01-26,SKU_118,3.0,6298.41,2099.47,0
2024-01-29,SKU_118,1.0,2099.47,2099.47,0
2024-02-02,SKU_118,1.0,2099.47,2099.47,0
2024-02-03,SKU_118,2.0,4198.94,2099.47,0
2024-02-05,SKU_118,1.0,2099.47,2099.47,0
2024-02-07,SKU_118,1.0,2099.47,2099.47,0
2024-02-09,SKU_118,2.0,4198.94,2099.47,0
2024-02-10,SKU_118,4.0,8397.88,2099.47,0
2024-02-21,SKU_118,2.0,4198.94,2099.47,0
2024-02-22,SKU_118,1.0,2099.47,2099.47,0
2024-02-23,SKU_118,1.0,2099.47,2099.47,0
2024-02-24,SKU_118,1.0,2099.47,2099.47,0
2024-02-25,SKU_118,1.0,2099.47,2099.47,0
2024-02-26,SKU_118,3.0,5724.36,1908.12,1
2024-02-29,SKU_118,2.0,4198.94,2099.47,0
2024-03-01,SKU_118,1.0,2099.47,2099.47,0
2024-03-03,SKU_118,1.0,2099.47,2099.47,0
2024-03-05,SKU_118,1.0,2099.47,2099.47,0
2024-03-11,SKU_118,2.0,4198.94,2099.47,0
2024-03-14,SKU_118,1.0,2099.47,2099.47,0
2024-03-16,SKU_118,2.0,3681.66,1840.83,1
2024-03-19,SKU_118,1.0,2099.47,2099.47,0
2024-03-20,SKU_118,1.0,2099.47,2099.47,0
2024-01-01,SKU_119,1.0,1568.53,1568.53,1
2024-01-02,SKU_119,1.0,1771.84,1771.84,0
2024-01-06,SKU_119,2.0,3543.68,1771.84,0
2024-01-07,SKU_119,1.0,1771.84,1771.84,0
2024-01-12,SKU_119,3.0,5315.52,1771.84,0
2024-01-13,SKU_119,1.0,1771.84,1771.84,0
2024-01-14,SKU_119,1.0,1771.84,1771.84,0
2024-01-15,SKU_119,1.0,1771.84,1771.84,0
2024-01-18,SKU_119,1.0,1771.84,1771.84,0
2024-01-19,SKU_119,2.0,3543.68,1771.84,0
2024-01-20,SKU_119,1.0,1771.84,1771.84,0
2024-01-21,SKU_119,2.0,3543.68,1771.84,0
2024-01-28,SKU_119,1.0,1771.84,1771.84,0
2024-01-30,SKU_119,1.0,1771.84,1771.84,0
2024-01-31,SKU_119,,,1771.84,0
2024-02-02,SKU_119,2.0,3543.68,1771.84,0
2024-02-03,SKU_119,1.0,1771.84,1771.84,0
2024-02-04,SKU_119,1.0,1771.84,1771.84,0
2024-02-05,SKU_119,1.0,1771.84,1771.84,0
2024-02-07,SKU_119,1.0,1771.84,1771.84,0
2024-02-08,SKU_119,1.0,1771.84,1771.84,0
2024-02-10,SKU_119,1.0,1771.84,1771.84,0
2024-02-16,SKU_119,1.0,1658.29,1658.29,1
2024-02-18,SKU_119,1.0,1771.84,1771.84,0
2024-02-21,SKU_119,1.0,1771.84,1771.84,0
2024-02-26,SKU_119,1.0,1771.84,1771.84,0
2024-03-01,SKU_119,1.0,1771.84,1771.84,0
2024-03-03,SKU_119,1.0,1771.84,1771.84,0
2024-03-04,SKU_119,1.0,1771.84,1771.84,0
2024-03-05,SKU_119,2.0,3543.68,1771.84,0
2024-03-09,SKU_119,1.0,1771.84,1771.84,0
2024-03-10,SKU_119,1.0,1771.84,1771.84,0
2024-03-12,SKU_119,1.0,1771.84,1771.84,0
2024-03-13,SKU_119,1.0,1771.84,1771.84,0
2024-03-14,SKU_119,1.0,1771.84,1771.84,0
2024-03-15,SKU_119,1.0,1535.03,1535.03,1
2024-03-16,SKU_119,1.0,1337.02,1337.02,1
2024-03-17,SKU_119,2.0,3279.18,1639.59,1
2024-01-01,SKU_120,1.0,862.01,862.01,1
2024-01-02,SKU_120,2.0,1968.62,984.31,0
2024-01-04,SKU_120,2.0,1968.62,984.31,0
2024-01-05,SKU_120,1.0,984.31,984.31,0
2024-01-06,SKU_120,8.0,7874.48,984.31,0
2024-01-07,SKU_120,1.0,984.31,984.31,0
2024-01-08,SKU_120,1.0,984.31,984.31,0
2024-01-09,SKU_120,1.0,984.31,984.31,0
2024-01-10,SKU_120,1.0,984.31,984.31,0
2024-01-11,SKU_120,1.0,984.31,984.31,0
2024-01-12,SKU_120,2.0,1968.62,984.31,0
2024-01-13,SKU_120,4.0,3937.24,984.31,0
2024-01-14,SKU_120,1.0,984.31,984.31,0
2024-01-15,SKU_120,2.0,1968.62,984.31,0
2024-01-17,SKU_120,1.0,984.31,984.31,0
2024-01-18,SKU_120,1.0,984.31,984.31,0
2024-01-20,SKU_120,3.0,2952.93,984.31,0
2024-01-21,SKU_120,4.0,3937.24,984.31,0
2024-01-23,SKU_120,5.0,4403.2,880.64,1
2024-01-24,SKU_120,1.0,984.31,984.31,0
2024-01-25,SKU_120,2.0,1968.62,984.31,0
2024-01-27,SKU_120,2.0,1968.62,984.31,0
2024-01-28,SKU_120,6.0,5905.86,984.31,0
2024-01-31,SKU_120,5.0,4480.3,896.06,1
2024-02-03,SKU_120,4.0,3937.24,984.31,0
2024-02-04,SKU_120,2.0,1968.62,984.31,0
2024-02-05,SKU_120,3.0,2952.93,984.31,0
2024-02-07,SKU_120,3.0,2952.93,984.31,0
2024-02-08,SKU_120,1.0,984.31,984.31,0
2024-02-09,SKU_120,2.0,1968.62,984.31,0
2024-02-10,SKU_120,3.0,2952.93,984.31,0
2024-02-11,SKU_120,3.0,2576.64,858.88,1
2024-02-12,SKU_120,1.0,984.31,984.31,0
2024-02-13,SKU_120,1.0,984.31,984.31,0
2024-02-15,SKU_120,2.0,1968.62,984.31,0
2024-02-16,SKU_120,4.0,3937.24,984.31,0
2024-02-17,SKU_120,1.0,984.31,984.31,0
2024-02-18,SKU_120,4.0,3937.24,984.31,0
2024-02-19,SKU_120,2.0,1968.62,984.31,0
2024-02-20,SKU_120,2.0,1854.44,927.22,1
2024-02-21,SKU_120,3.0,2952.93,984.31,0
2024-02-22,SKU_120,2.0,1968.62,984.31,0
2024-02-23,SKU_120,1.0,984.31,984.31,0
2024-02-24,SKU_120,3.0,2952.93,984.31,0
2024-02-25,SKU_120,3.0,2952.93,984.31,0
2024-02-26,SKU_120,2.0,1968.62,984.31,0
2024-02-27,SKU_120,1.0,984.31,984.31,0
2024-02-28,SKU_120,1.0,984.31,984.31,0
2024-03-01,SKU_120,2.0,1968.62,984.31,0
2024-03-02,SKU_120,5.0,4921.55,984.31,0
2024-03-03,SKU_120,4.0,3937.24,984.31,0
2024-03-04,SKU_120,3.0,2952.93,984.31,0
2024-03-05,SKU_120,2.0,1968.62,984.31,0
2024-03-06,SKU_120,2.0,1968.62,984.31,0
2024-03-09,SKU_120,4.0,3937.24,984.31,0
2024-03-10,SKU_120,2.0,1968.62,984.31,0
2024-03-11,SKU_120,1.0,919.1,919.1,1
2024-03-12,SKU_120,2.0,1968.62,984.31,0
2024-03-13,SKU_120,1.0,984.31,984.31,0
2024-03-14,SKU_120,3.0,2952.93,984.31,0
2024-03-15,SKU_120,3.0,2226.18,742.06,1
2024-03-16,SKU_120,4.0,3077.96,769.49,1
2024-03-17,SKU_120,3.0,2952.93,984.31,0
2024-03-18,SKU_120,1.0,984.31,984.31,0
2024-03-20,SKU_120,2.0,1968.62,984.31,0
2024-01-01,SKU_122,1.0,6252.41,6252.41,1
2024-01-02,SKU_122,2.0,16244.74,8122.37,0
2024-01-12,SKU_122,1.0,7489.6,7489.6,1
2024-01-28,SKU_122,2.0,16244.74,8122.37,0
2024-02-12,SKU_122,1.0,8122.37,8122.37,0
2024-02-20,SKU_122,1.0,8122.37,8122.37,0
2024-02-25,SKU_122,1.0,8122.37,8122.37,0
2024-03-03,SKU_122,1.0,8122.37,8122.37,0
2024-03-15,SKU_122,1.0,6558.83,6558.83,1
2024-03-16,SKU_122,1.0,6950.19,6950.19,1
2024-01-01,SKU_124,3.0,3733.41,1244.47,1
2024-01-02,SKU_124,1.0,1421.47,1421.47,0
2024-01-06,SKU_124,1.0,1421.47,1421.47,0
2024-01-07,SKU_124,2.0,2433.0,1216.5,1
2024-01-09,SKU_124,1.0,1421.47,1421.47,0
2024-01-10,SKU_124,1.0,1421.47,1421.47,0
2024-01-12,SKU_124,2.0,2842.94,1421.47,0
2024-01-13,SKU_124,3.0,3918.24,1306.08,1
2024-01-14,SKU_124,1.0,1421.47,1421.47,0
2024-01-16,SKU_124,1.0,1421.47,1421.47,0
2024-01-18,SKU_124,1.0,1421.47,1421.47,0
2024-01-19,SKU_124,3.0,4264.41,1421.47,0
2024-01-20,SKU_124,2.0,2842.94,1421.47,0
2024-01-22,SKU_124,2.0,2842.94,1421.47,0
2024-01-25,SKU_124,1.0,1421.47,1421.47,0
2024-01-27,SKU_124,1.0,1421.47,1421.47,0
2024-01-30,SKU_124,1.0,1421.47,1421.47,0
2024-01-31,SKU_124,1.0,1421.47,1421.47,0
2024-02-04,SKU_124,1.0,1421.47,1421.47,0
2024-02-10,SKU_124,1.0,1421.47,1421.47,0
2024-02-12,SKU_124,1.0,1421.47,1421.47,0
2024-02-15,SKU_124,1.0,1421.47,1421.47,0
2024-02-25,SKU_124,1.0,1421.47,1421.47,0
2024-02-26,SKU_124,1.0,1338.78,1338.78,1
2024-02-27,SKU_124,1.0,1421.47,1421.47,0
2024-02-29,SKU_124,2.0,2842.94,1421.47,0
2024-03-02,SKU_124,3.0,4264.41,1421.47,0
2024-03-03,SKU_124,1.0,1421.47,1421.47,0
2024-03-04,SKU_124,1.0,1421.47,1421.47,0
2024-03-05,SKU_124,1.0,1278.75,1278.75,1
2024-03-08,SKU_124,1.0,1421.47,1421.47,0
2024-03-09,SKU_124,1.0,1310.2,1310.2,1
2024-03-10,SKU_124,1.0,1421.47,1421.47,0
2024-03-11,SKU_124,1.0,1421.47,1421.47,0
2024-03-12,SKU_124,1.0,1261.59,1261.59,1
2024-03-15,SKU_124,2.0,2133.36,1066.68,1
2024-03-17,SKU_124,1.0,1421.47,1421.47,0
2024-03-18,SKU_124,1.0,1421.47,1421.47,0
2024-03-19,SKU_124,2.0,2842.94,1421.47,0
2024-03-19,SKU_124,2.0,2842.94,1421.47,0
2024-03-20,SKU_124,,,1421.47,0
2024-01-01,SKU_125,,,5832.13,1
2024-01-05,SKU_125,1.0,6602.63,6602.63,0
2024-01-06,SKU_125,1.0,6602.63,6602.63,0
2024-01-07,SKU_125,1.0,6602.63,6602.63,0
2024-01-12,SKU_125,1.0,6602.63,6602.63,0
2024-01-13,SKU_125,1.0,5911.41,5911.41,1
2024-01-14,SKU_125,3.0,19807.89,6602.63,0
2024-01-16,SKU_125,2.0,13205.26,6602.63,0
2024-01-17,SKU_125,1.0,6602.63,6602.63,0
2024-01-19,SKU_125,1.0,6602.63,6602.63,0
2024-01-20,SKU_125,1.0,6602.63,6602.63,0
2024-01-20,SKU_125,1.0,6602.63,6602.63,0
2024-01-22,SKU_125,1.0,6602.63,6602.63,0
2024-01-26,SKU_125,1.0,6602.63,6602.63,0
2024-01-27,SKU_125,1.0,6602.63,6602.63,0
2024-01-30,SKU_125,1.0,6012.84,6012.84,1
2024-02-02,SKU_125,1.0,6602.63,6602.63,0
2024-02-03,SKU_125,1.0,6602.63,6602.63,0
2024-02-04,SKU_125,1.0,6602.63,6602.63,0
2024-02-05,SKU_125,1.0,6602.63,6602.63,0
2024-02-09,SKU_125,1.0,6128.66,6128.66,1
2024-02-11,SKU_125,1.0,6602.63,6602.63,0
2024-02-12,SKU_125,1.0,6602.63,6602.63,0
2024-02-15,SKU_125,1.0,6602.63,6602.63,0
2024-02-18,SKU_125,1.0,6602.63,6602.63,0
2024-02-19,SKU_125,1.0,6602.63,6602.63,0
2024-02-21,SKU_125,1.0,6602.63,6602.63,0
2024-02-23,SKU_125,1.0,6602.63,6602.63,0
2024-02-24,SKU_125,2.0,13205.26,6602.63,0
2024-03-01,SKU_125,2.0,13205.26,6602.63,0
2024-03-02,SKU_125,2.0,13205.26,6602.63,0
2024-03-03,SKU_125,1.0,6602.63,6602.63,0
2024-03-04,SKU_125,1.0,6209.95,6209.95,1
2024-03-05,SKU_125,1.0,6602.63,6602.63,0
2024-03-09,SKU_125,2.0,13205.26,6602.63,0
2024-03-11,SKU_125,2.0,12041.06,6020.53,1
2024-03-12,SKU_125,1.0,6602.63,6602.63,0
2024-03-14,SKU_125,1.0,6602.63,6602.63,0
2024-03-17,SKU_125,2.0,13205.26,6602.63,0
2024-01-01,SKU_128,4.0,13476.8,3369.2,1
2024-01-02,SKU_128,1.0,4175.75,4175.75,0
2024-01-03,SKU_128,1.0,4175.75,4175.75,0
2024-01-06,SKU_128,3.0,12527.25,4175.75,0
2024-01-07,SKU_128,4.0,16703.0,4175.75,0
2024-01-09,SKU_128,1.0,4175.75,4175.75,0
2024-01-10,SKU_128,2.0,8351.5,4175.75,0
2024-01-11,SKU_128,1.0,4175.75,4175.75,0
2024-01-12,SKU_128,3.0,12527.25,4175.75,0
2024-01-13,SKU_128,,,4175.75,0
2024-01-14,SKU_128,3.0,12527.25,4175.75,0
2024-01-16,SKU_128,2.0,8351.5,4175.75,0
2024-01-17,SKU_128,2.0,8351.5,4175.75,0
2024-01-18,SKU_128,2.0,7108.12,3554.06,1
2024-01-19,SKU_128,1.0,4175.75,4175.75,0
2024-01-20,SKU_128,2.0,7467.04,3733.52,1
2024-01-21,SKU_128,1.0,4175.75,4175.75,0
2024-01-22,SKU_128,3.0,12527.25,4175.75,0
2024-01-23,SKU_128,1.0,4175.75,4175.75,0
2024-01-24,SKU_128,2.0,8351.5,4175.75,0
2024-01-25,SKU_128,1.0,4175.75,4175.75,0
2024-01-26,SKU_128,1.0,3606.06,3606.06,1
2024-01-27,SKU_128,1.0,4175.75,4175.75,0
2024-01-29,SKU_128,4.0,16703.0,4175.75,0
2024-01-30,SKU_128,1.0,4175.75,4175.75,0
2024-02-01,SKU_128,2.0,8351.5,4175.75,0
2024-02-02,SKU_128,1.0,4175.75,4175.75,0
2024-02-03,SKU_128,1.0,4175.75,4175.75,0
2024-02-04,SKU_128,3.0,12527.25,4175.75,0
2024-02-05,SKU_128,1.0,4175.75,4175.75,0
2024-02-06,SKU_128,1.0,4175.75,4175.75,0
2024-02-07,SKU_128,1.0,4175.75,4175.75,0
2024-02-08,SKU_128,2.0,8351.5,4175.75,0
2024-02-09,SKU_128,2.0,8351.5,4175.75,0
2024-02-10,SKU_128,4.0,16703.0,4175.75,0
2024-02-11,SKU_128,2.0,8351.5,4175.75,0
2024-02-14,SKU_128,3.0,12527.25,4175.75,0
2024-02-15,SKU_128,3.0,12527.25,4175.75,0
2024-02-16,SKU_128,2.0,8351.5,4175.75,0
2024-02-18,SKU_128,4.0,16703.0,4175.75,0
2024-02-19,SKU_128,4.0,16703.0,4175.75,0
2024-02-20,SKU_128,1.0,4175.75,4175.75,0
2024-02-21,SKU_128,2.0,8351.5,4175.75,0
2024-02-23,SKU_128,1.0,4175.75,4175.75,0
2024-02-24,SKU_128,2.0,8351.5,4175.75,0
2024-02-25,SKU_128,2.0,8351.5,4175.75,0
2024-02-26,SKU_128,2.0,8351.5,4175.75,0
2024-02-28,SKU_128,3.0,12527.25,4175.75,0
2024-02-29,SKU_128,1.0,4175.75,4175.75,0
2024-03-01,SKU_128,2.0,8351.5,4175.75,0
2024-03-02,SKU_128,3.0,12527.25,4175.75,0
2024-03-03,SKU_128,3.0,11102.82,3700.94,1
2024-03-04,SKU_128,3.0,11716.8,3905.6,1
2024-03-05,SKU_128,1.0,4175.75,4175.75,0
2024-03-07,SKU_128,2.0,8351.5,4175.75,0
2024-03-08,SKU_128,2.0,8351.5,4175.75,0
2024-03-09,SKU_128,2.0,8351.5,4175.75,0
2024-03-10,SKU_128,,,4175.75,0
2024-03-13,SKU_128,2.0,8351.5,4175.75,0
2024-03-14,SKU_128,1.0,4175.75,4175.75,0
2024-03-15,SKU_128,4.0,12724.92,3181.23,1
2024-03-16,SKU_128,3.0,11264.82,3754.94,1
2024-03-17,SKU_128,5.0,20878.75,4175.75,0
2024-03-18,SKU_128,2.0,7118.0,3559.0,1
2024-03-20,SKU_128,1.0,4175.75,4175.75,0
2024-01-01,SKU_132,15.0,25548.3,1703.22,1
2024-01-02,SKU_132,8.0,15316.16,1914.52,0
2024-01-03,SKU_132,7.0,13401.64,1914.52,0
2024-01-04,SKU_132,13.0,24888.76,1914.52,0
2024-01-05,SKU_132,7.0,13401.64,1914.52,0
2024-01-06,SKU_132,16.0,30632.32,1914.52,0
2024-01-07,SKU_132,9.0,17230.68,1914.52,0
2024-01-08,SKU_132,14.0,24018.12,1715.58,1
2024-01-09,SKU_132,11.0,18167.27,1651.57,1
2024-01-10,SKU_132,13.0,24888.76,1914.52,0
2024-01-11,SKU_132,11.0,18205.88,1655.08,1
2024-01-12,SKU_132,9.0,17230.68,1914.52,0
2024-01-13,SKU_132,17.0,32546.84,1914.52,0
2024-01-14,SKU_132,11.0,21059.72,1914.52,0
2024-01-15,SKU_132,6.0,11487.12,1914.52,0
2024-01-16,SKU_132,6.0,11487.12,1914.52,0
2024-01-17,SKU_132,14.0,26803.28,1914.52,0
2024-01-18,SKU_132,14.0,26803.28,1914.52,0
2024-01-19,SKU_132,6.0,11487.12,1914.52,0
2024-01-20,SKU_132,17.0,32546.84,1914.52,0
2024-01-21,SKU_132,14.0,26803.28,1914.52,0
2024-01-22,SKU_132,3.0,5743.56,1914.52,0
2024-01-23,SKU_132,5.0,9572.6,1914.52,0
2024-01-24,SKU_132,11.0,21059.72,1914.52,0
2024-01-25,SKU_132,7.0,13401.64,1914.52,0
2024-01-26,SKU_132,13.0,24888.76,1914.52,0
2024-01-27,SKU_132,13.0,24888.76,1914.52,0
2024-01-28,SKU_132,18.0,29630.7,1646.15,1
2024-01-29,SKU_132,6.0,10526.88,1754.48,1
2024-01-30,SKU_132,5.0,9572.6,1914.52,0
2024-01-31,SKU_132,9.0,17230.68,1914.52,0
2024-02-01,SKU_132,6.0,11487.12,1914.52,0
2024-02-02,SKU_132,6.0,11487.12,1914.52,0
2024-02-03,SKU_132,8.0,15316.16,1914.52,0
2024-02-04,SKU_132,8.0,15316.16,1914.52,0
2024-02-05,SKU_132,4.0,7658.08,1914.52,0
2024-02-06,SKU_132,8.0,15316.16,1914.52,0
2024-02-07,SKU_132,6.0,11487.12,1914.52,0
2024-02-08,SKU_132,8.0,15316.16,1914.52,0
2024-02-09,SKU_132,16.0,30632.32,1914.52,0
2024-02-10,SKU_132,11.0,21059.72,1914.52,0
2024-02-11,SKU_132,15.0,28717.8,1914.52,0
2024-02-12,SKU_132,7.0,13401.64,1914.52,0
2024-02-13,SKU_132,5.0,9572.6,1914.52,0
2024-02-14,SKU_132,10.0,19145.2,1914.52,0
2024-02-15,SKU_132,11.0,21059.72,1914.52,0
2024-02-16,SKU_132,9.0,15363.72,1707.08,1
2024-02-17,SKU_132,12.0,22974.24,1914.52,0
2024-02-18,SKU_132,9.0,17230.68,1914.52,0
2024-02-19,SKU_132,12.0,20647.92,1720.66,1
2024-02-20,SKU_132,2.0,3829.04,1914.52,0
2024-02-21,SKU_132,8.0,15316.16,1914.52,0
2024-02-22,SKU_132,10.0,17682.1,1768.21,1
2024-02-23,SKU_132,12.0,22974.24,1914.52,0
2024-02-24,SKU_132,12.0,22974.24,1914.52,0
2024-02-25,SKU_132,13.0,24888.76,1914.52,0
2024-02-26,SKU_132,10.0,19145.2,1914.52,0
2024-02-27,SKU_132,10.0,19145.2,1914.52,0
2024-02-28,SKU_132,9.0,17230.68,1914.52,0
2024-02-29,SKU_132,10.0,19145.2,1914.52,0
2024-03-01,SKU_132,13.0,24888.76,1914.52,0
2024-03-02,SKU_132,12.0,22974.24,1914.52,0
2024-03-03,SKU_132,10.0,19145.2,1914.52,0
2024-03-04,SKU_132,14.0,26803.28,1914.52,0
2024-03-05,SKU_132,3.0,5743.56,1914.52,0
2024-03-06,SKU_132,11.0,21059.72,1914.52,0
2024-03-07,SKU_132,8.0,14123.44,1765.43,1
2024-03-08,SKU_132,11.0,21059.72,1914.52,0
2024-03-09,SKU_132,11.0,21059.72,1914.52,0
2024-03-10,SKU_132,6.0,11487.12,1914.52,0
2024-03-11,SKU_132,10.0,19145.2,1914.52,0
2024-03-12,SKU_132,11.0,21059.72,1914.52,0
2024-03-13,SKU_132,7.0,13401.64,1914.52,0
2024-03-14,SKU_132,2.0,3829.04,1914.52,0
2024-03-15,SKU_132,13.0,19693.57,1514.89,1
2024-03-16,SKU_132,16.0,26478.56,1654.91,1
2024-03-17,SKU_132,12.0,22974.24,1914.52,0
2024-03-18,SKU_132,11.0,21059.72,1914.52,0
2024-03-19,SKU_132,3.0,5743.56,1914.52,0
2024-03-20,SKU_132,10.0,19145.2,1914.52,0
