data/sales_daily.csv
date,sku_id,units_sold,revenue,unit_price,promo_flag
2024-01-01,SKU_133,1.0,5949.52,5949.52,1
2024-01-05,SKU_133,2.0,13985.86,6992.93,0
2024-01-06,SKU_133,1.0,6992.93,6992.93,0
2024-01-12,SKU_133,1.0,6992.93,6992.93,0
2024-01-14,SKU_133,2.0,13985.86,6992.93,0
2024-01-15,SKU_133,1.0,6992.93,6992.93,0
2024-01-21,SKU_133,4.0,27971.72,6992.93,0
2024-01-22,SKU_133,1.0,6992.93,6992.93,0
2024-01-24,SKU_133,1.0,6992.93,6992.93,0
2024-01-25,SKU_133,1.0,6992.93,6992.93,0
2024-01-28,SKU_133,1.0,6992.93,6992.93,0
2024-01-29,SKU_133,1.0,6992.93,6992.93,0
2024-01-31,SKU_133,1.0,6992.93,6992.93,0
2024-02-02,SKU_133,1.0,6992.93,6992.93,0
2024-02-04,SKU_133,1.0,6992.93,6992.93,0
2024-02-08,SKU_133,1.0,6992.93,6992.93,0
2024-02-12,SKU_133,1.0,6992.93,6992.93,0
2024-02-16,SKU_133,1.0,6992.93,6992.93,0
2024-02-17,SKU_133,1.0,6992.93,6992.93,0
2024-02-19,SKU_133,1.0,6992.93,6992.93,0
2024-02-20,SKU_133,1.0,6992.93,6992.93,0
2024-02-26,SKU_133,1.0,6992.93,6992.93,0
2024-02-29,SKU_133,2.0,13985.86,6992.93,0
2024-03-02,SKU_133,3.0,17944.44,5981.48,1
2024-03-03,SKU_133,2.0,13985.86,6992.93,0
2024-03-05,SKU_133,1.0,6992.93,6992.93,0
2024-03-06,SKU_133,1.0,6992.93,6992.93,0
2024-03-07,SKU_133,1.0,6992.93,6992.93,0
2024-03-08,SKU_133,1.0,6992.93,6992.93,0
2024-03-09,SKU_133,1.0,6992.93,6992.93,0
2024-03-10,SKU_133,2.0,13985.86,6992.93,0
2024-03-12,SKU_133,1.0,6992.93,6992.93,0
2024-03-13,SKU_133,1.0,6992.93,6992.93,0
2024-03-14,SKU_133,1.0,6992.93,6992.93,0
2024-03-15,SKU_133,2.0,11697.12,5848.56,1
2024-03-16,SKU_133,1.0,5719.38,5719.38,1
2024-03-17,SKU_133,2.0,13985.86,6992.93,0
2024-03-19,SKU_133,2.0,13985.86,6992.93,0
2024-01-01,SKU_134,5.0,26159.9,5231.98,1
2024-01-02,SKU_134,1.0,5950.24,5950.24,0
2024-01-03,SKU_134,3.0,17850.72,5950.24,0
2024-01-06,SKU_134,5.0,29751.2,5950.24,0
2024-01-07,SKU_134,2.0,11900.48,5950.24,0
2024-01-08,SKU_134,1.0,5071.78,5071.78,1
2024-01-10,SKU_134,2.0,11900.48,5950.24,0
2024-01-11,SKU_134,1.0,5950.24,5950.24,0
2024-01-12,SKU_134,2.0,10256.64,5128.32,1
2024-01-13,SKU_134,2.0,11900.48,5950.24,0
2024-01-14,SKU_134,2.0,11900.48,5950.24,0
2024-01-15,SKU_134,2.0,11900.48,5950.24,0
2024-01-16,SKU_134,4.0,23800.96,5950.24,0
2024-01-17,SKU_134,1.0,5950.24,5950.24,0
2024-01-18,SKU_134,1.0,5950.24,5950.24,0
2024-01-19,SKU_134,1.0,5950.24,5950.24,0
2024-01-20,SKU_134,2.0,10429.68,5214.84,1
2024-01-21,SKU_134,6.0,35701.44,5950.24,0
2024-01-22,SKU_134,3.0,17850.72,5950.24,0
2024-01-23,SKU_134,1.0,5950.24,5950.24,0
2024-01-24,SKU_134,1.0,5950.24,5950.24,0
2024-01-26,SKU_134,1.0,5950.24,5950.24,0
2024-01-28,SKU_134,5.0,29751.2,5950.24,0
2024-01-30,SKU_134,2.0,11900.48,5950.24,0
2024-02-01,SKU_134,3.0,17850.72,5950.24,0
2024-02-02,SKU_134,3.0,17850.72,5950.24,0
2024-02-03,SKU_134,1.0,5567.45,5567.45,1
2024-02-05,SKU_134,1.0,5950.24,5950.24,0
2024-02-06,SKU_134,1.0,5950.24,5950.24,0
2024-02-07,SKU_134,2.0,10118.06,5059.03,1
2024-02-08,SKU_134,3.0,17850.72,5950.24,0
2024-02-09,SKU_134,1.0,5950.24,5950.24,0
2024-02-10,SKU_134,1.0,5950.24,5950.24,0
2024-02-11,SKU_134,5.0,26801.75,5360.35,1
2024-02-12,SKU_134,1.0,5950.24,5950.24,0
2024-02-13,SKU_134,1.0,5950.24,5950.24,0
2024-02-14,SKU_134,1.0,5950.24,5950.24,0
2024-02-16,SKU_134,2.0,11900.48,5950.24,0
2024-02-17,SKU_134,1.0,5950.24,5950.24,0
2024-02-18,SKU_134,2.0,11900.48,5950.24,0
2024-02-20,SKU_134,1.0,5950.24,5950.24,0
2024-02-22,SKU_134,2.0,11292.84,5646.42,1
2024-02-23,SKU_134,1.0,5950.24,5950.24,0
2024-02-24,SKU_134,4.0,23800.96,5950.24,0
2024-02-25,SKU_134,3.0,17850.72,5950.24,0
2024-02-26,SKU_134,2.0,11900.48,5950.24,0
2024-02-27,SKU_134,1.0,5950.24,5950.24,0
2024-03-01,SKU_134,3.0,17850.72,5950.24,0
2024-03-02,SKU_134,1.0,5950.24,5950.24,0
2024-03-03,SKU_134,1.0,5950.24,5950.24,0
2024-03-04,SKU_134,3.0,17850.72,5950.24,0
2024-03-05,SKU_134,1.0,5950.24,5950.24,0
2024-03-06,SKU_134,2.0,11900.48,5950.24,0
2024-03-07,SKU_134,3.0,17850.72,5950.24,0
2024-03-08,SKU_134,3.0,15693.57,5231.19,1
2024-03-09,SKU_134,5.0,29751.2,5950.24,0
2024-03-10,SKU_134,1.0,5950.24,5950.24,0
2024-03-11,SKU_134,1.0,5950.24,5950.24,0
2024-03-12,SKU_134,2.0,11900.48,5950.24,0
2024-03-13,SKU_134,2.0,11900.48,5950.24,0
2024-03-14,SKU_134,2.0,11900.48,5950.24,0
2024-03-15,SKU_134,4.0,20576.0,5144.0,1
2024-03-16,SKU_134,5.0,24457.35,4891.47,1
2024-03-17,SKU_134,1.0,5950.24,5950.24,0
2024-03-18,SKU_134,1.0,5950.24,5950.24,0
2024-03-20,SKU_134,1.0,5950.24,5950.24,0
2024-01-01,SKU_135,1.0,3513.07,3513.07,1
2024-01-02,SKU_135,1.0,4281.66,4281.66,0
2024-01-03,SKU_135,1.0,4281.66,4281.66,0
2024-01-06,SKU_135,3.0,12010.65,4003.55,1
2024-01-07,SKU_135,1.0,4281.66,4281.66,0
2024-01-08,SKU_135,2.0,8563.32,4281.66,0
2024-01-11,SKU_135,1.0,4281.66,4281.66,0
2024-01-12,SKU_135,1.0,4281.66,4281.66,0
2024-01-13,SKU_135,1.0,4281.66,4281.66,0
2024-01-14,SKU_135,2.0,8563.32,4281.66,0
2024-01-15,SKU_135,1.0,4281.66,4281.66,0
2024-01-17,SKU_135,1.0,4281.66,4281.66,0
2024-01-19,SKU_135,1.0,4281.66,4281.66,0
2024-01-20,SKU_135,1.0,4281.66,4281.66,0
2024-01-22,SKU_135,1.0,4281.66,4281.66,0
2024-01-23,SKU_135,2.0,8563.32,4281.66,0
2024-01-24,SKU_135,1.0,4281.66,4281.66,0
2024-01-25,SKU_135,1.0,4011.7,4011.7,1
2024-01-26,SKU_135,2.0,8563.32,4281.66,0
2024-01-27,SKU_135,1.0,4281.66,4281.66,0
2024-01-28,SKU_135,1.0,4281.66,4281.66,0
2024-01-29,SKU_135,2.0,8563.32,4281.66,0
2024-01-30,SKU_135,1.0,4281.66,4281.66,0
2024-01-31,SKU_135,1.0,4281.66,4281.66,0
2024-02-05,SKU_135,1.0,4281.66,4281.66,0
2024-02-06,SKU_135,1.0,4281.66,4281.66,0
2024-02-07,SKU_135,1.0,4281.66,4281.66,0
2024-02-08,SKU_135,1.0,3754.71,3754.71,1
2024-02-10,SKU_135,2.0,8563.32,4281.66,0
2024-02-11,SKU_135,4.0,17126.64,4281.66,0
2024-02-15,SKU_135,1.0,4281.66,4281.66,0
2024-02-16,SKU_135,2.0,7992.24,3996.12,1
2024-02-17,SKU_135,1.0,4281.66,4281.66,0
2024-02-21,SKU_135,1.0,4281.66,4281.66,0
2024-02-23,SKU_135,2.0,8563.32,4281.66,0
2024-02-25,SKU_135,2.0,8563.32,4281.66,0
2024-02-27,SKU_135,1.0,4281.66,4281.66,0
2024-02-28,SKU_135,1.0,4281.66,4281.66,0
2024-03-02,SKU_135,2.0,8563.32,4281.66,0
2024-03-03,SKU_135,1.0,4281.66,4281.66,0
2024-03-07,SKU_135,2.0,8563.32,4281.66,0
2024-03-09,SKU_135,2.0,8563.32,4281.66,0
2024-03-10,SKU_135,1.0,4281.66,4281.66,0
2024-03-12,SKU_135,1.0,4281.66,4281.66,0
2024-03-14,SKU_135,1.0,4027.4,4027.4,1
2024-01-01,SKU_136,2.0,8579.38,4289.69,1
2024-01-07,SKU_136,1.0,5057.24,5057.24,0
2024-01-12,SKU_136,1.0,5057.24,5057.24,0
2024-01-13,SKU_136,1.0,5057.24,5057.24,0
2024-01-16,SKU_136,1.0,5057.24,5057.24,0
2024-01-17,SKU_136,1.0,5057.24,5057.24,0
2024-01-19,SKU_136,2.0,10114.48,5057.24,0
2024-01-20,SKU_136,2.0,9198.64,4599.32,1
2024-01-24,SKU_136,1.0,5057.24,5057.24,0
2024-01-26,SKU_136,2.0,10114.48,5057.24,0
2024-01-28,SKU_136,1.0,5057.24,5057.24,0
2024-01-29,SKU_136,1.0,5057.24,5057.24,0
2024-01-30,SKU_136,1.0,5057.24,5057.24,0
2024-02-03,SKU_136,2.0,10114.48,5057.24,0
2024-02-04,SKU_136,1.0,5057.24,5057.24,0
2024-02-06,SKU_136,3.0,15171.72,5057.24,0
2024-02-09,SKU_136,1.0,5057.24,5057.24,0
2024-02-11,SKU_136,1.0,5057.24,5057.24,0
2024-02-12,SKU_136,1.0,5057.24,5057.24,0
2024-02-13,SKU_136,1.0,5057.24,5057.24,0
2024-02-14,SKU_136,1.0,5057.24,5057.24,0
2024-02-16,SKU_136,1.0,5057.24,5057.24,0
2024-02-18,SKU_136,2.0,10114.48,5057.24,0
2024-02-19,SKU_136,1.0,5057.24,5057.24,0
2024-02-21,SKU_136,1.0,5057.24,5057.24,0
2024-02-25,SKU_136,3.0,15171.72,5057.24,0
2024-02-26,SKU_136,1.0,5057.24,5057.24,0
2024-02-27,SKU_136,1.0,5057.24,5057.24,0
2024-03-01,SKU_136,1.0,5057.24,5057.24,0
2024-03-02,SKU_136,1.0,5057.24,5057.24,0
2024-03-05,SKU_136,1.0,5057.24,5057.24,0
2024-03-07,SKU_136,1.0,5057.24,5057.24,0
2024-03-10,SKU_136,2.0,10114.48,5057.24,0
2024-03-15,SKU_136,2.0,7827.84,3913.92,1
2024-03-17,SKU_136,2.0,10114.48,5057.24,0
2024-03-19,SKU_136,1.0,5057.24,5057.24,0
2024-01-01,SKU_137,3.0,11812.95,3937.65,1
2024-01-02,SKU_137,3.0,15388.44,5129.48,0
2024-01-03,SKU_137,1.0,5129.48,5129.48,0
2024-01-04,SKU_137,1.0,5129.48,5129.48,0
2024-01-05,SKU_137,1.0,5129.48,5129.48,0
2024-01-06,SKU_137,3.0,15388.44,5129.48,0
2024-01-07,SKU_137,2.0,9300.1,4650.05,1
2024-01-08,SKU_137,4.0,17631.68,4407.92,1
2024-01-09,SKU_137,1.0,5129.48,5129.48,0
2024-01-10,SKU_137,2.0,10258.96,5129.48,0
2024-01-11,SKU_137,3.0,15388.44,5129.48,0
2024-01-12,SKU_137,3.0,15388.44,5129.48,0
2024-01-13,SKU_137,1.0,5129.48,5129.48,0
2024-01-14,SKU_137,1.0,4642.29,4642.29,1
2024-01-15,SKU_137,2.0,10258.96,5129.48,0
2024-01-16,SKU_137,5.0,22800.55,4560.11,1
2024-01-17,SKU_137,2.0,10258.96,5129.48,0
2024-01-18,SKU_137,1.0,5129.48,5129.48,0
2024-01-19,SKU_137,4.0,17685.12,4421.28,1
2024-01-20,SKU_137,3.0,15388.44,5129.48,0
2024-01-21,SKU_137,3.0,15388.44,5129.48,0
2024-01-22,SKU_137,1.0,5129.48,5129.48,0
2024-01-23,SKU_137,2.0,10258.96,5129.48,0
2024-01-25,SKU_137,2.0,10258.96,5129.48,0
2024-01-26,SKU_137,1.0,5129.48,5129.48,0
2024-01-27,SKU_137,2.0,10258.96,5129.48,0
2024-01-28,SKU_137,3.0,15388.44,5129.48,0
2024-01-29,SKU_137,2.0,10258.96,5129.48,0
2024-01-31,SKU_137,3.0,15388.44,5129.48,0
2024-02-01,SKU_137,1.0,5129.48,5129.48,0
2024-02-02,SKU_137,1.0,5129.48,5129.48,0
2024-02-03,SKU_137,1.0,5129.48,5129.48,0
2024-02-04,SKU_137,1.0,5129.48,5129.48,0
2024-02-06,SKU_137,3.0,15388.44,5129.48,0
2024-02-07,SKU_137,3.0,15388.44,5129.48,0
2024-02-08,SKU_137,3.0,15388.44,5129.48,0
2024-02-10,SKU_137,6.0,30776.88,5129.48,0
2024-02-11,SKU_137,1.0,5129.48,5129.48,0
2024-02-12,SKU_137,2.0,10258.96,5129.48,0
2024-02-16,SKU_137,2.0,10258.96,5129.48,0
2024-02-17,SKU_137,6.0,30776.88,5129.48,0
2024-02-18,SKU_137,3.0,15388.44,5129.48,0
2024-02-20,SKU_137,1.0,5129.48,5129.48,0
2024-02-21,SKU_137,1.0,5129.48,5129.48,0
2024-02-22,SKU_137,1.0,5129.48,5129.48,0
2024-02-23,SKU_137,2.0,10258.96,5129.48,0
2024-02-24,SKU_137,3.0,15388.44,5129.48,0
2024-02-25,SKU_137,3.0,15388.44,5129.48,0
2024-02-26,SKU_137,3.0,14412.24,4804.08,1
2024-02-28,SKU_137,3.0,15388.44,5129.48,0
2024-03-01,SKU_137,1.0,5129.48,5129.48,0
2024-03-02,SKU_137,7.0,35906.36,5129.48,0
2024-03-03,SKU_137,3.0,15388.44,5129.48,0
2024-03-05,SKU_137,1.0,5129.48,5129.48,0
2024-03-09,SKU_137,1.0,5129.48,5129.48,0
2024-03-10,SKU_137,1.0,5129.48,5129.48,0
2024-03-11,SKU_137,1.0,5129.48,5129.48,0
2024-03-13,SKU_137,3.0,15388.44,5129.48,0
2024-03-14,SKU_137,2.0,10258.96,5129.48,0
2024-03-16,SKU_137,5.0,21874.15,4374.83,1
2024-03-17,SKU_137,2.0,10258.96,5129.48,0
2024-03-19,SKU_137,3.0,15388.44,5129.48,0
2024-03-20,SKU_137,2.0,10258.96,5129.48,0
2024-01-01,SKU_138,4.0,1990.24,497.56,1
2024-01-05,SKU_138,1.0,626.7,626.7,0
2024-01-06,SKU_138,4.0,2506.8,626.7,0
2024-01-08,SKU_138,1.0,540.16,540.16,1
2024-01-09,SKU_138,1.0,626.7,626.7,0
2024-01-10,SKU_138,1.0,626.7,626.7,0
2024-01-11,SKU_138,2.0,1253.4,626.7,0
2024-01-12,SKU_138,1.0,626.7,626.7,0
2024-01-13,SKU_138,2.0,1253.4,626.7,0
2024-01-14,SKU_138,3.0,1880.1,626.7,0
2024-01-15,SKU_138,1.0,626.7,626.7,0
2024-01-16,SKU_138,2.0,1253.4,626.7,0
2024-01-18,SKU_138,2.0,1253.4,626.7,0
2024-01-19,SKU_138,2.0,1253.4,626.7,0
2024-01-20,SKU_138,3.0,1880.1,626.7,0
2024-01-21,SKU_138,1.0,626.7,626.7,0
2024-01-22,SKU_138,1.0,626.7,626.7,0
2024-01-23,SKU_138,1.0,626.7,626.7,0
2024-01-24,SKU_138,1.0,626.7,626.7,0
2024-01-25,SKU_138,1.0,626.7,626.7,0
2024-01-27,SKU_138,3.0,1880.1,626.7,0
2024-01-28,SKU_138,2.0,1253.4,626.7,0
2024-01-30,SKU_138,2.0,1253.4,626.7,0
2024-01-31,SKU_138,3.0,1880.1,626.7,0
2024-02-01,SKU_138,1.0,626.7,626.7,0
2024-02-03,SKU_138,4.0,2506.8,626.7,0
2024-02-04,SKU_138,4.0,2506.8,626.7,0
2024-02-05,SKU_138,2.0,1253.4,626.7,0
2024-02-06,SKU_138,2.0,1253.4,626.7,0
2024-02-07,SKU_138,3.0,1725.66,575.22,1
2024-02-08,SKU_138,1.0,626.7,626.7,0
2024-02-09,SKU_138,3.0,1880.1,626.7,0
2024-02-10,SKU_138,4.0,2506.8,626.7,0
2024-02-11,SKU_138,2.0,1253.4,626.7,0
2024-02-12,SKU_138,1.0,626.7,626.7,0
2024-02-13,SKU_138,4.0,2506.8,626.7,0
2024-02-14,SKU_138,3.0,1880.1,626.7,0
2024-02-15,SKU_138,1.0,538.88,538.88,1
2024-02-16,SKU_138,4.0,2506.8,626.7,0
2024-02-17,SKU_138,2.0,1253.4,626.7,0
2024-02-18,SKU_138,2.0,1253.4,626.7,0
2024-02-20,SKU_138,2.0,1253.4,626.7,0
2024-02-22,SKU_138,1.0,626.7,626.7,0
2024-02-24,SKU_138,,,626.7,0
2024-02-25,SKU_138,2.0,1253.4,626.7,0
2024-02-27,SKU_138,3.0,1880.1,626.7,0
2024-02-28,SKU_138,2.0,1253.4,626.7,0
2024-02-29,SKU_138,1.0,626.7,626.7,0
2024-03-02,SKU_138,4.0,2506.8,626.7,0
2024-03-04,SKU_138,2.0,1253.4,626.7,0
2024-03-05,SKU_138,2.0,1253.4,626.7,0
2024-03-06,SKU_138,5.0,3133.5,626.7,0
2024-03-07,SKU_138,2.0,1253.4,626.7,0
2024-03-08,SKU_138,5.0,3133.5,626.7,0
2024-03-09,SKU_138,3.0,1670.16,556.72,1
2024-03-12,SKU_138,2.0,1253.4,626.7,0
2024-03-14,SKU_138,2.0,1253.4,626.7,0
2024-03-15,SKU_138,1.0,502.62,502.62,1
2024-03-16,SKU_138,3.0,1616.82,538.94,1
2024-03-17,SKU_138,3.0,1880.1,626.7,0
2024-03-20,SKU_138,2.0,1253.4,626.7,0
2024-01-01,SKU_139,3.0,5058.96,1686.32,1
2024-01-07,SKU_139,1.0,2001.28,2001.28,0
2024-01-08,SKU_139,1.0,2001.28,2001.28,0
2024-01-15,SKU_139,1.0,1824.66,1824.66,1
2024-01-20,SKU_139,1.0,2001.28,2001.28,0
2024-02-06,SKU_139,1.0,2001.28,2001.28,0
2024-02-13,SKU_139,3.0,5689.65,1896.55,1
2024-02-19,SKU_139,1.0,2001.28,2001.28,0
2024-02-28,SKU_139,1.0,2001.28,2001.28,0
2024-03-01,SKU_139,1.0,2001.28,2001.28,0
2024-03-02,SKU_139,1.0,2001.28,2001.28,0
2024-03-13,SKU_139,1.0,2001.28,2001.28,0
2024-01-01,SKU_140,1.0,5175.96,5175.96,1
2024-01-02,SKU_140,,,6487.08,0
2024-01-03,SKU_140,1.0,6487.08,6487.08,0
2024-01-04,SKU_140,1.0,5861.99,5861.99,1
2024-01-07,SKU_140,1.0,6487.08,6487.08,0
2024-01-11,SKU_140,1.0,6487.08,6487.08,0
2024-01-12,SKU_140,1.0,6487.08,6487.08,0
2024-01-13,SKU_140,2.0,12264.38,6132.19,1
2024-01-15,SKU_140,2.0,11341.66,5670.83,1
2024-01-16,SKU_140,1.0,6487.08,6487.08,0
2024-01-17,SKU_140,1.0,6487.08,6487.08,0
2024-01-19,SKU_140,1.0,6487.08,6487.08,0
2024-01-20,SKU_140,2.0,12974.16,6487.08,0
2024-01-21,SKU_140,1.0,6487.08,6487.08,0
2024-01-24,SKU_140,2.0,12974.16,6487.08,0
2024-01-25,SKU_140,1.0,6487.08,6487.08,0
2024-01-26,SKU_140,1.0,6487.08,6487.08,0
2024-01-30,SKU_140,1.0,6487.08,6487.08,0
2024-02-01,SKU_140,1.0,6487.08,6487.08,0
2024-02-06,SKU_140,2.0,12288.74,6144.37,1
2024-02-07,SKU_140,1.0,5693.4,5693.4,1
2024-02-11,SKU_140,1.0,6487.08,6487.08,0
2024-02-15,SKU_140,1.0,6487.08,6487.08,0
2024-02-16,SKU_140,1.0,6487.08,6487.08,0
2024-02-17,SKU_140,1.0,6487.08,6487.08,0
2024-02-19,SKU_140,1.0,6487.08,6487.08,0
2024-02-20,SKU_140,2.0,12974.16,6487.08,0
2024-02-21,SKU_140,1.0,6487.08,6487.08,0
2024-02-22,SKU_140,1.0,6487.08,6487.08,0
2024-02-24,SKU_140,1.0,5572.64,5572.64,1
2024-02-25,SKU_140,1.0,6487.08,6487.08,0
2024-02-26,SKU_140,2.0,12974.16,6487.08,0
2024-02-29,SKU_140,1.0,6487.08,6487.08,0
2024-03-02,SKU_140,1.0,6487.08,6487.08,0
2024-03-03,SKU_140,1.0,6487.08,6487.08,0
2024-03-10,SKU_140,2.0,12974.16,6487.08,0
2024-03-11,SKU_140,1.0,6487.08,6487.08,0
2024-03-16,SKU_140,1.0,5433.61,5433.61,1
2024-03-17,SKU_140,1.0,5541.12,5541.12,1
2024-03-19,SKU_140,1.0,6487.08,6487.08,0
2024-01-01,SKU_142,5.0,29657.6,5931.52,1
2024-01-02,SKU_142,2.0,13952.58,6976.29,0
2024-01-04,SKU_142,2.0,13952.58,6976.29,0
2024-01-05,SKU_142,6.0,41857.74,6976.29,0
2024-01-06,SKU_142,4.0,27905.16,6976.29,0
2024-01-07,SKU_142,5.0,34881.45,6976.29,0
2024-01-08,SKU_142,1.0,6976.29,6976.29,0
2024-01-09,SKU_142,3.0,20928.87,6976.29,0
2024-01-10,SKU_142,2.0,13952.58,6976.29,0
2024-01-11,SKU_142,1.0,6976.29,6976.29,0
2024-01-12,SKU_142,2.0,13952.58,6976.29,0
2024-01-13,SKU_142,3.0,20928.87,6976.29,0
2024-01-14,SKU_142,1.0,6976.29,6976.29,0
2024-01-15,SKU_142,4.0,24240.72,6060.18,1
2024-01-16,SKU_142,1.0,6976.29,6976.29,0
2024-01-17,SKU_142,1.0,6976.29,6976.29,0
2024-01-19,SKU_142,3.0,20928.87,6976.29,0
2024-01-20,SKU_142,3.0,20928.87,6976.29,0
2024-01-21,SKU_142,4.0,27905.16,6976.29,0
2024-01-22,SKU_142,2.0,13952.58,6976.29,0
2024-01-23,SKU_142,1.0,6976.29,6976.29,0
2024-01-24,SKU_142,1.0,6976.29,6976.29,0
2024-01-25,SKU_142,1.0,6976.29,6976.29,0
2024-01-26,SKU_142,2.0,13952.58,6976.29,0
2024-01-27,SKU_142,4.0,27905.16,6976.29,0
2024-01-28,SKU_142,3.0,20928.87,6976.29,0
2024-01-30,SKU_142,1.0,6976.29,6976.29,0
2024-01-31,SKU_142,2.0,13952.58,6976.29,0
2024-02-01,SKU_142,4.0,27905.16,6976.29,0
2024-02-02,SKU_142,3.0,20928.87,6976.29,0
2024-02-03,SKU_142,4.0,27905.16,6976.29,0
2024-02-04,SKU_142,3.0,20928.87,6976.29,0
2024-02-06,SKU_142,1.0,6976.29,6976.29,0
2024-02-07,SKU_142,1.0,6976.29,6976.29,0
2024-02-08,SKU_142,2.0,13952.58,6976.29,0
2024-02-09,SKU_142,1.0,6976.29,6976.29,0
2024-02-11,SKU_142,2.0,13952.58,6976.29,0
2024-02-13,SKU_142,2.0,13252.22,6626.11,1
2024-02-14,SKU_142,2.0,13952.58,6976.29,0
2024-02-15,SKU_142,1.0,6976.29,6976.29,0
2024-02-16,SKU_142,2.0,13952.58,6976.29,0
2024-02-17,SKU_142,1.0,6976.29,6976.29,0
2024-02-18,SKU_142,4.0,27905.16,6976.29,0
2024-02-19,SKU_142,2.0,13952.58,6976.29,0
2024-02-20,SKU_142,2.0,13952.58,6976.29,0
2024-02-22,SKU_142,2.0,13164.08,6582.04,1
2024-02-23,SKU_142,2.0,13952.58,6976.29,0
2024-02-24,SKU_142,2.0,13952.58,6976.29,0
2024-02-27,SKU_142,3.0,20928.87,6976.29,0
2024-02-28,SKU_142,2.0,13952.58,6976.29,0
2024-02-29,SKU_142,2.0,13952.58,6976.29,0
2024-03-01,SKU_142,1.0,6976.29,6976.29,0
2024-03-02,SKU_142,4.0,27905.16,6976.29,0
2024-03-03,SKU_142,1.0,6976.29,6976.29,0
2024-03-05,SKU_142,1.0,6976.29,6976.29,0
2024-03-06,SKU_142,3.0,20928.87,6976.29,0
2024-03-08,SKU_142,1.0,6976.29,6976.29,0
2024-03-09,SKU_142,3.0,20928.87,6976.29,0
2024-03-12,SKU_142,,,6976.29,0
2024-03-13,SKU_142,1.0,6976.29,6976.29,0
2024-03-14,SKU_142,3.0,20928.87,6976.29,0
2024-03-16,SKU_142,2.0,10752.14,5376.07,1
2024-03-17,SKU_142,5.0,34881.45,6976.29,0
2024-03-19,SKU_142,1.0,6976.29,6976.29,0
2024-03-20,SKU_142,3.0,20928.87,6976.29,0
