data/sales_daily.csv
date,sku_id,units_sold,revenue,unit_price,promo_flag
2024-01-01,SKU_143,2.0,11457.66,5728.83,1
2024-01-03,SKU_143,2.0,13529.32,6764.66,1
2024-01-04,SKU_143,3.0,21961.53,7320.51,0
2024-01-05,SKU_143,2.0,14641.02,7320.51,0
2024-01-07,SKU_143,1.0,7320.51,7320.51,0
2024-01-08,SKU_143,1.0,7320.51,7320.51,0
2024-01-09,SKU_143,2.0,14641.02,7320.51,0
2024-01-10,SKU_143,1.0,7320.51,7320.51,0
2024-01-11,SKU_143,3.0,19057.08,6352.36,1
2024-01-12,SKU_143,4.0,29282.04,7320.51,0
2024-01-13,SKU_143,1.0,7320.51,7320.51,0
2024-01-14,SKU_143,4.0,29282.04,7320.51,0
2024-01-16,SKU_143,4.0,29282.04,7320.51,0
2024-01-18,SKU_143,,,7320.51,0
2024-01-19,SKU_143,2.0,14641.02,7320.51,0
2024-01-20,SKU_143,6.0,43923.06,7320.51,0
2024-01-21,SKU_143,3.0,21961.53,7320.51,0
2024-01-22,SKU_143,1.0,7320.51,7320.51,0
2024-01-24,SKU_143,1.0,7320.51,7320.51,0
2024-01-25,SKU_143,1.0,7320.51,7320.51,0
2024-01-26,SKU_143,1.0,7320.51,7320.51,0
2024-01-27,SKU_143,2.0,12523.56,6261.78,1
2024-01-28,SKU_143,1.0,7320.51,7320.51,0
2024-01-29,SKU_143,3.0,21961.53,7320.51,0
2024-01-30,SKU_143,1.0,7320.51,7320.51,0
2024-01-31,SKU_143,1.0,7320.51,7320.51,0
2024-02-01,SKU_143,1.0,7320.51,7320.51,0
2024-02-02,SKU_143,1.0,7320.51,7320.51,0
2024-02-03,SKU_143,6.0,38399.1,6399.85,1
2024-02-04,SKU_143,3.0,21961.53,7320.51,0
2024-02-05,SKU_143,2.0,14641.02,7320.51,0
2024-02-06,SKU_143,3.0,21961.53,7320.51,0
2024-02-07,SKU_143,1.0,7320.51,7320.51,0
2024-02-08,SKU_143,1.0,7320.51,7320.51,0
2024-02-09,SKU_143,4.0,29282.04,7320.51,0
2024-02-10,SKU_143,4.0,29282.04,7320.51,0
2024-02-11,SKU_143,1.0,7320.51,7320.51,0
2024-02-12,SKU_143,6.0,39366.3,6561.05,1
2024-02-14,SKU_143,2.0,14641.02,7320.51,0
2024-02-16,SKU_143,1.0,7320.51,7320.51,0
2024-02-17,SKU_143,2.0,14641.02,7320.51,0
2024-02-18,SKU_143,5.0,36602.55,7320.51,0
2024-02-19,SKU_143,1.0,7320.51,7320.51,0
2024-02-20,SKU_143,2.0,14641.02,7320.51,0
2024-02-21,SKU_143,6.0,43923.06,7320.51,0
2024-02-22,SKU_143,1.0,7320.51,7320.51,0
2024-02-23,SKU_143,1.0,7320.51,7320.51,0
2024-02-25,SKU_143,2.0,14641.02,7320.51,0
2024-02-26,SKU_143,4.0,29282.04,7320.51,0
2024-02-27,SKU_143,2.0,14641.02,7320.51,0
2024-02-28,SKU_143,1.0,7320.51,7320.51,0
2024-02-29,SKU_143,1.0,7320.51,7320.51,0
2024-03-01,SKU_143,4.0,29282.04,7320.51,0
2024-03-02,SKU_143,5.0,36602.55,7320.51,0
2024-03-03,SKU_143,8.0,58564.08,7320.51,0
2024-03-04,SKU_143,4.0,29282.04,7320.51,0
2024-03-05,SKU_143,2.0,14641.02,7320.51,0
2024-03-07,SKU_143,2.0,14641.02,7320.51,0
2024-03-09,SKU_143,5.0,36602.55,7320.51,0
2024-03-10,SKU_143,2.0,14641.02,7320.51,0
2024-03-13,SKU_143,,,7320.51,0
2024-03-14,SKU_143,1.0,7320.51,7320.51,0
2024-03-15,SKU_143,2.0,12879.12,6439.56,1
2024-03-16,SKU_143,4.0,24929.24,6232.31,1
2024-03-17,SKU_143,1.0,7320.51,7320.51,0
2024-03-18,SKU_143,1.0,7320.51,7320.51,0
2024-03-19,SKU_143,1.0,7320.51,7320.51,0
2024-03-20,SKU_143,2.0,14641.02,7320.51,0
2024-01-01,SKU_145,3.0,17543.52,5847.84,1
2024-01-03,SKU_145,3.0,20391.72,6797.24,0
2024-01-04,SKU_145,1.0,6797.24,6797.24,0
2024-01-05,SKU_145,3.0,20391.72,6797.24,0
2024-01-06,SKU_145,1.0,6797.24,6797.24,0
2024-01-07,SKU_145,5.0,33986.2,6797.24,0
2024-01-08,SKU_145,1.0,6797.24,6797.24,0
2024-01-09,SKU_145,2.0,13594.48,6797.24,0
2024-01-10,SKU_145,3.0,18591.87,6197.29,1
2024-01-11,SKU_145,1.0,6797.24,6797.24,0
2024-01-12,SKU_145,2.0,13594.48,6797.24,0
2024-01-13,SKU_145,4.0,27188.96,6797.24,0
2024-01-15,SKU_145,1.0,6797.24,6797.24,0
2024-01-16,SKU_145,2.0,12263.82,6131.91,1
2024-01-19,SKU_145,1.0,6797.24,6797.24,0
2024-01-20,SKU_145,5.0,30125.3,6025.06,1
2024-01-21,SKU_145,2.0,13594.48,6797.24,0
2024-01-22,SKU_145,2.0,13594.48,6797.24,0
2024-01-23,SKU_145,2.0,13594.48,6797.24,0
2024-01-24,SKU_145,4.0,27188.96,6797.24,0
2024-01-25,SKU_145,1.0,6797.24,6797.24,0
2024-01-26,SKU_145,1.0,6797.24,6797.24,0
2024-01-27,SKU_145,2.0,13594.48,6797.24,0
2024-01-28,SKU_145,3.0,20391.72,6797.24,0
2024-01-29,SKU_145,2.0,13594.48,6797.24,0
2024-01-31,SKU_145,1.0,6797.24,6797.24,0
2024-02-02,SKU_145,3.0,20391.72,6797.24,0
2024-02-03,SKU_145,1.0,6797.24,6797.24,0
2024-02-04,SKU_145,3.0,18589.98,6196.66,1
2024-02-05,SKU_145,2.0,13594.48,6797.24,0
2024-02-06,SKU_145,1.0,6797.24,6797.24,0
2024-02-07,SKU_145,1.0,6797.24,6797.24,0
2024-02-08,SKU_145,3.0,20391.72,6797.24,0
2024-02-09,SKU_145,1.0,6797.24,6797.24,0
2024-02-10,SKU_145,3.0,20391.72,6797.24,0
2024-02-11,SKU_145,2.0,13594.48,6797.24,0
2024-02-12,SKU_145,2.0,13594.48,6797.24,0
2024-02-13,SKU_145,2.0,13594.48,6797.24,0
2024-02-14,SKU_145,3.0,20391.72,6797.24,0
2024-02-15,SKU_145,4.0,27188.96,6797.24,0
2024-02-16,SKU_145,4.0,27188.96,6797.24,0
2024-02-17,SKU_145,2.0,13594.48,6797.24,0
2024-02-19,SKU_145,1.0,6797.24,6797.24,0
2024-02-21,SKU_145,2.0,13594.48,6797.24,0
2024-02-23,SKU_145,3.0,20391.72,6797.24,0
2024-02-24,SKU_145,4.0,27188.96,6797.24,0
2024-02-25,SKU_145,4.0,27188.96,6797.24,0
2024-02-26,SKU_145,1.0,6797.24,6797.24,0
2024-02-27,SKU_145,3.0,20391.72,6797.24,0
2024-02-28,SKU_145,2.0,13594.48,6797.24,0
2024-03-01,SKU_145,2.0,13594.48,6797.24,0
2024-03-02,SKU_145,3.0,20391.72,6797.24,0
2024-03-03,SKU_145,2.0,13594.48,6797.24,0
2024-03-04,SKU_145,2.0,13594.48,6797.24,0
2024-03-05,SKU_145,2.0,13594.48,6797.24,0
2024-03-07,SKU_145,4.0,27188.96,6797.24,0
2024-03-08,SKU_145,2.0,13594.48,6797.24,0
2024-03-09,SKU_145,2.0,13594.48,6797.24,0
2024-03-10,SKU_145,5.0,31043.25,6208.65,1
2024-03-12,SKU_145,1.0,6797.24,6797.24,0
2024-03-13,SKU_145,1.0,6797.24,6797.24,0
2024-03-14,SKU_145,2.0,13594.48,6797.24,0
2024-03-15,SKU_145,6.0,35934.24,5989.04,1
2024-03-16,SKU_145,3.0,17024.13,5674.71,1
2024-03-18,SKU_145,1.0,6797.24,6797.24,0
2024-03-19,SKU_145,1.0,6797.24,6797.24,0
2024-03-20,SKU_145,1.0,6797.24,6797.24,0
2024-01-01,SKU_146,4.0,16029.0,4007.25,1
2024-01-02,SKU_146,3.0,15743.67,5247.89,0
2024-01-03,SKU_146,1.0,5247.89,5247.89,0
2024-01-04,SKU_146,2.0,10495.78,5247.89,0
2024-01-05,SKU_146,1.0,5247.89,5247.89,0
2024-01-06,SKU_146,2.0,10495.78,5247.89,0
2024-01-07,SKU_146,3.0,15743.67,5247.89,0
2024-01-08,SKU_146,5.0,26239.45,5247.89,0
2024-01-09,SKU_146,1.0,5247.89,5247.89,0
2024-01-10,SKU_146,1.0,5247.89,5247.89,0
2024-01-12,SKU_146,4.0,20991.56,5247.89,0
2024-01-14,SKU_146,2.0,10495.78,5247.89,0
2024-01-16,SKU_146,2.0,10495.78,5247.89,0
2024-01-17,SKU_146,3.0,15743.67,5247.89,0
2024-01-18,SKU_146,,,5247.89,0
2024-01-19,SKU_146,4.0,18907.12,4726.78,1
2024-01-20,SKU_146,3.0,13994.37,4664.79,1
2024-01-21,SKU_146,1.0,5247.89,5247.89,0
2024-01-23,SKU_146,1.0,5247.89,5247.89,0
2024-01-24,SKU_146,3.0,15743.67,5247.89,0
2024-01-25,SKU_146,2.0,10495.78,5247.89,0
2024-01-26,SKU_146,2.0,9616.94,4808.47,1
2024-01-27,SKU_146,1.0,5247.89,5247.89,0
2024-01-29,SKU_146,2.0,10495.78,5247.89,0
2024-01-30,SKU_146,2.0,10495.78,5247.89,0
2024-01-31,SKU_146,2.0,10495.78,5247.89,0
2024-02-01,SKU_146,1.0,5247.89,5247.89,0
2024-02-02,SKU_146,2.0,10495.78,5247.89,0
2024-02-03,SKU_146,4.0,20991.56,5247.89,0
2024-02-04,SKU_146,1.0,4653.26,4653.26,1
2024-02-05,SKU_146,2.0,10495.78,5247.89,0
2024-02-06,SKU_146,4.0,20991.56,5247.89,0
2024-02-08,SKU_146,2.0,10495.78,5247.89,0
2024-02-09,SKU_146,3.0,15743.67,5247.89,0
2024-02-10,SKU_146,3.0,15743.67,5247.89,0
2024-02-11,SKU_146,2.0,10495.78,5247.89,0
2024-02-12,SKU_146,1.0,5247.89,5247.89,0
2024-02-13,SKU_146,1.0,5247.89,5247.89,0
2024-02-14,SKU_146,1.0,5247.89,5247.89,0
2024-02-15,SKU_146,2.0,10495.78,5247.89,0
2024-02-16,SKU_146,2.0,9304.04,4652.02,1
2024-02-17,SKU_146,1.0,5247.89,5247.89,0
2024-02-18,SKU_146,7.0,34043.45,4863.35,1
2024-02-19,SKU_146,1.0,5247.89,5247.89,0
2024-02-20,SKU_146,1.0,5247.89,5247.89,0
2024-02-21,SKU_146,4.0,20991.56,5247.89,0
2024-02-22,SKU_146,1.0,5247.89,5247.89,0
2024-02-23,SKU_146,2.0,10495.78,5247.89,0
2024-02-24,SKU_146,5.0,26239.45,5247.89,0
2024-02-25,SKU_146,1.0,5247.89,5247.89,0
2024-02-26,SKU_146,1.0,5247.89,5247.89,0
2024-02-27,SKU_146,4.0,18007.48,4501.87,1
2024-02-28,SKU_146,3.0,15743.67,5247.89,0
2024-02-29,SKU_146,2.0,10495.78,5247.89,0
2024-03-01,SKU_146,1.0,4472.39,4472.39,1
2024-03-02,SKU_146,2.0,10495.78,5247.89,0
2024-03-03,SKU_146,1.0,5247.89,5247.89,0
2024-03-04,SKU_146,4.0,18090.84,4522.71,1
2024-03-05,SKU_146,2.0,10495.78,5247.89,0
2024-03-06,SKU_146,4.0,20991.56,5247.89,0
2024-03-07,SKU_146,1.0,5247.89,5247.89,0
2024-03-08,SKU_146,2.0,10495.78,5247.89,0
2024-03-09,SKU_146,1.0,5247.89,5247.89,0
2024-03-10,SKU_146,1.0,5247.89,5247.89,0
2024-03-12,SKU_146,1.0,5247.89,5247.89,0
2024-03-13,SKU_146,1.0,5247.89,5247.89,0
2024-03-14,SKU_146,1.0,5247.89,5247.89,0
2024-03-15,SKU_146,1.0,4290.12,4290.12,1
2024-03-16,SKU_146,5.0,20666.9,4133.38,1
2024-03-17,SKU_146,6.0,27991.38,4665.23,1
2024-03-19,SKU_146,1.0,5247.89,5247.89,0
2024-03-20,SKU_146,2.0,10495.78,5247.89,0
2024-01-01,SKU_147,2.0,12246.88,6123.44,1
2024-01-02,SKU_147,1.0,6936.26,6936.26,0
2024-01-03,SKU_147,1.0,6936.26,6936.26,0
2024-01-04,SKU_147,1.0,6936.26,6936.26,0
2024-01-14,SKU_147,1.0,6936.26,6936.26,0
2024-01-17,SKU_147,1.0,6936.26,6936.26,0
2024-01-19,SKU_147,1.0,6936.26,6936.26,0
2024-01-21,SKU_147,1.0,6936.26,6936.26,0
2024-01-22,SKU_147,2.0,13872.52,6936.26,0
2024-01-23,SKU_147,1.0,6936.26,6936.26,0
2024-01-24,SKU_147,1.0,6936.26,6936.26,0
2024-01-26,SKU_147,1.0,6936.26,6936.26,0
2024-01-28,SKU_147,1.0,6936.26,6936.26,0
2024-01-30,SKU_147,1.0,5935.38,5935.38,1
2024-02-02,SKU_147,1.0,6936.26,6936.26,0
2024-02-03,SKU_147,2.0,13872.52,6936.26,0
2024-02-04,SKU_147,1.0,6936.26,6936.26,0
2024-02-05,SKU_147,2.0,13872.52,6936.26,0
2024-02-07,SKU_147,1.0,6936.26,6936.26,0
2024-02-10,SKU_147,2.0,13872.52,6936.26,0
2024-02-11,SKU_147,1.0,6936.26,6936.26,0
2024-02-15,SKU_147,1.0,6936.26,6936.26,0
2024-02-16,SKU_147,1.0,6936.26,6936.26,0
2024-02-18,SKU_147,2.0,13872.52,6936.26,0
2024-02-21,SKU_147,1.0,6260.71,6260.71,1
2024-02-23,SKU_147,1.0,6936.26,6936.26,0
2024-02-25,SKU_147,1.0,6936.26,6936.26,0
2024-03-04,SKU_147,1.0,6936.26,6936.26,0
2024-03-05,SKU_147,1.0,6936.26,6936.26,0
2024-03-08,SKU_147,1.0,6936.26,6936.26,0
2024-03-09,SKU_147,1.0,6936.26,6936.26,0
2024-03-10,SKU_147,3.0,18944.25,6314.75,1
2024-03-11,SKU_147,1.0,6936.26,6936.26,0
2024-03-15,SKU_147,2.0,11364.5,5682.25,1
2024-03-16,SKU_147,1.0,5490.87,5490.87,1
2024-03-17,SKU_147,1.0,6936.26,6936.26,0
2024-03-18,SKU_147,1.0,6936.26,6936.26,0
2024-03-20,SKU_147,2.0,13872.52,6936.26,0
2024-01-01,SKU_150,3.0,5993.1,1997.7,1
2024-01-02,SKU_150,1.0,2455.9,2455.9,0
2024-01-03,SKU_150,1.0,2455.9,2455.9,0
2024-01-04,SKU_150,1.0,2272.26,2272.26,1
2024-01-05,SKU_150,1.0,2455.9,2455.9,0
2024-01-06,SKU_150,,,2455.9,0
2024-01-07,SKU_150,2.0,4911.8,2455.9,0
2024-01-08,SKU_150,3.0,7367.7,2455.9,0
2024-01-09,SKU_150,2.0,4911.8,2455.9,0
2024-01-10,SKU_150,2.0,4911.8,2455.9,0
2024-01-11,SKU_150,2.0,4911.8,2455.9,0
2024-01-12,SKU_150,1.0,2455.9,2455.9,0
2024-01-13,SKU_150,3.0,7367.7,2455.9,0
2024-01-14,SKU_150,2.0,4178.62,2089.31,1
2024-01-15,SKU_150,2.0,4911.8,2455.9,0
2024-01-16,SKU_150,3.0,6396.93,2132.31,1
2024-01-17,SKU_150,1.0,2455.9,2455.9,0
2024-01-18,SKU_150,2.0,4636.98,2318.49,1
2024-01-19,SKU_150,1.0,2455.9,2455.9,0
2024-01-20,SKU_150,2.0,4421.94,2210.97,1
2024-01-21,SKU_150,1.0,2455.9,2455.9,0
2024-01-22,SKU_150,3.0,7367.7,2455.9,0
2024-01-23,SKU_150,2.0,4911.8,2455.9,0
2024-01-24,SKU_150,2.0,4911.8,2455.9,0
2024-01-25,SKU_150,2.0,4911.8,2455.9,0
2024-01-26,SKU_150,2.0,4911.8,2455.9,0
2024-01-27,SKU_150,2.0,4911.8,2455.9,0
2024-01-28,SKU_150,2.0,4911.8,2455.9,0
2024-01-30,SKU_150,4.0,9823.6,2455.9,0
2024-01-31,SKU_150,4.0,9823.6,2455.9,0
2024-02-01,SKU_150,2.0,4911.8,2455.9,0
2024-02-02,SKU_150,3.0,7367.7,2455.9,0
2024-02-03,SKU_150,1.0,2455.9,2455.9,0
2024-02-04,SKU_150,7.0,17191.3,2455.9,0
2024-02-06,SKU_150,3.0,6886.68,2295.56,1
2024-02-08,SKU_150,1.0,2455.9,2455.9,0
2024-02-09,SKU_150,2.0,4911.8,2455.9,0
2024-02-10,SKU_150,2.0,4911.8,2455.9,0
2024-02-11,SKU_150,4.0,9823.6,2455.9,0
2024-02-13,SKU_150,1.0,2455.9,2455.9,0
2024-02-14,SKU_150,2.0,4911.8,2455.9,0
2024-02-15,SKU_150,1.0,2455.9,2455.9,0
2024-02-16,SKU_150,2.0,4911.8,2455.9,0
2024-02-17,SKU_150,2.0,4911.8,2455.9,0
2024-02-18,SKU_150,2.0,4911.8,2455.9,0
2024-02-19,SKU_150,2.0,4911.8,2455.9,0
2024-02-20,SKU_150,4.0,9823.6,2455.9,0
2024-02-21,SKU_150,2.0,4911.8,2455.9,0
2024-02-22,SKU_150,6.0,12989.64,2164.94,1
2024-02-23,SKU_150,3.0,7367.7,2455.9,0
2024-02-24,SKU_150,2.0,4911.8,2455.9,0
2024-02-25,SKU_150,2.0,4176.08,2088.04,1
2024-02-26,SKU_150,5.0,11271.85,2254.37,1
2024-02-27,SKU_150,1.0,2455.9,2455.9,0
2024-02-28,SKU_150,1.0,2455.9,2455.9,0
2024-02-29,SKU_150,2.0,4911.8,2455.9,0
2024-03-01,SKU_150,1.0,2455.9,2455.9,0
2024-03-02,SKU_150,3.0,7367.7,2455.9,0
2024-03-03,SKU_150,4.0,9823.6,2455.9,0
2024-03-04,SKU_150,1.0,2455.9,2455.9,0
2024-03-05,SKU_150,4.0,9823.6,2455.9,0
2024-03-06,SKU_150,2.0,4911.8,2455.9,0
2024-03-07,SKU_150,2.0,4911.8,2455.9,0
2024-03-08,SKU_150,2.0,4911.8,2455.9,0
2024-03-09,SKU_150,1.0,2455.9,2455.9,0
2024-03-10,SKU_150,2.0,4911.8,2455.9,0
2024-03-11,SKU_150,1.0,2455.9,2455.9,0
2024-03-12,SKU_150,2.0,4911.8,2455.9,0
2024-03-13,SKU_150,1.0,2455.9,2455.9,0
2024-03-14,SKU_150,2.0,4911.8,2455.9,0
2024-03-15,SKU_150,3.0,5557.62,1852.54,1
2024-03-16,SKU_150,6.0,11835.54,1972.59,1
2024-03-17,SKU_150,6.0,14735.4,2455.9,0
2024-03-18,SKU_150,1.0,2455.9,2455.9,0
2024-03-19,SKU_150,3.0,7367.7,2455.9,0
2024-03-20,SKU_150,2.0,4911.8,2455.9,0
2024-01-01,SKU_151,1.0,5755.98,5755.98,1
2024-01-03,SKU_151,2.0,13268.58,6634.29,0
2024-01-04,SKU_151,1.0,6634.29,6634.29,0
2024-01-14,SKU_151,3.0,19902.87,6634.29,0
2024-01-15,SKU_151,1.0,6634.29,6634.29,0
2024-01-18,SKU_151,2.0,13268.58,6634.29,0
2024-01-24,SKU_151,1.0,6156.65,6156.65,1
2024-01-25,SKU_151,2.0,13268.58,6634.29,0
2024-02-04,SKU_151,1.0,6106.27,6106.27,1
2024-02-06,SKU_151,1.0,6634.29,6634.29,0
2024-02-08,SKU_151,1.0,6634.29,6634.29,0
2024-02-17,SKU_151,1.0,6634.29,6634.29,0
2024-02-18,SKU_151,1.0,6634.29,6634.29,0
2024-02-19,SKU_151,1.0,6634.29,6634.29,0
2024-02-21,SKU_151,1.0,6634.29,6634.29,0
2024-02-24,SKU_151,1.0,6634.29,6634.29,0
2024-02-26,SKU_151,1.0,6634.29,6634.29,0
2024-02-27,SKU_151,1.0,6634.29,6634.29,0
2024-03-01,SKU_151,3.0,19902.87,6634.29,0
2024-03-02,SKU_151,1.0,6634.29,6634.29,0
2024-03-03,SKU_151,1.0,6634.29,6634.29,0
2024-03-08,SKU_151,1.0,6634.29,6634.29,0
2024-03-09,SKU_151,2.0,13268.58,6634.29,0
2024-03-10,SKU_151,1.0,6634.29,6634.29,0
2024-03-12,SKU_151,1.0,6634.29,6634.29,0
2024-03-13,SKU_151,1.0,6634.29,6634.29,0
2024-03-16,SKU_151,1.0,5197.14,5197.14,1
2024-03-18,SKU_151,1.0,6634.29,6634.29,0
2024-01-01,SKU_152,2.0,6641.94,3320.97,1
2024-01-02,SKU_152,2.0,8052.24,4026.12,0
2024-01-03,SKU_152,4.0,16104.48,4026.12,0
2024-01-04,SKU_152,2.0,8052.24,4026.12,0
2024-01-05,SKU_152,4.0,16104.48,4026.12,0
2024-01-06,SKU_152,3.0,12078.36,4026.12,0
2024-01-07,SKU_152,2.0,8052.24,4026.12,0
2024-01-08,SKU_152,1.0,4026.12,4026.12,0
2024-01-09,SKU_152,2.0,8052.24,4026.12,0
2024-01-10,SKU_152,1.0,4026.12,4026.12,0
2024-01-11,SKU_152,1.0,4026.12,4026.12,0
2024-01-13,SKU_152,2.0,8052.24,4026.12,0
2024-01-14,SKU_152,1.0,4026.12,4026.12,0
2024-01-15,SKU_152,2.0,8052.24,4026.12,0
2024-01-16,SKU_152,1.0,3737.6,3737.6,1
2024-01-18,SKU_152,3.0,12078.36,4026.12,0
2024-01-19,SKU_152,3.0,12078.36,4026.12,0
2024-01-20,SKU_152,5.0,20130.6,4026.12,0
2024-01-22,SKU_152,1.0,4026.12,4026.12,0
2024-01-23,SKU_152,2.0,7030.2,3515.1,1
2024-01-25,SKU_152,3.0,12078.36,4026.12,0
2024-01-26,SKU_152,1.0,4026.12,4026.12,0
2024-01-27,SKU_152,4.0,16104.48,4026.12,0
2024-01-28,SKU_152,3.0,10640.01,3546.67,1
2024-01-29,SKU_152,2.0,8052.24,4026.12,0
2024-01-30,SKU_152,2.0,8052.24,4026.12,0
2024-01-31,SKU_152,1.0,4026.12,4026.12,0
2024-02-01,SKU_152,2.0,8052.24,4026.12,0
2024-02-03,SKU_152,5.0,18244.5,3648.9,1
2024-02-04,SKU_152,5.0,17735.65,3547.13,1
2024-02-05,SKU_152,1.0,4026.12,4026.12,0
2024-02-07,SKU_152,1.0,4026.12,4026.12,0
2024-02-08,SKU_152,1.0,4026.12,4026.12,0
2024-02-09,SKU_152,3.0,12078.36,4026.12,0
2024-02-10,SKU_152,2.0,8052.24,4026.12,0
2024-02-11,SKU_152,2.0,8052.24,4026.12,0
2024-02-12,SKU_152,1.0,4026.12,4026.12,0
2024-02-13,SKU_152,3.0,12078.36,4026.12,0
2024-02-15,SKU_152,2.0,8052.24,4026.12,0
2024-02-16,SKU_152,4.0,16104.48,4026.12,0
2024-02-17,SKU_152,4.0,16104.48,4026.12,0
2024-02-18,SKU_152,4.0,16104.48,4026.12,0
2024-02-19,SKU_152,3.0,12078.36,4026.12,0
2024-02-20,SKU_152,4.0,13947.64,3486.91,1
2024-02-21,SKU_152,1.0,4026.12,4026.12,0
2024-02-22,SKU_152,1.0,4026.12,4026.12,0
2024-02-23,SKU_152,3.0,12078.36,4026.12,0
2024-02-24,SKU_152,8.0,32208.96,4026.12,0
2024-02-25,SKU_152,4.0,16104.48,4026.12,0
2024-02-27,SKU_152,4.0,16104.48,4026.12,0
2024-02-28,SKU_152,1.0,4026.12,4026.12,0
2024-03-01,SKU_152,1.0,4026.12,4026.12,0
2024-03-03,SKU_152,2.0,8052.24,4026.12,0
2024-03-04,SKU_152,3.0,12078.36,4026.12,0
2024-03-05,SKU_152,1.0,4026.12,4026.12,0
2024-03-06,SKU_152,2.0,8052.24,4026.12,0
2024-03-07,SKU_152,2.0,8052.24,4026.12,0
2024-03-08,SKU_152,1.0,4026.12,4026.12,0
2024-03-09,SKU_152,4.0,16104.48,4026.12,0
2024-03-10,SKU_152,4.0,16104.48,4026.12,0
2024-03-12,SKU_152,1.0,4026.12,4026.12,0
2024-03-13,SKU_152,,,4026.12,0
2024-03-14,SKU_152,2.0,8052.24,4026.12,0
2024-03-15,SKU_152,1.0,3240.37,3240.37,1
2024-03-16,SKU_152,4.0,13432.6,3358.15,1
2024-03-17,SKU_152,4.0,15170.2,3792.55,1
2024-03-18,SKU_152,2.0,8052.24,4026.12,0
2024-03-19,SKU_152,2.0,8052.24,4026.12,0
2024-03-20,SKU_152,1.0,4026.12,4026.12,0
