data/sales_daily.csv
date,sku_id,units_sold,revenue,unit_price,promo_flag
2024-01-01,SKU_153,2.0,5987.4,2993.7,1
2024-01-04,SKU_153,1.0,3891.69,3891.69,0
2024-01-07,SKU_153,3.0,11675.07,3891.69,0
2024-01-10,SKU_153,1.0,3891.69,3891.69,0
2024-01-12,SKU_153,1.0,3891.69,3891.69,0
2024-01-13,SKU_153,1.0,3891.69,3891.69,0
2024-01-14,SKU_153,1.0,3891.69,3891.69,0
2024-01-15,SKU_153,1.0,3891.69,3891.69,0
2024-01-16,SKU_153,1.0,3891.69,3891.69,0
2024-01-17,SKU_153,2.0,7783.38,3891.69,0
2024-01-19,SKU_153,1.0,3891.69,3891.69,0
2024-01-20,SKU_153,1.0,3891.69,3891.69,0
2024-01-23,SKU_153,2.0,7783.38,3891.69,0
2024-01-24,SKU_153,2.0,7783.38,3891.69,0
2024-01-26,SKU_153,2.0,6878.66,3439.33,1
2024-01-28,SKU_153,2.0,7783.38,3891.69,0
2024-01-29,SKU_153,1.0,3891.69,3891.69,0
2024-01-30,SKU_153,1.0,3891.69,3891.69,0
2024-02-02,SKU_153,2.0,7783.38,3891.69,0
2024-02-06,SKU_153,1.0,3891.69,3891.69,0
2024-02-07,SKU_153,1.0,3891.69,3891.69,0
2024-02-09,SKU_153,1.0,3891.69,3891.69,0
2024-02-11,SKU_153,1.0,3891.69,3891.69,0
2024-02-12,SKU_153,1.0,3891.69,3891.69,0
2024-02-15,SKU_153,2.0,7783.38,3891.69,0
2024-02-17,SKU_153,1.0,3891.69,3891.69,0
2024-02-18,SKU_153,2.0,7783.38,3891.69,0
2024-02-19,SKU_153,1.0,3891.69,3891.69,0
2024-02-21,SKU_153,1.0,3891.69,3891.69,0
2024-02-22,SKU_153,1.0,3891.69,3891.69,0
2024-02-23,SKU_153,1.0,3891.69,3891.69,0
2024-02-24,SKU_153,1.0,3891.69,3891.69,0
2024-02-26,SKU_153,2.0,7783.38,3891.69,0
2024-02-27,SKU_153,1.0,3891.69,3891.69,0
2024-03-04,SKU_153,2.0,7783.38,3891.69,0
2024-03-06,SKU_153,2.0,7199.9,3599.95,1
2024-03-07,SKU_153,1.0,3891.69,3891.69,0
2024-03-10,SKU_153,1.0,3891.69,3891.69,0
2024-03-14,SKU_153,2.0,7783.38,3891.69,0
2024-03-15,SKU_153,1.0,2996.03,2996.03,1
2024-03-16,SKU_153,2.0,6907.84,3453.92,1
2024-01-01,SKU_154,3.0,15475.77,5158.59,1
2024-01-04,SKU_154,4.0,24545.52,6136.38,0
2024-01-05,SKU_154,3.0,18409.14,6136.38,0
2024-01-10,SKU_154,1.0,6136.38,6136.38,0
2024-01-12,SKU_154,1.0,6136.38,6136.38,0
2024-01-13,SKU_154,2.0,12272.76,6136.38,0
2024-01-14,SKU_154,1.0,6136.38,6136.38,0
2024-01-15,SKU_154,1.0,6136.38,6136.38,0
2024-01-19,SKU_154,2.0,12272.76,6136.38,0
2024-01-21,SKU_154,1.0,6136.38,6136.38,0
2024-01-22,SKU_154,1.0,6136.38,6136.38,0
2024-01-26,SKU_154,1.0,6136.38,6136.38,0
2024-01-27,SKU_154,2.0,11496.38,5748.19,1
2024-01-29,SKU_154,1.0,6136.38,6136.38,0
2024-01-31,SKU_154,1.0,6136.38,6136.38,0
2024-02-02,SKU_154,1.0,6136.38,6136.38,0
2024-02-03,SKU_154,1.0,6136.38,6136.38,0
2024-02-10,SKU_154,2.0,12272.76,6136.38,0
2024-02-11,SKU_154,1.0,6136.38,6136.38,0
2024-02-12,SKU_154,1.0,6136.38,6136.38,0
2024-02-13,SKU_154,1.0,6136.38,6136.38,0
2024-02-16,SKU_154,1.0,6136.38,6136.38,0
2024-02-20,SKU_154,1.0,6136.38,6136.38,0
2024-02-24,SKU_154,1.0,6136.38,6136.38,0
2024-02-25,SKU_154,2.0,12272.76,6136.38,0
2024-02-26,SKU_154,2.0,12272.76,6136.38,0
2024-02-27,SKU_154,1.0,6136.38,6136.38,0
2024-02-28,SKU_154,3.0,18409.14,6136.38,0
2024-02-29,SKU_154,1.0,6136.38,6136.38,0
2024-03-01,SKU_154,1.0,6136.38,6136.38,0
2024-03-02,SKU_154,3.0,18409.14,6136.38,0
2024-03-05,SKU_154,1.0,6136.38,6136.38,0
2024-03-07,SKU_154,1.0,6136.38,6136.38,0
2024-03-08,SKU_154,2.0,12272.76,6136.38,0
2024-03-14,SKU_154,1.0,6136.38,6136.38,0
2024-03-16,SKU_154,1.0,4765.29,4765.29,1
2024-03-17,SKU_154,1.0,6136.38,6136.38,0
2024-03-18,SKU_154,1.0,6136.38,6136.38,0
2024-03-19,SKU_154,1.0,5407.21,5407.21,1
2024-03-20,SKU_154,1.0,6136.38,6136.38,0
2024-01-01,SKU_155,1.0,3960.05,3960.05,1
2024-01-02,SKU_155,2.0,9249.52,4624.76,0
2024-01-03,SKU_155,5.0,23123.8,4624.76,0
2024-01-04,SKU_155,1.0,3939.97,3939.97,1
2024-01-05,SKU_155,1.0,4053.16,4053.16,1
2024-01-06,SKU_155,2.0,9249.52,4624.76,0
2024-01-07,SKU_155,1.0,4624.76,4624.76,0
2024-01-10,SKU_155,3.0,12928.2,4309.4,1
2024-01-11,SKU_155,2.0,9249.52,4624.76,0
2024-01-13,SKU_155,9.0,37936.8,4215.2,1
2024-01-14,SKU_155,3.0,11947.47,3982.49,1
2024-01-15,SKU_155,1.0,4624.76,4624.76,0
2024-01-16,SKU_155,1.0,4624.76,4624.76,0
2024-01-17,SKU_155,1.0,4624.76,4624.76,0
2024-01-18,SKU_155,1.0,4624.76,4624.76,0
2024-01-20,SKU_155,1.0,4624.76,4624.76,0
2024-01-21,SKU_155,2.0,9249.52,4624.76,0
2024-01-22,SKU_155,1.0,4624.76,4624.76,0
2024-01-23,SKU_155,3.0,13874.28,4624.76,0
2024-01-24,SKU_155,1.0,4624.76,4624.76,0
2024-01-25,SKU_155,1.0,4624.76,4624.76,0
2024-01-26,SKU_155,2.0,9249.52,4624.76,0
2024-01-27,SKU_155,2.0,9249.52,4624.76,0
2024-01-29,SKU_155,4.0,18499.04,4624.76,0
2024-01-30,SKU_155,1.0,4624.76,4624.76,0
2024-01-31,SKU_155,4.0,18499.04,4624.76,0
2024-02-01,SKU_155,3.0,13874.28,4624.76,0
2024-02-02,SKU_155,2.0,8065.64,4032.82,1
2024-02-03,SKU_155,2.0,9249.52,4624.76,0
2024-02-04,SKU_155,1.0,4624.76,4624.76,0
2024-02-05,SKU_155,1.0,4624.76,4624.76,0
2024-02-06,SKU_155,2.0,9249.52,4624.76,0
2024-02-07,SKU_155,3.0,13874.28,4624.76,0
2024-02-08,SKU_155,3.0,13874.28,4624.76,0
2024-02-10,SKU_155,2.0,9249.52,4624.76,0
2024-02-11,SKU_155,,,4624.76,0
2024-02-12,SKU_155,1.0,4624.76,4624.76,0
2024-02-14,SKU_155,2.0,9249.52,4624.76,0
2024-02-15,SKU_155,3.0,13874.28,4624.76,0
2024-02-17,SKU_155,1.0,4624.76,4624.76,0
2024-02-18,SKU_155,3.0,13874.28,4624.76,0
2024-02-19,SKU_155,1.0,4624.76,4624.76,0
2024-02-20,SKU_155,1.0,4624.76,4624.76,0
2024-02-23,SKU_155,1.0,4624.76,4624.76,0
2024-02-24,SKU_155,1.0,4624.76,4624.76,0
2024-02-25,SKU_155,3.0,13874.28,4624.76,0
2024-02-26,SKU_155,3.0,13874.28,4624.76,0
2024-02-27,SKU_155,2.0,9249.52,4624.76,0
2024-02-28,SKU_155,1.0,4624.76,4624.76,0
2024-02-29,SKU_155,1.0,4624.76,4624.76,0
2024-03-01,SKU_155,2.0,9249.52,4624.76,0
2024-03-03,SKU_155,2.0,9249.52,4624.76,0
2024-03-04,SKU_155,2.0,9249.52,4624.76,0
2024-03-05,SKU_155,1.0,4044.26,4044.26,1
2024-03-06,SKU_155,1.0,4624.76,4624.76,0
2024-03-08,SKU_155,2.0,9249.52,4624.76,0
2024-03-09,SKU_155,1.0,4624.76,4624.76,0
2024-03-10,SKU_155,4.0,18499.04,4624.76,0
2024-03-11,SKU_155,3.0,13874.28,4624.76,0
2024-03-13,SKU_155,1.0,4086.51,4086.51,1
2024-03-14,SKU_155,3.0,13874.28,4624.76,0
2024-03-15,SKU_155,3.0,11946.15,3982.05,1
2024-03-16,SKU_155,6.0,24297.0,4049.5,1
2024-03-17,SKU_155,4.0,18499.04,4624.76,0
2024-03-18,SKU_155,1.0,4624.76,4624.76,0
2024-03-19,SKU_155,1.0,4624.76,4624.76,0
2024-03-20,SKU_155,2.0,9249.52,4624.76,0
2024-01-01,SKU_156,3.0,14134.65,4711.55,1
2024-01-03,SKU_156,1.0,5373.26,5373.26,1
2024-01-04,SKU_156,2.0,12442.66,6221.33,0
2024-01-07,SKU_156,,,6221.33,0
2024-01-08,SKU_156,1.0,6221.33,6221.33,0
2024-01-09,SKU_156,2.0,12442.66,6221.33,0
2024-01-11,SKU_156,3.0,18663.99,6221.33,0
2024-01-12,SKU_156,1.0,5343.02,5343.02,1
2024-01-13,SKU_156,1.0,6221.33,6221.33,0
2024-01-15,SKU_156,1.0,5740.76,5740.76,1
2024-01-17,SKU_156,1.0,5557.2,5557.2,1
2024-01-18,SKU_156,1.0,6221.33,6221.33,0
2024-01-20,SKU_156,2.0,12442.66,6221.33,0
2024-01-23,SKU_156,1.0,6221.33,6221.33,0
2024-01-24,SKU_156,2.0,12442.66,6221.33,0
2024-01-25,SKU_156,1.0,6221.33,6221.33,0
2024-01-26,SKU_156,1.0,6221.33,6221.33,0
2024-01-27,SKU_156,2.0,12442.66,6221.33,0
2024-01-28,SKU_156,1.0,6221.33,6221.33,0
2024-02-04,SKU_156,2.0,12442.66,6221.33,0
2024-02-05,SKU_156,2.0,12442.66,6221.33,0
2024-02-06,SKU_156,2.0,12442.66,6221.33,0
2024-02-08,SKU_156,2.0,12442.66,6221.33,0
2024-02-10,SKU_156,1.0,6221.33,6221.33,0
2024-02-13,SKU_156,1.0,6221.33,6221.33,0
2024-02-14,SKU_156,1.0,6221.33,6221.33,0
2024-02-16,SKU_156,1.0,6221.33,6221.33,0
2024-02-18,SKU_156,1.0,6221.33,6221.33,0
2024-02-20,SKU_156,1.0,6221.33,6221.33,0
2024-02-23,SKU_156,1.0,6221.33,6221.33,0
2024-02-25,SKU_156,1.0,6221.33,6221.33,0
2024-03-02,SKU_156,1.0,6221.33,6221.33,0
2024-03-04,SKU_156,1.0,5730.02,5730.02,1
2024-03-06,SKU_156,2.0,11244.82,5622.41,1
2024-03-07,SKU_156,1.0,6221.33,6221.33,0
2024-03-10,SKU_156,1.0,6221.33,6221.33,0
2024-03-11,SKU_156,1.0,6221.33,6221.33,0
2024-03-12,SKU_156,1.0,6221.33,6221.33,0
2024-03-16,SKU_156,3.0,14230.62,4743.54,1
2024-03-18,SKU_156,1.0,6221.33,6221.33,0
2024-03-19,SKU_156,2.0,12442.66,6221.33,0
2024-03-20,SKU_156,1.0,6221.33,6221.33,0
2024-01-01,SKU_160,2.0,3286.08,1643.04,1
2024-01-02,SKU_160,2.0,3976.46,1988.23,0
2024-01-07,SKU_160,1.0,1988.23,1988.23,0
2024-01-08,SKU_160,1.0,1988.23,1988.23,0
2024-01-12,SKU_160,3.0,5964.69,1988.23,0
2024-01-13,SKU_160,2.0,3976.46,1988.23,0
2024-01-19,SKU_160,2.0,3390.54,1695.27,1
2024-01-21,SKU_160,1.0,1988.23,1988.23,0
2024-01-25,SKU_160,1.0,1988.23,1988.23,0
2024-01-26,SKU_160,2.0,3976.46,1988.23,0
2024-01-27,SKU_160,2.0,3976.46,1988.23,0
2024-01-30,SKU_160,2.0,3976.46,1988.23,0
2024-02-01,SKU_160,1.0,1988.23,1988.23,0
2024-02-02,SKU_160,1.0,1988.23,1988.23,0
2024-02-06,SKU_160,1.0,1988.23,1988.23,0
2024-02-07,SKU_160,1.0,1988.23,1988.23,0
2024-02-08,SKU_160,2.0,3976.46,1988.23,0
2024-02-09,SKU_160,1.0,1988.23,1988.23,0
2024-02-10,SKU_160,1.0,1988.23,1988.23,0
2024-02-13,SKU_160,1.0,1988.23,1988.23,0
2024-02-17,SKU_160,2.0,3976.46,1988.23,0
2024-02-19,SKU_160,1.0,1988.23,1988.23,0
2024-02-20,SKU_160,1.0,1988.23,1988.23,0
2024-02-21,SKU_160,2.0,3976.46,1988.23,0
2024-02-24,SKU_160,2.0,3976.46,1988.23,0
2024-02-25,SKU_160,1.0,1988.23,1988.23,0
2024-02-26,SKU_160,1.0,1988.23,1988.23,0
2024-02-27,SKU_160,2.0,3976.46,1988.23,0
2024-02-28,SKU_160,1.0,1988.23,1988.23,0
2024-03-02,SKU_160,1.0,1988.23,1988.23,0
2024-03-03,SKU_160,1.0,1988.23,1988.23,0
2024-03-04,SKU_160,2.0,3976.46,1988.23,0
2024-03-08,SKU_160,1.0,1988.23,1988.23,0
2024-03-09,SKU_160,1.0,1697.29,1697.29,1
2024-03-11,SKU_160,1.0,1988.23,1988.23,0
2024-03-13,SKU_160,1.0,1988.23,1988.23,0
2024-03-16,SKU_160,1.0,1705.5,1705.5,1
2024-03-17,SKU_160,1.0,1988.23,1988.23,0
2024-03-19,SKU_160,1.0,1988.23,1988.23,0
2024-01-01,SKU_161,4.0,14991.6,3747.9,1
2024-01-03,SKU_161,1.0,4679.75,4679.75,0
2024-01-06,SKU_161,3.0,14039.25,4679.75,0
2024-01-12,SKU_161,1.0,4679.75,4679.75,0
2024-01-13,SKU_161,1.0,4679.75,4679.75,0
2024-01-14,SKU_161,2.0,9359.5,4679.75,0
2024-01-16,SKU_161,1.0,4228.01,4228.01,1
2024-01-17,SKU_161,1.0,4679.75,4679.75,0
2024-01-18,SKU_161,2.0,9359.5,4679.75,0
2024-01-20,SKU_161,1.0,4679.75,4679.75,0
2024-01-21,SKU_161,1.0,4679.75,4679.75,0
2024-01-23,SKU_161,2.0,9359.5,4679.75,0
2024-01-24,SKU_161,2.0,9359.5,4679.75,0
2024-01-25,SKU_161,2.0,9359.5,4679.75,0
2024-01-26,SKU_161,1.0,4679.75,4679.75,0
2024-01-30,SKU_161,1.0,4679.75,4679.75,0
2024-02-01,SKU_161,1.0,4679.75,4679.75,0
2024-02-02,SKU_161,2.0,9359.5,4679.75,0
2024-02-03,SKU_161,1.0,4679.75,4679.75,0
2024-02-04,SKU_161,3.0,14039.25,4679.75,0
2024-02-08,SKU_161,2.0,9359.5,4679.75,0
2024-02-11,SKU_161,2.0,9359.5,4679.75,0
2024-02-14,SKU_161,2.0,9359.5,4679.75,0
2024-02-16,SKU_161,2.0,8813.18,4406.59,1
2024-02-17,SKU_161,1.0,4330.27,4330.27,1
2024-02-18,SKU_161,1.0,4679.75,4679.75,0
2024-02-19,SKU_161,1.0,4679.75,4679.75,0
2024-02-20,SKU_161,2.0,9359.5,4679.75,0
2024-02-21,SKU_161,2.0,9359.5,4679.75,0
2024-02-23,SKU_161,1.0,4679.75,4679.75,0
2024-02-25,SKU_161,1.0,4679.75,4679.75,0
2024-02-26,SKU_161,1.0,4679.75,4679.75,0
2024-02-27,SKU_161,1.0,4679.75,4679.75,0
2024-03-03,SKU_161,2.0,9359.5,4679.75,0
2024-03-05,SKU_161,1.0,4167.66,4167.66,1
2024-03-09,SKU_161,2.0,9359.5,4679.75,0
2024-03-11,SKU_161,1.0,4679.75,4679.75,0
2024-03-12,SKU_161,1.0,4679.75,4679.75,0
2024-03-15,SKU_161,2.0,7809.42,3904.71,1
2024-03-16,SKU_161,2.0,8018.7,4009.35,1
2024-01-01,SKU_164,9.0,46851.93,5205.77,1
2024-01-02,SKU_164,8.0,52695.12,6586.89,0
2024-01-03,SKU_164,6.0,39521.34,6586.89,0
2024-01-04,SKU_164,8.0,52695.12,6586.89,0
2024-01-05,SKU_164,9.0,59282.01,6586.89,0
2024-01-06,SKU_164,10.0,65868.9,6586.89,0
2024-01-07,SKU_164,11.0,72455.79,6586.89,0
2024-01-08,SKU_164,5.0,32934.45,6586.89,0
2024-01-09,SKU_164,8.0,52695.12,6586.89,0
2024-01-10,SKU_164,4.0,26347.56,6586.89,0
2024-01-11,SKU_164,12.0,79042.68,6586.89,0
2024-01-12,SKU_164,8.0,52695.12,6586.89,0
2024-01-13,SKU_164,14.0,92216.46,6586.89,0
2024-01-14,SKU_164,15.0,98803.35,6586.89,0
2024-01-15,SKU_164,8.0,52695.12,6586.89,0
2024-01-16,SKU_164,10.0,57104.9,5710.49,1
2024-01-17,SKU_164,7.0,46108.23,6586.89,0
2024-01-18,SKU_164,6.0,39521.34,6586.89,0
2024-01-19,SKU_164,8.0,52695.12,6586.89,0
2024-01-20,SKU_164,9.0,59282.01,6586.89,0
2024-01-21,SKU_164,6.0,39521.34,6586.89,0
2024-01-22,SKU_164,6.0,39521.34,6586.89,0
2024-01-23,SKU_164,7.0,46108.23,6586.89,0
2024-01-24,SKU_164,10.0,65868.9,6586.89,0
2024-01-25,SKU_164,6.0,39521.34,6586.89,0
2024-01-26,SKU_164,12.0,79042.68,6586.89,0
2024-01-27,SKU_164,11.0,72455.79,6586.89,0
2024-01-28,SKU_164,16.0,105390.24,6586.89,0
2024-01-29,SKU_164,6.0,39521.34,6586.89,0
2024-01-30,SKU_164,8.0,52695.12,6586.89,0
2024-01-31,SKU_164,6.0,39521.34,6586.89,0
2024-02-01,SKU_164,13.0,85629.57,6586.89,0
2024-02-02,SKU_164,4.0,26347.56,6586.89,0
2024-02-03,SKU_164,12.0,79042.68,6586.89,0
2024-02-04,SKU_164,12.0,79042.68,6586.89,0
2024-02-05,SKU_164,6.0,39521.34,6586.89,0
2024-02-06,SKU_164,12.0,79042.68,6586.89,0
2024-02-07,SKU_164,6.0,39521.34,6586.89,0
2024-02-08,SKU_164,6.0,39521.34,6586.89,0
2024-02-09,SKU_164,12.0,79042.68,6586.89,0
2024-02-10,SKU_164,11.0,72455.79,6586.89,0
2024-02-11,SKU_164,12.0,70162.32,5846.86,1
2024-02-12,SKU_164,7.0,46108.23,6586.89,0
2024-02-13,SKU_164,9.0,59282.01,6586.89,0
2024-02-14,SKU_164,7.0,46108.23,6586.89,0
2024-02-15,SKU_164,8.0,52695.12,6586.89,0
2024-02-16,SKU_164,18.0,105124.5,5840.25,1
2024-02-17,SKU_164,6.0,39521.34,6586.89,0
2024-02-18,SKU_164,12.0,79042.68,6586.89,0
2024-02-19,SKU_164,7.0,46108.23,6586.89,0
2024-02-20,SKU_164,4.0,26347.56,6586.89,0
2024-02-21,SKU_164,4.0,26347.56,6586.89,0
2024-02-22,SKU_164,4.0,26347.56,6586.89,0
2024-02-23,SKU_164,12.0,79042.68,6586.89,0
2024-02-24,SKU_164,9.0,59282.01,6586.89,0
2024-02-25,SKU_164,8.0,52695.12,6586.89,0
2024-02-26,SKU_164,8.0,52695.12,6586.89,0
2024-02-27,SKU_164,,,6586.89,0
2024-02-28,SKU_164,10.0,65868.9,6586.89,0
2024-02-29,SKU_164,9.0,59282.01,6586.89,0
2024-03-01,SKU_164,8.0,52695.12,6586.89,0
2024-03-02,SKU_164,13.0,85629.57,6586.89,0
2024-03-03,SKU_164,8.0,52695.12,6586.89,0
2024-03-04,SKU_164,12.0,79042.68,6586.89,0
2024-03-05,SKU_164,8.0,52695.12,6586.89,0
2024-03-06,SKU_164,5.0,32934.45,6586.89,0
2024-03-07,SKU_164,9.0,59282.01,6586.89,0
2024-03-08,SKU_164,17.0,111977.13,6586.89,0
2024-03-09,SKU_164,,,6586.89,0
2024-03-10,SKU_164,14.0,92216.46,6586.89,0
2024-03-11,SKU_164,7.0,46108.23,6586.89,0
2024-03-12,SKU_164,3.0,19760.67,6586.89,0
2024-03-13,SKU_164,8.0,52695.12,6586.89,0
2024-03-14,SKU_164,10.0,65868.9,6586.89,0
2024-03-15,SKU_164,21.0,116074.14,5527.34,1
2024-03-16,SKU_164,20.0,113349.4,5667.47,1
2024-03-17,SKU_164,14.0,92216.46,6586.89,0
2024-03-18,SKU_164,8.0,52695.12,6586.89,0
2024-03-19,SKU_164,6.0,39521.34,6586.89,0
2024-03-20,SKU_164,7.0,46108.23,6586.89,0
2024-01-01,SKU_165,1.0,2451.8,2451.8,1
2024-01-03,SKU_165,1.0,3046.53,3046.53,0
2024-01-04,SKU_165,1.0,3046.53,3046.53,0
2024-01-05,SKU_165,1.0,3046.53,3046.53,0
2024-01-06,SKU_165,1.0,3046.53,3046.53,0
2024-01-07,SKU_165,1.0,3046.53,3046.53,0
2024-01-08,SKU_165,1.0,3046.53,3046.53,0
2024-01-10,SKU_165,1.0,3046.53,3046.53,0
2024-01-11,SKU_165,1.0,3046.53,3046.53,0
2024-01-13,SKU_165,1.0,3046.53,3046.53,0
2024-01-14,SKU_165,2.0,6093.06,3046.53,0
2024-01-15,SKU_165,1.0,3046.53,3046.53,0
2024-01-16,SKU_165,1.0,3046.53,3046.53,0
2024-01-17,SKU_165,1.0,3046.53,3046.53,0
2024-01-18,SKU_165,1.0,3046.53,3046.53,0
2024-01-21,SKU_165,2.0,6093.06,3046.53,0
2024-01-23,SKU_165,1.0,3046.53,3046.53,0
2024-01-25,SKU_165,1.0,3046.53,3046.53,0
2024-01-29,SKU_165,1.0,3046.53,3046.53,0
2024-01-30,SKU_165,4.0,11056.04,2764.01,1
2024-02-03,SKU_165,2.0,6093.06,3046.53,0
2024-02-04,SKU_165,4.0,12186.12,3046.53,0
2024-02-07,SKU_165,1.0,3046.53,3046.53,0
2024-02-09,SKU_165,2.0,5697.56,2848.78,1
2024-02-10,SKU_165,2.0,6093.06,3046.53,0
2024-02-11,SKU_165,1.0,3046.53,3046.53,0
2024-02-13,SKU_165,1.0,3046.53,3046.53,0
2024-02-16,SKU_165,1.0,3046.53,3046.53,0
2024-02-17,SKU_165,1.0,3046.53,3046.53,0
2024-02-18,SKU_165,4.0,12186.12,3046.53,0
2024-02-25,SKU_165,1.0,3046.53,3046.53,0
2024-03-02,SKU_165,4.0,12186.12,3046.53,0
2024-03-04,SKU_165,1.0,3046.53,3046.53,0
2024-03-05,SKU_165,1.0,3046.53,3046.53,0
2024-03-06,SKU_165,1.0,3046.53,3046.53,0
2024-03-07,SKU_165,1.0,3046.53,3046.53,0
2024-03-10,SKU_165,2.0,6093.06,3046.53,0
2024-03-15,SKU_165,,,2532.21,1
2024-03-16,SKU_165,1.0,2464.64,2464.64,1
