data/sales_daily.csv
date,sku_id,units_sold,revenue,unit_price,promo_flag
2024-01-01,SKU_167,5.0,35078.5,7015.7,1
2024-01-02,SKU_167,1.0,8083.4,8083.4,0
2024-01-03,SKU_167,1.0,8083.4,8083.4,0
2024-01-04,SKU_167,2.0,16166.8,8083.4,0
2024-01-05,SKU_167,2.0,16166.8,8083.4,0
2024-01-06,SKU_167,2.0,16166.8,8083.4,0
2024-01-07,SKU_167,1.0,8083.4,8083.4,0
2024-01-08,SKU_167,1.0,8083.4,8083.4,0
2024-01-09,SKU_167,4.0,32333.6,8083.4,0
2024-01-10,SKU_167,1.0,8083.4,8083.4,0
2024-01-12,SKU_167,4.0,32333.6,8083.4,0
2024-01-13,SKU_167,3.0,24250.2,8083.4,0
2024-01-14,SKU_167,5.0,40417.0,8083.4,0
2024-01-15,SKU_167,1.0,8083.4,8083.4,0
2024-01-16,SKU_167,1.0,8083.4,8083.4,0
2024-01-17,SKU_167,1.0,8083.4,8083.4,0
2024-01-18,SKU_167,2.0,16166.8,8083.4,0
2024-01-19,SKU_167,1.0,8083.4,8083.4,0
2024-01-20,SKU_167,3.0,24250.2,8083.4,0
2024-01-21,SKU_167,5.0,40417.0,8083.4,0
2024-01-22,SKU_167,2.0,16166.8,8083.4,0
2024-01-23,SKU_167,2.0,16166.8,8083.4,0
2024-01-24,SKU_167,3.0,24250.2,8083.4,0
2024-01-25,SKU_167,1.0,8083.4,8083.4,0
2024-01-26,SKU_167,2.0,16166.8,8083.4,0
2024-01-27,SKU_167,1.0,8083.4,8083.4,0
2024-01-28,SKU_167,1.0,8083.4,8083.4,0
2024-01-29,SKU_167,1.0,8083.4,8083.4,0
2024-01-30,SKU_167,1.0,8083.4,8083.4,0
2024-01-31,SKU_167,3.0,24250.2,8083.4,0
2024-02-01,SKU_167,3.0,24250.2,8083.4,0
2024-02-02,SKU_167,2.0,16166.8,8083.4,0
2024-02-03,SKU_167,3.0,24250.2,8083.4,0
2024-02-04,SKU_167,2.0,16166.8,8083.4,0
2024-02-05,SKU_167,4.0,32333.6,8083.4,0
2024-02-06,SKU_167,3.0,24250.2,8083.4,0
2024-02-07,SKU_167,1.0,8083.4,8083.4,0
2024-02-08,SKU_167,4.0,32333.6,8083.4,0
2024-02-09,SKU_167,3.0,22447.17,7482.39,1
2024-02-10,SKU_167,3.0,24250.2,8083.4,0
2024-02-11,SKU_167,1.0,8083.4,8083.4,0
2024-02-12,SKU_167,1.0,8083.4,8083.4,0
2024-02-14,SKU_167,2.0,16166.8,8083.4,0
2024-02-15,SKU_167,1.0,8083.4,8083.4,0
2024-02-16,SKU_167,3.0,24250.2,8083.4,0
2024-02-17,SKU_167,3.0,24250.2,8083.4,0
2024-02-18,SKU_167,1.0,8083.4,8083.4,0
2024-02-19,SKU_167,1.0,8083.4,8083.4,0
2024-02-21,SKU_167,1.0,8083.4,8083.4,0
2024-02-23,SKU_167,2.0,16166.8,8083.4,0
2024-02-24,SKU_167,3.0,24250.2,8083.4,0
2024-02-25,SKU_167,2.0,16166.8,8083.4,0
2024-02-26,SKU_167,5.0,40417.0,8083.4,0
2024-02-27,SKU_167,2.0,16166.8,8083.4,0
2024-02-29,SKU_167,2.0,16166.8,8083.4,0
2024-03-01,SKU_167,2.0,16166.8,8083.4,0
2024-03-02,SKU_167,1.0,8083.4,8083.4,0
2024-03-03,SKU_167,4.0,28142.28,7035.57,1
2024-03-05,SKU_167,2.0,16166.8,8083.4,0
2024-03-06,SKU_167,2.0,16166.8,8083.4,0
2024-03-08,SKU_167,2.0,16166.8,8083.4,0
2024-03-09,SKU_167,4.0,32333.6,8083.4,0
2024-03-10,SKU_167,2.0,16166.8,8083.4,0
2024-03-11,SKU_167,1.0,8083.4,8083.4,0
2024-03-12,SKU_167,1.0,8083.4,8083.4,0
2024-03-13,SKU_167,1.0,8083.4,8083.4,0
2024-03-14,SKU_167,2.0,16166.8,8083.4,0
2024-03-15,SKU_167,2.0,13393.16,6696.58,1
2024-03-16,SKU_167,3.0,19114.17,6371.39,1
2024-03-17,SKU_167,2.0,16166.8,8083.4,0
2024-03-18,SKU_167,1.0,8083.4,8083.4,0
2024-03-19,SKU_167,1.0,7203.5,7203.5,1
2024-03-20,SKU_167,1.0,8083.4,8083.4,0
2024-01-01,SKU_168,3.0,5464.65,1821.55,1
2024-01-02,SKU_168,1.0,2252.1,2252.1,0
2024-01-03,SKU_168,1.0,2085.16,2085.16,1
2024-01-04,SKU_168,1.0,2252.1,2252.1,0
2024-01-08,SKU_168,2.0,4504.2,2252.1,0
2024-01-09,SKU_168,1.0,2252.1,2252.1,0
2024-01-13,SKU_168,2.0,4504.2,2252.1,0
2024-01-14,SKU_168,1.0,2252.1,2252.1,0
2024-01-18,SKU_168,1.0,2252.1,2252.1,0
2024-01-20,SKU_168,2.0,4504.2,2252.1,0
2024-01-22,SKU_168,1.0,2252.1,2252.1,0
2024-01-23,SKU_168,2.0,4504.2,2252.1,0
2024-01-24,SKU_168,1.0,2252.1,2252.1,0
2024-01-30,SKU_168,1.0,2252.1,2252.1,0
2024-01-31,SKU_168,1.0,2252.1,2252.1,0
2024-02-01,SKU_168,2.0,4082.8,2041.4,1
2024-02-02,SKU_168,1.0,2252.1,2252.1,0
2024-02-05,SKU_168,1.0,2252.1,2252.1,0
2024-02-07,SKU_168,1.0,2252.1,2252.1,0
2024-02-10,SKU_168,1.0,2252.1,2252.1,0
2024-02-13,SKU_168,1.0,2252.1,2252.1,0
2024-02-18,SKU_168,2.0,4504.2,2252.1,0
2024-02-23,SKU_168,1.0,2252.1,2252.1,0
2024-02-25,SKU_168,1.0,2252.1,2252.1,0
2024-02-26,SKU_168,3.0,6756.3,2252.1,0
2024-02-27,SKU_168,1.0,2252.1,2252.1,0
2024-02-28,SKU_168,1.0,2252.1,2252.1,0
2024-02-29,SKU_168,2.0,4504.2,2252.1,0
2024-03-02,SKU_168,2.0,4504.2,2252.1,0
2024-03-03,SKU_168,2.0,4504.2,2252.1,0
2024-03-08,SKU_168,1.0,2252.1,2252.1,0
2024-03-09,SKU_168,1.0,2252.1,2252.1,0
2024-03-13,SKU_168,2.0,4504.2,2252.1,0
2024-03-14,SKU_168,1.0,2252.1,2252.1,0
2024-03-16,SKU_168,2.0,4021.36,2010.68,1
2024-03-18,SKU_168,1.0,2252.1,2252.1,0
2024-01-01,SKU_169,1.0,2861.93,2861.93,1
2024-01-02,SKU_169,1.0,3710.4,3710.4,0
2024-01-03,SKU_169,1.0,3710.4,3710.4,0
2024-01-05,SKU_169,3.0,11131.2,3710.4,0
2024-01-06,SKU_169,4.0,14841.6,3710.4,0
2024-01-07,SKU_169,1.0,3710.4,3710.4,0
2024-01-08,SKU_169,2.0,7420.8,3710.4,0
2024-01-09,SKU_169,4.0,14841.6,3710.4,0
2024-01-10,SKU_169,2.0,7420.8,3710.4,0
2024-01-11,SKU_169,1.0,3710.4,3710.4,0
2024-01-12,SKU_169,2.0,7420.8,3710.4,0
2024-01-14,SKU_169,7.0,25972.8,3710.4,0
2024-01-15,SKU_169,3.0,11131.2,3710.4,0
2024-01-16,SKU_169,2.0,7420.8,3710.4,0
2024-01-17,SKU_169,2.0,6942.32,3471.16,1
2024-01-18,SKU_169,1.0,3494.93,3494.93,1
2024-01-19,SKU_169,1.0,3710.4,3710.4,0
2024-01-20,SKU_169,4.0,14841.6,3710.4,0
2024-01-22,SKU_169,3.0,11131.2,3710.4,0
2024-01-23,SKU_169,1.0,3710.4,3710.4,0
2024-01-25,SKU_169,2.0,7420.8,3710.4,0
2024-01-26,SKU_169,1.0,3710.4,3710.4,0
2024-01-27,SKU_169,2.0,7420.8,3710.4,0
2024-01-28,SKU_169,1.0,3710.4,3710.4,0
2024-01-29,SKU_169,3.0,11131.2,3710.4,0
2024-01-30,SKU_169,3.0,11131.2,3710.4,0
2024-01-31,SKU_169,2.0,7420.8,3710.4,0
2024-02-01,SKU_169,1.0,3710.4,3710.4,0
2024-02-02,SKU_169,5.0,18552.0,3710.4,0
2024-02-03,SKU_169,2.0,7420.8,3710.4,0
2024-02-04,SKU_169,1.0,3710.4,3710.4,0
2024-02-06,SKU_169,1.0,3710.4,3710.4,0
2024-02-07,SKU_169,1.0,3710.4,3710.4,0
2024-02-08,SKU_169,1.0,3710.4,3710.4,0
2024-02-09,SKU_169,1.0,3710.4,3710.4,0
2024-02-10,SKU_169,1.0,3710.4,3710.4,0
2024-02-11,SKU_169,3.0,11131.2,3710.4,0
2024-02-12,SKU_169,2.0,7420.8,3710.4,0
2024-02-13,SKU_169,2.0,7420.8,3710.4,0
2024-02-14,SKU_169,4.0,14841.6,3710.4,0
2024-02-15,SKU_169,2.0,7420.8,3710.4,0
2024-02-16,SKU_169,2.0,7420.8,3710.4,0
2024-02-17,SKU_169,5.0,18552.0,3710.4,0
2024-02-18,SKU_169,1.0,3710.4,3710.4,0
2024-02-20,SKU_169,1.0,3710.4,3710.4,0
2024-02-21,SKU_169,2.0,7420.8,3710.4,0
2024-02-22,SKU_169,1.0,3710.4,3710.4,0
2024-02-23,SKU_169,3.0,11131.2,3710.4,0
2024-02-25,SKU_169,5.0,18552.0,3710.4,0
2024-02-26,SKU_169,1.0,3710.4,3710.4,0
2024-02-29,SKU_169,1.0,3710.4,3710.4,0
2024-03-01,SKU_169,4.0,14841.6,3710.4,0
2024-03-02,SKU_169,3.0,11131.2,3710.4,0
2024-03-03,SKU_169,4.0,14841.6,3710.4,0
2024-03-05,SKU_169,2.0,7420.8,3710.4,0
2024-03-07,SKU_169,1.0,3710.4,3710.4,0
2024-03-09,SKU_169,3.0,11131.2,3710.4,0
2024-03-10,SKU_169,4.0,13465.2,3366.3,1
2024-03-11,SKU_169,1.0,3710.4,3710.4,0
2024-03-14,SKU_169,3.0,11131.2,3710.4,0
2024-03-15,SKU_169,1.0,3224.68,3224.68,1
2024-03-16,SKU_169,4.0,11284.56,2821.14,1
2024-03-17,SKU_169,5.0,18552.0,3710.4,0
2024-03-18,SKU_169,2.0,7420.8,3710.4,0
2024-03-19,SKU_169,1.0,3710.4,3710.4,0
2024-01-01,SKU_170,4.0,13853.24,3463.31,1
2024-01-02,SKU_170,2.0,7721.32,3860.66,0
2024-01-03,SKU_170,1.0,3860.66,3860.66,0
2024-01-04,SKU_170,1.0,3860.66,3860.66,0
2024-01-05,SKU_170,2.0,7721.32,3860.66,0
2024-01-06,SKU_170,1.0,3860.66,3860.66,0
2024-01-07,SKU_170,2.0,7721.32,3860.66,0
2024-01-08,SKU_170,1.0,3860.66,3860.66,0
2024-01-09,SKU_170,2.0,7721.32,3860.66,0
2024-01-10,SKU_170,1.0,3589.34,3589.34,1
2024-01-11,SKU_170,3.0,10581.66,3527.22,1
2024-01-12,SKU_170,6.0,23163.96,3860.66,0
2024-01-13,SKU_170,3.0,11581.98,3860.66,0
2024-01-14,SKU_170,3.0,11581.98,3860.66,0
2024-01-16,SKU_170,2.0,7721.32,3860.66,0
2024-01-17,SKU_170,3.0,11581.98,3860.66,0
2024-01-19,SKU_170,1.0,3860.66,3860.66,0
2024-01-20,SKU_170,2.0,7721.32,3860.66,0
2024-01-21,SKU_170,2.0,6650.74,3325.37,1
2024-01-22,SKU_170,2.0,7721.32,3860.66,0
2024-01-23,SKU_170,2.0,7721.32,3860.66,0
2024-01-24,SKU_170,5.0,17095.35,3419.07,1
2024-01-26,SKU_170,4.0,15442.64,3860.66,0
2024-01-27,SKU_170,2.0,7721.32,3860.66,0
2024-01-28,SKU_170,1.0,3860.66,3860.66,0
2024-01-31,SKU_170,2.0,7013.9,3506.95,1
2024-02-01,SKU_170,,,3313.87,1
2024-02-02,SKU_170,,,3860.66,0
2024-02-03,SKU_170,2.0,7721.32,3860.66,0
2024-02-04,SKU_170,3.0,11581.98,3860.66,0
2024-02-05,SKU_170,1.0,3860.66,3860.66,0
2024-02-06,SKU_170,3.0,11581.98,3860.66,0
2024-02-07,SKU_170,2.0,7721.32,3860.66,0
2024-02-08,SKU_170,1.0,3860.66,3860.66,0
2024-02-09,SKU_170,4.0,15442.64,3860.66,0
2024-02-10,SKU_170,2.0,7721.32,3860.66,0
2024-02-13,SKU_170,2.0,7721.32,3860.66,0
2024-02-16,SKU_170,3.0,11581.98,3860.66,0
2024-02-17,SKU_170,2.0,7721.32,3860.66,0
2024-02-18,SKU_170,2.0,7721.32,3860.66,0
2024-02-19,SKU_170,1.0,3860.66,3860.66,0
2024-02-20,SKU_170,2.0,7721.32,3860.66,0
2024-02-21,SKU_170,1.0,3860.66,3860.66,0
2024-02-22,SKU_170,5.0,19303.3,3860.66,0
2024-02-23,SKU_170,1.0,3860.66,3860.66,0
2024-02-24,SKU_170,2.0,7721.32,3860.66,0
2024-02-25,SKU_170,3.0,11581.98,3860.66,0
2024-02-27,SKU_170,3.0,11581.98,3860.66,0
2024-02-29,SKU_170,1.0,3860.66,3860.66,0
2024-03-01,SKU_170,1.0,3860.66,3860.66,0
2024-03-02,SKU_170,2.0,7721.32,3860.66,0
2024-03-03,SKU_170,3.0,11581.98,3860.66,0
2024-03-04,SKU_170,1.0,3860.66,3860.66,0
2024-03-05,SKU_170,1.0,3860.66,3860.66,0
2024-03-06,SKU_170,1.0,3860.66,3860.66,0
2024-03-07,SKU_170,1.0,3860.66,3860.66,0
2024-03-08,SKU_170,1.0,3860.66,3860.66,0
2024-03-09,SKU_170,3.0,11581.98,3860.66,0
2024-03-10,SKU_170,1.0,3860.66,3860.66,0
2024-03-11,SKU_170,1.0,3860.66,3860.66,0
2024-03-12,SKU_170,2.0,7721.32,3860.66,0
2024-03-13,SKU_170,2.0,7721.32,3860.66,0
2024-03-15,SKU_170,2.0,6830.98,3415.49,1
2024-03-16,SKU_170,3.0,10060.59,3353.53,1
2024-03-17,SKU_170,4.0,15442.64,3860.66,0
2024-03-18,SKU_170,4.0,15442.64,3860.66,0
2024-03-19,SKU_170,3.0,11581.98,3860.66,0
2024-03-20,SKU_170,2.0,7721.32,3860.66,0
2024-01-01,SKU_171,5.0,5127.75,1025.55,1
2024-01-02,SKU_171,1.0,1275.54,1275.54,0
2024-01-03,SKU_171,1.0,1275.54,1275.54,0
2024-01-06,SKU_171,1.0,1275.54,1275.54,0
2024-01-07,SKU_171,5.0,6377.7,1275.54,0
2024-01-08,SKU_171,1.0,1275.54,1275.54,0
2024-01-10,SKU_171,1.0,1275.54,1275.54,0
2024-01-11,SKU_171,3.0,3826.62,1275.54,0
2024-01-13,SKU_171,1.0,1275.54,1275.54,0
2024-01-14,SKU_171,1.0,1275.54,1275.54,0
2024-01-15,SKU_171,2.0,2551.08,1275.54,0
2024-01-16,SKU_171,5.0,6377.7,1275.54,0
2024-01-17,SKU_171,1.0,1275.54,1275.54,0
2024-01-18,SKU_171,1.0,1275.54,1275.54,0
2024-01-19,SKU_171,3.0,3826.62,1275.54,0
2024-01-20,SKU_171,2.0,2551.08,1275.54,0
2024-01-21,SKU_171,4.0,5102.16,1275.54,0
2024-01-23,SKU_171,1.0,1275.54,1275.54,0
2024-01-26,SKU_171,1.0,1275.54,1275.54,0
2024-01-27,SKU_171,2.0,2551.08,1275.54,0
2024-01-28,SKU_171,2.0,2551.08,1275.54,0
2024-01-29,SKU_171,1.0,1275.54,1275.54,0
2024-01-30,SKU_171,1.0,1275.54,1275.54,0
2024-01-31,SKU_171,1.0,1275.54,1275.54,0
2024-01-31,SKU_171,1.0,1275.54,1275.54,0
2024-02-02,SKU_171,2.0,2551.08,1275.54,0
2024-02-03,SKU_171,1.0,1275.54,1275.54,0
2024-02-04,SKU_171,2.0,2551.08,1275.54,0
2024-02-05,SKU_171,3.0,3826.62,1275.54,0
2024-02-06,SKU_171,1.0,1275.54,1275.54,0
2024-02-07,SKU_171,3.0,3826.62,1275.54,0
2024-02-08,SKU_171,2.0,2551.08,1275.54,0
2024-02-09,SKU_171,1.0,1275.54,1275.54,0
2024-02-11,SKU_171,1.0,1275.54,1275.54,0
2024-02-12,SKU_171,1.0,1275.54,1275.54,0
2024-02-13,SKU_171,2.0,2551.08,1275.54,0
2024-02-14,SKU_171,3.0,3826.62,1275.54,0
2024-02-15,SKU_171,3.0,3826.62,1275.54,0
2024-02-16,SKU_171,4.0,4586.16,1146.54,1
2024-02-17,SKU_171,3.0,3826.62,1275.54,0
2024-02-18,SKU_171,3.0,3826.62,1275.54,0
2024-02-19,SKU_171,3.0,3826.62,1275.54,0
2024-02-20,SKU_171,2.0,2551.08,1275.54,0
2024-02-21,SKU_171,1.0,1175.04,1175.04,1
2024-02-22,SKU_171,1.0,1275.54,1275.54,0
2024-02-23,SKU_171,1.0,1275.54,1275.54,0
2024-02-24,SKU_171,8.0,10204.32,1275.54,0
2024-02-25,SKU_171,3.0,3826.62,1275.54,0
2024-02-26,SKU_171,5.0,6377.7,1275.54,0
2024-02-27,SKU_171,2.0,2551.08,1275.54,0
2024-02-28,SKU_171,,,1275.54,0
2024-02-29,SKU_171,1.0,1275.54,1275.54,0
2024-03-01,SKU_171,2.0,2551.08,1275.54,0
2024-03-02,SKU_171,3.0,3826.62,1275.54,0
2024-03-03,SKU_171,3.0,3826.62,1275.54,0
2024-03-04,SKU_171,2.0,2551.08,1275.54,0
2024-03-06,SKU_171,2.0,2551.08,1275.54,0
2024-03-07,SKU_171,1.0,1275.54,1275.54,0
2024-03-08,SKU_171,2.0,2551.08,1275.54,0
2024-03-09,SKU_171,3.0,3826.62,1275.54,0
2024-03-10,SKU_171,1.0,1275.54,1275.54,0
2024-03-13,SKU_171,,,1139.15,1
2024-03-14,SKU_171,,,1275.54,0
2024-03-15,SKU_171,6.0,6399.24,1066.54,1
2024-03-16,SKU_171,4.0,4461.76,1115.44,1
2024-03-17,SKU_171,5.0,6377.7,1275.54,0
2024-03-18,SKU_171,1.0,1275.54,1275.54,0
2024-03-19,SKU_171,2.0,2551.08,1275.54,0
2024-01-01,SKU_173,2.0,5729.44,2864.72,1
2024-01-02,SKU_173,3.0,10632.48,3544.16,0
2024-01-03,SKU_173,2.0,7088.32,3544.16,0
2024-01-04,SKU_173,1.0,3544.16,3544.16,0
2024-01-05,SKU_173,2.0,6520.76,3260.38,1
2024-01-06,SKU_173,2.0,7088.32,3544.16,0
2024-01-07,SKU_173,2.0,7088.32,3544.16,0
2024-01-08,SKU_173,2.0,7088.32,3544.16,0
2024-01-09,SKU_173,2.0,7088.32,3544.16,0
2024-01-10,SKU_173,2.0,7088.32,3544.16,0
2024-01-11,SKU_173,2.0,7088.32,3544.16,0
2024-01-12,SKU_173,3.0,10632.48,3544.16,0
2024-01-13,SKU_173,1.0,3544.16,3544.16,0
2024-01-14,SKU_173,2.0,7088.32,3544.16,0
2024-01-15,SKU_173,2.0,6700.58,3350.29,1
2024-01-16,SKU_173,1.0,3073.56,3073.56,1
2024-01-18,SKU_173,2.0,7088.32,3544.16,0
2024-01-19,SKU_173,6.0,21264.96,3544.16,0
2024-01-20,SKU_173,2.0,6637.58,3318.79,1
2024-01-21,SKU_173,2.0,7088.32,3544.16,0
2024-01-22,SKU_173,3.0,9086.82,3028.94,1
2024-01-23,SKU_173,1.0,3544.16,3544.16,0
2024-01-24,SKU_173,2.0,7088.32,3544.16,0
2024-01-25,SKU_173,2.0,7088.32,3544.16,0
2024-01-26,SKU_173,3.0,10632.48,3544.16,0
2024-01-27,SKU_173,2.0,7088.32,3544.16,0
2024-01-29,SKU_173,2.0,7088.32,3544.16,0
2024-01-31,SKU_173,1.0,3544.16,3544.16,0
2024-02-01,SKU_173,1.0,3544.16,3544.16,0
2024-02-02,SKU_173,3.0,10632.48,3544.16,0
2024-02-03,SKU_173,2.0,6598.12,3299.06,1
2024-02-05,SKU_173,1.0,3544.16,3544.16,0
2024-02-06,SKU_173,2.0,7088.32,3544.16,0
2024-02-07,SKU_173,2.0,7088.32,3544.16,0
2024-02-08,SKU_173,1.0,3544.16,3544.16,0
2024-02-12,SKU_173,2.0,7088.32,3544.16,0
2024-02-13,SKU_173,2.0,7088.32,3544.16,0
2024-02-14,SKU_173,2.0,6321.12,3160.56,1
2024-02-15,SKU_173,1.0,3544.16,3544.16,0
2024-02-16,SKU_173,2.0,7088.32,3544.16,0
2024-02-17,SKU_173,1.0,3544.16,3544.16,0
2024-02-18,SKU_173,5.0,17720.8,3544.16,0
2024-02-19,SKU_173,2.0,7088.32,3544.16,0
2024-02-20,SKU_173,2.0,7088.32,3544.16,0
2024-02-21,SKU_173,3.0,10632.48,3544.16,0
2024-02-22,SKU_173,1.0,3544.16,3544.16,0
2024-02-23,SKU_173,4.0,14176.64,3544.16,0
2024-02-24,SKU_173,8.0,28353.28,3544.16,0
2024-02-25,SKU_173,1.0,3280.21,3280.21,1
2024-02-26,SKU_173,3.0,10632.48,3544.16,0
2024-02-27,SKU_173,2.0,7088.32,3544.16,0
2024-02-28,SKU_173,4.0,14176.64,3544.16,0
2024-02-29,SKU_173,1.0,3544.16,3544.16,0
2024-03-02,SKU_173,3.0,10632.48,3544.16,0
2024-03-03,SKU_173,3.0,10632.48,3544.16,0
2024-03-04,SKU_173,1.0,3147.85,3147.85,1
2024-03-05,SKU_173,2.0,7088.32,3544.16,0
2024-03-06,SKU_173,4.0,12846.48,3211.62,1
2024-03-07,SKU_173,3.0,10632.48,3544.16,0
2024-03-08,SKU_173,1.0,3544.16,3544.16,0
2024-03-09,SKU_173,2.0,7088.32,3544.16,0
2024-03-10,SKU_173,1.0,3544.16,3544.16,0
2024-03-11,SKU_173,1.0,3544.16,3544.16,0
2024-03-12,SKU_173,1.0,3544.16,3544.16,0
2024-03-15,SKU_173,3.0,9135.21,3045.07,1
2024-03-16,SKU_173,7.0,21206.64,3029.52,1
2024-03-17,SKU_173,2.0,7088.32,3544.16,0
2024-03-18,SKU_173,2.0,7088.32,3544.16,0
2024-03-19,SKU_173,3.0,10632.48,3544.16,0
2024-03-20,SKU_173,4.0,13006.52,3251.63,1
