data/sales_daily.csv
date,sku_id,units_sold,revenue,unit_price,promo_flag
2024-01-01,SKU_174,3.0,12235.77,4078.59,1
2024-01-02,SKU_174,2.0,9154.22,4577.11,0
2024-01-03,SKU_174,3.0,13731.33,4577.11,0
2024-01-04,SKU_174,1.0,4577.11,4577.11,0
2024-01-05,SKU_174,2.0,9154.22,4577.11,0
2024-01-06,SKU_174,2.0,9154.22,4577.11,0
2024-01-07,SKU_174,2.0,9154.22,4577.11,0
2024-01-09,SKU_174,1.0,4577.11,4577.11,0
2024-01-10,SKU_174,1.0,4577.11,4577.11,0
2024-01-12,SKU_174,1.0,4577.11,4577.11,0
2024-01-13,SKU_174,2.0,9154.22,4577.11,0
2024-01-14,SKU_174,7.0,32039.77,4577.11,0
2024-01-15,SKU_174,2.0,9154.22,4577.11,0
2024-01-16,SKU_174,4.0,18308.44,4577.11,0
2024-01-17,SKU_174,3.0,13731.33,4577.11,0
2024-01-18,SKU_174,,,4577.11,0
2024-01-19,SKU_174,1.0,4577.11,4577.11,0
2024-01-20,SKU_174,4.0,18308.44,4577.11,0
2024-01-22,SKU_174,1.0,4577.11,4577.11,0
2024-01-23,SKU_174,3.0,13731.33,4577.11,0
2024-01-24,SKU_174,2.0,9154.22,4577.11,0
2024-01-25,SKU_174,1.0,4170.36,4170.36,1
2024-01-26,SKU_174,3.0,13731.33,4577.11,0
2024-01-27,SKU_174,1.0,4577.11,4577.11,0
2024-01-28,SKU_174,7.0,30243.36,4320.48,1
2024-01-29,SKU_174,2.0,9154.22,4577.11,0
2024-01-30,SKU_174,1.0,4577.11,4577.11,0
2024-01-31,SKU_174,1.0,4577.11,4577.11,0
2024-02-01,SKU_174,2.0,9154.22,4577.11,0
2024-02-02,SKU_174,5.0,22885.55,4577.11,0
2024-02-03,SKU_174,1.0,4577.11,4577.11,0
2024-02-04,SKU_174,2.0,9154.22,4577.11,0
2024-02-05,SKU_174,2.0,9154.22,4577.11,0
2024-02-06,SKU_174,3.0,13731.33,4577.11,0
2024-02-07,SKU_174,1.0,4577.11,4577.11,0
2024-02-08,SKU_174,1.0,4577.11,4577.11,0
2024-02-09,SKU_174,2.0,9154.22,4577.11,0
2024-02-10,SKU_174,3.0,13731.33,4577.11,0
2024-02-11,SKU_174,3.0,13731.33,4577.11,0
2024-02-12,SKU_174,1.0,4577.11,4577.11,0
2024-02-13,SKU_174,1.0,4577.11,4577.11,0
2024-02-14,SKU_174,6.0,27462.66,4577.11,0
2024-02-16,SKU_174,1.0,4577.11,4577.11,0
2024-02-17,SKU_174,4.0,18308.44,4577.11,0
2024-02-18,SKU_174,3.0,13731.33,4577.11,0
2024-02-19,SKU_174,3.0,13731.33,4577.11,0
2024-02-20,SKU_174,1.0,4577.11,4577.11,0
2024-02-22,SKU_174,1.0,4577.11,4577.11,0
2024-02-24,SKU_174,1.0,4577.11,4577.11,0
2024-02-25,SKU_174,5.0,22885.55,4577.11,0
2024-02-26,SKU_174,2.0,7953.26,3976.63,1
2024-02-29,SKU_174,1.0,4577.11,4577.11,0
2024-03-01,SKU_174,1.0,4577.11,4577.11,0
2024-03-02,SKU_174,3.0,13731.33,4577.11,0
2024-03-03,SKU_174,2.0,9154.22,4577.11,0
2024-03-04,SKU_174,1.0,4577.11,4577.11,0
2024-03-06,SKU_174,2.0,9154.22,4577.11,0
2024-03-07,SKU_174,4.0,18308.44,4577.11,0
2024-03-08,SKU_174,4.0,18308.44,4577.11,0
2024-03-09,SKU_174,5.0,22885.55,4577.11,0
2024-03-10,SKU_174,3.0,13731.33,4577.11,0
2024-03-11,SKU_174,2.0,9154.22,4577.11,0
2024-03-12,SKU_174,1.0,4577.11,4577.11,0
2024-03-14,SKU_174,3.0,13731.33,4577.11,0
2024-03-15,SKU_174,3.0,10523.82,3507.94,1
2024-03-16,SKU_174,6.0,24222.3,4037.05,1
2024-03-17,SKU_174,6.0,27462.66,4577.11,0
2024-03-18,SKU_174,1.0,4577.11,4577.11,0
2024-03-19,SKU_174,2.0,9154.22,4577.11,0
2024-03-20,SKU_174,2.0,9154.22,4577.11,0
2024-01-01,SKU_175,1.0,1489.68,1489.68,1
2024-01-02,SKU_175,4.0,7019.6,1754.9,0
2024-01-03,SKU_175,4.0,7019.6,1754.9,0
2024-01-04,SKU_175,2.0,3509.8,1754.9,0
2024-01-05,SKU_175,1.0,1754.9,1754.9,0
2024-01-06,SKU_175,4.0,7019.6,1754.9,0
2024-01-07,SKU_175,3.0,5264.7,1754.9,0
2024-01-08,SKU_175,3.0,5264.7,1754.9,0
2024-01-09,SKU_175,4.0,7019.6,1754.9,0
2024-01-10,SKU_175,3.0,5264.7,1754.9,0
2024-01-11,SKU_175,3.0,5264.7,1754.9,0
2024-01-12,SKU_175,4.0,7019.6,1754.9,0
2024-01-13,SKU_175,1.0,1754.9,1754.9,0
2024-01-14,SKU_175,9.0,15794.1,1754.9,0
2024-01-15,SKU_175,2.0,3509.8,1754.9,0
2024-01-16,SKU_175,1.0,1496.7,1496.7,1
2024-01-17,SKU_175,6.0,10529.4,1754.9,0
2024-01-18,SKU_175,1.0,1754.9,1754.9,0
2024-01-19,SKU_175,3.0,5264.7,1754.9,0
2024-01-20,SKU_175,11.0,18219.19,1656.29,1
2024-01-21,SKU_175,5.0,7611.85,1522.37,1
2024-01-22,SKU_175,4.0,7019.6,1754.9,0
2024-01-23,SKU_175,4.0,7019.6,1754.9,0
2024-01-24,SKU_175,2.0,3140.04,1570.02,1
2024-01-25,SKU_175,2.0,3509.8,1754.9,0
2024-01-26,SKU_175,8.0,14039.2,1754.9,0
2024-01-27,SKU_175,6.0,10529.4,1754.9,0
2024-01-28,SKU_175,1.0,1754.9,1754.9,0
2024-01-29,SKU_175,6.0,10529.4,1754.9,0
2024-01-30,SKU_175,8.0,12112.4,1514.05,1
2024-01-31,SKU_175,2.0,3509.8,1754.9,0
2024-02-01,SKU_175,1.0,1754.9,1754.9,0
2024-02-02,SKU_175,5.0,8774.5,1754.9,0
2024-02-03,SKU_175,3.0,5264.7,1754.9,0
2024-02-04,SKU_175,7.0,12284.3,1754.9,0
2024-02-05,SKU_175,1.0,1754.9,1754.9,0
2024-02-06,SKU_175,4.0,7019.6,1754.9,0
2024-02-07,SKU_175,2.0,3509.8,1754.9,0
2024-02-08,SKU_175,6.0,10529.4,1754.9,0
2024-02-09,SKU_175,4.0,7019.6,1754.9,0
2024-02-10,SKU_175,5.0,8774.5,1754.9,0
2024-02-11,SKU_175,4.0,7019.6,1754.9,0
2024-02-12,SKU_175,,,1754.9,0
2024-02-13,SKU_175,4.0,6059.16,1514.79,1
2024-02-14,SKU_175,3.0,5264.7,1754.9,0
2024-02-15,SKU_175,1.0,1754.9,1754.9,0
2024-02-16,SKU_175,9.0,14715.63,1635.07,1
2024-02-17,SKU_175,5.0,8774.5,1754.9,0
2024-02-18,SKU_175,4.0,7019.6,1754.9,0
2024-02-19,SKU_175,5.0,8774.5,1754.9,0
2024-02-20,SKU_175,2.0,3509.8,1754.9,0
2024-02-21,SKU_175,1.0,1754.9,1754.9,0
2024-02-22,SKU_175,4.0,7019.6,1754.9,0
2024-02-23,SKU_175,2.0,3509.8,1754.9,0
2024-02-24,SKU_175,5.0,8774.5,1754.9,0
2024-02-25,SKU_175,5.0,8016.2,1603.24,1
2024-02-26,SKU_175,4.0,7019.6,1754.9,0
2024-02-27,SKU_175,3.0,5264.7,1754.9,0
2024-02-28,SKU_175,2.0,3509.8,1754.9,0
2024-02-29,SKU_175,5.0,8774.5,1754.9,0
2024-03-01,SKU_175,7.0,12284.3,1754.9,0
2024-03-02,SKU_175,2.0,3509.8,1754.9,0
2024-03-03,SKU_175,5.0,8774.5,1754.9,0
2024-03-04,SKU_175,1.0,1754.9,1754.9,0
2024-03-05,SKU_175,5.0,8774.5,1754.9,0
2024-03-06,SKU_175,2.0,3509.8,1754.9,0
2024-03-07,SKU_175,3.0,5264.7,1754.9,0
2024-03-08,SKU_175,1.0,1754.9,1754.9,0
2024-03-09,SKU_175,6.0,10529.4,1754.9,0
2024-03-10,SKU_175,5.0,8774.5,1754.9,0
2024-03-11,SKU_175,1.0,1496.29,1496.29,1
2024-03-12,SKU_175,1.0,1754.9,1754.9,0
2024-03-13,SKU_175,4.0,7019.6,1754.9,0
2024-03-14,SKU_175,,,1754.9,0
2024-03-15,SKU_175,7.0,9330.02,1332.86,1
2024-03-16,SKU_175,8.0,12279.28,1534.91,1
2024-03-17,SKU_175,5.0,8774.5,1754.9,0
2024-03-18,SKU_175,4.0,7019.6,1754.9,0
2024-03-19,SKU_175,3.0,4715.25,1571.75,1
2024-03-20,SKU_175,2.0,3509.8,1754.9,0
2024-01-01,SKU_176,20.0,63001.8,3150.09,1
2024-01-02,SKU_176,6.0,21794.7,3632.45,0
2024-01-03,SKU_176,14.0,43610.28,3115.02,1
2024-01-04,SKU_176,4.0,14529.8,3632.45,0
2024-01-05,SKU_176,11.0,39956.95,3632.45,0
2024-01-06,SKU_176,12.0,43589.4,3632.45,0
2024-01-07,SKU_176,5.0,18162.25,3632.45,0
2024-01-08,SKU_176,12.0,43589.4,3632.45,0
2024-01-09,SKU_176,8.0,29059.6,3632.45,0
2024-01-10,SKU_176,8.0,29059.6,3632.45,0
2024-01-11,SKU_176,16.0,51345.44,3209.09,1
2024-01-12,SKU_176,5.0,18162.25,3632.45,0
2024-01-13,SKU_176,9.0,32692.05,3632.45,0
2024-01-14,SKU_176,15.0,54486.75,3632.45,0
2024-01-15,SKU_176,7.0,25427.15,3632.45,0
2024-01-16,SKU_176,12.0,40207.44,3350.62,1
2024-01-17,SKU_176,11.0,39956.95,3632.45,0
2024-01-18,SKU_176,10.0,36324.5,3632.45,0
2024-01-19,SKU_176,7.0,25427.15,3632.45,0
2024-01-20,SKU_176,22.0,79913.9,3632.45,0
2024-01-21,SKU_176,12.0,43589.4,3632.45,0
2024-01-22,SKU_176,6.0,21794.7,3632.45,0
2024-01-23,SKU_176,9.0,32692.05,3632.45,0
2024-01-24,SKU_176,13.0,47221.85,3632.45,0
2024-01-25,SKU_176,9.0,32692.05,3632.45,0
2024-01-26,SKU_176,6.0,21794.7,3632.45,0
2024-01-27,SKU_176,12.0,43589.4,3632.45,0
2024-01-28,SKU_176,16.0,58119.2,3632.45,0
2024-01-29,SKU_176,11.0,39956.95,3632.45,0
2024-01-30,SKU_176,9.0,32692.05,3632.45,0
2024-01-31,SKU_176,13.0,47221.85,3632.45,0
2024-02-01,SKU_176,9.0,32692.05,3632.45,0
2024-02-02,SKU_176,17.0,61751.65,3632.45,0
2024-02-03,SKU_176,11.0,39956.95,3632.45,0
2024-02-04,SKU_176,20.0,64719.8,3235.99,1
2024-02-05,SKU_176,8.0,29059.6,3632.45,0
2024-02-06,SKU_176,7.0,25427.15,3632.45,0
2024-02-07,SKU_176,8.0,29059.6,3632.45,0
2024-02-08,SKU_176,9.0,32692.05,3632.45,0
2024-02-09,SKU_176,12.0,43589.4,3632.45,0
2024-02-10,SKU_176,11.0,39956.95,3632.45,0
2024-02-11,SKU_176,10.0,36324.5,3632.45,0
2024-02-12,SKU_176,7.0,25427.15,3632.45,0
2024-02-13,SKU_176,8.0,29059.6,3632.45,0
2024-02-14,SKU_176,15.0,54486.75,3632.45,0
2024-02-15,SKU_176,15.0,54486.75,3632.45,0
2024-02-16,SKU_176,8.0,29059.6,3632.45,0
2024-02-17,SKU_176,18.0,59700.6,3316.7,1
2024-02-18,SKU_176,10.0,36324.5,3632.45,0
2024-02-19,SKU_176,5.0,18162.25,3632.45,0
2024-02-20,SKU_176,5.0,18162.25,3632.45,0
2024-02-21,SKU_176,10.0,36324.5,3632.45,0
2024-02-22,SKU_176,9.0,32692.05,3632.45,0
2024-02-23,SKU_176,5.0,18162.25,3632.45,0
2024-02-24,SKU_176,13.0,47221.85,3632.45,0
2024-02-25,SKU_176,6.0,21794.7,3632.45,0
2024-02-26,SKU_176,6.0,21794.7,3632.45,0
2024-02-27,SKU_176,5.0,18162.25,3632.45,0
2024-02-28,SKU_176,6.0,21794.7,3632.45,0
2024-02-29,SKU_176,8.0,29059.6,3632.45,0
2024-03-01,SKU_176,7.0,25427.15,3632.45,0
2024-03-02,SKU_176,15.0,54486.75,3632.45,0
2024-03-03,SKU_176,17.0,61751.65,3632.45,0
2024-03-04,SKU_176,7.0,25427.15,3632.45,0
2024-03-05,SKU_176,13.0,47221.85,3632.45,0
2024-03-06,SKU_176,12.0,43589.4,3632.45,0
2024-03-07,SKU_176,9.0,28620.09,3180.01,1
2024-03-08,SKU_176,10.0,36324.5,3632.45,0
2024-03-09,SKU_176,10.0,36324.5,3632.45,0
2024-03-10,SKU_176,10.0,36324.5,3632.45,0
2024-03-11,SKU_176,10.0,36324.5,3632.45,0
2024-03-12,SKU_176,9.0,32692.05,3632.45,0
2024-03-13,SKU_176,12.0,43589.4,3632.45,0
2024-03-14,SKU_176,6.0,21794.7,3632.45,0
2024-03-15,SKU_176,21.0,64220.52,3058.12,1
2024-03-16,SKU_176,18.0,50581.62,2810.09,1
2024-03-17,SKU_176,13.0,47221.85,3632.45,0
2024-03-18,SKU_176,12.0,43589.4,3632.45,0
2024-03-19,SKU_176,5.0,18162.25,3632.45,0
2024-03-20,SKU_176,5.0,18162.25,3632.45,0
2024-01-01,SKU_179,,,2549.63,1
2024-01-02,SKU_179,1.0,3373.13,3373.13,0
2024-01-03,SKU_179,1.0,3373.13,3373.13,0
2024-01-04,SKU_179,1.0,3373.13,3373.13,0
2024-01-05,SKU_179,1.0,3373.13,3373.13,0
2024-01-06,SKU_179,1.0,3373.13,3373.13,0
2024-01-07,SKU_179,2.0,6746.26,3373.13,0
2024-01-08,SKU_179,1.0,3373.13,3373.13,0
2024-01-09,SKU_179,2.0,6746.26,3373.13,0
2024-01-10,SKU_179,1.0,3373.13,3373.13,0
2024-01-12,SKU_179,4.0,13492.52,3373.13,0
2024-01-14,SKU_179,2.0,6746.26,3373.13,0
2024-01-15,SKU_179,2.0,6746.26,3373.13,0
2024-01-16,SKU_179,3.0,9576.9,3192.3,1
2024-01-17,SKU_179,2.0,6746.26,3373.13,0
2024-01-18,SKU_179,1.0,3373.13,3373.13,0
2024-01-19,SKU_179,2.0,6746.26,3373.13,0
2024-01-20,SKU_179,4.0,13492.52,3373.13,0
2024-01-21,SKU_179,2.0,6746.26,3373.13,0
2024-01-22,SKU_179,2.0,6746.26,3373.13,0
2024-01-23,SKU_179,3.0,10119.39,3373.13,0
2024-01-24,SKU_179,1.0,3373.13,3373.13,0
2024-01-25,SKU_179,3.0,10119.39,3373.13,0
2024-01-26,SKU_179,1.0,3373.13,3373.13,0
2024-01-27,SKU_179,1.0,3373.13,3373.13,0
2024-01-28,SKU_179,4.0,13492.52,3373.13,0
2024-01-29,SKU_179,2.0,6746.26,3373.13,0
2024-01-30,SKU_179,1.0,3373.13,3373.13,0
2024-01-31,SKU_179,3.0,10119.39,3373.13,0
2024-02-01,SKU_179,4.0,13492.52,3373.13,0
2024-02-02,SKU_179,2.0,6746.26,3373.13,0
2024-02-03,SKU_179,1.0,3373.13,3373.13,0
2024-02-04,SKU_179,3.0,10119.39,3373.13,0
2024-02-05,SKU_179,4.0,13492.52,3373.13,0
2024-02-06,SKU_179,1.0,3373.13,3373.13,0
2024-02-08,SKU_179,2.0,6746.26,3373.13,0
2024-02-09,SKU_179,2.0,6746.26,3373.13,0
2024-02-10,SKU_179,3.0,10119.39,3373.13,0
2024-02-11,SKU_179,2.0,6746.26,3373.13,0
2024-02-12,SKU_179,1.0,3373.13,3373.13,0
2024-02-15,SKU_179,2.0,6746.26,3373.13,0
2024-02-16,SKU_179,1.0,3373.13,3373.13,0
2024-02-17,SKU_179,5.0,16865.65,3373.13,0
2024-02-18,SKU_179,4.0,13492.52,3373.13,0
2024-02-19,SKU_179,1.0,3373.13,3373.13,0
2024-02-21,SKU_179,1.0,3373.13,3373.13,0
2024-02-22,SKU_179,1.0,2935.85,2935.85,1
2024-02-23,SKU_179,4.0,13492.52,3373.13,0
2024-02-24,SKU_179,3.0,10119.39,3373.13,0
2024-02-25,SKU_179,2.0,6746.26,3373.13,0
2024-02-26,SKU_179,1.0,3181.27,3181.27,1
2024-02-27,SKU_179,2.0,6746.26,3373.13,0
2024-03-02,SKU_179,4.0,13492.52,3373.13,0
2024-03-03,SKU_179,3.0,10119.39,3373.13,0
2024-03-04,SKU_179,2.0,6746.26,3373.13,0
2024-03-05,SKU_179,1.0,3373.13,3373.13,0
2024-03-06,SKU_179,3.0,10119.39,3373.13,0
2024-03-07,SKU_179,4.0,12675.88,3168.97,1
2024-03-08,SKU_179,3.0,10119.39,3373.13,0
2024-03-09,SKU_179,5.0,16865.65,3373.13,0
2024-03-10,SKU_179,4.0,13492.52,3373.13,0
2024-03-11,SKU_179,1.0,3373.13,3373.13,0
2024-03-12,SKU_179,1.0,3373.13,3373.13,0
2024-03-15,SKU_179,4.0,10410.2,2602.55,1
2024-03-16,SKU_179,2.0,5917.14,2958.57,1
2024-03-17,SKU_179,2.0,6746.26,3373.13,0
2024-03-18,SKU_179,2.0,6746.26,3373.13,0
2024-03-19,SKU_179,1.0,3373.13,3373.13,0
2024-01-01,SKU_180,7.0,24568.6,3509.8,1
2024-01-02,SKU_180,2.0,8238.5,4119.25,1
2024-01-03,SKU_180,1.0,4462.16,4462.16,0
2024-01-04,SKU_180,2.0,8924.32,4462.16,0
2024-01-06,SKU_180,2.0,8924.32,4462.16,0
2024-01-07,SKU_180,,,3855.56,1
2024-01-08,SKU_180,1.0,4462.16,4462.16,0
2024-01-09,SKU_180,2.0,8924.32,4462.16,0
2024-01-10,SKU_180,3.0,13386.48,4462.16,0
2024-01-12,SKU_180,3.0,13386.48,4462.16,0
2024-01-13,SKU_180,2.0,8924.32,4462.16,0
2024-01-14,SKU_180,5.0,22310.8,4462.16,0
2024-01-16,SKU_180,2.0,8924.32,4462.16,0
2024-01-17,SKU_180,1.0,4195.63,4195.63,1
2024-01-19,SKU_180,3.0,13386.48,4462.16,0
2024-01-20,SKU_180,3.0,13386.48,4462.16,0
2024-01-21,SKU_180,3.0,13386.48,4462.16,0
2024-01-22,SKU_180,2.0,8924.32,4462.16,0
2024-01-23,SKU_180,4.0,17848.64,4462.16,0
2024-01-24,SKU_180,3.0,13386.48,4462.16,0
2024-01-25,SKU_180,2.0,8924.32,4462.16,0
2024-01-26,SKU_180,1.0,4462.16,4462.16,0
2024-01-27,SKU_180,3.0,11762.34,3920.78,1
2024-01-28,SKU_180,4.0,17848.64,4462.16,0
2024-01-29,SKU_180,1.0,4462.16,4462.16,0
2024-02-02,SKU_180,3.0,12027.15,4009.05,1
2024-02-04,SKU_180,2.0,8924.32,4462.16,0
2024-02-05,SKU_180,1.0,4462.16,4462.16,0
2024-02-06,SKU_180,3.0,13386.48,4462.16,0
2024-02-07,SKU_180,2.0,8924.32,4462.16,0
2024-02-09,SKU_180,1.0,4462.16,4462.16,0
2024-02-10,SKU_180,3.0,13386.48,4462.16,0
2024-02-11,SKU_180,5.0,19883.85,3976.77,1
2024-02-12,SKU_180,1.0,4462.16,4462.16,0
2024-02-13,SKU_180,1.0,4462.16,4462.16,0
2024-02-14,SKU_180,5.0,22310.8,4462.16,0
2024-02-15,SKU_180,1.0,4462.16,4462.16,0
2024-02-16,SKU_180,1.0,4462.16,4462.16,0
2024-02-17,SKU_180,3.0,13386.48,4462.16,0
2024-02-18,SKU_180,4.0,17848.64,4462.16,0
2024-02-19,SKU_180,1.0,4462.16,4462.16,0
2024-02-20,SKU_180,3.0,13386.48,4462.16,0
2024-02-21,SKU_180,1.0,4462.16,4462.16,0
2024-02-23,SKU_180,2.0,8924.32,4462.16,0
2024-02-24,SKU_180,3.0,13386.48,4462.16,0
2024-02-25,SKU_180,9.0,40159.44,4462.16,0
2024-02-26,SKU_180,2.0,8924.32,4462.16,0
2024-02-27,SKU_180,2.0,8924.32,4462.16,0
2024-03-01,SKU_180,4.0,17848.64,4462.16,0
2024-03-02,SKU_180,2.0,8924.32,4462.16,0
2024-03-03,SKU_180,1.0,4462.16,4462.16,0
2024-03-04,SKU_180,4.0,17848.64,4462.16,0
2024-03-05,SKU_180,2.0,8924.32,4462.16,0
2024-03-06,SKU_180,4.0,17848.64,4462.16,0
2024-03-07,SKU_180,1.0,4462.16,4462.16,0
2024-03-08,SKU_180,3.0,13386.48,4462.16,0
2024-03-09,SKU_180,2.0,8924.32,4462.16,0
2024-03-10,SKU_180,3.0,13386.48,4462.16,0
2024-03-13,SKU_180,1.0,4462.16,4462.16,0
2024-03-14,SKU_180,1.0,4462.16,4462.16,0
2024-03-15,SKU_180,4.0,15664.2,3916.05,1
2024-03-16,SKU_180,5.0,19000.35,3800.07,1
2024-03-17,SKU_180,2.0,8924.32,4462.16,0
2024-03-18,SKU_180,3.0,13386.48,4462.16,0
2024-03-20,SKU_180,2.0,8924.32,4462.16,0
2024-01-01,SKU_181,2.0,1888.98,944.49,1
2024-01-02,SKU_181,2.0,2397.04,1198.52,0
2024-01-03,SKU_181,3.0,3595.56,1198.52,0
2024-01-04,SKU_181,2.0,2397.04,1198.52,0
2024-01-05,SKU_181,6.0,7191.12,1198.52,0
2024-01-06,SKU_181,5.0,5992.6,1198.52,0
2024-01-08,SKU_181,1.0,1198.52,1198.52,0
2024-01-11,SKU_181,2.0,2397.04,1198.52,0
2024-01-12,SKU_181,2.0,2397.04,1198.52,0
2024-01-13,SKU_181,3.0,3595.56,1198.52,0
2024-01-14,SKU_181,3.0,3112.95,1037.65,1
2024-01-16,SKU_181,1.0,1198.52,1198.52,0
2024-01-17,SKU_181,2.0,2397.04,1198.52,0
2024-01-19,SKU_181,5.0,5992.6,1198.52,0
2024-01-20,SKU_181,4.0,4794.08,1198.52,0
2024-01-20,SKU_181,4.0,4794.08,1198.52,0
2024-01-21,SKU_181,4.0,4794.08,1198.52,0
2024-01-22,SKU_181,1.0,1198.52,1198.52,0
2024-01-23,SKU_181,3.0,3595.56,1198.52,0
2024-01-24,SKU_181,3.0,3206.88,1068.96,1
2024-01-25,SKU_181,3.0,3389.34,1129.78,1
2024-01-26,SKU_181,1.0,1069.47,1069.47,1
2024-01-27,SKU_181,4.0,4794.08,1198.52,0
2024-01-29,SKU_181,2.0,2397.04,1198.52,0
2024-01-31,SKU_181,2.0,2397.04,1198.52,0
2024-02-02,SKU_181,3.0,3595.56,1198.52,0
2024-02-03,SKU_181,1.0,1198.52,1198.52,0
2024-02-04,SKU_181,2.0,2397.04,1198.52,0
2024-02-05,SKU_181,2.0,2397.04,1198.52,0
2024-02-06,SKU_181,3.0,3180.09,1060.03,1
2024-02-07,SKU_181,2.0,2397.04,1198.52,0
2024-02-08,SKU_181,1.0,1198.52,1198.52,0
2024-02-09,SKU_181,3.0,3258.81,1086.27,1
2024-02-10,SKU_181,4.0,4794.08,1198.52,0
2024-02-11,SKU_181,1.0,1136.7,1136.7,1
2024-02-12,SKU_181,2.0,2397.04,1198.52,0
2024-02-14,SKU_181,1.0,1198.52,1198.52,0
2024-02-15,SKU_181,2.0,2397.04,1198.52,0
2024-02-16,SKU_181,2.0,2397.04,1198.52,0
2024-02-17,SKU_181,4.0,4794.08,1198.52,0
2024-02-18,SKU_181,1.0,1198.52,1198.52,0
2024-02-19,SKU_181,3.0,3107.94,1035.98,1
2024-02-20,SKU_181,2.0,2397.04,1198.52,0
2024-02-21,SKU_181,3.0,3595.56,1198.52,0
2024-02-22,SKU_181,2.0,2397.04,1198.52,0
2024-02-23,SKU_181,4.0,4794.08,1198.52,0
2024-02-24,SKU_181,2.0,2397.04,1198.52,0
2024-02-25,SKU_181,2.0,2397.04,1198.52,0
2024-02-26,SKU_181,3.0,3595.56,1198.52,0
2024-02-27,SKU_181,1.0,1198.52,1198.52,0
2024-02-28,SKU_181,2.0,2397.04,1198.52,0
2024-03-01,SKU_181,6.0,7191.12,1198.52,0
2024-03-02,SKU_181,3.0,3286.17,1095.39,1
2024-03-03,SKU_181,2.0,2397.04,1198.52,0
2024-03-05,SKU_181,1.0,1198.52,1198.52,0
2024-03-06,SKU_181,2.0,2397.04,1198.52,0
2024-03-07,SKU_181,4.0,4794.08,1198.52,0
2024-03-08,SKU_181,1.0,1198.52,1198.52,0
2024-03-09,SKU_181,1.0,1198.52,1198.52,0
2024-03-10,SKU_181,3.0,3595.56,1198.52,0
2024-03-12,SKU_181,2.0,2397.04,1198.52,0
2024-03-14,SKU_181,3.0,3595.56,1198.52,0
2024-03-15,SKU_181,4.0,3905.44,976.36,1
2024-03-16,SKU_181,2.0,1936.3,968.15,1
2024-03-17,SKU_181,3.0,3595.56,1198.52,0
2024-03-18,SKU_181,1.0,1198.52,1198.52,0
2024-03-19,SKU_181,3.0,3595.56,1198.52,0
2024-03-20,SKU_181,1.0,1198.52,1198.52,0
