data/sales_daily.csv
date,sku_id,units_sold,revenue,unit_price,promo_flag
2024-01-01,SKU_182,3.0,7019.88,2339.96,1
2024-01-04,SKU_182,2.0,5671.0,2835.5,0
2024-01-06,SKU_182,3.0,8506.5,2835.5,0
2024-01-07,SKU_182,2.0,5671.0,2835.5,0
2024-01-09,SKU_182,2.0,5671.0,2835.5,0
2024-01-10,SKU_182,1.0,2835.5,2835.5,0
2024-01-11,SKU_182,4.0,11342.0,2835.5,0
2024-01-12,SKU_182,2.0,4898.12,2449.06,1
2024-01-13,SKU_182,1.0,2835.5,2835.5,0
2024-01-14,SKU_182,3.0,8506.5,2835.5,0
2024-01-17,SKU_182,1.0,2835.5,2835.5,0
2024-01-18,SKU_182,5.0,12598.15,2519.63,1
2024-01-19,SKU_182,1.0,2835.5,2835.5,0
2024-01-20,SKU_182,,,2835.5,0
2024-01-21,SKU_182,2.0,4887.6,2443.8,1
2024-01-23,SKU_182,1.0,2835.5,2835.5,0
2024-01-24,SKU_182,2.0,5671.0,2835.5,0
2024-01-25,SKU_182,2.0,5671.0,2835.5,0
2024-01-26,SKU_182,1.0,2835.5,2835.5,0
2024-01-27,SKU_182,2.0,5671.0,2835.5,0
2024-01-29,SKU_182,2.0,5671.0,2835.5,0
2024-01-30,SKU_182,1.0,2835.5,2835.5,0
2024-01-31,SKU_182,2.0,5671.0,2835.5,0
2024-02-01,SKU_182,4.0,11342.0,2835.5,0
2024-02-02,SKU_182,4.0,11342.0,2835.5,0
2024-02-03,SKU_182,3.0,8506.5,2835.5,0
2024-02-04,SKU_182,1.0,2835.5,2835.5,0
2024-02-05,SKU_182,1.0,2835.5,2835.5,0
2024-02-06,SKU_182,2.0,5671.0,2835.5,0
2024-02-08,SKU_182,2.0,5671.0,2835.5,0
2024-02-09,SKU_182,1.0,2835.5,2835.5,0
2024-02-11,SKU_182,3.0,7907.37,2635.79,1
2024-02-12,SKU_182,2.0,5671.0,2835.5,0
2024-02-13,SKU_182,3.0,8506.5,2835.5,0
2024-02-14,SKU_182,3.0,8506.5,2835.5,0
2024-02-15,SKU_182,1.0,2835.5,2835.5,0
2024-02-16,SKU_182,3.0,8506.5,2835.5,0
2024-02-18,SKU_182,3.0,8076.3,2692.1,1
2024-02-19,SKU_182,2.0,5671.0,2835.5,0
2024-02-20,SKU_182,2.0,5671.0,2835.5,0
2024-02-21,SKU_182,2.0,5671.0,2835.5,0
2024-02-22,SKU_182,1.0,2835.5,2835.5,0
2024-02-23,SKU_182,2.0,5671.0,2835.5,0
2024-02-25,SKU_182,3.0,8506.5,2835.5,0
2024-02-26,SKU_182,1.0,2835.5,2835.5,0
2024-02-28,SKU_182,1.0,2835.5,2835.5,0
2024-03-01,SKU_182,1.0,2835.5,2835.5,0
2024-03-02,SKU_182,2.0,5671.0,2835.5,0
2024-03-03,SKU_182,3.0,8506.5,2835.5,0
2024-03-04,SKU_182,3.0,8506.5,2835.5,0
2024-03-06,SKU_182,1.0,2835.5,2835.5,0
2024-03-09,SKU_182,3.0,8506.5,2835.5,0
2024-03-10,SKU_182,3.0,8506.5,2835.5,0
2024-03-11,SKU_182,1.0,2835.5,2835.5,0
2024-03-13,SKU_182,1.0,2835.5,2835.5,0
2024-03-14,SKU_182,4.0,11342.0,2835.5,0
2024-03-15,SKU_182,3.0,6420.48,2140.16,1
2024-03-16,SKU_182,4.0,8768.0,2192.0,1
2024-03-17,SKU_182,3.0,8506.5,2835.5,0
2024-03-18,SKU_182,1.0,2835.5,2835.5,0
2024-03-20,SKU_182,2.0,5274.96,2637.48,1
2024-01-01,SKU_183,1.0,1614.38,1614.38,1
2024-01-04,SKU_183,1.0,1922.32,1922.32,0
2024-01-05,SKU_183,2.0,3844.64,1922.32,0
2024-01-06,SKU_183,2.0,3590.18,1795.09,1
2024-01-07,SKU_183,1.0,1698.89,1698.89,1
2024-01-11,SKU_183,1.0,1922.32,1922.32,0
2024-01-14,SKU_183,1.0,1922.32,1922.32,0
2024-01-15,SKU_183,1.0,1922.32,1922.32,0
2024-01-18,SKU_183,1.0,1922.32,1922.32,0
2024-01-20,SKU_183,2.0,3844.64,1922.32,0
2024-01-21,SKU_183,1.0,1922.32,1922.32,0
2024-01-23,SKU_183,1.0,1922.32,1922.32,0
2024-01-24,SKU_183,1.0,1922.32,1922.32,0
2024-01-26,SKU_183,1.0,1922.32,1922.32,0
2024-01-28,SKU_183,2.0,3844.64,1922.32,0
2024-01-30,SKU_183,1.0,1922.32,1922.32,0
2024-02-01,SKU_183,1.0,1922.32,1922.32,0
2024-02-02,SKU_183,1.0,1922.32,1922.32,0
2024-02-03,SKU_183,1.0,1922.32,1922.32,0
2024-02-07,SKU_183,1.0,1690.99,1690.99,1
2024-02-08,SKU_183,1.0,1753.22,1753.22,1
2024-02-09,SKU_183,2.0,3844.64,1922.32,0
2024-02-11,SKU_183,2.0,3844.64,1922.32,0
2024-02-13,SKU_183,1.0,1922.32,1922.32,0
2024-02-14,SKU_183,1.0,1922.32,1922.32,0
2024-02-16,SKU_183,1.0,1922.32,1922.32,0
2024-02-18,SKU_183,1.0,1922.32,1922.32,0
2024-02-21,SKU_183,1.0,1922.32,1922.32,0
2024-02-25,SKU_183,1.0,1922.32,1922.32,0
2024-02-26,SKU_183,1.0,1922.32,1922.32,0
2024-02-29,SKU_183,2.0,3844.64,1922.32,0
2024-03-01,SKU_183,2.0,3844.64,1922.32,0
2024-03-02,SKU_183,1.0,1922.32,1922.32,0
2024-03-04,SKU_183,1.0,1922.32,1922.32,0
2024-03-07,SKU_183,1.0,1922.32,1922.32,0
2024-03-09,SKU_183,1.0,1922.32,1922.32,0
2024-03-10,SKU_183,1.0,1922.32,1922.32,0
2024-03-11,SKU_183,1.0,1922.32,1922.32,0
2024-03-14,SKU_183,1.0,1922.32,1922.32,0
2024-03-14,SKU_183,1.0,1922.32,1922.32,0
2024-03-15,SKU_183,3.0,4779.09,1593.03,1
2024-03-17,SKU_183,1.0,1922.32,1922.32,0
2024-03-19,SKU_183,1.0,1922.32,1922.32,0
2024-01-01,SKU_184,4.0,4892.04,1223.01,1
2024-01-02,SKU_184,1.0,1450.88,1450.88,0
2024-01-03,SKU_184,1.0,1450.88,1450.88,0
2024-01-04,SKU_184,3.0,4352.64,1450.88,0
2024-01-05,SKU_184,1.0,1450.88,1450.88,0
2024-01-06,SKU_184,1.0,1450.88,1450.88,0
2024-01-07,SKU_184,5.0,7254.4,1450.88,0
2024-01-08,SKU_184,2.0,2901.76,1450.88,0
2024-01-11,SKU_184,5.0,7254.4,1450.88,0
2024-01-12,SKU_184,1.0,1450.88,1450.88,0
2024-01-13,SKU_184,1.0,1450.88,1450.88,0
2024-01-14,SKU_184,4.0,5803.52,1450.88,0
2024-01-15,SKU_184,3.0,4352.64,1450.88,0
2024-01-16,SKU_184,1.0,1450.88,1450.88,0
2024-01-17,SKU_184,1.0,1450.88,1450.88,0
2024-01-18,SKU_184,1.0,1450.88,1450.88,0
2024-01-19,SKU_184,2.0,2901.76,1450.88,0
2024-01-20,SKU_184,3.0,4352.64,1450.88,0
2024-01-21,SKU_184,1.0,1450.88,1450.88,0
2024-01-23,SKU_184,1.0,1450.88,1450.88,0
2024-01-24,SKU_184,1.0,1252.49,1252.49,1
2024-01-25,SKU_184,1.0,1450.88,1450.88,0
2024-01-26,SKU_184,2.0,2901.76,1450.88,0
2024-01-27,SKU_184,5.0,7254.4,1450.88,0
2024-01-28,SKU_184,3.0,4352.64,1450.88,0
2024-01-29,SKU_184,1.0,1450.88,1450.88,0
2024-01-30,SKU_184,4.0,5803.52,1450.88,0
2024-01-31,SKU_184,1.0,1450.88,1450.88,0
2024-02-01,SKU_184,1.0,1450.88,1450.88,0
2024-02-02,SKU_184,3.0,4352.64,1450.88,0
2024-02-03,SKU_184,3.0,4352.64,1450.88,0
2024-02-04,SKU_184,1.0,1450.88,1450.88,0
2024-02-05,SKU_184,1.0,1450.88,1450.88,0
2024-02-06,SKU_184,1.0,1450.88,1450.88,0
2024-02-08,SKU_184,1.0,1450.88,1450.88,0
2024-02-09,SKU_184,3.0,4352.64,1450.88,0
2024-02-10,SKU_184,1.0,1450.88,1450.88,0
2024-02-11,SKU_184,1.0,1450.88,1450.88,0
2024-02-12,SKU_184,2.0,2901.76,1450.88,0
2024-02-14,SKU_184,4.0,5803.52,1450.88,0
2024-02-15,SKU_184,3.0,4352.64,1450.88,0
2024-02-16,SKU_184,1.0,1450.88,1450.88,0
2024-02-17,SKU_184,2.0,2733.06,1366.53,1
2024-02-18,SKU_184,3.0,4352.64,1450.88,0
2024-02-19,SKU_184,1.0,1450.88,1450.88,0
2024-02-20,SKU_184,1.0,1450.88,1450.88,0
2024-02-21,SKU_184,2.0,2901.76,1450.88,0
2024-02-22,SKU_184,1.0,1450.88,1450.88,0
2024-02-23,SKU_184,4.0,5803.52,1450.88,0
2024-02-24,SKU_184,2.0,2901.76,1450.88,0
2024-02-25,SKU_184,3.0,4352.64,1450.88,0
2024-02-26,SKU_184,3.0,4352.64,1450.88,0
2024-02-27,SKU_184,1.0,1450.88,1450.88,0
2024-02-28,SKU_184,3.0,4352.64,1450.88,0
2024-02-29,SKU_184,1.0,1450.88,1450.88,0
2024-03-01,SKU_184,2.0,2527.66,1263.83,1
2024-03-02,SKU_184,3.0,4352.64,1450.88,0
2024-03-03,SKU_184,5.0,6411.3,1282.26,1
2024-03-04,SKU_184,1.0,1450.88,1450.88,0
2024-03-05,SKU_184,1.0,1450.88,1450.88,0
2024-03-06,SKU_184,3.0,4352.64,1450.88,0
2024-03-07,SKU_184,3.0,4352.64,1450.88,0
2024-03-08,SKU_184,3.0,3757.59,1252.53,1
2024-03-09,SKU_184,1.0,1450.88,1450.88,0
2024-03-11,SKU_184,1.0,1450.88,1450.88,0
2024-03-12,SKU_184,3.0,4352.64,1450.88,0
2024-03-13,SKU_184,1.0,1450.88,1450.88,0
2024-03-14,SKU_184,1.0,1450.88,1450.88,0
2024-03-15,SKU_184,7.0,7965.65,1137.95,1
2024-03-16,SKU_184,1.0,1128.44,1128.44,1
2024-03-17,SKU_184,1.0,1450.88,1450.88,0
2024-03-18,SKU_184,3.0,3834.57,1278.19,1
2024-03-19,SKU_184,1.0,1450.88,1450.88,0
2024-01-01,SKU_185,2.0,11605.94,5802.97,1
2024-01-02,SKU_185,1.0,6646.24,6646.24,0
2024-01-03,SKU_185,2.0,13292.48,6646.24,0
2024-01-03,SKU_185,2.0,13292.48,6646.24,0
2024-01-04,SKU_185,1.0,6646.24,6646.24,0
2024-01-05,SKU_185,3.0,19938.72,6646.24,0
2024-01-06,SKU_185,3.0,19938.72,6646.24,0
2024-01-07,SKU_185,1.0,6646.24,6646.24,0
2024-01-09,SKU_185,1.0,6646.24,6646.24,0
2024-01-11,SKU_185,3.0,19938.72,6646.24,0
2024-01-12,SKU_185,3.0,19938.72,6646.24,0
2024-01-13,SKU_185,4.0,23691.2,5922.8,1
2024-01-14,SKU_185,4.0,22875.84,5718.96,1
2024-01-15,SKU_185,1.0,6646.24,6646.24,0
2024-01-16,SKU_185,2.0,13292.48,6646.24,0
2024-01-17,SKU_185,2.0,13292.48,6646.24,0
2024-01-18,SKU_185,1.0,6646.24,6646.24,0
2024-01-22,SKU_185,4.0,26584.96,6646.24,0
2024-01-23,SKU_185,1.0,6646.24,6646.24,0
2024-01-24,SKU_185,1.0,6646.24,6646.24,0
2024-01-25,SKU_185,1.0,6646.24,6646.24,0
2024-01-26,SKU_185,3.0,19938.72,6646.24,0
2024-01-27,SKU_185,1.0,6646.24,6646.24,0
2024-01-28,SKU_185,1.0,6646.24,6646.24,0
2024-01-29,SKU_185,1.0,6646.24,6646.24,0
2024-01-30,SKU_185,4.0,26584.96,6646.24,0
2024-02-02,SKU_185,1.0,6646.24,6646.24,0
2024-02-03,SKU_185,3.0,19938.72,6646.24,0
2024-02-04,SKU_185,2.0,13292.48,6646.24,0
2024-02-05,SKU_185,2.0,11832.2,5916.1,1
2024-02-06,SKU_185,1.0,6646.24,6646.24,0
2024-02-07,SKU_185,1.0,6646.24,6646.24,0
2024-02-08,SKU_185,1.0,6646.24,6646.24,0
2024-02-09,SKU_185,6.0,39877.44,6646.24,0
2024-02-10,SKU_185,4.0,26584.96,6646.24,0
2024-02-11,SKU_185,3.0,19938.72,6646.24,0
2024-02-12,SKU_185,1.0,6646.24,6646.24,0
2024-02-13,SKU_185,2.0,13292.48,6646.24,0
2024-02-16,SKU_185,2.0,13292.48,6646.24,0
2024-02-17,SKU_185,3.0,19938.72,6646.24,0
2024-02-18,SKU_185,5.0,33231.2,6646.24,0
2024-02-21,SKU_185,1.0,6646.24,6646.24,0
2024-02-22,SKU_185,3.0,19938.72,6646.24,0
2024-02-24,SKU_185,1.0,6646.24,6646.24,0
2024-02-26,SKU_185,1.0,6646.24,6646.24,0
2024-02-27,SKU_185,2.0,13292.48,6646.24,0
2024-02-28,SKU_185,5.0,33231.2,6646.24,0
2024-02-29,SKU_185,1.0,6646.24,6646.24,0
2024-03-02,SKU_185,3.0,19938.72,6646.24,0
2024-03-06,SKU_185,1.0,6646.24,6646.24,0
2024-03-07,SKU_185,1.0,6646.24,6646.24,0
2024-03-08,SKU_185,3.0,19938.72,6646.24,0
2024-03-09,SKU_185,2.0,13292.48,6646.24,0
2024-03-10,SKU_185,3.0,19938.72,6646.24,0
2024-03-11,SKU_185,1.0,6646.24,6646.24,0
2024-03-13,SKU_185,2.0,13292.48,6646.24,0
2024-03-15,SKU_185,1.0,5230.08,5230.08,1
2024-03-16,SKU_185,2.0,11337.04,5668.52,1
2024-03-17,SKU_185,5.0,33231.2,6646.24,0
2024-03-18,SKU_185,2.0,13292.48,6646.24,0
2024-03-19,SKU_185,2.0,13292.48,6646.24,0
2024-01-01,SKU_186,13.0,65266.89,5020.53,1
2024-01-02,SKU_186,5.0,29419.7,5883.94,0
2024-01-03,SKU_186,7.0,41187.58,5883.94,0
2024-01-04,SKU_186,7.0,41187.58,5883.94,0
2024-01-05,SKU_186,10.0,58839.4,5883.94,0
2024-01-06,SKU_186,9.0,52955.46,5883.94,0
2024-01-07,SKU_186,,,5883.94,0
2024-01-08,SKU_186,18.0,96631.56,5368.42,1
2024-01-09,SKU_186,8.0,47071.52,5883.94,0
2024-01-10,SKU_186,7.0,41187.58,5883.94,0
2024-01-11,SKU_186,4.0,23535.76,5883.94,0
2024-01-12,SKU_186,9.0,52955.46,5883.94,0
2024-01-13,SKU_186,11.0,64723.34,5883.94,0
2024-01-14,SKU_186,13.0,76491.22,5883.94,0
2024-01-15,SKU_186,7.0,41187.58,5883.94,0
2024-01-16,SKU_186,5.0,29419.7,5883.94,0
2024-01-17,SKU_186,6.0,35303.64,5883.94,0
2024-01-18,SKU_186,9.0,52955.46,5883.94,0
2024-01-19,SKU_186,17.0,100026.98,5883.94,0
2024-01-20,SKU_186,18.0,105910.92,5883.94,0
2024-01-21,SKU_186,17.0,100026.98,5883.94,0
2024-01-22,SKU_186,8.0,43097.12,5387.14,1
2024-01-23,SKU_186,6.0,35303.64,5883.94,0
2024-01-24,SKU_186,7.0,41187.58,5883.94,0
2024-01-25,SKU_186,5.0,29419.7,5883.94,0
2024-01-26,SKU_186,10.0,58839.4,5883.94,0
2024-01-27,SKU_186,14.0,82375.16,5883.94,0
2024-01-28,SKU_186,9.0,52955.46,5883.94,0
2024-01-29,SKU_186,14.0,82375.16,5883.94,0
2024-01-30,SKU_186,7.0,41187.58,5883.94,0
2024-01-31,SKU_186,10.0,58839.4,5883.94,0
2024-02-01,SKU_186,7.0,41187.58,5883.94,0
2024-02-02,SKU_186,11.0,64723.34,5883.94,0
2024-02-03,SKU_186,9.0,52955.46,5883.94,0
2024-02-04,SKU_186,12.0,70607.28,5883.94,0
2024-02-04,SKU_186,12.0,70607.28,5883.94,0
2024-02-05,SKU_186,7.0,41187.58,5883.94,0
2024-02-06,SKU_186,3.0,17651.82,5883.94,0
2024-02-07,SKU_186,8.0,44613.36,5576.67,1
2024-02-08,SKU_186,5.0,29419.7,5883.94,0
2024-02-09,SKU_186,12.0,70607.28,5883.94,0
2024-02-10,SKU_186,5.0,29419.7,5883.94,0
2024-02-11,SKU_186,18.0,105910.92,5883.94,0
2024-02-12,SKU_186,8.0,47071.52,5883.94,0
2024-02-13,SKU_186,6.0,35303.64,5883.94,0
2024-02-14,SKU_186,15.0,81524.85,5434.99,1
2024-02-15,SKU_186,9.0,52955.46,5883.94,0
2024-02-16,SKU_186,15.0,88259.1,5883.94,0
2024-02-17,SKU_186,13.0,76491.22,5883.94,0
2024-02-18,SKU_186,3.0,17651.82,5883.94,0
2024-02-19,SKU_186,4.0,23535.76,5883.94,0
2024-02-20,SKU_186,9.0,52955.46,5883.94,0
2024-02-21,SKU_186,10.0,58839.4,5883.94,0
2024-02-22,SKU_186,9.0,52955.46,5883.94,0
2024-02-23,SKU_186,11.0,64723.34,5883.94,0
2024-02-24,SKU_186,18.0,105910.92,5883.94,0
2024-02-25,SKU_186,7.0,41187.58,5883.94,0
2024-02-26,SKU_186,14.0,72973.6,5212.4,1
2024-02-27,SKU_186,15.0,83571.9,5571.46,1
2024-02-28,SKU_186,9.0,52955.46,5883.94,0
2024-02-29,SKU_186,7.0,41187.58,5883.94,0
2024-03-01,SKU_186,15.0,88259.1,5883.94,0
2024-03-02,SKU_186,18.0,105910.92,5883.94,0
2024-03-03,SKU_186,11.0,64723.34,5883.94,0
2024-03-04,SKU_186,17.0,100026.98,5883.94,0
2024-03-05,SKU_186,11.0,64723.34,5883.94,0
2024-03-06,SKU_186,4.0,23535.76,5883.94,0
2024-03-07,SKU_186,4.0,23535.76,5883.94,0
2024-03-08,SKU_186,7.0,41187.58,5883.94,0
2024-03-09,SKU_186,14.0,82375.16,5883.94,0
2024-03-10,SKU_186,12.0,70607.28,5883.94,0
2024-03-11,SKU_186,7.0,41187.58,5883.94,0
2024-03-12,SKU_186,9.0,52955.46,5883.94,0
2024-03-13,SKU_186,5.0,29419.7,5883.94,0
2024-03-14,SKU_186,12.0,70607.28,5883.94,0
2024-03-15,SKU_186,12.0,61678.44,5139.87,1
2024-03-16,SKU_186,18.0,92892.06,5160.67,1
2024-03-17,SKU_186,16.0,94143.04,5883.94,0
2024-03-18,SKU_186,12.0,70607.28,5883.94,0
2024-03-19,SKU_186,6.0,35303.64,5883.94,0
2024-03-20,SKU_186,9.0,52955.46,5883.94,0
2024-01-01,SKU_187,16.0,33256.96,2078.56,1
2024-01-02,SKU_187,10.0,25998.8,2599.88,0
2024-01-03,SKU_187,10.0,25998.8,2599.88,0
2024-01-04,SKU_187,5.0,12999.4,2599.88,0
2024-01-05,SKU_187,8.0,20799.04,2599.88,0
2024-01-06,SKU_187,14.0,36398.32,2599.88,0
2024-01-07,SKU_187,16.0,41598.08,2599.88,0
2024-01-08,SKU_187,6.0,15599.28,2599.88,0
2024-01-09,SKU_187,8.0,20799.04,2599.88,0
2024-01-10,SKU_187,7.0,18199.16,2599.88,0
2024-01-11,SKU_187,12.0,31198.56,2599.88,0
2024-01-12,SKU_187,17.0,44197.96,2599.88,0
2024-01-13,SKU_187,14.0,36398.32,2599.88,0
2024-01-14,SKU_187,14.0,36398.32,2599.88,0
2024-01-15,SKU_187,11.0,28598.68,2599.88,0
2024-01-16,SKU_187,10.0,25998.8,2599.88,0
2024-01-17,SKU_187,7.0,18199.16,2599.88,0
2024-01-18,SKU_187,4.0,10399.52,2599.88,0
2024-01-19,SKU_187,10.0,25998.8,2599.88,0
2024-01-20,SKU_187,15.0,38998.2,2599.88,0
2024-01-21,SKU_187,15.0,38998.2,2599.88,0
2024-01-22,SKU_187,11.0,28598.68,2599.88,0
2024-01-23,SKU_187,10.0,22888.9,2288.89,1
2024-01-24,SKU_187,11.0,28598.68,2599.88,0
2024-01-25,SKU_187,11.0,28598.68,2599.88,0
2024-01-26,SKU_187,12.0,31198.56,2599.88,0
2024-01-27,SKU_187,12.0,31198.56,2599.88,0
2024-01-28,SKU_187,19.0,49397.72,2599.88,0
2024-01-29,SKU_187,10.0,25998.8,2599.88,0
2024-01-30,SKU_187,4.0,10399.52,2599.88,0
2024-01-31,SKU_187,8.0,20799.04,2599.88,0
2024-02-01,SKU_187,9.0,23398.92,2599.88,0
2024-02-02,SKU_187,4.0,10399.52,2599.88,0
2024-02-03,SKU_187,15.0,38998.2,2599.88,0
2024-02-04,SKU_187,9.0,23398.92,2599.88,0
2024-02-05,SKU_187,12.0,31198.56,2599.88,0
2024-02-06,SKU_187,5.0,12999.4,2599.88,0
2024-02-07,SKU_187,6.0,15599.28,2599.88,0
2024-02-08,SKU_187,6.0,15599.28,2599.88,0
2024-02-09,SKU_187,7.0,18199.16,2599.88,0
2024-02-10,SKU_187,16.0,41598.08,2599.88,0
2024-02-11,SKU_187,11.0,28598.68,2599.88,0
2024-02-12,SKU_187,7.0,18199.16,2599.88,0
2024-02-13,SKU_187,10.0,25998.8,2599.88,0
2024-02-14,SKU_187,8.0,20799.04,2599.88,0
2024-02-15,SKU_187,19.0,43907.1,2310.9,1
2024-02-16,SKU_187,15.0,38998.2,2599.88,0
2024-02-17,SKU_187,10.0,25998.8,2599.88,0
2024-02-18,SKU_187,12.0,31198.56,2599.88,0
2024-02-19,SKU_187,8.0,20799.04,2599.88,0
2024-02-20,SKU_187,5.0,12999.4,2599.88,0
2024-02-21,SKU_187,16.0,37737.92,2358.62,1
2024-02-22,SKU_187,11.0,28598.68,2599.88,0
2024-02-23,SKU_187,16.0,41598.08,2599.88,0
2024-02-24,SKU_187,11.0,28598.68,2599.88,0
2024-02-25,SKU_187,8.0,20799.04,2599.88,0
2024-02-26,SKU_187,7.0,18199.16,2599.88,0
2024-02-27,SKU_187,4.0,10399.52,2599.88,0
2024-02-28,SKU_187,9.0,23398.92,2599.88,0
2024-02-29,SKU_187,5.0,12999.4,2599.88,0
2024-03-01,SKU_187,13.0,33798.44,2599.88,0
2024-03-02,SKU_187,11.0,28598.68,2599.88,0
2024-03-03,SKU_187,14.0,36398.32,2599.88,0
2024-03-04,SKU_187,3.0,7799.64,2599.88,0
2024-03-05,SKU_187,13.0,30262.96,2327.92,1
2024-03-06,SKU_187,3.0,7799.64,2599.88,0
2024-03-07,SKU_187,8.0,20799.04,2599.88,0
2024-03-08,SKU_187,7.0,18199.16,2599.88,0
2024-03-09,SKU_187,9.0,23398.92,2599.88,0
2024-03-10,SKU_187,14.0,36398.32,2599.88,0
2024-03-11,SKU_187,8.0,20799.04,2599.88,0
2024-03-12,SKU_187,11.0,28598.68,2599.88,0
2024-03-13,SKU_187,11.0,28598.68,2599.88,0
2024-03-14,SKU_187,6.0,15599.28,2599.88,0
2024-03-15,SKU_187,15.0,34693.8,2312.92,1
2024-03-16,SKU_187,19.0,43768.78,2303.62,1
2024-03-17,SKU_187,10.0,25998.8,2599.88,0
2024-03-18,SKU_187,6.0,15599.28,2599.88,0
2024-03-19,SKU_187,5.0,12999.4,2599.88,0
2024-03-20,SKU_187,8.0,20799.04,2599.88,0
