data/sales_daily.csv
date,sku_id,units_sold,revenue,unit_price,promo_flag
2024-01-01,SKU_188,1.0,4864.49,4864.49,1
2024-01-02,SKU_188,2.0,10948.02,5474.01,0
2024-01-03,SKU_188,1.0,5474.01,5474.01,0
2024-01-05,SKU_188,1.0,5474.01,5474.01,0
2024-01-06,SKU_188,1.0,5474.01,5474.01,0
2024-01-11,SKU_188,1.0,5474.01,5474.01,0
2024-01-14,SKU_188,1.0,5474.01,5474.01,0
2024-01-22,SKU_188,1.0,5474.01,5474.01,0
2024-01-23,SKU_188,1.0,5474.01,5474.01,0
2024-01-24,SKU_188,3.0,15289.65,5096.55,1
2024-01-26,SKU_188,2.0,10948.02,5474.01,0
2024-01-29,SKU_188,1.0,5474.01,5474.01,0
2024-01-30,SKU_188,1.0,5474.01,5474.01,0
2024-02-02,SKU_188,1.0,5474.01,5474.01,0
2024-02-03,SKU_188,1.0,5474.01,5474.01,0
2024-02-04,SKU_188,1.0,5474.01,5474.01,0
2024-02-10,SKU_188,1.0,5474.01,5474.01,0
2024-02-11,SKU_188,1.0,5474.01,5474.01,0
2024-02-12,SKU_188,2.0,10948.02,5474.01,0
2024-02-13,SKU_188,1.0,5474.01,5474.01,0
2024-02-15,SKU_188,1.0,5474.01,5474.01,0
2024-02-17,SKU_188,1.0,5474.01,5474.01,0
2024-02-19,SKU_188,2.0,10948.02,5474.01,0
2024-02-20,SKU_188,1.0,5474.01,5474.01,0
2024-02-21,SKU_188,1.0,4846.75,4846.75,1
2024-02-23,SKU_188,2.0,10948.02,5474.01,0
2024-02-24,SKU_188,1.0,5474.01,5474.01,0
2024-02-26,SKU_188,1.0,5474.01,5474.01,0
2024-03-01,SKU_188,1.0,5474.01,5474.01,0
2024-03-02,SKU_188,1.0,5474.01,5474.01,0
2024-03-03,SKU_188,1.0,5474.01,5474.01,0
2024-03-13,SKU_188,1.0,5116.75,5116.75,1
2024-03-15,SKU_188,1.0,4389.07,4389.07,1
2024-03-16,SKU_188,2.0,9263.96,4631.98,1
2024-03-18,SKU_188,1.0,5474.01,5474.01,0
2024-03-20,SKU_188,1.0,5474.01,5474.01,0
2024-01-01,SKU_189,1.0,1337.51,1337.51,1
2024-01-02,SKU_189,2.0,3476.6,1738.3,0
2024-01-03,SKU_189,2.0,3476.6,1738.3,0
2024-01-05,SKU_189,1.0,1738.3,1738.3,0
2024-01-06,SKU_189,3.0,5214.9,1738.3,0
2024-01-07,SKU_189,1.0,1738.3,1738.3,0
2024-01-08,SKU_189,1.0,1738.3,1738.3,0
2024-01-10,SKU_189,1.0,1738.3,1738.3,0
2024-01-11,SKU_189,1.0,1738.3,1738.3,0
2024-01-12,SKU_189,2.0,3476.6,1738.3,0
2024-01-13,SKU_189,1.0,1738.3,1738.3,0
2024-01-14,SKU_189,1.0,1738.3,1738.3,0
2024-01-15,SKU_189,1.0,1738.3,1738.3,0
2024-01-16,SKU_189,1.0,1738.3,1738.3,0
2024-01-17,SKU_189,1.0,1738.3,1738.3,0
2024-01-18,SKU_189,1.0,1738.3,1738.3,0
2024-01-26,SKU_189,1.0,1738.3,1738.3,0
2024-01-27,SKU_189,1.0,1738.3,1738.3,0
2024-01-30,SKU_189,1.0,1738.3,1738.3,0
2024-02-06,SKU_189,1.0,1738.3,1738.3,0
2024-02-10,SKU_189,1.0,1738.3,1738.3,0
2024-02-11,SKU_189,4.0,6953.2,1738.3,0
2024-02-14,SKU_189,1.0,1738.3,1738.3,0
2024-02-18,SKU_189,2.0,3476.6,1738.3,0
2024-02-20,SKU_189,4.0,6953.2,1738.3,0
2024-02-21,SKU_189,1.0,1738.3,1738.3,0
2024-02-22,SKU_189,1.0,1738.3,1738.3,0
2024-02-26,SKU_189,1.0,1738.3,1738.3,0
2024-02-27,SKU_189,1.0,1738.3,1738.3,0
2024-03-03,SKU_189,2.0,3476.6,1738.3,0
2024-03-06,SKU_189,1.0,1738.3,1738.3,0
2024-03-08,SKU_189,1.0,1738.3,1738.3,0
2024-03-10,SKU_189,4.0,6953.2,1738.3,0
2024-03-11,SKU_189,1.0,1738.3,1738.3,0
2024-03-13,SKU_189,1.0,1738.3,1738.3,0
2024-03-14,SKU_189,2.0,3476.6,1738.3,0
2024-03-15,SKU_189,1.0,1387.16,1387.16,1
2024-03-19,SKU_189,1.0,1738.3,1738.3,0
2024-03-20,SKU_189,1.0,1738.3,1738.3,0
2024-01-01,SKU_190,1.0,2592.45,2592.45,1
2024-01-04,SKU_190,4.0,12026.28,3006.57,0
2024-01-06,SKU_190,1.0,3006.57,3006.57,0
2024-01-08,SKU_190,1.0,2662.58,2662.58,1
2024-01-11,SKU_190,1.0,3006.57,3006.57,0
2024-01-15,SKU_190,1.0,3006.57,3006.57,0
2024-01-16,SKU_190,1.0,3006.57,3006.57,0
2024-01-20,SKU_190,,,3006.57,0
2024-01-21,SKU_190,1.0,2796.49,2796.49,1
2024-01-22,SKU_190,1.0,3006.57,3006.57,0
2024-01-23,SKU_190,1.0,3006.57,3006.57,0
2024-01-29,SKU_190,3.0,9019.71,3006.57,0
2024-01-30,SKU_190,1.0,3006.57,3006.57,0
2024-02-03,SKU_190,2.0,6013.14,3006.57,0
2024-02-06,SKU_190,1.0,3006.57,3006.57,0
2024-02-07,SKU_190,4.0,10801.56,2700.39,1
2024-02-09,SKU_190,2.0,6013.14,3006.57,0
2024-02-10,SKU_190,1.0,3006.57,3006.57,0
2024-02-12,SKU_190,1.0,3006.57,3006.57,0
2024-02-14,SKU_190,2.0,6013.14,3006.57,0
2024-02-18,SKU_190,3.0,9019.71,3006.57,0
2024-02-21,SKU_190,1.0,3006.57,3006.57,0
2024-02-24,SKU_190,1.0,3006.57,3006.57,0
2024-02-27,SKU_190,1.0,3006.57,3006.57,0
2024-02-29,SKU_190,1.0,3006.57,3006.57,0
2024-03-03,SKU_190,1.0,3006.57,3006.57,0
2024-03-10,SKU_190,1.0,3006.57,3006.57,0
2024-03-11,SKU_190,1.0,3006.57,3006.57,0
2024-03-13,SKU_190,1.0,3006.57,3006.57,0
2024-03-15,SKU_190,1.0,2530.41,2530.41,1
2024-03-16,SKU_190,3.0,7518.81,2506.27,1
2024-03-17,SKU_190,2.0,6013.14,3006.57,0
2024-03-20,SKU_190,2.0,6013.14,3006.57,0
2024-01-01,SKU_191,1.0,3852.48,3852.48,1
2024-01-02,SKU_191,2.0,9309.74,4654.87,0
2024-01-03,SKU_191,,,4654.87,0
2024-01-05,SKU_191,1.0,4193.69,4193.69,1
2024-01-10,SKU_191,2.0,9309.74,4654.87,0
2024-01-11,SKU_191,1.0,4654.87,4654.87,0
2024-01-12,SKU_191,1.0,4654.87,4654.87,0
2024-01-14,SKU_191,2.0,8358.08,4179.04,1
2024-01-16,SKU_191,1.0,4654.87,4654.87,0
2024-01-17,SKU_191,1.0,4654.87,4654.87,0
2024-01-18,SKU_191,1.0,4654.87,4654.87,0
2024-01-19,SKU_191,1.0,4654.87,4654.87,0
2024-01-20,SKU_191,3.0,13964.61,4654.87,0
2024-01-21,SKU_191,1.0,3991.33,3991.33,1
2024-01-22,SKU_191,1.0,4654.87,4654.87,0
2024-01-28,SKU_191,1.0,4383.14,4383.14,1
2024-02-03,SKU_191,1.0,4654.87,4654.87,0
2024-02-04,SKU_191,1.0,4654.87,4654.87,0
2024-02-09,SKU_191,2.0,9309.74,4654.87,0
2024-02-10,SKU_191,1.0,4654.87,4654.87,0
2024-02-14,SKU_191,2.0,9309.74,4654.87,0
2024-02-15,SKU_191,1.0,4654.87,4654.87,0
2024-02-16,SKU_191,2.0,9309.74,4654.87,0
2024-02-18,SKU_191,2.0,9309.74,4654.87,0
2024-02-21,SKU_191,1.0,4654.87,4654.87,0
2024-02-23,SKU_191,2.0,9309.74,4654.87,0
2024-02-25,SKU_191,1.0,4654.87,4654.87,0
2024-02-27,SKU_191,1.0,4654.87,4654.87,0
2024-02-29,SKU_191,1.0,4654.87,4654.87,0
2024-03-01,SKU_191,1.0,4654.87,4654.87,0
2024-03-02,SKU_191,1.0,4654.87,4654.87,0
2024-03-03,SKU_191,1.0,4654.87,4654.87,0
2024-03-05,SKU_191,2.0,9309.74,4654.87,0
2024-03-06,SKU_191,1.0,4654.87,4654.87,0
2024-03-07,SKU_191,1.0,4654.87,4654.87,0
2024-03-10,SKU_191,2.0,9309.74,4654.87,0
2024-03-11,SKU_191,1.0,4654.87,4654.87,0
2024-03-15,SKU_191,1.0,3740.05,3740.05,1
2024-03-19,SKU_191,1.0,4654.87,4654.87,0
2024-03-20,SKU_191,1.0,4654.87,4654.87,0
2024-01-01,SKU_192,2.0,2607.72,1303.86,1
2024-01-02,SKU_192,2.0,3092.1,1546.05,0
2024-01-05,SKU_192,2.0,3092.1,1546.05,0
2024-01-06,SKU_192,2.0,3092.1,1546.05,0
2024-01-07,SKU_192,4.0,6184.2,1546.05,0
2024-01-10,SKU_192,3.0,4638.15,1546.05,0
2024-01-11,SKU_192,2.0,2918.34,1459.17,1
2024-01-13,SKU_192,1.0,1546.05,1546.05,0
2024-01-14,SKU_192,2.0,3092.1,1546.05,0
2024-01-15,SKU_192,1.0,1546.05,1546.05,0
2024-01-16,SKU_192,3.0,4638.15,1546.05,0
2024-01-18,SKU_192,1.0,1546.05,1546.05,0
2024-01-19,SKU_192,1.0,1385.95,1385.95,1
2024-01-20,SKU_192,1.0,1546.05,1546.05,0
2024-01-21,SKU_192,1.0,1546.05,1546.05,0
2024-01-22,SKU_192,2.0,3092.1,1546.05,0
2024-01-24,SKU_192,2.0,3092.1,1546.05,0
2024-01-25,SKU_192,1.0,1546.05,1546.05,0
2024-01-26,SKU_192,2.0,3092.1,1546.05,0
2024-01-28,SKU_192,3.0,4638.15,1546.05,0
2024-01-29,SKU_192,4.0,6184.2,1546.05,0
2024-01-30,SKU_192,3.0,4638.15,1546.05,0
2024-01-31,SKU_192,1.0,1546.05,1546.05,0
2024-02-01,SKU_192,1.0,1546.05,1546.05,0
2024-02-02,SKU_192,1.0,1546.05,1546.05,0
2024-02-03,SKU_192,6.0,9276.3,1546.05,0
2024-02-04,SKU_192,2.0,3092.1,1546.05,0
2024-02-05,SKU_192,1.0,1546.05,1546.05,0
2024-02-06,SKU_192,2.0,3092.1,1546.05,0
2024-02-08,SKU_192,2.0,3092.1,1546.05,0
2024-02-09,SKU_192,3.0,4638.15,1546.05,0
2024-02-10,SKU_192,4.0,6184.2,1546.05,0
2024-02-12,SKU_192,2.0,3092.1,1546.05,0
2024-02-13,SKU_192,2.0,3092.1,1546.05,0
2024-02-14,SKU_192,2.0,3092.1,1546.05,0
2024-02-15,SKU_192,1.0,1546.05,1546.05,0
2024-02-16,SKU_192,1.0,1435.61,1435.61,1
2024-02-17,SKU_192,1.0,1546.05,1546.05,0
2024-02-18,SKU_192,3.0,4638.15,1546.05,0
2024-02-19,SKU_192,1.0,1546.05,1546.05,0
2024-02-20,SKU_192,4.0,5494.92,1373.73,1
2024-02-22,SKU_192,2.0,2794.7,1397.35,1
2024-02-23,SKU_192,2.0,3092.1,1546.05,0
2024-02-24,SKU_192,2.0,3092.1,1546.05,0
2024-02-25,SKU_192,5.0,7730.25,1546.05,0
2024-02-26,SKU_192,1.0,1546.05,1546.05,0
2024-02-28,SKU_192,2.0,3092.1,1546.05,0
2024-02-29,SKU_192,2.0,3092.1,1546.05,0
2024-03-01,SKU_192,2.0,3092.1,1546.05,0
2024-03-04,SKU_192,2.0,3092.1,1546.05,0
2024-03-05,SKU_192,1.0,1546.05,1546.05,0
2024-03-07,SKU_192,1.0,1546.05,1546.05,0
2024-03-08,SKU_192,3.0,4638.15,1546.05,0
2024-03-09,SKU_192,3.0,4638.15,1546.05,0
2024-03-10,SKU_192,5.0,7730.25,1546.05,0
2024-03-13,SKU_192,1.0,1546.05,1546.05,0
2024-03-14,SKU_192,2.0,3092.1,1546.05,0
2024-03-15,SKU_192,2.0,2382.38,1191.19,1
2024-03-16,SKU_192,5.0,6855.5,1371.1,1
2024-03-17,SKU_192,3.0,4638.15,1546.05,0
2024-03-19,SKU_192,4.0,6184.2,1546.05,0
2024-03-20,SKU_192,2.0,3092.1,1546.05,0
2024-01-01,SKU_193,1.0,6694.11,6694.11,1
2024-01-04,SKU_193,1.0,8292.89,8292.89,0
2024-01-05,SKU_193,1.0,8292.89,8292.89,0
2024-01-06,SKU_193,2.0,16585.78,8292.89,0
2024-01-12,SKU_193,3.0,24878.67,8292.89,0
2024-01-13,SKU_193,1.0,8292.89,8292.89,0
2024-01-15,SKU_193,2.0,16585.78,8292.89,0
2024-01-16,SKU_193,1.0,7400.52,7400.52,1
2024-01-19,SKU_193,1.0,8292.89,8292.89,0
2024-01-20,SKU_193,2.0,16585.78,8292.89,0
2024-01-25,SKU_193,1.0,8292.89,8292.89,0
2024-02-01,SKU_193,1.0,8292.89,8292.89,0
2024-02-04,SKU_193,2.0,16585.78,8292.89,0
2024-02-07,SKU_193,1.0,8292.89,8292.89,0
2024-02-08,SKU_193,1.0,8292.89,8292.89,0
2024-02-10,SKU_193,2.0,16585.78,8292.89,0
2024-02-11,SKU_193,1.0,8292.89,8292.89,0
2024-02-12,SKU_193,2.0,16585.78,8292.89,0
2024-02-14,SKU_193,1.0,8292.89,8292.89,0
2024-02-15,SKU_193,1.0,8292.89,8292.89,0
2024-02-16,SKU_193,2.0,16585.78,8292.89,0
2024-02-20,SKU_193,1.0,8292.89,8292.89,0
2024-02-22,SKU_193,1.0,8292.89,8292.89,0
2024-02-24,SKU_193,2.0,16585.78,8292.89,0
2024-02-25,SKU_193,1.0,8292.89,8292.89,0
2024-02-26,SKU_193,1.0,8292.89,8292.89,0
2024-02-27,SKU_193,1.0,8292.89,8292.89,0
2024-02-28,SKU_193,1.0,7720.99,7720.99,1
2024-03-02,SKU_193,1.0,8292.89,8292.89,0
2024-03-04,SKU_193,2.0,16585.78,8292.89,0
2024-03-05,SKU_193,1.0,8292.89,8292.89,0
2024-03-09,SKU_193,1.0,8292.89,8292.89,0
2024-03-12,SKU_193,1.0,8292.89,8292.89,0
2024-03-14,SKU_193,2.0,16585.78,8292.89,0
2024-03-16,SKU_193,2.0,12506.52,6253.26,1
2024-03-20,SKU_193,1.0,8292.89,8292.89,0
2024-01-01,SKU_194,7.0,5871.95,838.85,1
2024-01-02,SKU_194,2.0,1890.76,945.38,0
2024-01-03,SKU_194,1.0,842.85,842.85,1
2024-01-04,SKU_194,1.0,945.38,945.38,0
2024-01-05,SKU_194,3.0,2836.14,945.38,0
2024-01-06,SKU_194,2.0,1890.76,945.38,0
2024-01-07,SKU_194,5.0,4726.9,945.38,0
2024-01-08,SKU_194,1.0,945.38,945.38,0
2024-01-10,SKU_194,1.0,945.38,945.38,0
2024-01-11,SKU_194,3.0,2836.14,945.38,0
2024-01-12,SKU_194,1.0,826.01,826.01,1
2024-01-13,SKU_194,2.0,1890.76,945.38,0
2024-01-14,SKU_194,3.0,2836.14,945.38,0
2024-01-15,SKU_194,1.0,945.38,945.38,0
2024-01-17,SKU_194,3.0,2836.14,945.38,0
2024-01-18,SKU_194,3.0,2836.14,945.38,0
2024-01-19,SKU_194,3.0,2836.14,945.38,0
2024-01-20,SKU_194,3.0,2836.14,945.38,0
2024-01-21,SKU_194,2.0,1890.76,945.38,0
2024-01-22,SKU_194,1.0,945.38,945.38,0
2024-01-23,SKU_194,1.0,945.38,945.38,0
2024-01-24,SKU_194,3.0,2836.14,945.38,0
2024-01-25,SKU_194,2.0,1890.76,945.38,0
2024-01-26,SKU_194,1.0,945.38,945.38,0
2024-01-27,SKU_194,6.0,4948.02,824.67,1
2024-01-28,SKU_194,5.0,4726.9,945.38,0
2024-01-29,SKU_194,1.0,945.38,945.38,0
2024-01-30,SKU_194,1.0,945.38,945.38,0
2024-01-31,SKU_194,1.0,945.38,945.38,0
2024-02-01,SKU_194,5.0,4726.9,945.38,0
2024-02-03,SKU_194,1.0,945.38,945.38,0
2024-02-04,SKU_194,3.0,2836.14,945.38,0
2024-02-05,SKU_194,2.0,1890.76,945.38,0
2024-02-06,SKU_194,2.0,1890.76,945.38,0
2024-02-08,SKU_194,2.0,1890.76,945.38,0
2024-02-09,SKU_194,2.0,1890.76,945.38,0
2024-02-10,SKU_194,1.0,945.38,945.38,0
2024-02-11,SKU_194,3.0,2462.04,820.68,1
2024-02-12,SKU_194,2.0,1890.76,945.38,0
2024-02-13,SKU_194,1.0,889.02,889.02,1
2024-02-14,SKU_194,2.0,1890.76,945.38,0
2024-02-15,SKU_194,2.0,1890.76,945.38,0
2024-02-16,SKU_194,2.0,1890.76,945.38,0
2024-02-17,SKU_194,3.0,2836.14,945.38,0
2024-02-18,SKU_194,1.0,945.38,945.38,0
2024-02-19,SKU_194,2.0,1890.76,945.38,0
2024-02-19,SKU_194,2.0,1890.76,945.38,0
2024-02-20,SKU_194,2.0,1890.76,945.38,0
2024-02-21,SKU_194,2.0,1890.76,945.38,0
2024-02-22,SKU_194,4.0,3781.52,945.38,0
2024-02-23,SKU_194,2.0,1890.76,945.38,0
2024-02-24,SKU_194,1.0,945.38,945.38,0
2024-02-25,SKU_194,2.0,1890.76,945.38,0
2024-02-27,SKU_194,2.0,1890.76,945.38,0
2024-02-28,SKU_194,3.0,2640.69,880.23,1
2024-02-29,SKU_194,1.0,945.38,945.38,0
2024-03-01,SKU_194,2.0,1890.76,945.38,0
2024-03-02,SKU_194,4.0,3781.52,945.38,0
2024-03-03,SKU_194,2.0,1890.76,945.38,0
2024-03-04,SKU_194,2.0,1890.76,945.38,0
2024-03-05,SKU_194,1.0,945.38,945.38,0
2024-03-06,SKU_194,1.0,945.38,945.38,0
2024-03-07,SKU_194,1.0,945.38,945.38,0
2024-03-08,SKU_194,1.0,945.38,945.38,0
2024-03-10,SKU_194,2.0,1890.76,945.38,0
2024-03-11,SKU_194,1.0,945.38,945.38,0
2024-03-12,SKU_194,1.0,945.38,945.38,0
2024-03-13,SKU_194,3.0,2836.14,945.38,0
2024-03-15,SKU_194,2.0,1435.98,717.99,1
2024-03-16,SKU_194,3.0,2411.28,803.76,1
2024-03-17,SKU_194,3.0,2418.72,806.24,1
2024-03-18,SKU_194,1.0,945.38,945.38,0
2024-03-19,SKU_194,4.0,3566.36,891.59,1
2024-03-20,SKU_194,2.0,1890.76,945.38,0
2024-01-01,SKU_197,11.0,31675.16,2879.56,1
2024-01-02,SKU_197,2.0,6471.48,3235.74,0
2024-01-03,SKU_197,5.0,16178.7,3235.74,0
2024-01-04,SKU_197,4.0,12942.96,3235.74,0
2024-01-05,SKU_197,4.0,12942.96,3235.74,0
2024-01-06,SKU_197,8.0,25885.92,3235.74,0
2024-01-07,SKU_197,4.0,12942.96,3235.74,0
2024-01-09,SKU_197,1.0,3235.74,3235.74,0
2024-01-10,SKU_197,4.0,12942.96,3235.74,0
2024-01-12,SKU_197,5.0,16178.7,3235.74,0
2024-01-13,SKU_197,3.0,9707.22,3235.74,0
2024-01-14,SKU_197,6.0,19414.44,3235.74,0
2024-01-15,SKU_197,3.0,9707.22,3235.74,0
2024-01-16,SKU_197,3.0,9707.22,3235.74,0
2024-01-17,SKU_197,4.0,12942.96,3235.74,0
2024-01-18,SKU_197,5.0,16178.7,3235.74,0
2024-01-19,SKU_197,3.0,9707.22,3235.74,0
2024-01-20,SKU_197,4.0,12942.96,3235.74,0
2024-01-21,SKU_197,9.0,27229.23,3025.47,1
2024-01-22,SKU_197,5.0,16178.7,3235.74,0
2024-01-24,SKU_197,2.0,6471.48,3235.74,0
2024-01-25,SKU_197,3.0,9707.22,3235.74,0
2024-01-26,SKU_197,4.0,12942.96,3235.74,0
2024-01-27,SKU_197,3.0,9707.22,3235.74,0
2024-01-28,SKU_197,5.0,16178.7,3235.74,0
2024-01-29,SKU_197,4.0,12942.96,3235.74,0
2024-01-30,SKU_197,3.0,9707.22,3235.74,0
2024-01-31,SKU_197,4.0,12942.96,3235.74,0
2024-02-01,SKU_197,4.0,11703.2,2925.8,1
2024-02-02,SKU_197,1.0,3235.74,3235.74,0
2024-02-03,SKU_197,4.0,12240.4,3060.1,1
2024-02-04,SKU_197,4.0,12942.96,3235.74,0
2024-02-05,SKU_197,5.0,16178.7,3235.74,0
2024-02-07,SKU_197,6.0,19414.44,3235.74,0
2024-02-09,SKU_197,4.0,12942.96,3235.74,0
2024-02-10,SKU_197,5.0,16178.7,3235.74,0
2024-02-11,SKU_197,3.0,9707.22,3235.74,0
2024-02-13,SKU_197,2.0,6471.48,3235.74,0
2024-02-14,SKU_197,2.0,6471.48,3235.74,0
2024-02-15,SKU_197,3.0,9707.22,3235.74,0
2024-02-16,SKU_197,2.0,6471.48,3235.74,0
2024-02-17,SKU_197,13.0,38123.02,2932.54,1
2024-02-18,SKU_197,5.0,16178.7,3235.74,0
2024-02-19,SKU_197,2.0,6471.48,3235.74,0
2024-02-20,SKU_197,2.0,6471.48,3235.74,0
2024-02-21,SKU_197,4.0,12942.96,3235.74,0
2024-02-22,SKU_197,4.0,12942.96,3235.74,0
2024-02-23,SKU_197,2.0,6471.48,3235.74,0
2024-02-24,SKU_197,8.0,24560.0,3070.0,1
2024-02-25,SKU_197,6.0,19414.44,3235.74,0
2024-02-26,SKU_197,6.0,16517.4,2752.9,1
2024-02-27,SKU_197,5.0,16178.7,3235.74,0
2024-02-28,SKU_197,5.0,16178.7,3235.74,0
2024-02-29,SKU_197,6.0,19414.44,3235.74,0
2024-03-01,SKU_197,2.0,6471.48,3235.74,0
2024-03-02,SKU_197,7.0,22650.18,3235.74,0
2024-03-03,SKU_197,3.0,9707.22,3235.74,0
2024-03-04,SKU_197,5.0,16178.7,3235.74,0
2024-03-05,SKU_197,1.0,3235.74,3235.74,0
2024-03-06,SKU_197,7.0,22650.18,3235.74,0
2024-03-07,SKU_197,4.0,12942.96,3235.74,0
2024-03-08,SKU_197,5.0,13796.9,2759.38,1
2024-03-09,SKU_197,4.0,12942.96,3235.74,0
2024-03-10,SKU_197,2.0,6471.48,3235.74,0
2024-03-11,SKU_197,8.0,25885.92,3235.74,0
2024-03-12,SKU_197,5.0,16178.7,3235.74,0
2024-03-13,SKU_197,2.0,6471.48,3235.74,0
2024-03-14,SKU_197,3.0,9707.22,3235.74,0
2024-03-15,SKU_197,5.0,13785.5,2757.1,1
2024-03-16,SKU_197,6.0,15246.96,2541.16,1
2024-03-17,SKU_197,3.0,9707.22,3235.74,0
2024-03-18,SKU_197,8.0,25885.92,3235.74,0
2024-03-19,SKU_197,6.0,19414.44,3235.74,0
2024-03-20,SKU_197,4.0,12942.96,3235.74,0
2024-01-01,SKU_198,2.0,10303.38,5151.69,1
2024-01-06,SKU_198,1.0,5011.1,5011.1,1
2024-01-07,SKU_198,1.0,5892.16,5892.16,0
2024-01-08,SKU_198,2.0,11784.32,5892.16,0
2024-01-09,SKU_198,1.0,5892.16,5892.16,0
2024-01-10,SKU_198,1.0,5892.16,5892.16,0
2024-01-12,SKU_198,1.0,5892.16,5892.16,0
2024-01-16,SKU_198,2.0,10922.22,5461.11,1
2024-01-21,SKU_198,1.0,5588.68,5588.68,1
2024-01-24,SKU_198,1.0,5892.16,5892.16,0
2024-01-25,SKU_198,1.0,5289.96,5289.96,1
2024-01-28,SKU_198,3.0,17676.48,5892.16,0
2024-01-30,SKU_198,1.0,5892.16,5892.16,0
2024-02-07,SKU_198,1.0,5892.16,5892.16,0
2024-02-08,SKU_198,1.0,5892.16,5892.16,0
2024-02-12,SKU_198,1.0,5892.16,5892.16,0
2024-02-17,SKU_198,2.0,11784.32,5892.16,0
2024-02-20,SKU_198,2.0,11784.32,5892.16,0
2024-02-24,SKU_198,1.0,5892.16,5892.16,0
2024-02-26,SKU_198,1.0,5892.16,5892.16,0
2024-03-01,SKU_198,1.0,5892.16,5892.16,0
2024-03-02,SKU_198,4.0,21335.08,5333.77,1
2024-03-04,SKU_198,1.0,5892.16,5892.16,0
2024-03-07,SKU_198,1.0,5892.16,5892.16,0
2024-03-09,SKU_198,1.0,5892.16,5892.16,0
2024-03-10,SKU_198,1.0,5892.16,5892.16,0
2024-03-11,SKU_198,1.0,5892.16,5892.16,0
2024-03-12,SKU_198,2.0,11784.32,5892.16,0
2024-03-15,SKU_198,1.0,4777.12,4777.12,1
2024-03-16,SKU_198,1.0,4992.22,4992.22,1
2024-03-17,SKU_198,2.0,11784.32,5892.16,0
2024-03-19,SKU_198,1.0,5892.16,5892.16,0
