data/sales_daily.csv
date,sku_id,units_sold,revenue,unit_price,promo_flag
2024-01-01,SKU_200,1.0,4863.74,4863.74,1
2024-01-02,SKU_200,3.0,17874.87,5958.29,0
2024-01-04,SKU_200,1.0,5109.03,5109.03,1
2024-01-05,SKU_200,2.0,10209.24,5104.62,1
2024-01-06,SKU_200,2.0,11916.58,5958.29,0
2024-01-10,SKU_200,1.0,5958.29,5958.29,0
2024-01-11,SKU_200,1.0,5958.29,5958.29,0
2024-01-12,SKU_200,2.0,11916.58,5958.29,0
2024-01-14,SKU_200,1.0,5958.29,5958.29,0
2024-01-15,SKU_200,2.0,11916.58,5958.29,0
2024-01-16,SKU_200,2.0,11916.58,5958.29,0
2024-01-19,SKU_200,1.0,5958.29,5958.29,0
2024-01-20,SKU_200,1.0,5958.29,5958.29,0
2024-01-23,SKU_200,1.0,5958.29,5958.29,0
2024-01-25,SKU_200,2.0,11916.58,5958.29,0
2024-01-26,SKU_200,1.0,5958.29,5958.29,0
2024-01-31,SKU_200,1.0,5958.29,5958.29,0
2024-02-01,SKU_200,1.0,5958.29,5958.29,0
2024-02-02,SKU_200,1.0,5958.29,5958.29,0
2024-02-03,SKU_200,2.0,11916.58,5958.29,0
2024-02-06,SKU_200,1.0,5958.29,5958.29,0
2024-02-09,SKU_200,1.0,5958.29,5958.29,0
2024-02-11,SKU_200,,,5298.4,1
2024-02-12,SKU_200,1.0,5958.29,5958.29,0
2024-02-13,SKU_200,1.0,5958.29,5958.29,0
2024-02-16,SKU_200,1.0,5958.29,5958.29,0
2024-02-17,SKU_200,1.0,5958.29,5958.29,0
2024-02-18,SKU_200,1.0,5958.29,5958.29,0
2024-02-19,SKU_200,1.0,5597.39,5597.39,1
2024-02-23,SKU_200,3.0,16385.22,5461.74,1
2024-02-25,SKU_200,2.0,11916.58,5958.29,0
2024-02-29,SKU_200,1.0,5958.29,5958.29,0
2024-03-01,SKU_200,1.0,5958.29,5958.29,0
2024-03-03,SKU_200,2.0,11916.58,5958.29,0
2024-03-06,SKU_200,1.0,5958.29,5958.29,0
2024-03-08,SKU_200,3.0,17874.87,5958.29,0
2024-03-09,SKU_200,1.0,5958.29,5958.29,0
2024-03-10,SKU_200,1.0,5958.29,5958.29,0
2024-03-13,SKU_200,2.0,11916.58,5958.29,0
2024-03-15,SKU_200,1.0,5225.01,5225.01,1
2024-03-16,SKU_200,3.0,15673.11,5224.37,1
2024-03-18,SKU_200,1.0,5958.29,5958.29,0
2024-01-02,SKU_005,1.0,769.19,769.19,0
2024-01-03,SKU_005,1.0,769.19,769.19,0
2024-01-05,SKU_005,1.0,769.19,769.19,0
2024-01-06,SKU_005,1.0,769.19,769.19,0
2024-01-08,SKU_005,2.0,1315.52,657.76,1
2024-01-10,SKU_005,1.0,769.19,769.19,0
2024-01-11,SKU_005,2.0,1538.38,769.19,0
2024-01-12,SKU_005,2.0,1538.38,769.19,0
2024-01-13,SKU_005,1.0,769.19,769.19,0
2024-01-15,SKU_005,1.0,769.19,769.19,0
2024-01-17,SKU_005,1.0,769.19,769.19,0
2024-01-18,SKU_005,1.0,769.19,769.19,0
2024-01-19,SKU_005,1.0,769.19,769.19,0
2024-01-20,SKU_005,2.0,1538.38,769.19,0
2024-01-24,SKU_005,1.0,769.19,769.19,0
2024-01-26,SKU_005,1.0,769.19,769.19,0
2024-01-27,SKU_005,1.0,769.19,769.19,0
2024-01-28,SKU_005,1.0,769.19,769.19,0
2024-02-02,SKU_005,1.0,707.64,707.64,1
2024-02-04,SKU_005,1.0,769.19,769.19,0
2024-02-05,SKU_005,1.0,769.19,769.19,0
2024-02-06,SKU_005,1.0,769.19,769.19,0
2024-02-07,SKU_005,2.0,1538.38,769.19,0
2024-02-09,SKU_005,2.0,1538.38,769.19,0
2024-02-11,SKU_005,1.0,769.19,769.19,0
2024-02-14,SKU_005,1.0,769.19,769.19,0
2024-02-16,SKU_005,1.0,769.19,769.19,0
2024-02-17,SKU_005,1.0,769.19,769.19,0
2024-02-18,SKU_005,1.0,769.19,769.19,0
2024-02-19,SKU_005,1.0,769.19,769.19,0
2024-02-20,SKU_005,1.0,769.19,769.19,0
2024-02-21,SKU_005,2.0,1538.38,769.19,0
2024-02-22,SKU_005,1.0,769.19,769.19,0
2024-02-24,SKU_005,4.0,3076.76,769.19,0
2024-02-27,SKU_005,2.0,1538.38,769.19,0
2024-02-29,SKU_005,1.0,769.19,769.19,0
2024-03-02,SKU_005,1.0,769.19,769.19,0
2024-03-03,SKU_005,2.0,1538.38,769.19,0
2024-03-06,SKU_005,1.0,769.19,769.19,0
2024-03-07,SKU_005,2.0,1538.38,769.19,0
2024-03-08,SKU_005,2.0,1538.38,769.19,0
2024-03-09,SKU_005,2.0,1538.38,769.19,0
2024-03-10,SKU_005,1.0,769.19,769.19,0
2024-03-12,SKU_005,1.0,769.19,769.19,0
2024-03-13,SKU_005,1.0,769.19,769.19,0
2024-03-14,SKU_005,1.0,769.19,769.19,0
2024-03-15,SKU_005,1.0,635.96,635.96,1
2024-03-16,SKU_005,5.0,3236.6,647.32,1
2024-03-18,SKU_005,1.0,769.19,769.19,0
2024-03-20,SKU_005,1.0,769.19,769.19,0
2024-01-02,SKU_017,1.0,2494.82,2494.82,0
2024-01-03,SKU_017,1.0,2494.82,2494.82,0
2024-01-07,SKU_017,1.0,2494.82,2494.82,0
2024-01-09,SKU_017,1.0,2494.82,2494.82,0
2024-01-17,SKU_017,1.0,2494.82,2494.82,0
2024-01-18,SKU_017,1.0,2246.21,2246.21,1
2024-01-20,SKU_017,1.0,2494.82,2494.82,0
2024-01-21,SKU_017,1.0,2494.82,2494.82,0
2024-01-23,SKU_017,1.0,2494.82,2494.82,0
2024-01-24,SKU_017,1.0,2494.82,2494.82,0
2024-01-25,SKU_017,1.0,2161.08,2161.08,1
2024-01-26,SKU_017,2.0,4594.72,2297.36,1
2024-01-31,SKU_017,2.0,4989.64,2494.82,0
2024-02-04,SKU_017,1.0,2494.82,2494.82,0
2024-02-10,SKU_017,1.0,2494.82,2494.82,0
2024-02-14,SKU_017,1.0,2494.82,2494.82,0
2024-02-15,SKU_017,1.0,2494.82,2494.82,0
2024-02-16,SKU_017,1.0,2494.82,2494.82,0
2024-02-17,SKU_017,2.0,4407.5,2203.75,1
2024-02-18,SKU_017,1.0,2494.82,2494.82,0
2024-02-19,SKU_017,1.0,2494.82,2494.82,0
2024-02-24,SKU_017,2.0,4989.64,2494.82,0
2024-02-29,SKU_017,1.0,2494.82,2494.82,0
2024-03-01,SKU_017,1.0,2494.82,2494.82,0
2024-03-02,SKU_017,1.0,2494.82,2494.82,0
2024-03-03,SKU_017,2.0,4252.94,2126.47,1
2024-03-05,SKU_017,1.0,2494.82,2494.82,0
2024-03-06,SKU_017,1.0,2494.82,2494.82,0
2024-03-07,SKU_017,1.0,2243.23,2243.23,1
2024-03-10,SKU_017,1.0,2494.82,2494.82,0
2024-03-11,SKU_017,1.0,2494.82,2494.82,0
2024-03-14,SKU_017,1.0,2494.82,2494.82,0
2024-03-16,SKU_017,1.0,2093.04,2093.04,1
2024-03-17,SKU_017,1.0,2494.82,2494.82,0
2024-03-18,SKU_017,2.0,4989.64,2494.82,0
2024-03-19,SKU_017,2.0,4260.5,2130.25,1
2024-03-20,SKU_017,2.0,4989.64,2494.82,0
2024-01-02,SKU_034,,,6450.19,0
2024-01-06,SKU_034,1.0,6450.19,6450.19,0
2024-01-08,SKU_034,2.0,12900.38,6450.19,0
2024-01-11,SKU_034,2.0,12900.38,6450.19,0
2024-01-13,SKU_034,1.0,6450.19,6450.19,0
2024-01-15,SKU_034,1.0,6450.19,6450.19,0
2024-01-17,SKU_034,1.0,6450.19,6450.19,0
2024-01-19,SKU_034,1.0,6450.19,6450.19,0
2024-01-26,SKU_034,1.0,6450.19,6450.19,0
2024-01-28,SKU_034,1.0,6450.19,6450.19,0
2024-01-31,SKU_034,1.0,6450.19,6450.19,0
2024-02-04,SKU_034,1.0,6450.19,6450.19,0
2024-02-05,SKU_034,1.0,6450.19,6450.19,0
2024-02-06,SKU_034,2.0,12900.38,6450.19,0
2024-02-09,SKU_034,2.0,12900.38,6450.19,0
2024-02-11,SKU_034,1.0,6450.19,6450.19,0
2024-02-12,SKU_034,1.0,5504.36,5504.36,1
2024-02-13,SKU_034,1.0,6450.19,6450.19,0
2024-02-15,SKU_034,1.0,6450.19,6450.19,0
2024-02-18,SKU_034,1.0,6450.19,6450.19,0
2024-02-19,SKU_034,2.0,12900.38,6450.19,0
2024-02-21,SKU_034,1.0,6450.19,6450.19,0
2024-02-23,SKU_034,1.0,6450.19,6450.19,0
2024-02-24,SKU_034,1.0,6450.19,6450.19,0
2024-02-27,SKU_034,2.0,12900.38,6450.19,0
2024-02-28,SKU_034,1.0,6450.19,6450.19,0
2024-02-29,SKU_034,1.0,6450.19,6450.19,0
2024-03-01,SKU_034,2.0,12900.38,6450.19,0
2024-03-04,SKU_034,1.0,6450.19,6450.19,0
2024-03-07,SKU_034,,,6450.19,0
2024-03-08,SKU_034,2.0,12900.38,6450.19,0
2024-03-10,SKU_034,2.0,12900.38,6450.19,0
2024-03-13,SKU_034,2.0,12900.38,6450.19,0
2024-03-16,SKU_034,1.0,5718.67,5718.67,1
2024-03-18,SKU_034,1.0,6450.19,6450.19,0
2024-01-02,SKU_039,2.0,6612.02,3306.01,0
2024-01-04,SKU_039,1.0,3306.01,3306.01,0
2024-01-12,SKU_039,1.0,3306.01,3306.01,0
2024-01-13,SKU_039,2.0,6612.02,3306.01,0
2024-01-14,SKU_039,1.0,3306.01,3306.01,0
2024-01-15,SKU_039,2.0,6612.02,3306.01,0
2024-01-17,SKU_039,2.0,6612.02,3306.01,0
2024-01-21,SKU_039,1.0,3306.01,3306.01,0
2024-01-27,SKU_039,2.0,6612.02,3306.01,0
2024-01-28,SKU_039,1.0,3306.01,3306.01,0
2024-02-01,SKU_039,1.0,3306.01,3306.01,0
2024-02-03,SKU_039,2.0,6612.02,3306.01,0
2024-02-07,SKU_039,1.0,3306.01,3306.01,0
2024-02-13,SKU_039,3.0,9918.03,3306.01,0
2024-02-14,SKU_039,2.0,6612.02,3306.01,0
2024-02-17,SKU_039,1.0,3306.01,3306.01,0
2024-02-18,SKU_039,1.0,3306.01,3306.01,0
2024-02-20,SKU_039,1.0,3306.01,3306.01,0
2024-02-23,SKU_039,1.0,3306.01,3306.01,0
2024-02-24,SKU_039,3.0,9918.03,3306.01,0
2024-02-26,SKU_039,1.0,3306.01,3306.01,0
2024-03-01,SKU_039,1.0,3306.01,3306.01,0
2024-03-02,SKU_039,1.0,3306.01,3306.01,0
2024-03-06,SKU_039,2.0,6612.02,3306.01,0
2024-03-07,SKU_039,1.0,3306.01,3306.01,0
2024-03-08,SKU_039,1.0,3306.01,3306.01,0
2024-03-12,SKU_039,2.0,6612.02,3306.01,0
2024-03-16,SKU_039,2.0,5488.2,2744.1,1
2024-03-17,SKU_039,1.0,3306.01,3306.01,0
2024-03-19,SKU_039,1.0,3306.01,3306.01,0
2024-03-21,SKU_039,1.0,3306.01,3306.01,0
2024-01-02,SKU_044,1.0,4535.79,4535.79,0
2024-01-04,SKU_044,1.0,4535.79,4535.79,0
2024-01-06,SKU_044,1.0,4535.79,4535.79,0
2024-01-07,SKU_044,2.0,9071.58,4535.79,0
2024-01-14,SKU_044,2.0,8564.98,4282.49,1
2024-01-16,SKU_044,1.0,4535.79,4535.79,0
2024-01-20,SKU_044,1.0,4535.79,4535.79,0
2024-01-22,SKU_044,1.0,4535.79,4535.79,0
2024-01-24,SKU_044,1.0,4535.79,4535.79,0
2024-01-28,SKU_044,2.0,9071.58,4535.79,0
2024-02-01,SKU_044,3.0,13607.37,4535.79,0
2024-02-02,SKU_044,2.0,9071.58,4535.79,0
2024-02-03,SKU_044,2.0,9071.58,4535.79,0
2024-02-11,SKU_044,1.0,4535.79,4535.79,0
2024-02-12,SKU_044,1.0,4535.79,4535.79,0
2024-02-18,SKU_044,1.0,4535.79,4535.79,0
2024-02-24,SKU_044,2.0,9071.58,4535.79,0
2024-02-26,SKU_044,1.0,4535.79,4535.79,0
2024-03-02,SKU_044,2.0,9071.58,4535.79,0
2024-03-03,SKU_044,1.0,4535.79,4535.79,0
2024-03-10,SKU_044,1.0,4535.79,4535.79,0
2024-03-11,SKU_044,4.0,18143.16,4535.79,0
2024-03-15,SKU_044,1.0,3616.35,3616.35,1
2024-03-16,SKU_044,2.0,8146.82,4073.41,1
2024-03-17,SKU_044,,,4535.79,0
2024-03-19,SKU_044,1.0,4535.79,4535.79,0
2024-03-20,SKU_044,1.0,4535.79,4535.79,0
2024-01-02,SKU_062,1.0,8973.39,8973.39,0
2024-01-04,SKU_062,1.0,8973.39,8973.39,0
2024-01-05,SKU_062,1.0,8973.39,8973.39,0
2024-01-06,SKU_062,1.0,8098.05,8098.05,1
2024-01-09,SKU_062,1.0,8973.39,8973.39,0
2024-01-10,SKU_062,2.0,17946.78,8973.39,0
2024-01-13,SKU_062,2.0,17946.78,8973.39,0
2024-01-16,SKU_062,1.0,8973.39,8973.39,0
2024-01-18,SKU_062,2.0,17946.78,8973.39,0
2024-01-19,SKU_062,1.0,8973.39,8973.39,0
2024-01-20,SKU_062,2.0,17946.78,8973.39,0
2024-01-21,SKU_062,1.0,8973.39,8973.39,0
2024-01-24,SKU_062,1.0,8973.39,8973.39,0
2024-01-25,SKU_062,,,8973.39,0
2024-01-31,SKU_062,1.0,8973.39,8973.39,0
2024-02-01,SKU_062,1.0,8973.39,8973.39,0
2024-02-02,SKU_062,1.0,8973.39,8973.39,0
2024-02-04,SKU_062,2.0,17946.78,8973.39,0
2024-02-07,SKU_062,1.0,8973.39,8973.39,0
2024-02-11,SKU_062,1.0,8973.39,8973.39,0
2024-02-12,SKU_062,1.0,8973.39,8973.39,0
2024-02-13,SKU_062,1.0,8973.39,8973.39,0
2024-02-18,SKU_062,3.0,26920.17,8973.39,0
2024-02-25,SKU_062,1.0,8973.39,8973.39,0
2024-03-01,SKU_062,1.0,8973.39,8973.39,0
2024-03-02,SKU_062,1.0,8973.39,8973.39,0
2024-03-06,SKU_062,1.0,8973.39,8973.39,0
2024-03-08,SKU_062,1.0,8973.39,8973.39,0
2024-03-09,SKU_062,2.0,17946.78,8973.39,0
2024-03-11,SKU_062,2.0,17946.78,8973.39,0
2024-03-12,SKU_062,1.0,8973.39,8973.39,0
2024-03-13,SKU_062,1.0,8973.39,8973.39,0
2024-03-14,SKU_062,1.0,8973.39,8973.39,0
2024-01-02,SKU_063,1.0,2278.18,2278.18,0
2024-01-06,SKU_063,3.0,6471.15,2157.05,1
2024-01-10,SKU_063,1.0,2070.76,2070.76,1
2024-01-12,SKU_063,1.0,2278.18,2278.18,0
2024-01-14,SKU_063,2.0,4556.36,2278.18,0
2024-01-16,SKU_063,1.0,2278.18,2278.18,0
2024-01-20,SKU_063,2.0,4556.36,2278.18,0
2024-01-21,SKU_063,1.0,2278.18,2278.18,0
2024-01-22,SKU_063,1.0,2278.18,2278.18,0
2024-01-23,SKU_063,4.0,8014.2,2003.55,1
2024-01-24,SKU_063,2.0,4556.36,2278.18,0
2024-01-25,SKU_063,1.0,2278.18,2278.18,0
2024-01-27,SKU_063,1.0,2278.18,2278.18,0
2024-01-28,SKU_063,1.0,2278.18,2278.18,0
2024-01-30,SKU_063,1.0,2278.18,2278.18,0
2024-01-31,SKU_063,2.0,4556.36,2278.18,0
2024-02-07,SKU_063,1.0,2278.18,2278.18,0
2024-02-08,SKU_063,2.0,4556.36,2278.18,0
2024-02-09,SKU_063,1.0,2278.18,2278.18,0
2024-02-10,SKU_063,1.0,2038.56,2038.56,1
2024-02-11,SKU_063,1.0,2278.18,2278.18,0
2024-02-14,SKU_063,1.0,2278.18,2278.18,0
2024-02-15,SKU_063,1.0,2278.18,2278.18,0
2024-02-20,SKU_063,1.0,1995.24,1995.24,1
2024-02-21,SKU_063,1.0,2278.18,2278.18,0
2024-02-23,SKU_063,1.0,2278.18,2278.18,0
2024-02-24,SKU_063,2.0,4556.36,2278.18,0
2024-02-26,SKU_063,1.0,2278.18,2278.18,0
2024-02-27,SKU_063,1.0,2278.18,2278.18,0
2024-02-28,SKU_063,2.0,4556.36,2278.18,0
2024-02-29,SKU_063,,,2278.18,0
2024-03-01,SKU_063,1.0,2278.18,2278.18,0
2024-03-05,SKU_063,1.0,2278.18,2278.18,0
2024-03-06,SKU_063,1.0,2278.18,2278.18,0
2024-03-09,SKU_063,3.0,6834.54,2278.18,0
2024-03-12,SKU_063,1.0,2278.18,2278.18,0
2024-03-15,SKU_063,1.0,1719.16,1719.16,1
2024-03-19,SKU_063,1.0,2278.18,2278.18,0
2024-01-02,SKU_102,1.0,4661.49,4661.49,0
2024-01-03,SKU_102,2.0,9322.98,4661.49,0
2024-01-04,SKU_102,1.0,4661.49,4661.49,0
2024-01-08,SKU_102,2.0,8478.2,4239.1,1
2024-01-12,SKU_102,2.0,9322.98,4661.49,0
2024-01-14,SKU_102,3.0,13984.47,4661.49,0
2024-01-17,SKU_102,1.0,4661.49,4661.49,0
2024-01-18,SKU_102,1.0,4661.49,4661.49,0
2024-01-25,SKU_102,1.0,4661.49,4661.49,0
2024-01-27,SKU_102,1.0,4661.49,4661.49,0
2024-01-30,SKU_102,1.0,4661.49,4661.49,0
2024-01-31,SKU_102,1.0,4661.49,4661.49,0
2024-02-01,SKU_102,1.0,4661.49,4661.49,0
2024-02-09,SKU_102,1.0,4661.49,4661.49,0
2024-02-10,SKU_102,1.0,4424.89,4424.89,1
2024-02-11,SKU_102,2.0,9322.98,4661.49,0
2024-02-13,SKU_102,1.0,4661.49,4661.49,0
2024-02-19,SKU_102,1.0,4661.49,4661.49,0
2024-02-22,SKU_102,1.0,3988.26,3988.26,1
2024-02-24,SKU_102,2.0,9322.98,4661.49,0
2024-02-25,SKU_102,2.0,8565.6,4282.8,1
2024-02-27,SKU_102,1.0,4661.49,4661.49,0
2024-03-03,SKU_102,1.0,4661.49,4661.49,0
2024-03-05,SKU_102,1.0,4409.19,4409.19,1
2024-03-06,SKU_102,1.0,4661.49,4661.49,0
2024-03-07,SKU_102,1.0,4661.49,4661.49,0
2024-03-09,SKU_102,2.0,9322.98,4661.49,0
2024-03-11,SKU_102,1.0,4661.49,4661.49,0
2024-03-16,SKU_102,2.0,7850.06,3925.03,1
2024-03-17,SKU_102,2.0,9322.98,4661.49,0
2024-03-20,SKU_102,1.0,4661.49,4661.49,0
2024-01-02,SKU_113,1.0,1691.11,1691.11,0
2024-01-04,SKU_113,3.0,5073.33,1691.11,0
2024-01-05,SKU_113,4.0,6764.44,1691.11,0
2024-01-07,SKU_113,5.0,8455.55,1691.11,0
2024-01-08,SKU_113,1.0,1691.11,1691.11,0
2024-01-09,SKU_113,1.0,1691.11,1691.11,0
2024-01-10,SKU_113,4.0,6764.44,1691.11,0
2024-01-11,SKU_113,3.0,5073.33,1691.11,0
2024-01-12,SKU_113,1.0,1691.11,1691.11,0
2024-01-13,SKU_113,3.0,5073.33,1691.11,0
2024-01-14,SKU_113,1.0,1691.11,1691.11,0
2024-01-16,SKU_113,1.0,1691.11,1691.11,0
2024-01-18,SKU_113,1.0,1691.11,1691.11,0
2024-01-19,SKU_113,3.0,4508.37,1502.79,1
2024-01-20,SKU_113,4.0,6764.44,1691.11,0
2024-01-21,SKU_113,4.0,6764.44,1691.11,0
2024-01-22,SKU_113,4.0,6280.56,1570.14,1
2024-01-23,SKU_113,4.0,6764.44,1691.11,0
2024-01-24,SKU_113,4.0,6764.44,1691.11,0
2024-01-26,SKU_113,2.0,3382.22,1691.11,0
2024-01-27,SKU_113,,,1691.11,0
2024-01-28,SKU_113,4.0,6149.6,1537.4,1
2024-01-29,SKU_113,1.0,1439.65,1439.65,1
2024-01-30,SKU_113,2.0,3382.22,1691.11,0
2024-01-31,SKU_113,2.0,3382.22,1691.11,0
2024-02-01,SKU_113,2.0,3382.22,1691.11,0
2024-02-02,SKU_113,1.0,1691.11,1691.11,0
2024-02-03,SKU_113,4.0,6764.44,1691.11,0
2024-02-04,SKU_113,1.0,1691.11,1691.11,0
2024-02-05,SKU_113,2.0,3382.22,1691.11,0
2024-02-06,SKU_113,5.0,8455.55,1691.11,0
2024-02-07,SKU_113,3.0,4438.62,1479.54,1
2024-02-08,SKU_113,2.0,3382.22,1691.11,0
2024-02-09,SKU_113,1.0,1691.11,1691.11,0
2024-02-10,SKU_113,2.0,3382.22,1691.11,0
2024-02-11,SKU_113,2.0,3382.22,1691.11,0
2024-02-12,SKU_113,4.0,6764.44,1691.11,0
2024-02-13,SKU_113,5.0,7578.9,1515.78,1
2024-02-14,SKU_113,1.0,1691.11,1691.11,0
2024-02-15,SKU_113,2.0,3382.22,1691.11,0
2024-02-16,SKU_113,3.0,5073.33,1691.11,0
2024-02-17,SKU_113,1.0,1691.11,1691.11,0
2024-02-18,SKU_113,2.0,3032.5,1516.25,1
2024-02-19,SKU_113,3.0,5073.33,1691.11,0
2024-02-20,SKU_113,2.0,3382.22,1691.11,0
2024-02-21,SKU_113,1.0,1534.71,1534.71,1
2024-02-22,SKU_113,1.0,1691.11,1691.11,0
2024-02-23,SKU_113,5.0,8455.55,1691.11,0
2024-02-24,SKU_113,2.0,3382.22,1691.11,0
2024-02-25,SKU_113,2.0,3382.22,1691.11,0
2024-02-26,SKU_113,1.0,1691.11,1691.11,0
2024-02-28,SKU_113,1.0,1691.11,1691.11,0
2024-02-29,SKU_113,4.0,5750.8,1437.7,1
2024-03-01,SKU_113,2.0,3382.22,1691.11,0
2024-03-02,SKU_113,1.0,1691.11,1691.11,0
2024-03-03,SKU_113,6.0,10146.66,1691.11,0
2024-03-04,SKU_113,1.0,1691.11,1691.11,0
2024-03-05,SKU_113,2.0,2891.46,1445.73,1
2024-03-07,SKU_113,2.0,3382.22,1691.11,0
2024-03-08,SKU_113,4.0,6764.44,1691.11,0
2024-03-09,SKU_113,3.0,5073.33,1691.11,0
2024-03-10,SKU_113,,,1691.11,0
2024-03-11,SKU_113,1.0,1691.11,1691.11,0
2024-03-12,SKU_113,1.0,1691.11,1691.11,0
2024-03-15,SKU_113,,,1515.96,1
2024-03-16,SKU_113,7.0,9554.16,1364.88,1
2024-03-17,SKU_113,1.0,1691.11,1691.11,0
2024-03-18,SKU_113,2.0,3382.22,1691.11,0
2024-03-20,SKU_113,1.0,1691.11,1691.11,0
2024-01-02,SKU_126,1.0,393.38,393.38,0
2024-01-03,SKU_126,4.0,1573.52,393.38,0
2024-01-04,SKU_126,1.0,393.38,393.38,0
2024-01-07,SKU_126,1.0,393.38,393.38,0
2024-01-10,SKU_126,1.0,393.38,393.38,0
2024-01-11,SKU_126,1.0,393.38,393.38,0
2024-01-12,SKU_126,1.0,393.38,393.38,0
2024-01-13,SKU_126,2.0,786.76,393.38,0
2024-01-14,SKU_126,2.0,786.76,393.38,0
2024-01-16,SKU_126,2.0,786.76,393.38,0
2024-01-20,SKU_126,1.0,393.38,393.38,0
2024-01-21,SKU_126,2.0,786.76,393.38,0
2024-01-22,SKU_126,1.0,393.38,393.38,0
2024-01-23,SKU_126,1.0,393.38,393.38,0
2024-01-27,SKU_126,1.0,393.38,393.38,0
2024-01-28,SKU_126,1.0,393.38,393.38,0
2024-01-31,SKU_126,1.0,393.38,393.38,0
2024-02-01,SKU_126,2.0,786.76,393.38,0
2024-02-04,SKU_126,1.0,393.38,393.38,0
2024-02-10,SKU_126,3.0,1180.14,393.38,0
2024-02-16,SKU_126,2.0,786.76,393.38,0
2024-02-18,SKU_126,3.0,1180.14,393.38,0
2024-02-25,SKU_126,2.0,786.76,393.38,0
2024-02-26,SKU_126,1.0,393.38,393.38,0
2024-02-29,SKU_126,1.0,393.38,393.38,0
2024-03-03,SKU_126,1.0,393.38,393.38,0
2024-03-08,SKU_126,1.0,393.38,393.38,0
2024-03-10,SKU_126,1.0,393.38,393.38,0
2024-03-11,SKU_126,1.0,393.38,393.38,0
2024-03-12,SKU_126,1.0,393.38,393.38,0
2024-03-13,SKU_126,2.0,786.76,393.38,0
2024-03-14,SKU_126,1.0,393.38,393.38,0
2024-03-15,SKU_126,1.0,343.54,343.54,1
2024-03-16,SKU_126,1.0,325.07,325.07,1
2024-03-20,SKU_126,1.0,368.13,368.13,1
