data/sales_daily.csv
date,sku_id,units_sold,revenue,unit_price,promo_flag
2024-01-02,SKU_127,1.0,1949.75,1949.75,0
2024-01-03,SKU_127,2.0,3899.5,1949.75,0
2024-01-06,SKU_127,2.0,3899.5,1949.75,0
2024-01-08,SKU_127,1.0,1949.75,1949.75,0
2024-01-09,SKU_127,1.0,1949.75,1949.75,0
2024-01-16,SKU_127,1.0,1756.5,1756.5,1
2024-01-18,SKU_127,1.0,1949.75,1949.75,0
2024-01-19,SKU_127,1.0,1949.75,1949.75,0
2024-01-20,SKU_127,1.0,1949.75,1949.75,0
2024-01-21,SKU_127,1.0,1949.75,1949.75,0
2024-01-22,SKU_127,1.0,1949.75,1949.75,0
2024-01-23,SKU_127,1.0,1949.75,1949.75,0
2024-01-25,SKU_127,1.0,1949.75,1949.75,0
2024-01-26,SKU_127,1.0,1949.75,1949.75,0
2024-01-27,SKU_127,1.0,1949.75,1949.75,0
2024-01-28,SKU_127,,,1779.18,1
2024-01-30,SKU_127,2.0,3899.5,1949.75,0
2024-01-31,SKU_127,1.0,1949.75,1949.75,0
2024-02-01,SKU_127,1.0,1949.75,1949.75,0
2024-02-02,SKU_127,1.0,1949.75,1949.75,0
2024-02-03,SKU_127,1.0,1949.75,1949.75,0
2024-02-04,SKU_127,2.0,3899.5,1949.75,0
2024-02-06,SKU_127,1.0,1949.75,1949.75,0
2024-02-11,SKU_127,1.0,1949.75,1949.75,0
2024-02-12,SKU_127,1.0,1949.75,1949.75,0
2024-02-14,SKU_127,1.0,1949.75,1949.75,0
2024-02-16,SKU_127,1.0,1949.75,1949.75,0
2024-02-19,SKU_127,1.0,1949.75,1949.75,0
2024-02-22,SKU_127,2.0,3899.5,1949.75,0
2024-02-25,SKU_127,1.0,1949.75,1949.75,0
2024-02-27,SKU_127,,,1949.75,0
2024-02-28,SKU_127,1.0,1949.75,1949.75,0
2024-02-29,SKU_127,2.0,3899.5,1949.75,0
2024-03-05,SKU_127,1.0,1949.75,1949.75,0
2024-03-07,SKU_127,2.0,3899.5,1949.75,0
2024-03-08,SKU_127,2.0,3899.5,1949.75,0
2024-03-10,SKU_127,1.0,1949.75,1949.75,0
2024-03-12,SKU_127,1.0,1949.75,1949.75,0
2024-03-14,SKU_127,1.0,1949.75,1949.75,0
2024-03-15,SKU_127,1.0,1478.75,1478.75,1
2024-03-16,SKU_127,1.0,1619.66,1619.66,1
2024-03-18,SKU_127,1.0,1949.75,1949.75,0
2024-01-02,SKU_148,1.0,8061.89,8061.89,0
2024-01-06,SKU_148,2.0,16123.78,8061.89,0
2024-01-09,SKU_148,2.0,16123.78,8061.89,0
2024-01-10,SKU_148,1.0,8061.89,8061.89,0
2024-01-12,SKU_148,1.0,8061.89,8061.89,0
2024-01-15,SKU_148,2.0,16123.78,8061.89,0
2024-01-19,SKU_148,1.0,8061.89,8061.89,0
2024-01-20,SKU_148,3.0,24185.67,8061.89,0
2024-01-24,SKU_148,2.0,16123.78,8061.89,0
2024-01-25,SKU_148,2.0,16123.78,8061.89,0
2024-01-26,SKU_148,1.0,8061.89,8061.89,0
2024-01-30,SKU_148,1.0,8061.89,8061.89,0
2024-01-31,SKU_148,1.0,8061.89,8061.89,0
2024-02-04,SKU_148,1.0,6947.47,6947.47,1
2024-02-08,SKU_148,2.0,16123.78,8061.89,0
2024-02-09,SKU_148,2.0,16123.78,8061.89,0
2024-02-12,SKU_148,1.0,8061.89,8061.89,0
2024-02-14,SKU_148,,,8061.89,0
2024-02-16,SKU_148,2.0,16123.78,8061.89,0
2024-02-20,SKU_148,1.0,8061.89,8061.89,0
2024-02-25,SKU_148,3.0,20821.38,6940.46,1
2024-02-26,SKU_148,2.0,16123.78,8061.89,0
2024-02-27,SKU_148,1.0,8061.89,8061.89,0
2024-02-28,SKU_148,2.0,16123.78,8061.89,0
2024-03-02,SKU_148,3.0,22013.64,7337.88,1
2024-03-03,SKU_148,1.0,8061.89,8061.89,0
2024-03-05,SKU_148,1.0,8061.89,8061.89,0
2024-03-06,SKU_148,1.0,8061.89,8061.89,0
2024-03-09,SKU_148,2.0,16123.78,8061.89,0
2024-03-13,SKU_148,1.0,8061.89,8061.89,0
2024-03-16,SKU_148,2.0,13593.48,6796.74,1
2024-03-17,SKU_148,1.0,7060.21,7060.21,1
2024-01-02,SKU_157,1.0,8462.06,8462.06,0
2024-01-04,SKU_157,1.0,8462.06,8462.06,0
2024-01-05,SKU_157,2.0,16924.12,8462.06,0
2024-01-06,SKU_157,1.0,8462.06,8462.06,0
2024-01-07,SKU_157,1.0,8462.06,8462.06,0
2024-01-09,SKU_157,1.0,8462.06,8462.06,0
2024-01-10,SKU_157,1.0,7518.67,7518.67,1
2024-01-11,SKU_157,1.0,8462.06,8462.06,0
2024-01-12,SKU_157,1.0,8462.06,8462.06,0
2024-01-15,SKU_157,1.0,8462.06,8462.06,0
2024-01-18,SKU_157,1.0,8462.06,8462.06,0
2024-01-19,SKU_157,4.0,31640.0,7910.0,1
2024-01-21,SKU_157,2.0,16924.12,8462.06,0
2024-01-25,SKU_157,1.0,8462.06,8462.06,0
2024-01-28,SKU_157,1.0,8462.06,8462.06,0
2024-01-31,SKU_157,1.0,8462.06,8462.06,0
2024-02-04,SKU_157,2.0,16924.12,8462.06,0
2024-02-06,SKU_157,2.0,14413.92,7206.96,1
2024-02-10,SKU_157,1.0,8462.06,8462.06,0
2024-02-12,SKU_157,2.0,16924.12,8462.06,0
2024-02-13,SKU_157,1.0,8462.06,8462.06,0
2024-02-14,SKU_157,2.0,16924.12,8462.06,0
2024-02-15,SKU_157,1.0,7970.53,7970.53,1
2024-02-16,SKU_157,1.0,8462.06,8462.06,0
2024-02-17,SKU_157,1.0,8462.06,8462.06,0
2024-02-18,SKU_157,4.0,33848.24,8462.06,0
2024-02-21,SKU_157,1.0,8462.06,8462.06,0
2024-02-22,SKU_157,1.0,8462.06,8462.06,0
2024-02-24,SKU_157,1.0,8462.06,8462.06,0
2024-02-25,SKU_157,2.0,16924.12,8462.06,0
2024-03-03,SKU_157,1.0,8462.06,8462.06,0
2024-03-04,SKU_157,1.0,8462.06,8462.06,0
2024-03-10,SKU_157,1.0,8462.06,8462.06,0
2024-03-13,SKU_157,1.0,7999.24,7999.24,1
2024-03-14,SKU_157,1.0,8462.06,8462.06,0
2024-03-16,SKU_157,1.0,7184.06,7184.06,1
2024-03-17,SKU_157,1.0,8462.06,8462.06,0
2024-03-20,SKU_157,3.0,25386.18,8462.06,0
2024-01-02,SKU_158,1.0,1514.02,1514.02,0
2024-01-05,SKU_158,1.0,1514.02,1514.02,0
2024-01-10,SKU_158,1.0,1514.02,1514.02,0
2024-01-11,SKU_158,1.0,1514.02,1514.02,0
2024-01-13,SKU_158,1.0,1514.02,1514.02,0
2024-01-25,SKU_158,1.0,1514.02,1514.02,0
2024-01-26,SKU_158,3.0,3891.75,1297.25,1
2024-02-06,SKU_158,1.0,1514.02,1514.02,0
2024-02-19,SKU_158,1.0,1313.48,1313.48,1
2024-02-28,SKU_158,1.0,1514.02,1514.02,0
2024-02-29,SKU_158,2.0,3028.04,1514.02,0
2024-03-15,SKU_158,1.0,1242.54,1242.54,1
2024-01-02,SKU_163,1.0,2779.07,2779.07,0
2024-01-03,SKU_163,1.0,2779.07,2779.07,0
2024-01-05,SKU_163,2.0,5558.14,2779.07,0
2024-01-06,SKU_163,3.0,7737.45,2579.15,1
2024-01-07,SKU_163,3.0,8337.21,2779.07,0
2024-01-08,SKU_163,1.0,2779.07,2779.07,0
2024-01-09,SKU_163,1.0,2779.07,2779.07,0
2024-01-11,SKU_163,2.0,5558.14,2779.07,0
2024-01-12,SKU_163,3.0,8337.21,2779.07,0
2024-01-13,SKU_163,2.0,5558.14,2779.07,0
2024-01-14,SKU_163,1.0,2779.07,2779.07,0
2024-01-15,SKU_163,1.0,2779.07,2779.07,0
2024-01-17,SKU_163,2.0,5558.14,2779.07,0
2024-01-18,SKU_163,2.0,5558.14,2779.07,0
2024-01-19,SKU_163,5.0,13165.5,2633.1,1
2024-01-21,SKU_163,1.0,2779.07,2779.07,0
2024-01-22,SKU_163,2.0,5558.14,2779.07,0
2024-01-23,SKU_163,1.0,2406.7,2406.7,1
2024-01-25,SKU_163,1.0,2779.07,2779.07,0
2024-01-26,SKU_163,2.0,5558.14,2779.07,0
2024-01-27,SKU_163,,,2779.07,0
2024-01-28,SKU_163,2.0,5558.14,2779.07,0
2024-01-29,SKU_163,2.0,5558.14,2779.07,0
2024-01-30,SKU_163,2.0,5558.14,2779.07,0
2024-02-04,SKU_163,1.0,2779.07,2779.07,0
2024-02-05,SKU_163,1.0,2779.07,2779.07,0
2024-02-06,SKU_163,1.0,2779.07,2779.07,0
2024-02-07,SKU_163,1.0,2779.07,2779.07,0
2024-02-08,SKU_163,2.0,5558.14,2779.07,0
2024-02-09,SKU_163,1.0,2779.07,2779.07,0
2024-02-10,SKU_163,2.0,5558.14,2779.07,0
2024-02-11,SKU_163,3.0,8337.21,2779.07,0
2024-02-12,SKU_163,3.0,7795.68,2598.56,1
2024-02-13,SKU_163,2.0,5558.14,2779.07,0
2024-02-14,SKU_163,2.0,4950.52,2475.26,1
2024-02-15,SKU_163,3.0,8337.21,2779.07,0
2024-02-16,SKU_163,3.0,8337.21,2779.07,0
2024-02-17,SKU_163,5.0,12001.95,2400.39,1
2024-02-18,SKU_163,2.0,4834.72,2417.36,1
2024-02-19,SKU_163,1.0,2779.07,2779.07,0
2024-02-20,SKU_163,1.0,2779.07,2779.07,0
2024-02-21,SKU_163,2.0,5558.14,2779.07,0
2024-02-24,SKU_163,2.0,5558.14,2779.07,0
2024-02-25,SKU_163,1.0,2779.07,2779.07,0
2024-02-26,SKU_163,2.0,5558.14,2779.07,0
2024-02-27,SKU_163,4.0,11116.28,2779.07,0
2024-02-28,SKU_163,1.0,2779.07,2779.07,0
2024-02-29,SKU_163,1.0,2779.07,2779.07,0
2024-03-01,SKU_163,,,2779.07,0
2024-03-02,SKU_163,1.0,2779.07,2779.07,0
2024-03-03,SKU_163,6.0,16674.42,2779.07,0
2024-03-04,SKU_163,2.0,5558.14,2779.07,0
2024-03-06,SKU_163,3.0,8337.21,2779.07,0
2024-03-07,SKU_163,2.0,5558.14,2779.07,0
2024-03-08,SKU_163,5.0,13895.35,2779.07,0
2024-03-10,SKU_163,3.0,8337.21,2779.07,0
2024-03-11,SKU_163,2.0,5558.14,2779.07,0
2024-03-12,SKU_163,2.0,5558.14,2779.07,0
2024-03-13,SKU_163,1.0,2779.07,2779.07,0
2024-03-14,SKU_163,4.0,11116.28,2779.07,0
2024-03-15,SKU_163,7.0,15717.59,2245.37,1
2024-03-16,SKU_163,4.0,9048.36,2262.09,1
2024-03-17,SKU_163,2.0,5558.14,2779.07,0
2024-03-18,SKU_163,3.0,8337.21,2779.07,0
2024-01-02,SKU_172,2.0,4797.22,2398.61,1
2024-01-04,SKU_172,1.0,2542.89,2542.89,0
2024-01-06,SKU_172,3.0,7628.67,2542.89,0
2024-01-08,SKU_172,1.0,2542.89,2542.89,0
2024-01-10,SKU_172,1.0,2542.89,2542.89,0
2024-01-13,SKU_172,2.0,5085.78,2542.89,0
2024-01-14,SKU_172,4.0,10171.56,2542.89,0
2024-01-15,SKU_172,2.0,4566.88,2283.44,1
2024-01-16,SKU_172,1.0,2542.89,2542.89,0
2024-01-17,SKU_172,2.0,5085.78,2542.89,0
2024-01-18,SKU_172,1.0,2542.89,2542.89,0
2024-01-19,SKU_172,1.0,2542.89,2542.89,0
2024-01-21,SKU_172,3.0,7628.67,2542.89,0
2024-01-24,SKU_172,1.0,2414.49,2414.49,1
2024-01-26,SKU_172,1.0,2542.89,2542.89,0
2024-01-27,SKU_172,1.0,2542.89,2542.89,0
2024-01-28,SKU_172,2.0,5085.78,2542.89,0
2024-01-29,SKU_172,2.0,4324.28,2162.14,1
2024-02-03,SKU_172,1.0,2251.3,2251.3,1
2024-02-04,SKU_172,1.0,2542.89,2542.89,0
2024-02-06,SKU_172,1.0,2542.89,2542.89,0
2024-02-07,SKU_172,1.0,2542.89,2542.89,0
2024-02-08,SKU_172,1.0,2374.26,2374.26,1
2024-02-09,SKU_172,1.0,2542.89,2542.89,0
2024-02-11,SKU_172,1.0,2542.89,2542.89,0
2024-02-13,SKU_172,1.0,2542.89,2542.89,0
2024-02-17,SKU_172,1.0,2542.89,2542.89,0
2024-02-19,SKU_172,1.0,2255.05,2255.05,1
2024-02-20,SKU_172,1.0,2542.89,2542.89,0
2024-02-22,SKU_172,1.0,2542.89,2542.89,0
2024-02-23,SKU_172,1.0,2542.89,2542.89,0
2024-02-24,SKU_172,,,2542.89,0
2024-02-25,SKU_172,1.0,2542.89,2542.89,0
2024-02-29,SKU_172,1.0,2542.89,2542.89,0
2024-03-03,SKU_172,1.0,2542.89,2542.89,0
2024-03-05,SKU_172,1.0,2542.89,2542.89,0
2024-03-06,SKU_172,1.0,2542.89,2542.89,0
2024-03-07,SKU_172,1.0,2542.89,2542.89,0
2024-03-08,SKU_172,1.0,2542.89,2542.89,0
2024-03-09,SKU_172,1.0,2542.89,2542.89,0
2024-03-10,SKU_172,1.0,2542.89,2542.89,0
2024-03-14,SKU_172,1.0,2542.89,2542.89,0
2024-01-03,SKU_001,2.0,13298.8,6649.4,0
2024-01-04,SKU_001,1.0,6649.4,6649.4,0
2024-01-12,SKU_001,1.0,6649.4,6649.4,0
2024-01-16,SKU_001,2.0,13298.8,6649.4,0
2024-01-18,SKU_001,1.0,6649.4,6649.4,0
2024-01-19,SKU_001,1.0,6649.4,6649.4,0
2024-01-20,SKU_001,1.0,6649.4,6649.4,0
2024-01-25,SKU_001,1.0,6649.4,6649.4,0
2024-01-26,SKU_001,1.0,6649.4,6649.4,0
2024-01-27,SKU_001,2.0,13298.8,6649.4,0
2024-01-30,SKU_001,1.0,6649.4,6649.4,0
2024-02-02,SKU_001,1.0,6649.4,6649.4,0
2024-02-03,SKU_001,3.0,17017.59,5672.53,1
2024-02-04,SKU_001,2.0,13298.8,6649.4,0
2024-02-08,SKU_001,1.0,6649.4,6649.4,0
2024-02-09,SKU_001,4.0,26597.6,6649.4,0
2024-02-12,SKU_001,1.0,6649.4,6649.4,0
2024-02-16,SKU_001,1.0,6649.4,6649.4,0
2024-02-17,SKU_001,1.0,6649.4,6649.4,0
2024-02-18,SKU_001,2.0,13298.8,6649.4,0
2024-02-19,SKU_001,2.0,13298.8,6649.4,0
2024-02-20,SKU_001,1.0,6649.4,6649.4,0
2024-02-22,SKU_001,1.0,6649.4,6649.4,0
2024-02-24,SKU_001,1.0,6649.4,6649.4,0
2024-02-25,SKU_001,1.0,6649.4,6649.4,0
2024-02-26,SKU_001,2.0,12252.14,6126.07,1
2024-02-27,SKU_001,1.0,6649.4,6649.4,0
2024-03-02,SKU_001,1.0,6649.4,6649.4,0
2024-03-03,SKU_001,1.0,6649.4,6649.4,0
2024-03-04,SKU_001,1.0,6649.4,6649.4,0
2024-03-07,SKU_001,3.0,19948.2,6649.4,0
2024-03-09,SKU_001,2.0,12203.5,6101.75,1
2024-03-13,SKU_001,1.0,6649.4,6649.4,0
2024-03-14,SKU_001,1.0,6649.4,6649.4,0
2024-03-15,SKU_001,1.0,5711.91,5711.91,1
2024-03-16,SKU_001,2.0,11106.48,5553.24,1
2024-01-03,SKU_002,2.0,14738.18,7369.09,0
2024-01-04,SKU_002,1.0,6944.94,6944.94,1
2024-01-05,SKU_002,1.0,7369.09,7369.09,0
2024-01-08,SKU_002,1.0,7369.09,7369.09,0
2024-01-10,SKU_002,2.0,14738.18,7369.09,0
2024-01-11,SKU_002,3.0,22107.27,7369.09,0
2024-01-12,SKU_002,1.0,7369.09,7369.09,0
2024-01-15,SKU_002,1.0,7369.09,7369.09,0
2024-01-17,SKU_002,1.0,7369.09,7369.09,0
2024-01-19,SKU_002,1.0,7369.09,7369.09,0
2024-01-22,SKU_002,,,7369.09,0
2024-01-23,SKU_002,1.0,7369.09,7369.09,0
2024-01-24,SKU_002,2.0,14738.18,7369.09,0
2024-01-27,SKU_002,,,6662.44,1
2024-01-28,SKU_002,5.0,36845.45,7369.09,0
2024-01-29,SKU_002,1.0,7369.09,7369.09,0
2024-01-31,SKU_002,2.0,13454.32,6727.16,1
2024-02-02,SKU_002,1.0,7369.09,7369.09,0
2024-02-03,SKU_002,1.0,7369.09,7369.09,0
2024-02-05,SKU_002,2.0,14738.18,7369.09,0
2024-02-09,SKU_002,1.0,6638.74,6638.74,1
2024-02-13,SKU_002,3.0,20591.49,6863.83,1
2024-02-18,SKU_002,1.0,7369.09,7369.09,0
2024-02-19,SKU_002,1.0,7369.09,7369.09,0
2024-02-21,SKU_002,1.0,7369.09,7369.09,0
2024-02-24,SKU_002,3.0,22107.27,7369.09,0
2024-02-25,SKU_002,1.0,7369.09,7369.09,0
2024-02-29,SKU_002,1.0,6470.99,6470.99,1
2024-03-02,SKU_002,1.0,6878.49,6878.49,1
2024-03-07,SKU_002,1.0,7369.09,7369.09,0
2024-03-09,SKU_002,1.0,7369.09,7369.09,0
2024-03-12,SKU_002,1.0,7369.09,7369.09,0
2024-03-15,SKU_002,1.0,6474.29,6474.29,1
2024-03-16,SKU_002,1.0,6199.03,6199.03,1
2024-03-20,SKU_002,,,7369.09,0
2024-03-21,SKU_002,1.0,6467.52,6467.52,1
2024-01-03,SKU_010,2.0,3910.6,1955.3,0
2024-01-05,SKU_010,1.0,1955.3,1955.3,0
2024-01-11,SKU_010,2.0,3910.6,1955.3,0
2024-01-20,SKU_010,1.0,1747.45,1747.45,1
2024-01-23,SKU_010,1.0,1955.3,1955.3,0
2024-01-24,SKU_010,2.0,3910.6,1955.3,0
2024-01-25,SKU_010,1.0,1955.3,1955.3,0
2024-01-26,SKU_010,4.0,7174.0,1793.5,1
2024-01-27,SKU_010,2.0,3478.8,1739.4,1
2024-02-01,SKU_010,1.0,1742.86,1742.86,1
2024-02-02,SKU_010,1.0,1955.3,1955.3,0
2024-02-03,SKU_010,1.0,1955.3,1955.3,0
2024-02-05,SKU_010,1.0,1955.3,1955.3,0
2024-02-07,SKU_010,1.0,1955.3,1955.3,0
2024-02-10,SKU_010,3.0,5865.9,1955.3,0
2024-02-15,SKU_010,1.0,1955.3,1955.3,0
2024-02-18,SKU_010,1.0,1773.55,1773.55,1
2024-02-20,SKU_010,2.0,3910.6,1955.3,0
2024-02-25,SKU_010,3.0,5865.9,1955.3,0
2024-02-27,SKU_010,1.0,1955.3,1955.3,0
2024-02-29,SKU_010,1.0,1955.3,1955.3,0
2024-03-02,SKU_010,1.0,1955.3,1955.3,0
2024-03-03,SKU_010,1.0,1955.3,1955.3,0
2024-03-05,SKU_010,1.0,1733.74,1733.74,1
2024-03-06,SKU_010,1.0,1955.3,1955.3,0
2024-03-08,SKU_010,1.0,1955.3,1955.3,0
2024-03-10,SKU_010,1.0,1955.3,1955.3,0
2024-03-11,SKU_010,3.0,5865.9,1955.3,0
2024-03-12,SKU_010,1.0,1955.3,1955.3,0
2024-03-14,SKU_010,1.0,1955.3,1955.3,0
2024-03-16,SKU_010,2.0,3435.36,1717.68,1
2024-01-03,SKU_013,1.0,5870.1,5870.1,0
2024-01-05,SKU_013,1.0,5870.1,5870.1,0
2024-01-09,SKU_013,1.0,5870.1,5870.1,0
2024-01-12,SKU_013,1.0,5870.1,5870.1,0
2024-02-07,SKU_013,1.0,5870.1,5870.1,0
2024-02-13,SKU_013,1.0,5870.1,5870.1,0
2024-02-15,SKU_013,1.0,5870.1,5870.1,0
2024-03-06,SKU_013,1.0,5870.1,5870.1,0
2024-03-12,SKU_013,1.0,5870.1,5870.1,0
2024-03-16,SKU_013,2.0,9537.44,4768.72,1
2024-01-03,SKU_087,1.0,3016.54,3016.54,0
2024-01-05,SKU_087,1.0,3016.54,3016.54,0
2024-01-06,SKU_087,1.0,3016.54,3016.54,0
2024-01-08,SKU_087,1.0,3016.54,3016.54,0
2024-01-10,SKU_087,1.0,2841.65,2841.65,1
2024-01-12,SKU_087,1.0,3016.54,3016.54,0
2024-01-13,SKU_087,1.0,3016.54,3016.54,0
2024-01-14,SKU_087,1.0,3016.54,3016.54,0
2024-01-24,SKU_087,1.0,3016.54,3016.54,0
2024-01-25,SKU_087,1.0,3016.54,3016.54,0
2024-01-27,SKU_087,1.0,3016.54,3016.54,0
2024-02-08,SKU_087,2.0,6033.08,3016.54,0
2024-02-10,SKU_087,1.0,3016.54,3016.54,0
2024-02-11,SKU_087,1.0,2633.26,2633.26,1
2024-02-12,SKU_087,1.0,3016.54,3016.54,0
2024-02-14,SKU_087,1.0,3016.54,3016.54,0
2024-02-16,SKU_087,2.0,6033.08,3016.54,0
2024-02-17,SKU_087,2.0,6033.08,3016.54,0
2024-02-18,SKU_087,1.0,3016.54,3016.54,0
2024-02-21,SKU_087,1.0,3016.54,3016.54,0
2024-02-23,SKU_087,1.0,3016.54,3016.54,0
2024-02-27,SKU_087,1.0,2593.0,2593.0,1
2024-02-28,SKU_087,2.0,6033.08,3016.54,0
2024-03-03,SKU_087,1.0,3016.54,3016.54,0
2024-03-04,SKU_087,1.0,2695.3,2695.3,1
2024-03-10,SKU_087,1.0,3016.54,3016.54,0
2024-03-11,SKU_087,1.0,2589.47,2589.47,1
2024-03-13,SKU_087,2.0,6033.08,3016.54,0
2024-03-14,SKU_087,3.0,9049.62,3016.54,0
2024-03-15,SKU_087,1.0,2460.8,2460.8,1
2024-03-16,SKU_087,1.0,2318.76,2318.76,1
2024-03-17,SKU_087,2.0,5430.28,2715.14,1
2024-03-18,SKU_087,1.0,3016.54,3016.54,0
2024-01-03,SKU_093,3.0,20762.16,6920.72,1
2024-01-05,SKU_093,2.0,14673.76,7336.88,0
2024-01-06,SKU_093,1.0,7336.88,7336.88,0
2024-01-09,SKU_093,1.0,6306.85,6306.85,1
2024-01-10,SKU_093,1.0,7336.88,7336.88,0
2024-01-11,SKU_093,1.0,7336.88,7336.88,0
2024-01-12,SKU_093,1.0,7336.88,7336.88,0
2024-01-13,SKU_093,2.0,14673.76,7336.88,0
2024-01-16,SKU_093,1.0,7336.88,7336.88,0
2024-01-19,SKU_093,1.0,7336.88,7336.88,0
2024-01-20,SKU_093,1.0,7336.88,7336.88,0
2024-01-21,SKU_093,1.0,7336.88,7336.88,0
2024-01-22,SKU_093,2.0,14673.76,7336.88,0
2024-01-25,SKU_093,1.0,6797.88,6797.88,1
2024-01-26,SKU_093,1.0,7336.88,7336.88,0
2024-01-28,SKU_093,2.0,14673.76,7336.88,0
2024-01-29,SKU_093,2.0,14673.76,7336.88,0
2024-01-30,SKU_093,2.0,14673.76,7336.88,0
2024-02-01,SKU_093,1.0,7336.88,7336.88,0
2024-02-02,SKU_093,1.0,7336.88,7336.88,0
2024-02-04,SKU_093,1.0,7336.88,7336.88,0
2024-02-06,SKU_093,1.0,7336.88,7336.88,0
2024-02-10,SKU_093,1.0,7336.88,7336.88,0
2024-02-11,SKU_093,1.0,7336.88,7336.88,0
2024-02-13,SKU_093,2.0,14673.76,7336.88,0
2024-02-15,SKU_093,2.0,14673.76,7336.88,0
2024-02-17,SKU_093,1.0,7336.88,7336.88,0
2024-02-18,SKU_093,1.0,7336.88,7336.88,0
2024-02-19,SKU_093,1.0,7336.88,7336.88,0
2024-02-22,SKU_093,1.0,7336.88,7336.88,0
2024-02-25,SKU_093,1.0,7336.88,7336.88,0
2024-02-26,SKU_093,1.0,7336.88,7336.88,0
2024-02-27,SKU_093,1.0,7336.88,7336.88,0
2024-02-28,SKU_093,1.0,7336.88,7336.88,0
2024-03-03,SKU_093,1.0,7336.88,7336.88,0
2024-03-04,SKU_093,1.0,7336.88,7336.88,0
2024-03-09,SKU_093,2.0,14673.76,7336.88,0
2024-03-10,SKU_093,1.0,7336.88,7336.88,0
2024-03-11,SKU_093,3.0,20899.11,6966.37,1
2024-03-12,SKU_093,1.0,7336.88,7336.88,0
2024-03-14,SKU_093,1.0,7336.88,7336.88,0
2024-03-15,SKU_093,2.0,12826.06,6413.03,1
