data/sales_daily.csv
date,sku_id,units_sold,revenue,unit_price,promo_flag
2024-01-03,SKU_110,1.0,1624.38,1624.38,0
2024-01-05,SKU_110,1.0,1411.19,1411.19,1
2024-01-06,SKU_110,2.0,3248.76,1624.38,0
2024-01-10,SKU_110,1.0,1624.38,1624.38,0
2024-01-12,SKU_110,1.0,1624.38,1624.38,0
2024-01-14,SKU_110,1.0,1624.38,1624.38,0
2024-01-17,SKU_110,1.0,1624.38,1624.38,0
2024-01-19,SKU_110,1.0,1624.38,1624.38,0
2024-01-20,SKU_110,2.0,3248.76,1624.38,0
2024-01-21,SKU_110,2.0,3248.76,1624.38,0
2024-01-22,SKU_110,1.0,1624.38,1624.38,0
2024-01-23,SKU_110,1.0,1624.38,1624.38,0
2024-01-24,SKU_110,1.0,1624.38,1624.38,0
2024-01-26,SKU_110,3.0,4873.14,1624.38,0
2024-01-28,SKU_110,1.0,1432.08,1432.08,1
2024-01-31,SKU_110,3.0,4873.14,1624.38,0
2024-02-01,SKU_110,1.0,1624.38,1624.38,0
2024-02-02,SKU_110,2.0,3248.76,1624.38,0
2024-02-04,SKU_110,2.0,3248.76,1624.38,0
2024-02-12,SKU_110,1.0,1624.38,1624.38,0
2024-02-13,SKU_110,2.0,3248.76,1624.38,0
2024-02-14,SKU_110,2.0,3248.76,1624.38,0
2024-02-16,SKU_110,1.0,1624.38,1624.38,0
2024-02-17,SKU_110,1.0,1624.38,1624.38,0
2024-02-18,SKU_110,1.0,1624.38,1624.38,0
2024-02-21,SKU_110,2.0,3248.76,1624.38,0
2024-02-23,SKU_110,2.0,3248.76,1624.38,0
2024-02-26,SKU_110,2.0,3248.76,1624.38,0
2024-02-29,SKU_110,2.0,3248.76,1624.38,0
2024-03-06,SKU_110,1.0,1624.38,1624.38,0
2024-03-08,SKU_110,1.0,1624.38,1624.38,0
2024-03-09,SKU_110,1.0,1624.38,1624.38,0
2024-03-11,SKU_110,1.0,1504.7,1504.7,1
2024-03-17,SKU_110,1.0,1624.38,1624.38,0
2024-03-19,SKU_110,,,1624.38,0
2024-03-20,SKU_110,1.0,1624.38,1624.38,0
2024-01-03,SKU_115,1.0,1067.68,1067.68,0
2024-01-04,SKU_115,1.0,1067.68,1067.68,0
2024-01-07,SKU_115,1.0,940.49,940.49,1
2024-01-09,SKU_115,1.0,1067.68,1067.68,0
2024-01-11,SKU_115,1.0,1067.68,1067.68,0
2024-01-13,SKU_115,1.0,1067.68,1067.68,0
2024-01-15,SKU_115,1.0,1067.68,1067.68,0
2024-01-16,SKU_115,1.0,1067.68,1067.68,0
2024-01-18,SKU_115,1.0,1067.68,1067.68,0
2024-01-23,SKU_115,2.0,2135.36,1067.68,0
2024-01-30,SKU_115,2.0,2135.36,1067.68,0
2024-01-31,SKU_115,1.0,1067.68,1067.68,0
2024-02-01,SKU_115,1.0,1067.68,1067.68,0
2024-02-02,SKU_115,1.0,1067.68,1067.68,0
2024-02-03,SKU_115,2.0,2135.36,1067.68,0
2024-02-05,SKU_115,3.0,3203.04,1067.68,0
2024-02-08,SKU_115,1.0,1067.68,1067.68,0
2024-02-10,SKU_115,2.0,1903.1,951.55,1
2024-02-12,SKU_115,1.0,1067.68,1067.68,0
2024-02-15,SKU_115,1.0,1067.68,1067.68,0
2024-02-16,SKU_115,1.0,1067.68,1067.68,0
2024-02-21,SKU_115,1.0,1067.68,1067.68,0
2024-02-23,SKU_115,1.0,1067.68,1067.68,0
2024-02-24,SKU_115,2.0,1910.0,955.0,1
2024-02-25,SKU_115,1.0,1067.68,1067.68,0
2024-02-26,SKU_115,1.0,1067.68,1067.68,0
2024-02-27,SKU_115,1.0,1067.68,1067.68,0
2024-02-29,SKU_115,1.0,1067.68,1067.68,0
2024-03-01,SKU_115,1.0,1067.68,1067.68,0
2024-03-02,SKU_115,1.0,1067.68,1067.68,0
2024-03-04,SKU_115,2.0,2135.36,1067.68,0
2024-03-07,SKU_115,1.0,991.41,991.41,1
2024-03-12,SKU_115,1.0,921.73,921.73,1
2024-03-16,SKU_115,2.0,1666.4,833.2,1
2024-03-18,SKU_115,1.0,1067.68,1067.68,0
2024-03-19,SKU_115,1.0,1067.68,1067.68,0
2024-03-20,SKU_115,2.0,2135.36,1067.68,0
2024-01-03,SKU_121,1.0,2511.38,2511.38,0
2024-01-05,SKU_121,1.0,2511.38,2511.38,0
2024-01-10,SKU_121,1.0,2511.38,2511.38,0
2024-01-11,SKU_121,1.0,2511.38,2511.38,0
2024-01-13,SKU_121,1.0,2511.38,2511.38,0
2024-01-16,SKU_121,1.0,2345.55,2345.55,1
2024-01-19,SKU_121,1.0,2156.47,2156.47,1
2024-01-20,SKU_121,1.0,2511.38,2511.38,0
2024-01-23,SKU_121,1.0,2511.38,2511.38,0
2024-01-26,SKU_121,1.0,2511.38,2511.38,0
2024-01-27,SKU_121,3.0,7534.14,2511.38,0
2024-02-02,SKU_121,1.0,2511.38,2511.38,0
2024-02-04,SKU_121,1.0,2511.38,2511.38,0
2024-02-05,SKU_121,1.0,2511.38,2511.38,0
2024-02-06,SKU_121,1.0,2511.38,2511.38,0
2024-02-08,SKU_121,1.0,2511.38,2511.38,0
2024-02-09,SKU_121,1.0,2288.19,2288.19,1
2024-02-13,SKU_121,1.0,2511.38,2511.38,0
2024-02-17,SKU_121,1.0,2204.68,2204.68,1
2024-02-18,SKU_121,1.0,2511.38,2511.38,0
2024-02-19,SKU_121,2.0,5022.76,2511.38,0
2024-02-22,SKU_121,1.0,2511.38,2511.38,0
2024-02-23,SKU_121,1.0,2511.38,2511.38,0
2024-02-24,SKU_121,1.0,2511.38,2511.38,0
2024-02-25,SKU_121,1.0,2511.38,2511.38,0
2024-02-27,SKU_121,1.0,2511.38,2511.38,0
2024-02-29,SKU_121,1.0,2511.38,2511.38,0
2024-03-01,SKU_121,1.0,2511.38,2511.38,0
2024-03-02,SKU_121,1.0,2511.38,2511.38,0
2024-03-06,SKU_121,2.0,5022.76,2511.38,0
2024-03-07,SKU_121,2.0,5022.76,2511.38,0
2024-03-11,SKU_121,1.0,2511.38,2511.38,0
2024-03-13,SKU_121,2.0,5022.76,2511.38,0
2024-03-15,SKU_121,1.0,2171.58,2171.58,1
2024-03-17,SKU_121,1.0,2511.38,2511.38,0
2024-01-03,SKU_129,1.0,3002.02,3002.02,0
2024-01-05,SKU_129,1.0,3002.02,3002.02,0
2024-01-07,SKU_129,1.0,3002.02,3002.02,0
2024-01-08,SKU_129,1.0,3002.02,3002.02,0
2024-01-10,SKU_129,1.0,3002.02,3002.02,0
2024-01-12,SKU_129,1.0,3002.02,3002.02,0
2024-01-14,SKU_129,2.0,6004.04,3002.02,0
2024-01-17,SKU_129,1.0,3002.02,3002.02,0
2024-01-18,SKU_129,1.0,3002.02,3002.02,0
2024-01-20,SKU_129,2.0,6004.04,3002.02,0
2024-01-21,SKU_129,1.0,3002.02,3002.02,0
2024-01-24,SKU_129,1.0,3002.02,3002.02,0
2024-01-26,SKU_129,3.0,9006.06,3002.02,0
2024-01-27,SKU_129,1.0,2628.42,2628.42,1
2024-01-30,SKU_129,1.0,3002.02,3002.02,0
2024-02-04,SKU_129,1.0,3002.02,3002.02,0
2024-02-07,SKU_129,1.0,3002.02,3002.02,0
2024-02-09,SKU_129,2.0,6004.04,3002.02,0
2024-02-15,SKU_129,2.0,6004.04,3002.02,0
2024-02-16,SKU_129,1.0,3002.02,3002.02,0
2024-02-17,SKU_129,1.0,3002.02,3002.02,0
2024-02-18,SKU_129,1.0,3002.02,3002.02,0
2024-02-19,SKU_129,,,3002.02,0
2024-02-20,SKU_129,1.0,3002.02,3002.02,0
2024-02-21,SKU_129,2.0,6004.04,3002.02,0
2024-02-22,SKU_129,1.0,3002.02,3002.02,0
2024-02-25,SKU_129,1.0,3002.02,3002.02,0
2024-02-26,SKU_129,1.0,3002.02,3002.02,0
2024-02-27,SKU_129,1.0,3002.02,3002.02,0
2024-02-29,SKU_129,1.0,3002.02,3002.02,0
2024-03-02,SKU_129,1.0,3002.02,3002.02,0
2024-03-03,SKU_129,1.0,3002.02,3002.02,0
2024-03-04,SKU_129,1.0,3002.02,3002.02,0
2024-03-05,SKU_129,1.0,3002.02,3002.02,0
2024-03-09,SKU_129,1.0,3002.02,3002.02,0
2024-03-10,SKU_129,2.0,6004.04,3002.02,0
2024-03-11,SKU_129,3.0,9006.06,3002.02,0
2024-03-12,SKU_129,,,3002.02,0
2024-03-13,SKU_129,2.0,6004.04,3002.02,0
2024-03-14,SKU_129,3.0,9006.06,3002.02,0
2024-03-15,SKU_129,1.0,2372.46,2372.46,1
2024-03-18,SKU_129,1.0,3002.02,3002.02,0
2024-03-19,SKU_129,2.0,6004.04,3002.02,0
2024-03-20,SKU_129,1.0,3002.02,3002.02,0
2024-01-03,SKU_130,1.0,3856.77,3856.77,0
2024-01-04,SKU_130,1.0,3856.77,3856.77,0
2024-01-06,SKU_130,3.0,11570.31,3856.77,0
2024-01-07,SKU_130,2.0,7713.54,3856.77,0
2024-01-09,SKU_130,1.0,3856.77,3856.77,0
2024-01-11,SKU_130,1.0,3856.77,3856.77,0
2024-01-14,SKU_130,1.0,3856.77,3856.77,0
2024-01-15,SKU_130,1.0,3856.77,3856.77,0
2024-01-18,SKU_130,1.0,3856.77,3856.77,0
2024-01-21,SKU_130,1.0,3856.77,3856.77,0
2024-01-22,SKU_130,2.0,7713.54,3856.77,0
2024-01-23,SKU_130,1.0,3856.77,3856.77,0
2024-01-24,SKU_130,1.0,3856.77,3856.77,0
2024-01-25,SKU_130,3.0,11570.31,3856.77,0
2024-01-26,SKU_130,1.0,3856.77,3856.77,0
2024-01-28,SKU_130,1.0,3856.77,3856.77,0
2024-02-01,SKU_130,1.0,3856.77,3856.77,0
2024-02-02,SKU_130,1.0,3856.77,3856.77,0
2024-02-07,SKU_130,1.0,3856.77,3856.77,0
2024-02-08,SKU_130,1.0,3856.77,3856.77,0
2024-02-11,SKU_130,1.0,3856.77,3856.77,0
2024-02-12,SKU_130,1.0,3856.77,3856.77,0
2024-02-16,SKU_130,1.0,3856.77,3856.77,0
2024-02-17,SKU_130,1.0,3856.77,3856.77,0
2024-02-19,SKU_130,1.0,3856.77,3856.77,0
2024-02-20,SKU_130,1.0,3856.77,3856.77,0
2024-02-25,SKU_130,1.0,3856.77,3856.77,0
2024-02-26,SKU_130,1.0,3856.77,3856.77,0
2024-02-28,SKU_130,2.0,7713.54,3856.77,0
2024-03-02,SKU_130,1.0,3362.78,3362.78,1
2024-03-04,SKU_130,1.0,3856.77,3856.77,0
2024-03-06,SKU_130,1.0,3856.77,3856.77,0
2024-03-08,SKU_130,1.0,3856.77,3856.77,0
2024-03-12,SKU_130,1.0,3611.93,3611.93,1
2024-03-14,SKU_130,1.0,3856.77,3856.77,0
2024-03-16,SKU_130,1.0,3105.36,3105.36,1
2024-03-18,SKU_130,1.0,3856.77,3856.77,0
2024-01-04,SKU_015,1.0,6395.5,6395.5,0
2024-01-23,SKU_015,1.0,6395.5,6395.5,0
2024-01-30,SKU_015,1.0,6395.5,6395.5,0
2024-02-07,SKU_015,1.0,6395.5,6395.5,0
2024-02-24,SKU_015,1.0,6395.5,6395.5,0
2024-03-02,SKU_015,1.0,6395.5,6395.5,0
2024-03-05,SKU_015,1.0,6395.5,6395.5,0
2024-03-06,SKU_015,1.0,5935.75,5935.75,1
2024-01-04,SKU_058,1.0,4130.56,4130.56,0
2024-01-07,SKU_058,1.0,4130.56,4130.56,0
2024-01-08,SKU_058,1.0,4130.56,4130.56,0
2024-01-11,SKU_058,1.0,4130.56,4130.56,0
2024-01-14,SKU_058,1.0,4130.56,4130.56,0
2024-01-17,SKU_058,1.0,4130.56,4130.56,0
2024-01-22,SKU_058,1.0,4130.56,4130.56,0
2024-01-25,SKU_058,2.0,7572.94,3786.47,1
2024-01-26,SKU_058,1.0,4130.56,4130.56,0
2024-01-28,SKU_058,2.0,8261.12,4130.56,0
2024-01-30,SKU_058,2.0,8261.12,4130.56,0
2024-01-31,SKU_058,1.0,4130.56,4130.56,0
2024-02-03,SKU_058,1.0,4130.56,4130.56,0
2024-02-04,SKU_058,1.0,4130.56,4130.56,0
2024-02-05,SKU_058,1.0,4130.56,4130.56,0
2024-02-06,SKU_058,1.0,4130.56,4130.56,0
2024-02-07,SKU_058,1.0,4130.56,4130.56,0
2024-02-09,SKU_058,1.0,4130.56,4130.56,0
2024-02-11,SKU_058,2.0,8261.12,4130.56,0
2024-02-14,SKU_058,2.0,8261.12,4130.56,0
2024-02-15,SKU_058,2.0,8261.12,4130.56,0
2024-02-16,SKU_058,2.0,8261.12,4130.56,0
2024-02-18,SKU_058,1.0,4130.56,4130.56,0
2024-02-19,SKU_058,2.0,7335.8,3667.9,1
2024-02-22,SKU_058,1.0,4130.56,4130.56,0
2024-02-23,SKU_058,2.0,8261.12,4130.56,0
2024-02-27,SKU_058,1.0,3846.36,3846.36,1
2024-02-28,SKU_058,1.0,4130.56,4130.56,0
2024-03-03,SKU_058,1.0,4130.56,4130.56,0
2024-03-04,SKU_058,1.0,4130.56,4130.56,0
2024-03-07,SKU_058,1.0,4130.56,4130.56,0
2024-03-09,SKU_058,1.0,4130.56,4130.56,0
2024-03-11,SKU_058,1.0,4130.56,4130.56,0
2024-03-13,SKU_058,1.0,4130.56,4130.56,0
2024-03-15,SKU_058,1.0,3186.07,3186.07,1
2024-03-15,SKU_058,1.0,3186.07,3186.07,1
2024-03-16,SKU_058,1.0,3258.29,3258.29,1
2024-03-17,SKU_058,1.0,4130.56,4130.56,0
2024-03-19,SKU_058,1.0,4130.56,4130.56,0
2024-01-04,SKU_114,1.0,3813.08,3813.08,0
2024-01-06,SKU_114,1.0,3813.08,3813.08,0
2024-01-12,SKU_114,1.0,3813.08,3813.08,0
2024-01-18,SKU_114,1.0,3813.08,3813.08,0
2024-01-20,SKU_114,1.0,3621.12,3621.12,1
2024-01-25,SKU_114,1.0,3813.08,3813.08,0
2024-01-27,SKU_114,1.0,3813.08,3813.08,0
2024-01-28,SKU_114,2.0,7626.16,3813.08,0
2024-01-31,SKU_114,1.0,3813.08,3813.08,0
2024-02-01,SKU_114,2.0,7626.16,3813.08,0
2024-02-02,SKU_114,1.0,3813.08,3813.08,0
2024-02-04,SKU_114,1.0,3813.08,3813.08,0
2024-02-05,SKU_114,1.0,3813.08,3813.08,0
2024-02-06,SKU_114,3.0,11439.24,3813.08,0
2024-02-07,SKU_114,2.0,7626.16,3813.08,0
2024-02-08,SKU_114,1.0,3813.08,3813.08,0
2024-02-09,SKU_114,1.0,3813.08,3813.08,0
2024-02-16,SKU_114,1.0,3813.08,3813.08,0
2024-02-17,SKU_114,3.0,11439.24,3813.08,0
2024-02-20,SKU_114,1.0,3813.08,3813.08,0
2024-02-24,SKU_114,2.0,7626.16,3813.08,0
2024-02-25,SKU_114,2.0,7626.16,3813.08,0
2024-03-02,SKU_114,2.0,7626.16,3813.08,0
2024-03-03,SKU_114,3.0,11439.24,3813.08,0
2024-03-05,SKU_114,1.0,3813.08,3813.08,0
2024-03-08,SKU_114,3.0,11439.24,3813.08,0
2024-03-10,SKU_114,1.0,3813.08,3813.08,0
2024-03-11,SKU_114,1.0,3813.08,3813.08,0
2024-03-12,SKU_114,1.0,3813.08,3813.08,0
2024-03-15,SKU_114,1.0,2976.75,2976.75,1
2024-03-18,SKU_114,1.0,3813.08,3813.08,0
2024-03-20,SKU_114,1.0,3813.08,3813.08,0
2024-01-04,SKU_166,1.0,2005.02,2005.02,0
2024-01-06,SKU_166,1.0,2005.02,2005.02,0
2024-01-08,SKU_166,2.0,4010.04,2005.02,0
2024-01-09,SKU_166,1.0,2005.02,2005.02,0
2024-01-10,SKU_166,1.0,2005.02,2005.02,0
2024-01-12,SKU_166,1.0,1809.71,1809.71,1
2024-01-13,SKU_166,2.0,4010.04,2005.02,0
2024-01-15,SKU_166,1.0,2005.02,2005.02,0
2024-01-16,SKU_166,2.0,4010.04,2005.02,0
2024-01-17,SKU_166,1.0,1851.67,1851.67,1
2024-01-19,SKU_166,1.0,1891.02,1891.02,1
2024-01-20,SKU_166,2.0,4010.04,2005.02,0
2024-01-23,SKU_166,2.0,4010.04,2005.02,0
2024-01-24,SKU_166,2.0,4010.04,2005.02,0
2024-01-25,SKU_166,1.0,2005.02,2005.02,0
2024-01-27,SKU_166,1.0,2005.02,2005.02,0
2024-02-02,SKU_166,1.0,2005.02,2005.02,0
2024-02-03,SKU_166,1.0,2005.02,2005.02,0
2024-02-08,SKU_166,3.0,6015.06,2005.02,0
2024-02-10,SKU_166,1.0,2005.02,2005.02,0
2024-02-11,SKU_166,1.0,2005.02,2005.02,0
2024-02-12,SKU_166,1.0,2005.02,2005.02,0
2024-02-13,SKU_166,1.0,2005.02,2005.02,0
2024-02-18,SKU_166,1.0,2005.02,2005.02,0
2024-02-19,SKU_166,1.0,2005.02,2005.02,0
2024-02-20,SKU_166,2.0,4010.04,2005.02,0
2024-02-21,SKU_166,1.0,2005.02,2005.02,0
2024-02-25,SKU_166,1.0,2005.02,2005.02,0
2024-02-26,SKU_166,1.0,2005.02,2005.02,0
2024-02-28,SKU_166,2.0,4010.04,2005.02,0
2024-03-01,SKU_166,1.0,2005.02,2005.02,0
2024-03-02,SKU_166,1.0,2005.02,2005.02,0
2024-03-03,SKU_166,1.0,2005.02,2005.02,0
2024-03-07,SKU_166,1.0,2005.02,2005.02,0
2024-03-14,SKU_166,1.0,2005.02,2005.02,0
2024-03-15,SKU_166,1.0,1714.13,1714.13,1
2024-03-16,SKU_166,1.0,1529.93,1529.93,1
2024-03-17,SKU_166,1.0,1738.99,1738.99,1
2024-01-04,SKU_195,2.0,6280.08,3140.04,0
2024-01-07,SKU_195,3.0,9420.12,3140.04,0
2024-01-08,SKU_195,1.0,3140.04,3140.04,0
2024-01-12,SKU_195,1.0,3140.04,3140.04,0
2024-01-14,SKU_195,1.0,3140.04,3140.04,0
2024-01-15,SKU_195,1.0,3140.04,3140.04,0
2024-01-19,SKU_195,1.0,3140.04,3140.04,0
2024-01-21,SKU_195,3.0,9420.12,3140.04,0
2024-01-22,SKU_195,1.0,3140.04,3140.04,0
2024-01-23,SKU_195,3.0,9420.12,3140.04,0
2024-01-24,SKU_195,1.0,3140.04,3140.04,0
2024-01-25,SKU_195,1.0,3140.04,3140.04,0
2024-01-26,SKU_195,1.0,3140.04,3140.04,0
2024-01-30,SKU_195,2.0,5692.78,2846.39,1
2024-01-31,SKU_195,1.0,3140.04,3140.04,0
2024-02-02,SKU_195,2.0,6280.08,3140.04,0
2024-02-03,SKU_195,2.0,6280.08,3140.04,0
2024-02-06,SKU_195,1.0,3140.04,3140.04,0
2024-02-07,SKU_195,1.0,3140.04,3140.04,0
2024-02-11,SKU_195,1.0,3140.04,3140.04,0
2024-02-12,SKU_195,2.0,6280.08,3140.04,0
2024-02-13,SKU_195,3.0,9420.12,3140.04,0
2024-02-15,SKU_195,1.0,3140.04,3140.04,0
2024-02-16,SKU_195,1.0,3140.04,3140.04,0
2024-02-17,SKU_195,2.0,6280.08,3140.04,0
2024-02-19,SKU_195,4.0,11542.2,2885.55,1
2024-02-21,SKU_195,2.0,6280.08,3140.04,0
2024-02-28,SKU_195,,,3140.04,0
2024-03-02,SKU_195,1.0,3140.04,3140.04,0
2024-03-07,SKU_195,1.0,3140.04,3140.04,0
2024-03-08,SKU_195,1.0,2731.0,2731.0,1
2024-03-09,SKU_195,1.0,3140.04,3140.04,0
2024-03-12,SKU_195,1.0,3140.04,3140.04,0
2024-03-16,SKU_195,1.0,2740.29,2740.29,1
2024-01-05,SKU_053,1.0,2801.83,2801.83,0
2024-01-06,SKU_053,1.0,2600.45,2600.45,1
2024-01-08,SKU_053,1.0,2659.69,2659.69,1
2024-01-10,SKU_053,1.0,2801.83,2801.83,0
2024-01-12,SKU_053,1.0,2801.83,2801.83,0
2024-01-15,SKU_053,1.0,2801.83,2801.83,0
2024-01-16,SKU_053,1.0,2801.83,2801.83,0
2024-01-18,SKU_053,1.0,2801.83,2801.83,0
2024-01-20,SKU_053,1.0,2801.83,2801.83,0
2024-01-22,SKU_053,2.0,5603.66,2801.83,0
2024-01-23,SKU_053,1.0,2801.83,2801.83,0
2024-01-26,SKU_053,1.0,2801.83,2801.83,0
2024-01-28,SKU_053,1.0,2801.83,2801.83,0
2024-01-30,SKU_053,2.0,5603.66,2801.83,0
2024-02-01,SKU_053,1.0,2801.83,2801.83,0
2024-02-03,SKU_053,1.0,2801.83,2801.83,0
2024-02-04,SKU_053,2.0,5603.66,2801.83,0
2024-02-06,SKU_053,1.0,2801.83,2801.83,0
2024-02-08,SKU_053,1.0,2801.83,2801.83,0
2024-02-12,SKU_053,2.0,5603.66,2801.83,0
2024-02-13,SKU_053,3.0,8405.49,2801.83,0
2024-02-14,SKU_053,1.0,2801.83,2801.83,0
2024-02-16,SKU_053,2.0,5153.88,2576.94,1
2024-02-17,SKU_053,1.0,2801.83,2801.83,0
2024-02-20,SKU_053,1.0,2801.83,2801.83,0
2024-02-21,SKU_053,1.0,2801.83,2801.83,0
2024-02-24,SKU_053,2.0,5603.66,2801.83,0
2024-02-25,SKU_053,1.0,2801.83,2801.83,0
2024-02-28,SKU_053,1.0,2801.83,2801.83,0
2024-02-29,SKU_053,1.0,2801.83,2801.83,0
2024-03-02,SKU_053,1.0,2383.99,2383.99,1
2024-03-03,SKU_053,2.0,5603.66,2801.83,0
2024-03-07,SKU_053,2.0,5603.66,2801.83,0
2024-03-09,SKU_053,1.0,2801.83,2801.83,0
2024-03-10,SKU_053,1.0,2801.83,2801.83,0
2024-03-13,SKU_053,1.0,2801.83,2801.83,0
2024-03-14,SKU_053,1.0,2801.83,2801.83,0
2024-03-15,SKU_053,3.0,6516.75,2172.25,1
2024-03-16,SKU_053,3.0,7432.56,2477.52,1
2024-03-17,SKU_053,1.0,2801.83,2801.83,0
2024-03-19,SKU_053,1.0,2801.83,2801.83,0
2024-01-05,SKU_109,1.0,3417.01,3417.01,1
2024-01-06,SKU_109,1.0,3886.47,3886.47,0
2024-01-07,SKU_109,1.0,3886.47,3886.47,0
2024-01-09,SKU_109,1.0,3653.98,3653.98,1
2024-01-10,SKU_109,1.0,3886.47,3886.47,0
2024-01-11,SKU_109,1.0,3886.47,3886.47,0
2024-01-13,SKU_109,2.0,7772.94,3886.47,0
2024-01-16,SKU_109,1.0,3886.47,3886.47,0
2024-01-17,SKU_109,1.0,3886.47,3886.47,0
2024-01-20,SKU_109,1.0,3886.47,3886.47,0
2024-01-21,SKU_109,2.0,7772.94,3886.47,0
2024-01-23,SKU_109,1.0,3886.47,3886.47,0
2024-01-24,SKU_109,,,3886.47,0
2024-01-25,SKU_109,1.0,3886.47,3886.47,0
2024-01-27,SKU_109,1.0,3886.47,3886.47,0
2024-01-28,SKU_109,1.0,3886.47,3886.47,0
2024-01-29,SKU_109,2.0,7772.94,3886.47,0
2024-01-31,SKU_109,2.0,7772.94,3886.47,0
2024-02-01,SKU_109,2.0,7772.94,3886.47,0
2024-02-02,SKU_109,1.0,3886.47,3886.47,0
2024-02-03,SKU_109,1.0,3886.47,3886.47,0
2024-02-04,SKU_109,2.0,7772.94,3886.47,0
2024-02-06,SKU_109,2.0,7772.94,3886.47,0
2024-02-09,SKU_109,2.0,7772.94,3886.47,0
2024-02-15,SKU_109,1.0,3886.47,3886.47,0
2024-02-16,SKU_109,1.0,3886.47,3886.47,0
2024-02-17,SKU_109,2.0,7772.94,3886.47,0
2024-02-18,SKU_109,2.0,7772.94,3886.47,0
2024-02-19,SKU_109,2.0,6805.78,3402.89,1
2024-02-22,SKU_109,1.0,3886.47,3886.47,0
2024-02-23,SKU_109,1.0,3886.47,3886.47,0
2024-02-26,SKU_109,1.0,3886.47,3886.47,0
2024-02-27,SKU_109,1.0,3886.47,3886.47,0
2024-03-02,SKU_109,2.0,7772.94,3886.47,0
2024-03-03,SKU_109,1.0,3663.75,3663.75,1
2024-03-08,SKU_109,1.0,3886.47,3886.47,0
2024-03-09,SKU_109,3.0,10686.96,3562.32,1
2024-03-10,SKU_109,1.0,3308.41,3308.41,1
2024-03-13,SKU_109,1.0,3886.47,3886.47,0
2024-03-14,SKU_109,1.0,3886.47,3886.47,0
2024-03-17,SKU_109,1.0,3886.47,3886.47,0
2024-03-18,SKU_109,1.0,3886.47,3886.47,0
2024-03-19,SKU_109,1.0,3886.47,3886.47,0
