data/sales_daily.csv
date,sku_id,units_sold,revenue,unit_price,promo_flag
2024-01-05,SKU_131,1.0,2856.37,2856.37,1
2024-01-07,SKU_131,2.0,6227.56,3113.78,0
2024-01-08,SKU_131,1.0,3113.78,3113.78,0
2024-01-09,SKU_131,2.0,6227.56,3113.78,0
2024-01-18,SKU_131,1.0,3113.78,3113.78,0
2024-01-20,SKU_131,1.0,3113.78,3113.78,0
2024-01-21,SKU_131,2.0,6227.56,3113.78,0
2024-01-25,SKU_131,1.0,3113.78,3113.78,0
2024-01-26,SKU_131,4.0,12455.12,3113.78,0
2024-01-27,SKU_131,2.0,6227.56,3113.78,0
2024-01-30,SKU_131,2.0,6227.56,3113.78,0
2024-02-03,SKU_131,1.0,2698.99,2698.99,1
2024-02-04,SKU_131,1.0,3113.78,3113.78,0
2024-02-06,SKU_131,2.0,6227.56,3113.78,0
2024-02-08,SKU_131,1.0,3113.78,3113.78,0
2024-02-09,SKU_131,1.0,3113.78,3113.78,0
2024-02-10,SKU_131,1.0,3113.78,3113.78,0
2024-02-12,SKU_131,1.0,2935.89,2935.89,1
2024-02-16,SKU_131,2.0,6227.56,3113.78,0
2024-02-18,SKU_131,1.0,3113.78,3113.78,0
2024-02-20,SKU_131,1.0,3113.78,3113.78,0
2024-02-21,SKU_131,1.0,3113.78,3113.78,0
2024-02-26,SKU_131,3.0,8587.86,2862.62,1
2024-02-27,SKU_131,1.0,3113.78,3113.78,0
2024-03-01,SKU_131,1.0,3113.78,3113.78,0
2024-03-02,SKU_131,2.0,6227.56,3113.78,0
2024-03-05,SKU_131,2.0,6227.56,3113.78,0
2024-03-09,SKU_131,2.0,6227.56,3113.78,0
2024-03-10,SKU_131,2.0,6227.56,3113.78,0
2024-03-11,SKU_131,1.0,3113.78,3113.78,0
2024-03-16,SKU_131,3.0,7416.75,2472.25,1
2024-03-17,SKU_131,1.0,3113.78,3113.78,0
2024-03-18,SKU_131,1.0,3113.78,3113.78,0
2024-03-20,SKU_131,1.0,3113.78,3113.78,0
2024-01-05,SKU_144,1.0,1526.38,1526.38,0
2024-01-11,SKU_144,1.0,1526.38,1526.38,0
2024-01-12,SKU_144,1.0,1526.38,1526.38,0
2024-01-14,SKU_144,1.0,1526.38,1526.38,0
2024-01-20,SKU_144,1.0,1526.38,1526.38,0
2024-01-22,SKU_144,1.0,1526.38,1526.38,0
2024-01-24,SKU_144,1.0,1526.38,1526.38,0
2024-01-25,SKU_144,1.0,1526.38,1526.38,0
2024-01-26,SKU_144,2.0,3052.76,1526.38,0
2024-01-30,SKU_144,3.0,4223.19,1407.73,1
2024-02-01,SKU_144,1.0,1428.74,1428.74,1
2024-02-03,SKU_144,1.0,1526.38,1526.38,0
2024-02-05,SKU_144,1.0,1526.38,1526.38,0
2024-02-08,SKU_144,1.0,1526.38,1526.38,0
2024-02-10,SKU_144,1.0,1526.38,1526.38,0
2024-02-12,SKU_144,1.0,1526.38,1526.38,0
2024-02-14,SKU_144,2.0,3052.76,1526.38,0
2024-02-15,SKU_144,2.0,3052.76,1526.38,0
2024-02-16,SKU_144,1.0,1526.38,1526.38,0
2024-02-19,SKU_144,1.0,1526.38,1526.38,0
2024-02-21,SKU_144,2.0,3052.76,1526.38,0
2024-02-22,SKU_144,1.0,1526.38,1526.38,0
2024-02-24,SKU_144,1.0,1526.38,1526.38,0
2024-02-27,SKU_144,1.0,1526.38,1526.38,0
2024-02-29,SKU_144,1.0,1526.38,1526.38,0
2024-03-02,SKU_144,1.0,1526.38,1526.38,0
2024-03-03,SKU_144,2.0,3052.76,1526.38,0
2024-03-06,SKU_144,2.0,2754.56,1377.28,1
2024-03-08,SKU_144,1.0,1425.96,1425.96,1
2024-03-09,SKU_144,3.0,4579.14,1526.38,0
2024-03-10,SKU_144,2.0,3052.76,1526.38,0
2024-03-12,SKU_144,1.0,1446.41,1446.41,1
2024-03-13,SKU_144,1.0,1526.38,1526.38,0
2024-03-15,SKU_144,2.0,2482.2,1241.1,1
2024-03-16,SKU_144,2.0,2306.34,1153.17,1
2024-03-19,SKU_144,1.0,1526.38,1526.38,0
2024-01-05,SKU_196,1.0,988.46,988.46,0
2024-01-06,SKU_196,1.0,907.65,907.65,1
2024-01-08,SKU_196,2.0,1976.92,988.46,0
2024-01-14,SKU_196,,,988.46,0
2024-01-15,SKU_196,1.0,907.85,907.85,1
2024-01-18,SKU_196,1.0,988.46,988.46,0
2024-01-20,SKU_196,3.0,2965.38,988.46,0
2024-01-21,SKU_196,1.0,988.46,988.46,0
2024-01-22,SKU_196,1.0,988.46,988.46,0
2024-01-24,SKU_196,1.0,988.46,988.46,0
2024-01-27,SKU_196,1.0,988.46,988.46,0
2024-01-31,SKU_196,2.0,1976.92,988.46,0
2024-02-03,SKU_196,1.0,988.46,988.46,0
2024-02-04,SKU_196,1.0,988.46,988.46,0
2024-02-07,SKU_196,1.0,988.46,988.46,0
2024-02-14,SKU_196,3.0,2965.38,988.46,0
2024-02-15,SKU_196,1.0,988.46,988.46,0
2024-02-20,SKU_196,1.0,988.46,988.46,0
2024-02-21,SKU_196,1.0,988.46,988.46,0
2024-02-23,SKU_196,2.0,1976.92,988.46,0
2024-02-24,SKU_196,1.0,988.46,988.46,0
2024-02-25,SKU_196,1.0,988.46,988.46,0
2024-02-26,SKU_196,1.0,988.46,988.46,0
2024-03-02,SKU_196,1.0,911.18,911.18,1
2024-03-03,SKU_196,2.0,1976.92,988.46,0
2024-03-04,SKU_196,1.0,988.46,988.46,0
2024-03-05,SKU_196,1.0,988.46,988.46,0
2024-03-08,SKU_196,1.0,988.46,988.46,0
2024-03-09,SKU_196,2.0,1976.92,988.46,0
2024-03-15,SKU_196,5.0,3963.5,792.7,1
2024-03-16,SKU_196,1.0,822.43,822.43,1
2024-03-19,SKU_196,1.0,988.46,988.46,0
2024-03-20,SKU_196,2.0,1976.92,988.46,0
2024-01-06,SKU_012,1.0,575.68,575.68,0
2024-01-07,SKU_012,1.0,575.68,575.68,0
2024-01-08,SKU_012,1.0,575.68,575.68,0
2024-01-18,SKU_012,1.0,575.68,575.68,0
2024-01-20,SKU_012,1.0,575.68,575.68,0
2024-01-23,SKU_012,1.0,575.68,575.68,0
2024-01-25,SKU_012,2.0,1151.36,575.68,0
2024-01-27,SKU_012,2.0,1151.36,575.68,0
2024-01-28,SKU_012,2.0,1085.76,542.88,1
2024-01-31,SKU_012,2.0,1151.36,575.68,0
2024-02-01,SKU_012,2.0,1066.76,533.38,1
2024-02-02,SKU_012,1.0,575.68,575.68,0
2024-02-03,SKU_012,1.0,575.68,575.68,0
2024-02-09,SKU_012,1.0,490.82,490.82,1
2024-02-10,SKU_012,1.0,575.68,575.68,0
2024-02-11,SKU_012,1.0,575.68,575.68,0
2024-02-12,SKU_012,1.0,575.68,575.68,0
2024-02-13,SKU_012,1.0,575.68,575.68,0
2024-02-14,SKU_012,1.0,575.68,575.68,0
2024-02-17,SKU_012,1.0,575.68,575.68,0
2024-02-18,SKU_012,1.0,575.68,575.68,0
2024-02-20,SKU_012,1.0,575.68,575.68,0
2024-02-23,SKU_012,1.0,575.68,575.68,0
2024-02-25,SKU_012,2.0,1151.36,575.68,0
2024-02-27,SKU_012,1.0,575.68,575.68,0
2024-03-02,SKU_012,2.0,1151.36,575.68,0
2024-03-03,SKU_012,1.0,575.68,575.68,0
2024-03-06,SKU_012,1.0,575.68,575.68,0
2024-03-07,SKU_012,1.0,575.68,575.68,0
2024-03-11,SKU_012,1.0,575.68,575.68,0
2024-03-13,SKU_012,1.0,575.68,575.68,0
2024-03-15,SKU_012,4.0,1801.92,450.48,1
2024-03-16,SKU_012,2.0,931.38,465.69,1
2024-03-17,SKU_012,1.0,575.68,575.68,0
2024-03-20,SKU_012,1.0,575.68,575.68,0
2024-03-21,SKU_012,1.0,533.45,533.45,1
2024-01-06,SKU_027,1.0,6398.76,6398.76,1
2024-01-10,SKU_027,1.0,7051.64,7051.64,0
2024-01-11,SKU_027,1.0,7051.64,7051.64,0
2024-01-14,SKU_027,1.0,7051.64,7051.64,0
2024-01-20,SKU_027,2.0,14103.28,7051.64,0
2024-01-24,SKU_027,2.0,14103.28,7051.64,0
2024-01-25,SKU_027,1.0,7051.64,7051.64,0
2024-01-26,SKU_027,1.0,7051.64,7051.64,0
2024-01-28,SKU_027,1.0,7051.64,7051.64,0
2024-01-30,SKU_027,2.0,14103.28,7051.64,0
2024-02-02,SKU_027,1.0,7051.64,7051.64,0
2024-02-03,SKU_027,2.0,13123.82,6561.91,1
2024-02-04,SKU_027,1.0,7051.64,7051.64,0
2024-02-06,SKU_027,1.0,7051.64,7051.64,0
2024-02-08,SKU_027,1.0,7051.64,7051.64,0
2024-02-10,SKU_027,1.0,7051.64,7051.64,0
2024-02-11,SKU_027,2.0,14103.28,7051.64,0
2024-02-12,SKU_027,1.0,7051.64,7051.64,0
2024-02-13,SKU_027,,,7051.64,0
2024-02-15,SKU_027,1.0,7051.64,7051.64,0
2024-02-18,SKU_027,1.0,6348.4,6348.4,1
2024-02-19,SKU_027,1.0,7051.64,7051.64,0
2024-02-20,SKU_027,1.0,7051.64,7051.64,0
2024-02-24,SKU_027,1.0,7051.64,7051.64,0
2024-02-29,SKU_027,1.0,7051.64,7051.64,0
2024-03-01,SKU_027,1.0,7051.64,7051.64,0
2024-03-02,SKU_027,1.0,7051.64,7051.64,0
2024-03-03,SKU_027,1.0,7051.64,7051.64,0
2024-03-09,SKU_027,1.0,7051.64,7051.64,0
2024-03-11,SKU_027,3.0,21154.92,7051.64,0
2024-03-16,SKU_027,1.0,5559.33,5559.33,1
2024-03-19,SKU_027,1.0,7051.64,7051.64,0
2024-03-20,SKU_027,1.0,7051.64,7051.64,0
2024-01-06,SKU_081,1.0,9252.86,9252.86,0
2024-01-15,SKU_081,1.0,9252.86,9252.86,0
2024-01-21,SKU_081,1.0,9252.86,9252.86,0
2024-02-05,SKU_081,2.0,18505.72,9252.86,0
2024-02-27,SKU_081,1.0,9252.86,9252.86,0
2024-03-04,SKU_081,1.0,9252.86,9252.86,0
2024-03-05,SKU_081,1.0,9252.86,9252.86,0
2024-03-09,SKU_081,1.0,9252.86,9252.86,0
2024-03-15,SKU_081,1.0,7079.13,7079.13,1
2024-03-18,SKU_081,1.0,9252.86,9252.86,0
2024-03-19,SKU_081,1.0,9252.86,9252.86,0
2024-03-20,SKU_081,1.0,9252.86,9252.86,0
2024-01-06,SKU_103,1.0,609.35,609.35,0
2024-01-08,SKU_103,1.0,609.35,609.35,0
2024-01-09,SKU_103,1.0,609.35,609.35,0
2024-01-10,SKU_103,1.0,609.35,609.35,0
2024-01-11,SKU_103,1.0,609.35,609.35,0
2024-01-12,SKU_103,1.0,609.35,609.35,0
2024-01-15,SKU_103,1.0,609.35,609.35,0
2024-01-18,SKU_103,1.0,609.35,609.35,0
2024-01-21,SKU_103,1.0,525.86,525.86,1
2024-01-25,SKU_103,1.0,609.35,609.35,0
2024-01-31,SKU_103,1.0,609.35,609.35,0
2024-02-01,SKU_103,1.0,609.35,609.35,0
2024-02-02,SKU_103,1.0,609.35,609.35,0
2024-02-03,SKU_103,1.0,609.35,609.35,0
2024-02-04,SKU_103,2.0,1218.7,609.35,0
2024-02-05,SKU_103,1.0,609.35,609.35,0
2024-02-10,SKU_103,1.0,609.35,609.35,0
2024-02-11,SKU_103,1.0,518.79,518.79,1
2024-02-12,SKU_103,2.0,1218.7,609.35,0
2024-02-13,SKU_103,1.0,609.35,609.35,0
2024-02-15,SKU_103,1.0,609.35,609.35,0
2024-02-16,SKU_103,1.0,609.35,609.35,0
2024-02-21,SKU_103,1.0,609.35,609.35,0
2024-02-22,SKU_103,1.0,609.35,609.35,0
2024-02-23,SKU_103,1.0,609.35,609.35,0
2024-02-25,SKU_103,1.0,534.7,534.7,1
2024-02-26,SKU_103,2.0,1218.7,609.35,0
2024-02-28,SKU_103,1.0,609.35,609.35,0
2024-03-01,SKU_103,2.0,1218.7,609.35,0
2024-03-03,SKU_103,1.0,609.35,609.35,0
2024-03-04,SKU_103,1.0,609.35,609.35,0
2024-03-06,SKU_103,1.0,609.35,609.35,0
2024-03-08,SKU_103,1.0,609.35,609.35,0
2024-03-09,SKU_103,3.0,1828.05,609.35,0
2024-03-15,SKU_103,1.0,462.68,462.68,1
2024-03-16,SKU_103,1.0,480.62,480.62,1
2024-03-18,SKU_103,2.0,1218.7,609.35,0
2024-03-19,SKU_103,1.0,609.35,609.35,0
2024-01-06,SKU_149,1.0,5225.52,5225.52,0
2024-01-07,SKU_149,1.0,5225.52,5225.52,0
2024-01-10,SKU_149,1.0,5225.52,5225.52,0
2024-01-12,SKU_149,1.0,5225.52,5225.52,0
2024-01-13,SKU_149,1.0,5225.52,5225.52,0
2024-01-16,SKU_149,1.0,5225.52,5225.52,0
2024-01-17,SKU_149,1.0,5225.52,5225.52,0
2024-01-20,SKU_149,1.0,5225.52,5225.52,0
2024-01-22,SKU_149,1.0,5225.52,5225.52,0
2024-01-23,SKU_149,1.0,4646.06,4646.06,1
2024-01-25,SKU_149,1.0,5225.52,5225.52,0
2024-01-28,SKU_149,1.0,5225.52,5225.52,0
2024-01-30,SKU_149,1.0,5225.52,5225.52,0
2024-02-03,SKU_149,2.0,10451.04,5225.52,0
2024-02-05,SKU_149,1.0,4537.33,4537.33,1
2024-02-06,SKU_149,2.0,10451.04,5225.52,0
2024-02-10,SKU_149,1.0,5225.52,5225.52,0
2024-02-12,SKU_149,1.0,5225.52,5225.52,0
2024-02-18,SKU_149,1.0,5225.52,5225.52,0
2024-02-19,SKU_149,1.0,5225.52,5225.52,0
2024-02-22,SKU_149,1.0,5225.52,5225.52,0
2024-02-23,SKU_149,1.0,5225.52,5225.52,0
2024-02-24,SKU_149,1.0,5225.52,5225.52,0
2024-02-26,SKU_149,2.0,10451.04,5225.52,0
2024-02-28,SKU_149,1.0,5225.52,5225.52,0
2024-03-07,SKU_149,1.0,5225.52,5225.52,0
2024-03-08,SKU_149,3.0,15676.56,5225.52,0
2024-03-09,SKU_149,1.0,5225.52,5225.52,0
2024-03-13,SKU_149,1.0,5225.52,5225.52,0
2024-03-14,SKU_149,1.0,5225.52,5225.52,0
2024-03-15,SKU_149,1.0,4430.91,4430.91,1
2024-01-06,SKU_178,2.0,8385.52,4192.76,0
2024-01-21,SKU_178,1.0,4192.76,4192.76,0
2024-01-24,SKU_178,1.0,4192.76,4192.76,0
2024-01-29,SKU_178,1.0,3768.86,3768.86,1
2024-02-01,SKU_178,1.0,4192.76,4192.76,0
2024-02-11,SKU_178,1.0,4192.76,4192.76,0
2024-02-19,SKU_178,1.0,4192.76,4192.76,0
2024-02-24,SKU_178,1.0,4192.76,4192.76,0
2024-03-03,SKU_178,1.0,4192.76,4192.76,0
2024-03-05,SKU_178,1.0,4192.76,4192.76,0
2024-03-14,SKU_178,1.0,4192.76,4192.76,0
2024-01-07,SKU_199,1.0,2436.0,2436.0,0
2024-01-09,SKU_199,1.0,2139.4,2139.4,1
2024-01-13,SKU_199,1.0,2436.0,2436.0,0
2024-01-19,SKU_199,2.0,4872.0,2436.0,0
2024-01-20,SKU_199,1.0,2436.0,2436.0,0
2024-01-22,SKU_199,1.0,2436.0,2436.0,0
2024-01-26,SKU_199,1.0,2436.0,2436.0,0
2024-02-08,SKU_199,1.0,2436.0,2436.0,0
2024-03-17,SKU_199,1.0,2436.0,2436.0,0
2024-03-20,SKU_199,1.0,2436.0,2436.0,0
2024-01-09,SKU_022,1.0,7548.44,7548.44,1
2024-01-15,SKU_022,1.0,7988.79,7988.79,0
2024-01-21,SKU_022,1.0,7988.79,7988.79,0
2024-01-22,SKU_022,1.0,7988.79,7988.79,0
2024-02-01,SKU_022,1.0,7988.79,7988.79,0
2024-02-14,SKU_022,1.0,7988.79,7988.79,0
2024-02-18,SKU_022,1.0,7988.79,7988.79,0
2024-02-21,SKU_022,1.0,7988.79,7988.79,0
2024-02-27,SKU_022,1.0,7988.79,7988.79,0
2024-02-29,SKU_022,1.0,7988.79,7988.79,0
2024-01-11,SKU_141,1.0,8657.36,8657.36,0
2024-01-12,SKU_141,1.0,8657.36,8657.36,0
2024-01-20,SKU_141,1.0,8657.36,8657.36,0
2024-02-22,SKU_141,1.0,8657.36,8657.36,0
2024-03-04,SKU_141,1.0,8657.36,8657.36,0
2024-03-06,SKU_141,1.0,8657.36,8657.36,0
2024-03-07,SKU_141,1.0,8657.36,8657.36,0
2024-03-15,SKU_141,1.0,7490.65,7490.65,1
2024-03-16,SKU_141,2.0,13238.06,6619.03,1
2024-01-12,SKU_162,1.0,283.61,283.61,0
2024-01-25,SKU_162,1.0,283.61,283.61,0
2024-02-02,SKU_162,1.0,283.61,283.61,0
2024-02-04,SKU_162,1.0,283.61,283.61,0
2024-02-21,SKU_162,2.0,567.22,283.61,0
2024-02-22,SKU_162,1.0,283.61,283.61,0
2024-02-25,SKU_162,1.0,256.16,256.16,1
2024-03-01,SKU_162,1.0,283.61,283.61,0
2024-03-03,SKU_162,1.0,283.61,283.61,0
2024-03-09,SKU_162,1.0,283.61,283.61,0
2024-03-17,SKU_162,1.0,283.61,283.61,0
2024-03-18,SKU_162,1.0,283.61,283.61,0
